[0.008s] Invoking command in '/home/hjh/RMserial/build/vision_msg': CMAKE_PREFIX_PATH=/opt/ros/humble /usr/bin/cmake /home/hjh/RMserial/serial/vision_msg -DCMAKE_INSTALL_PREFIX=/home/hjh/RMserial/install/vision_msg
[0.013s] [0mCMake Deprecation Warning at CMakeLists.txt:1 (cmake_minimum_required):
[0.013s]   Compatibility with CMake < 3.10 will be removed from a future version of
[0.013s]   CMake.
[0.013s] 
[0.014s]   Update the VERSION argument <min> value.  Or, use the <min>...<max> syntax
[0.014s]   to tell CMake that the project requires at least <min> but has been updated
[0.014s]   to work with policies introduced by <max> or earlier.
[0.014s] 
[0.014s] [0m
[0.075s] -- The C compiler identification is GNU 11.4.0
[0.147s] -- The CXX compiler identification is GNU 11.4.0
[0.153s] -- Detecting C compiler ABI info
[0.247s] -- Detecting C compiler ABI info - done
[0.258s] -- Check for working C compiler: /usr/bin/cc - skipped
[0.258s] -- Detecting C compile features
[0.258s] -- Detecting C compile features - done
[0.270s] -- Detecting CXX compiler ABI info
[0.334s] -- Detecting CXX compiler ABI info - done
[0.347s] -- Check for working CXX compiler: /usr/bin/c++ - skipped
[0.347s] -- Detecting CXX compile features
[0.348s] -- Detecting CXX compile features - done
[0.355s] -- Found ament_cmake: 1.3.11 (/opt/ros/humble/share/ament_cmake/cmake)
[0.456s] -- Found Python3: /usr/bin/python3 (found version "3.10.12") found components: Interpreter
[0.538s] -- Found rosidl_default_generators: 1.2.0 (/opt/ros/humble/share/rosidl_default_generators/cmake)
[0.542s] -- Using all available rosidl_typesupport_c: rosidl_typesupport_fastrtps_c;rosidl_typesupport_introspection_c
[0.553s] -- Found rosidl_adapter: 3.1.6 (/opt/ros/humble/share/rosidl_adapter/cmake)
[0.588s] -- Using all available rosidl_typesupport_cpp: rosidl_typesupport_fastrtps_cpp;rosidl_typesupport_introspection_cpp
[0.617s] -- Found std_msgs: 4.2.4 (/opt/ros/humble/share/std_msgs/cmake)
[0.641s] -- Found ament_lint_auto: 0.12.11 (/opt/ros/humble/share/ament_lint_auto/cmake)
[0.981s] -- Found ament_cmake_ros: 0.10.0 (/opt/ros/humble/share/ament_cmake_ros/cmake)
[1.352s] -- Using all available rosidl_typesupport_c: rosidl_typesupport_fastrtps_c;rosidl_typesupport_introspection_c
[1.792s] -- Using all available rosidl_typesupport_cpp: rosidl_typesupport_fastrtps_cpp;rosidl_typesupport_introspection_cpp
[1.794s] [33mCMake Warning (dev) at /opt/ros/humble/share/rosidl_generator_py/cmake/rosidl_generator_py_generate_interfaces.cmake:20 (find_package):
[1.794s]   Policy CMP0148 is not set: The FindPythonInterp and FindPythonLibs modules
[1.794s]   are removed.  Run "cmake --help-policy CMP0148" for policy details.  Use
[1.794s]   the cmake_policy command to set the policy and suppress this warning.
[1.794s] 
[1.794s] Call Stack (most recent call first):
[1.794s]   /opt/ros/humble/share/ament_cmake_core/cmake/core/ament_execute_extensions.cmake:48 (include)
[1.794s]   /opt/ros/humble/share/rosidl_cmake/cmake/rosidl_generate_interfaces.cmake:286 (ament_execute_extensions)
[1.794s]   CMakeLists.txt:37 (rosidl_generate_interfaces)
[1.794s] This warning is for project developers.  Use -Wno-dev to suppress it.
[1.794s] [0m
[1.817s] -- Found PythonInterp: /usr/bin/python3 (found suitable version "3.10.12", minimum required is "3.6")
[1.818s] -- Found python_cmake_module: 0.10.0 (/opt/ros/humble/share/python_cmake_module/cmake)
[1.819s] [33mCMake Warning (dev) at /opt/ros/humble/share/python_cmake_module/cmake/Modules/FindPythonExtra.cmake:52 (find_package):
[1.819s]   Policy CMP0148 is not set: The FindPythonInterp and FindPythonLibs modules
[1.819s]   are removed.  Run "cmake --help-policy CMP0148" for policy details.  Use
[1.819s]   the cmake_policy command to set the policy and suppress this warning.
[1.819s] 
[1.819s] Call Stack (most recent call first):
[1.819s]   /opt/ros/humble/share/rosidl_generator_py/cmake/rosidl_generator_py_generate_interfaces.cmake:23 (find_package)
[1.819s]   /opt/ros/humble/share/ament_cmake_core/cmake/core/ament_execute_extensions.cmake:48 (include)
[1.819s]   /opt/ros/humble/share/rosidl_cmake/cmake/rosidl_generate_interfaces.cmake:286 (ament_execute_extensions)
[1.819s]   CMakeLists.txt:37 (rosidl_generate_interfaces)
[1.819s] This warning is for project developers.  Use -Wno-dev to suppress it.
[1.819s] [0m
[1.837s] [33mCMake Warning (dev) at /opt/ros/humble/share/python_cmake_module/cmake/Modules/FindPythonExtra.cmake:140 (find_package):
[1.837s]   Policy CMP0148 is not set: The FindPythonInterp and FindPythonLibs modules
[1.837s]   are removed.  Run "cmake --help-policy CMP0148" for policy details.  Use
[1.838s]   the cmake_policy command to set the policy and suppress this warning.
[1.838s] 
[1.838s] Call Stack (most recent call first):
[1.838s]   /opt/ros/humble/share/rosidl_generator_py/cmake/rosidl_generator_py_generate_interfaces.cmake:23 (find_package)
[1.838s]   /opt/ros/humble/share/ament_cmake_core/cmake/core/ament_execute_extensions.cmake:48 (include)
[1.838s]   /opt/ros/humble/share/rosidl_cmake/cmake/rosidl_generate_interfaces.cmake:286 (ament_execute_extensions)
[1.838s]   CMakeLists.txt:37 (rosidl_generate_interfaces)
[1.838s] This warning is for project developers.  Use -Wno-dev to suppress it.
[1.838s] [0m
[1.852s] -- Found PythonLibs: /usr/lib/x86_64-linux-gnu/libpython3.10.so (found suitable version "3.10.12", minimum required is "3.5")
[1.852s] -- Using PYTHON_EXECUTABLE: /usr/bin/python3
[1.852s] -- Using PYTHON_INCLUDE_DIRS: /usr/include/python3.10
[1.852s] -- Using PYTHON_LIBRARIES: /usr/lib/x86_64-linux-gnu/libpython3.10.so
[1.867s] -- Found PythonExtra: .so
[1.902s] -- Added test 'copyright' to check source files copyright and LICENSE
[1.903s] -- Added test 'lint_cmake' to check CMake code style
[1.903s] -- Added test 'xmllint' to check XML markup files
[1.907s] -- Configuring done (1.9s)
[1.932s] -- Generating done (0.0s)
[1.938s] -- Build files have been written to: /home/hjh/RMserial/build/vision_msg
[1.946s] Invoked command in '/home/hjh/RMserial/build/vision_msg' returned '0': CMAKE_PREFIX_PATH=/opt/ros/humble /usr/bin/cmake /home/hjh/RMserial/serial/vision_msg -DCMAKE_INSTALL_PREFIX=/home/hjh/RMserial/install/vision_msg
[1.949s] Invoking command in '/home/hjh/RMserial/build/vision_msg': CMAKE_PREFIX_PATH=/opt/ros/humble /usr/bin/cmake --build /home/hjh/RMserial/build/vision_msg -- -j16 -l16
[1.971s] [  2%] [1m[34mGenerating C code for ROS interfaces[0m
[1.977s] [  4%] [1m[34mGenerating C++ code for ROS interfaces[0m
[1.981s] [  4%] Built target ament_cmake_python_copy_vision_msg
[2.197s] running egg_info
[2.197s] creating vision_msg.egg-info
[2.197s] writing vision_msg.egg-info/PKG-INFO
[2.197s] writing dependency_links to vision_msg.egg-info/dependency_links.txt
[2.198s] writing top-level names to vision_msg.egg-info/top_level.txt
[2.198s] writing manifest file 'vision_msg.egg-info/SOURCES.txt'
[2.199s] reading manifest file 'vision_msg.egg-info/SOURCES.txt'
[2.199s] writing manifest file 'vision_msg.egg-info/SOURCES.txt'
[2.218s] [  4%] Built target ament_cmake_python_build_vision_msg_egg
[2.280s] [  6%] [32mBuilding C object CMakeFiles/vision_msg__rosidl_generator_c.dir/rosidl_generator_c/vision_msg/msg/detail/gimble_position__functions.c.o[0m
[2.281s] [  8%] [32mBuilding C object CMakeFiles/vision_msg__rosidl_generator_c.dir/rosidl_generator_c/vision_msg/msg/detail/detected_id__functions.c.o[0m
[2.281s] [ 10%] [32mBuilding C object CMakeFiles/vision_msg__rosidl_generator_c.dir/rosidl_generator_c/vision_msg/msg/detail/selected_id__functions.c.o[0m
[2.297s] [ 10%] Built target vision_msg__cpp
[2.301s] [ 12%] [1m[34mGenerating C++ type support for eProsima Fast-RTPS[0m
[2.302s] [ 14%] [1m[34mGenerating C++ type support dispatch for ROS interfaces[0m
[2.302s] [ 17%] [1m[34mGenerating C++ introspection for ROS interfaces[0m
[2.332s] [ 19%] [1m[32mLinking C shared library libvision_msg__rosidl_generator_c.so[0m
[2.365s] [ 19%] Built target vision_msg__rosidl_generator_c
[2.370s] [ 21%] [1m[34mGenerating C type support for eProsima Fast-RTPS[0m
[2.371s] [ 25%] [1m[34mGenerating C introspection for ROS interfaces[0m
[2.371s] [ 25%] [1m[34mGenerating C type support dispatch for ROS interfaces[0m
[2.598s] [ 29%] [32mBuilding CXX object CMakeFiles/vision_msg__rosidl_typesupport_introspection_cpp.dir/rosidl_typesupport_introspection_cpp/vision_msg/msg/detail/detected_id__type_support.cpp.o[0m
[2.599s] [ 29%] [32mBuilding CXX object CMakeFiles/vision_msg__rosidl_typesupport_introspection_cpp.dir/rosidl_typesupport_introspection_cpp/vision_msg/msg/detail/gimble_position__type_support.cpp.o[0m
[2.599s] [ 31%] [32mBuilding CXX object CMakeFiles/vision_msg__rosidl_typesupport_introspection_cpp.dir/rosidl_typesupport_introspection_cpp/vision_msg/msg/detail/selected_id__type_support.cpp.o[0m
[2.625s] [ 36%] [32mBuilding CXX object CMakeFiles/vision_msg__rosidl_typesupport_fastrtps_c.dir/rosidl_typesupport_fastrtps_c/vision_msg/msg/detail/selected_id__type_support_c.cpp.o[0m
[2.625s] [ 36%] [32mBuilding CXX object CMakeFiles/vision_msg__rosidl_typesupport_fastrtps_c.dir/rosidl_typesupport_fastrtps_c/vision_msg/msg/detail/gimble_position__type_support_c.cpp.o[0m
[2.625s] [ 38%] [32mBuilding CXX object CMakeFiles/vision_msg__rosidl_typesupport_fastrtps_c.dir/rosidl_typesupport_fastrtps_c/vision_msg/msg/detail/detected_id__type_support_c.cpp.o[0m
[2.696s] [ 42%] [32mBuilding CXX object CMakeFiles/vision_msg__rosidl_typesupport_cpp.dir/rosidl_typesupport_cpp/vision_msg/msg/detected_id__type_support.cpp.o[0m
[2.696s] [ 42%] [32mBuilding CXX object CMakeFiles/vision_msg__rosidl_typesupport_cpp.dir/rosidl_typesupport_cpp/vision_msg/msg/gimble_position__type_support.cpp.o[0m
[2.697s] [ 44%] [32mBuilding CXX object CMakeFiles/vision_msg__rosidl_typesupport_cpp.dir/rosidl_typesupport_cpp/vision_msg/msg/selected_id__type_support.cpp.o[0m
[2.770s] [ 48%] [32mBuilding C object CMakeFiles/vision_msg__rosidl_typesupport_introspection_c.dir/rosidl_typesupport_introspection_c/vision_msg/msg/detail/gimble_position__type_support.c.o[0m
[2.770s] [ 48%] [32mBuilding C object CMakeFiles/vision_msg__rosidl_typesupport_introspection_c.dir/rosidl_typesupport_introspection_c/vision_msg/msg/detail/detected_id__type_support.c.o[0m
[2.775s] [ 51%] [32mBuilding C object CMakeFiles/vision_msg__rosidl_typesupport_introspection_c.dir/rosidl_typesupport_introspection_c/vision_msg/msg/detail/selected_id__type_support.c.o[0m
[2.781s] [ 55%] [32mBuilding CXX object CMakeFiles/vision_msg__rosidl_typesupport_fastrtps_cpp.dir/rosidl_typesupport_fastrtps_cpp/vision_msg/msg/detail/dds_fastrtps/selected_id__type_support.cpp.o[0m
[2.781s] [ 55%] [32mBuilding CXX object CMakeFiles/vision_msg__rosidl_typesupport_fastrtps_cpp.dir/rosidl_typesupport_fastrtps_cpp/vision_msg/msg/detail/dds_fastrtps/detected_id__type_support.cpp.o[0m
[2.781s] [ 57%] [32mBuilding CXX object CMakeFiles/vision_msg__rosidl_typesupport_fastrtps_cpp.dir/rosidl_typesupport_fastrtps_cpp/vision_msg/msg/detail/dds_fastrtps/gimble_position__type_support.cpp.o[0m
[2.800s] [ 59%] [32mBuilding CXX object CMakeFiles/vision_msg__rosidl_typesupport_c.dir/rosidl_typesupport_c/vision_msg/msg/gimble_position__type_support.cpp.o[0m
[2.826s] [ 61%] [32mBuilding CXX object CMakeFiles/vision_msg__rosidl_typesupport_c.dir/rosidl_typesupport_c/vision_msg/msg/detected_id__type_support.cpp.o[0m
[2.838s] [ 65%] [32mBuilding CXX object CMakeFiles/vision_msg__rosidl_typesupport_c.dir/rosidl_typesupport_c/vision_msg/msg/selected_id__type_support.cpp.o[0m
[2.839s] [ 65%] [1m[32mLinking C shared library libvision_msg__rosidl_typesupport_introspection_c.so[0m
[2.881s] [ 65%] Built target vision_msg__rosidl_typesupport_introspection_c
[2.887s] [ 68%] [1m[32mLinking CXX shared library libvision_msg__rosidl_typesupport_c.so[0m
[2.914s] [ 68%] Built target vision_msg__rosidl_typesupport_c
[3.031s] [ 70%] [1m[32mLinking CXX shared library libvision_msg__rosidl_typesupport_cpp.so[0m
[3.056s] [ 72%] [1m[32mLinking CXX shared library libvision_msg__rosidl_typesupport_fastrtps_c.so[0m
[3.067s] [ 72%] Built target vision_msg__rosidl_typesupport_cpp
[3.083s] [ 74%] [1m[32mLinking CXX shared library libvision_msg__rosidl_typesupport_introspection_cpp.so[0m
[3.134s] [ 74%] Built target vision_msg__rosidl_typesupport_fastrtps_c
[3.155s] [ 74%] Built target vision_msg__rosidl_typesupport_introspection_cpp
[3.297s] [ 76%] [1m[32mLinking CXX shared library libvision_msg__rosidl_typesupport_fastrtps_cpp.so[0m
[3.367s] [ 76%] Built target vision_msg__rosidl_typesupport_fastrtps_cpp
[3.377s] [ 76%] Built target vision_msg
[3.390s] [ 78%] [1m[34mGenerating Python code for ROS interfaces[0m
[4.184s] [ 78%] Built target vision_msg__py
[4.198s] [ 80%] [32mBuilding C object CMakeFiles/vision_msg__rosidl_generator_py.dir/rosidl_generator_py/vision_msg/msg/_gimble_position_s.c.o[0m
[4.200s] [ 85%] [32mBuilding C object CMakeFiles/vision_msg__rosidl_generator_py.dir/rosidl_generator_py/vision_msg/msg/_selected_id_s.c.o[0m
[4.200s] [ 85%] [32mBuilding C object CMakeFiles/vision_msg__rosidl_generator_py.dir/rosidl_generator_py/vision_msg/msg/_detected_id_s.c.o[0m
[4.320s] [ 87%] [1m[32mLinking C shared library rosidl_generator_py/vision_msg/libvision_msg__rosidl_generator_py.so[0m
[4.353s] [ 87%] Built target vision_msg__rosidl_generator_py
[4.364s] [ 91%] [32mBuilding C object CMakeFiles/vision_msg__rosidl_typesupport_introspection_c__pyext.dir/rosidl_generator_py/vision_msg/_vision_msg_s.ep.rosidl_typesupport_introspection_c.c.o[0m
[4.365s] [ 91%] [32mBuilding C object CMakeFiles/vision_msg__rosidl_typesupport_fastrtps_c__pyext.dir/rosidl_generator_py/vision_msg/_vision_msg_s.ep.rosidl_typesupport_fastrtps_c.c.o[0m
[4.365s] [ 93%] [32mBuilding C object CMakeFiles/vision_msg__rosidl_typesupport_c__pyext.dir/rosidl_generator_py/vision_msg/_vision_msg_s.ep.rosidl_typesupport_c.c.o[0m
[4.495s] [ 95%] [1m[32mLinking C shared library rosidl_generator_py/vision_msg/vision_msg_s__rosidl_typesupport_introspection_c.cpython-310-x86_64-linux-gnu.so[0m
[4.511s] [ 97%] [1m[32mLinking C shared library rosidl_generator_py/vision_msg/vision_msg_s__rosidl_typesupport_fastrtps_c.cpython-310-x86_64-linux-gnu.so[0m
[4.540s] [ 97%] Built target vision_msg__rosidl_typesupport_introspection_c__pyext
[4.552s] [100%] [1m[32mLinking C shared library rosidl_generator_py/vision_msg/vision_msg_s__rosidl_typesupport_c.cpython-310-x86_64-linux-gnu.so[0m
[4.553s] [100%] Built target vision_msg__rosidl_typesupport_fastrtps_c__pyext
[4.590s] [100%] Built target vision_msg__rosidl_typesupport_c__pyext
[4.600s] Invoked command in '/home/hjh/RMserial/build/vision_msg' returned '0': CMAKE_PREFIX_PATH=/opt/ros/humble /usr/bin/cmake --build /home/hjh/RMserial/build/vision_msg -- -j16 -l16
[4.606s] Invoking command in '/home/hjh/RMserial/build/vision_msg': CMAKE_PREFIX_PATH=/opt/ros/humble /usr/bin/cmake --install /home/hjh/RMserial/build/vision_msg
[4.610s] -- Install configuration: ""
[4.611s] -- Installing: /home/hjh/RMserial/install/vision_msg/share/ament_index/resource_index/rosidl_interfaces/vision_msg
[4.611s] -- Installing: /home/hjh/RMserial/install/vision_msg/include/vision_msg/vision_msg
[4.611s] -- Installing: /home/hjh/RMserial/install/vision_msg/include/vision_msg/vision_msg/msg
[4.611s] -- Installing: /home/hjh/RMserial/install/vision_msg/include/vision_msg/vision_msg/msg/rosidl_generator_c__visibility_control.h
[4.611s] -- Installing: /home/hjh/RMserial/install/vision_msg/include/vision_msg/vision_msg/msg/detail
[4.611s] -- Installing: /home/hjh/RMserial/install/vision_msg/include/vision_msg/vision_msg/msg/detail/selected_id__functions.h
[4.611s] -- Installing: /home/hjh/RMserial/install/vision_msg/include/vision_msg/vision_msg/msg/detail/gimble_position__struct.h
[4.611s] -- Installing: /home/hjh/RMserial/install/vision_msg/include/vision_msg/vision_msg/msg/detail/gimble_position__functions.h
[4.612s] -- Installing: /home/hjh/RMserial/install/vision_msg/include/vision_msg/vision_msg/msg/detail/selected_id__type_support.h
[4.612s] -- Installing: /home/hjh/RMserial/install/vision_msg/include/vision_msg/vision_msg/msg/detail/detected_id__functions.h
[4.612s] -- Installing: /home/hjh/RMserial/install/vision_msg/include/vision_msg/vision_msg/msg/detail/gimble_position__type_support.h
[4.612s] -- Installing: /home/hjh/RMserial/install/vision_msg/include/vision_msg/vision_msg/msg/detail/detected_id__struct.h
[4.612s] -- Installing: /home/hjh/RMserial/install/vision_msg/include/vision_msg/vision_msg/msg/detail/detected_id__type_support.h
[4.612s] -- Installing: /home/hjh/RMserial/install/vision_msg/include/vision_msg/vision_msg/msg/detail/detected_id__functions.c
[4.612s] -- Installing: /home/hjh/RMserial/install/vision_msg/include/vision_msg/vision_msg/msg/detail/selected_id__functions.c
[4.612s] -- Installing: /home/hjh/RMserial/install/vision_msg/include/vision_msg/vision_msg/msg/detail/selected_id__struct.h
[4.612s] -- Installing: /home/hjh/RMserial/install/vision_msg/include/vision_msg/vision_msg/msg/detail/gimble_position__functions.c
[4.613s] -- Installing: /home/hjh/RMserial/install/vision_msg/include/vision_msg/vision_msg/msg/detected_id.h
[4.613s] -- Installing: /home/hjh/RMserial/install/vision_msg/include/vision_msg/vision_msg/msg/selected_id.h
[4.613s] -- Installing: /home/hjh/RMserial/install/vision_msg/include/vision_msg/vision_msg/msg/gimble_position.h
[4.613s] -- Installing: /home/hjh/RMserial/install/vision_msg/share/vision_msg/environment/library_path.sh
[4.613s] -- Installing: /home/hjh/RMserial/install/vision_msg/share/vision_msg/environment/library_path.dsv
[4.614s] -- Installing: /home/hjh/RMserial/install/vision_msg/lib/libvision_msg__rosidl_generator_c.so
[4.614s] -- Set non-toolchain portion of runtime path of "/home/hjh/RMserial/install/vision_msg/lib/libvision_msg__rosidl_generator_c.so" to ""
[4.615s] -- Up-to-date: /home/hjh/RMserial/install/vision_msg/include/vision_msg/vision_msg
[4.615s] -- Up-to-date: /home/hjh/RMserial/install/vision_msg/include/vision_msg/vision_msg/msg
[4.615s] -- Up-to-date: /home/hjh/RMserial/install/vision_msg/include/vision_msg/vision_msg/msg/detail
[4.615s] -- Installing: /home/hjh/RMserial/install/vision_msg/include/vision_msg/vision_msg/msg/detail/selected_id__rosidl_typesupport_fastrtps_c.h
[4.615s] -- Installing: /home/hjh/RMserial/install/vision_msg/include/vision_msg/vision_msg/msg/detail/gimble_position__rosidl_typesupport_fastrtps_c.h
[4.615s] -- Installing: /home/hjh/RMserial/install/vision_msg/include/vision_msg/vision_msg/msg/detail/detected_id__rosidl_typesupport_fastrtps_c.h
[4.615s] -- Installing: /home/hjh/RMserial/install/vision_msg/include/vision_msg/vision_msg/msg/rosidl_typesupport_fastrtps_c__visibility_control.h
[4.615s] -- Installing: /home/hjh/RMserial/install/vision_msg/lib/libvision_msg__rosidl_typesupport_fastrtps_c.so
[4.615s] -- Set non-toolchain portion of runtime path of "/home/hjh/RMserial/install/vision_msg/lib/libvision_msg__rosidl_typesupport_fastrtps_c.so" to ""
[4.616s] -- Up-to-date: /home/hjh/RMserial/install/vision_msg/include/vision_msg/vision_msg
[4.616s] -- Up-to-date: /home/hjh/RMserial/install/vision_msg/include/vision_msg/vision_msg/msg
[4.616s] -- Up-to-date: /home/hjh/RMserial/install/vision_msg/include/vision_msg/vision_msg/msg/detail
[4.616s] -- Installing: /home/hjh/RMserial/install/vision_msg/include/vision_msg/vision_msg/msg/detail/selected_id__rosidl_typesupport_introspection_c.h
[4.616s] -- Installing: /home/hjh/RMserial/install/vision_msg/include/vision_msg/vision_msg/msg/detail/selected_id__type_support.c
[4.616s] -- Installing: /home/hjh/RMserial/install/vision_msg/include/vision_msg/vision_msg/msg/detail/detected_id__rosidl_typesupport_introspection_c.h
[4.616s] -- Installing: /home/hjh/RMserial/install/vision_msg/include/vision_msg/vision_msg/msg/detail/detected_id__type_support.c
[4.616s] -- Installing: /home/hjh/RMserial/install/vision_msg/include/vision_msg/vision_msg/msg/detail/gimble_position__rosidl_typesupport_introspection_c.h
[4.616s] -- Installing: /home/hjh/RMserial/install/vision_msg/include/vision_msg/vision_msg/msg/detail/gimble_position__type_support.c
[4.618s] -- Installing: /home/hjh/RMserial/install/vision_msg/include/vision_msg/vision_msg/msg/rosidl_typesupport_introspection_c__visibility_control.h
[4.618s] -- Installing: /home/hjh/RMserial/install/vision_msg/lib/libvision_msg__rosidl_typesupport_introspection_c.so
[4.618s] -- Set non-toolchain portion of runtime path of "/home/hjh/RMserial/install/vision_msg/lib/libvision_msg__rosidl_typesupport_introspection_c.so" to ""
[4.618s] -- Installing: /home/hjh/RMserial/install/vision_msg/lib/libvision_msg__rosidl_typesupport_c.so
[4.620s] -- Set non-toolchain portion of runtime path of "/home/hjh/RMserial/install/vision_msg/lib/libvision_msg__rosidl_typesupport_c.so" to ""
[4.620s] -- Up-to-date: /home/hjh/RMserial/install/vision_msg/include/vision_msg/vision_msg
[4.620s] -- Up-to-date: /home/hjh/RMserial/install/vision_msg/include/vision_msg/vision_msg/msg
[4.620s] -- Installing: /home/hjh/RMserial/install/vision_msg/include/vision_msg/vision_msg/msg/selected_id.hpp
[4.620s] -- Installing: /home/hjh/RMserial/install/vision_msg/include/vision_msg/vision_msg/msg/gimble_position.hpp
[4.620s] -- Installing: /home/hjh/RMserial/install/vision_msg/include/vision_msg/vision_msg/msg/detected_id.hpp
[4.620s] -- Up-to-date: /home/hjh/RMserial/install/vision_msg/include/vision_msg/vision_msg/msg/detail
[4.620s] -- Installing: /home/hjh/RMserial/install/vision_msg/include/vision_msg/vision_msg/msg/detail/selected_id__type_support.hpp
[4.620s] -- Installing: /home/hjh/RMserial/install/vision_msg/include/vision_msg/vision_msg/msg/detail/gimble_position__struct.hpp
[4.620s] -- Installing: /home/hjh/RMserial/install/vision_msg/include/vision_msg/vision_msg/msg/detail/gimble_position__type_support.hpp
[4.620s] -- Installing: /home/hjh/RMserial/install/vision_msg/include/vision_msg/vision_msg/msg/detail/detected_id__traits.hpp
[4.621s] -- Installing: /home/hjh/RMserial/install/vision_msg/include/vision_msg/vision_msg/msg/detail/selected_id__builder.hpp
[4.621s] -- Installing: /home/hjh/RMserial/install/vision_msg/include/vision_msg/vision_msg/msg/detail/detected_id__type_support.hpp
[4.621s] -- Installing: /home/hjh/RMserial/install/vision_msg/include/vision_msg/vision_msg/msg/detail/gimble_position__traits.hpp
[4.621s] -- Installing: /home/hjh/RMserial/install/vision_msg/include/vision_msg/vision_msg/msg/detail/gimble_position__builder.hpp
[4.621s] -- Installing: /home/hjh/RMserial/install/vision_msg/include/vision_msg/vision_msg/msg/detail/selected_id__struct.hpp
[4.621s] -- Installing: /home/hjh/RMserial/install/vision_msg/include/vision_msg/vision_msg/msg/detail/detected_id__builder.hpp
[4.621s] -- Installing: /home/hjh/RMserial/install/vision_msg/include/vision_msg/vision_msg/msg/detail/detected_id__struct.hpp
[4.621s] -- Installing: /home/hjh/RMserial/install/vision_msg/include/vision_msg/vision_msg/msg/detail/selected_id__traits.hpp
[4.621s] -- Installing: /home/hjh/RMserial/install/vision_msg/include/vision_msg/vision_msg/msg/rosidl_generator_cpp__visibility_control.hpp
[4.622s] -- Up-to-date: /home/hjh/RMserial/install/vision_msg/include/vision_msg/vision_msg
[4.622s] -- Up-to-date: /home/hjh/RMserial/install/vision_msg/include/vision_msg/vision_msg/msg
[4.622s] -- Up-to-date: /home/hjh/RMserial/install/vision_msg/include/vision_msg/vision_msg/msg/detail
[4.622s] -- Installing: /home/hjh/RMserial/install/vision_msg/include/vision_msg/vision_msg/msg/detail/detected_id__rosidl_typesupport_fastrtps_cpp.hpp
[4.623s] -- Installing: /home/hjh/RMserial/install/vision_msg/include/vision_msg/vision_msg/msg/detail/dds_fastrtps
[4.623s] -- Installing: /home/hjh/RMserial/install/vision_msg/include/vision_msg/vision_msg/msg/detail/selected_id__rosidl_typesupport_fastrtps_cpp.hpp
[4.623s] -- Installing: /home/hjh/RMserial/install/vision_msg/include/vision_msg/vision_msg/msg/detail/gimble_position__rosidl_typesupport_fastrtps_cpp.hpp
[4.623s] -- Installing: /home/hjh/RMserial/install/vision_msg/include/vision_msg/vision_msg/msg/rosidl_typesupport_fastrtps_cpp__visibility_control.h
[4.623s] -- Installing: /home/hjh/RMserial/install/vision_msg/lib/libvision_msg__rosidl_typesupport_fastrtps_cpp.so
[4.624s] -- Set non-toolchain portion of runtime path of "/home/hjh/RMserial/install/vision_msg/lib/libvision_msg__rosidl_typesupport_fastrtps_cpp.so" to ""
[4.624s] -- Up-to-date: /home/hjh/RMserial/install/vision_msg/include/vision_msg/vision_msg
[4.624s] -- Up-to-date: /home/hjh/RMserial/install/vision_msg/include/vision_msg/vision_msg/msg
[4.624s] -- Up-to-date: /home/hjh/RMserial/install/vision_msg/include/vision_msg/vision_msg/msg/detail
[4.624s] -- Installing: /home/hjh/RMserial/install/vision_msg/include/vision_msg/vision_msg/msg/detail/detected_id__type_support.cpp
[4.624s] -- Installing: /home/hjh/RMserial/install/vision_msg/include/vision_msg/vision_msg/msg/detail/gimble_position__type_support.cpp
[4.624s] -- Installing: /home/hjh/RMserial/install/vision_msg/include/vision_msg/vision_msg/msg/detail/detected_id__rosidl_typesupport_introspection_cpp.hpp
[4.624s] -- Installing: /home/hjh/RMserial/install/vision_msg/include/vision_msg/vision_msg/msg/detail/gimble_position__rosidl_typesupport_introspection_cpp.hpp
[4.624s] -- Installing: /home/hjh/RMserial/install/vision_msg/include/vision_msg/vision_msg/msg/detail/selected_id__type_support.cpp
[4.624s] -- Installing: /home/hjh/RMserial/install/vision_msg/include/vision_msg/vision_msg/msg/detail/selected_id__rosidl_typesupport_introspection_cpp.hpp
[4.625s] -- Installing: /home/hjh/RMserial/install/vision_msg/lib/libvision_msg__rosidl_typesupport_introspection_cpp.so
[4.625s] -- Set non-toolchain portion of runtime path of "/home/hjh/RMserial/install/vision_msg/lib/libvision_msg__rosidl_typesupport_introspection_cpp.so" to ""
[4.625s] -- Installing: /home/hjh/RMserial/install/vision_msg/lib/libvision_msg__rosidl_typesupport_cpp.so
[4.626s] -- Set non-toolchain portion of runtime path of "/home/hjh/RMserial/install/vision_msg/lib/libvision_msg__rosidl_typesupport_cpp.so" to ""
[4.626s] -- Installing: /home/hjh/RMserial/install/vision_msg/share/vision_msg/environment/pythonpath.sh
[4.626s] -- Installing: /home/hjh/RMserial/install/vision_msg/share/vision_msg/environment/pythonpath.dsv
[4.626s] -- Installing: /home/hjh/RMserial/install/vision_msg/local/lib/python3.10/dist-packages/vision_msg-0.0.0-py3.10.egg-info
[4.626s] -- Installing: /home/hjh/RMserial/install/vision_msg/local/lib/python3.10/dist-packages/vision_msg-0.0.0-py3.10.egg-info/dependency_links.txt
[4.626s] -- Installing: /home/hjh/RMserial/install/vision_msg/local/lib/python3.10/dist-packages/vision_msg-0.0.0-py3.10.egg-info/PKG-INFO
[4.626s] -- Installing: /home/hjh/RMserial/install/vision_msg/local/lib/python3.10/dist-packages/vision_msg-0.0.0-py3.10.egg-info/SOURCES.txt
[4.626s] -- Installing: /home/hjh/RMserial/install/vision_msg/local/lib/python3.10/dist-packages/vision_msg-0.0.0-py3.10.egg-info/top_level.txt
[4.627s] -- Installing: /home/hjh/RMserial/install/vision_msg/local/lib/python3.10/dist-packages/vision_msg
[4.627s] -- Installing: /home/hjh/RMserial/install/vision_msg/local/lib/python3.10/dist-packages/vision_msg/vision_msg_s__rosidl_typesupport_c.cpython-310-x86_64-linux-gnu.so
[4.627s] -- Installing: /home/hjh/RMserial/install/vision_msg/local/lib/python3.10/dist-packages/vision_msg/_vision_msg_s.ep.rosidl_typesupport_fastrtps_c.c
[4.627s] -- Installing: /home/hjh/RMserial/install/vision_msg/local/lib/python3.10/dist-packages/vision_msg/vision_msg_s__rosidl_typesupport_fastrtps_c.cpython-310-x86_64-linux-gnu.so
[4.627s] -- Installing: /home/hjh/RMserial/install/vision_msg/local/lib/python3.10/dist-packages/vision_msg/__init__.py
[4.627s] -- Installing: /home/hjh/RMserial/install/vision_msg/local/lib/python3.10/dist-packages/vision_msg/libvision_msg__rosidl_generator_py.so
[4.628s] -- Installing: /home/hjh/RMserial/install/vision_msg/local/lib/python3.10/dist-packages/vision_msg/_vision_msg_s.ep.rosidl_typesupport_c.c
[4.628s] -- Installing: /home/hjh/RMserial/install/vision_msg/local/lib/python3.10/dist-packages/vision_msg/msg
[4.628s] -- Installing: /home/hjh/RMserial/install/vision_msg/local/lib/python3.10/dist-packages/vision_msg/msg/_selected_id.py
[4.628s] -- Installing: /home/hjh/RMserial/install/vision_msg/local/lib/python3.10/dist-packages/vision_msg/msg/_selected_id_s.c
[4.628s] -- Installing: /home/hjh/RMserial/install/vision_msg/local/lib/python3.10/dist-packages/vision_msg/msg/_detected_id.py
[4.628s] -- Installing: /home/hjh/RMserial/install/vision_msg/local/lib/python3.10/dist-packages/vision_msg/msg/_gimble_position_s.c
[4.628s] -- Installing: /home/hjh/RMserial/install/vision_msg/local/lib/python3.10/dist-packages/vision_msg/msg/__init__.py
[4.628s] -- Installing: /home/hjh/RMserial/install/vision_msg/local/lib/python3.10/dist-packages/vision_msg/msg/_gimble_position.py
[4.628s] -- Installing: /home/hjh/RMserial/install/vision_msg/local/lib/python3.10/dist-packages/vision_msg/msg/_detected_id_s.c
[4.629s] -- Installing: /home/hjh/RMserial/install/vision_msg/local/lib/python3.10/dist-packages/vision_msg/_vision_msg_s.ep.rosidl_typesupport_introspection_c.c
[4.629s] -- Installing: /home/hjh/RMserial/install/vision_msg/local/lib/python3.10/dist-packages/vision_msg/vision_msg_s__rosidl_typesupport_introspection_c.cpython-310-x86_64-linux-gnu.so
[4.679s] Listing '/home/hjh/RMserial/install/vision_msg/local/lib/python3.10/dist-packages/vision_msg'...
[4.680s] Compiling '/home/hjh/RMserial/install/vision_msg/local/lib/python3.10/dist-packages/vision_msg/__init__.py'...
[4.680s] Listing '/home/hjh/RMserial/install/vision_msg/local/lib/python3.10/dist-packages/vision_msg/msg'...
[4.680s] Compiling '/home/hjh/RMserial/install/vision_msg/local/lib/python3.10/dist-packages/vision_msg/msg/__init__.py'...
[4.680s] Compiling '/home/hjh/RMserial/install/vision_msg/local/lib/python3.10/dist-packages/vision_msg/msg/_detected_id.py'...
[4.680s] Compiling '/home/hjh/RMserial/install/vision_msg/local/lib/python3.10/dist-packages/vision_msg/msg/_gimble_position.py'...
[4.680s] Compiling '/home/hjh/RMserial/install/vision_msg/local/lib/python3.10/dist-packages/vision_msg/msg/_selected_id.py'...
[4.685s] -- Installing: /home/hjh/RMserial/install/vision_msg/local/lib/python3.10/dist-packages/vision_msg/vision_msg_s__rosidl_typesupport_fastrtps_c.cpython-310-x86_64-linux-gnu.so
[4.685s] -- Set non-toolchain portion of runtime path of "/home/hjh/RMserial/install/vision_msg/local/lib/python3.10/dist-packages/vision_msg/vision_msg_s__rosidl_typesupport_fastrtps_c.cpython-310-x86_64-linux-gnu.so" to ""
[4.686s] -- Installing: /home/hjh/RMserial/install/vision_msg/local/lib/python3.10/dist-packages/vision_msg/vision_msg_s__rosidl_typesupport_introspection_c.cpython-310-x86_64-linux-gnu.so
[4.686s] -- Set non-toolchain portion of runtime path of "/home/hjh/RMserial/install/vision_msg/local/lib/python3.10/dist-packages/vision_msg/vision_msg_s__rosidl_typesupport_introspection_c.cpython-310-x86_64-linux-gnu.so" to ""
[4.686s] -- Installing: /home/hjh/RMserial/install/vision_msg/local/lib/python3.10/dist-packages/vision_msg/vision_msg_s__rosidl_typesupport_c.cpython-310-x86_64-linux-gnu.so
[4.686s] -- Set non-toolchain portion of runtime path of "/home/hjh/RMserial/install/vision_msg/local/lib/python3.10/dist-packages/vision_msg/vision_msg_s__rosidl_typesupport_c.cpython-310-x86_64-linux-gnu.so" to ""
[4.687s] -- Installing: /home/hjh/RMserial/install/vision_msg/lib/libvision_msg__rosidl_generator_py.so
[4.687s] -- Set non-toolchain portion of runtime path of "/home/hjh/RMserial/install/vision_msg/lib/libvision_msg__rosidl_generator_py.so" to ""
[4.687s] -- Installing: /home/hjh/RMserial/install/vision_msg/share/vision_msg/msg/GimblePosition.idl
[4.687s] -- Installing: /home/hjh/RMserial/install/vision_msg/share/vision_msg/msg/DetectedId.idl
[4.687s] -- Installing: /home/hjh/RMserial/install/vision_msg/share/vision_msg/msg/SelectedId.idl
[4.688s] -- Installing: /home/hjh/RMserial/install/vision_msg/share/vision_msg/msg/GimblePosition.msg
[4.688s] -- Installing: /home/hjh/RMserial/install/vision_msg/share/vision_msg/msg/DetectedId.msg
[4.688s] -- Installing: /home/hjh/RMserial/install/vision_msg/share/vision_msg/msg/SelectedId.msg
[4.688s] -- Installing: /home/hjh/RMserial/install/vision_msg/share/ament_index/resource_index/package_run_dependencies/vision_msg
[4.688s] -- Installing: /home/hjh/RMserial/install/vision_msg/share/ament_index/resource_index/parent_prefix_path/vision_msg
[4.688s] -- Installing: /home/hjh/RMserial/install/vision_msg/share/vision_msg/environment/ament_prefix_path.sh
[4.688s] -- Installing: /home/hjh/RMserial/install/vision_msg/share/vision_msg/environment/ament_prefix_path.dsv
[4.689s] -- Installing: /home/hjh/RMserial/install/vision_msg/share/vision_msg/environment/path.sh
[4.689s] -- Installing: /home/hjh/RMserial/install/vision_msg/share/vision_msg/environment/path.dsv
[4.689s] -- Installing: /home/hjh/RMserial/install/vision_msg/share/vision_msg/local_setup.bash
[4.689s] -- Installing: /home/hjh/RMserial/install/vision_msg/share/vision_msg/local_setup.sh
[4.689s] -- Installing: /home/hjh/RMserial/install/vision_msg/share/vision_msg/local_setup.zsh
[4.689s] -- Installing: /home/hjh/RMserial/install/vision_msg/share/vision_msg/local_setup.dsv
[4.690s] -- Installing: /home/hjh/RMserial/install/vision_msg/share/vision_msg/package.dsv
[4.690s] -- Installing: /home/hjh/RMserial/install/vision_msg/share/ament_index/resource_index/packages/vision_msg
[4.690s] -- Installing: /home/hjh/RMserial/install/vision_msg/share/vision_msg/cmake/export_vision_msg__rosidl_generator_cExport.cmake
[4.690s] -- Installing: /home/hjh/RMserial/install/vision_msg/share/vision_msg/cmake/export_vision_msg__rosidl_generator_cExport-noconfig.cmake
[4.690s] -- Installing: /home/hjh/RMserial/install/vision_msg/share/vision_msg/cmake/export_vision_msg__rosidl_typesupport_fastrtps_cExport.cmake
[4.690s] -- Installing: /home/hjh/RMserial/install/vision_msg/share/vision_msg/cmake/export_vision_msg__rosidl_typesupport_fastrtps_cExport-noconfig.cmake
[4.691s] -- Installing: /home/hjh/RMserial/install/vision_msg/share/vision_msg/cmake/vision_msg__rosidl_typesupport_introspection_cExport.cmake
[4.691s] -- Installing: /home/hjh/RMserial/install/vision_msg/share/vision_msg/cmake/vision_msg__rosidl_typesupport_introspection_cExport-noconfig.cmake
[4.691s] -- Installing: /home/hjh/RMserial/install/vision_msg/share/vision_msg/cmake/vision_msg__rosidl_typesupport_cExport.cmake
[4.691s] -- Installing: /home/hjh/RMserial/install/vision_msg/share/vision_msg/cmake/vision_msg__rosidl_typesupport_cExport-noconfig.cmake
[4.691s] -- Installing: /home/hjh/RMserial/install/vision_msg/share/vision_msg/cmake/export_vision_msg__rosidl_generator_cppExport.cmake
[4.691s] -- Installing: /home/hjh/RMserial/install/vision_msg/share/vision_msg/cmake/export_vision_msg__rosidl_typesupport_fastrtps_cppExport.cmake
[4.691s] -- Installing: /home/hjh/RMserial/install/vision_msg/share/vision_msg/cmake/export_vision_msg__rosidl_typesupport_fastrtps_cppExport-noconfig.cmake
[4.691s] -- Installing: /home/hjh/RMserial/install/vision_msg/share/vision_msg/cmake/vision_msg__rosidl_typesupport_introspection_cppExport.cmake
[4.692s] -- Installing: /home/hjh/RMserial/install/vision_msg/share/vision_msg/cmake/vision_msg__rosidl_typesupport_introspection_cppExport-noconfig.cmake
[4.692s] -- Installing: /home/hjh/RMserial/install/vision_msg/share/vision_msg/cmake/vision_msg__rosidl_typesupport_cppExport.cmake
[4.692s] -- Installing: /home/hjh/RMserial/install/vision_msg/share/vision_msg/cmake/vision_msg__rosidl_typesupport_cppExport-noconfig.cmake
[4.692s] -- Installing: /home/hjh/RMserial/install/vision_msg/share/vision_msg/cmake/export_vision_msg__rosidl_generator_pyExport.cmake
[4.692s] -- Installing: /home/hjh/RMserial/install/vision_msg/share/vision_msg/cmake/export_vision_msg__rosidl_generator_pyExport-noconfig.cmake
[4.692s] -- Installing: /home/hjh/RMserial/install/vision_msg/share/vision_msg/cmake/rosidl_cmake-extras.cmake
[4.692s] -- Installing: /home/hjh/RMserial/install/vision_msg/share/vision_msg/cmake/ament_cmake_export_dependencies-extras.cmake
[4.693s] -- Installing: /home/hjh/RMserial/install/vision_msg/share/vision_msg/cmake/ament_cmake_export_include_directories-extras.cmake
[4.693s] -- Installing: /home/hjh/RMserial/install/vision_msg/share/vision_msg/cmake/ament_cmake_export_libraries-extras.cmake
[4.693s] -- Installing: /home/hjh/RMserial/install/vision_msg/share/vision_msg/cmake/ament_cmake_export_targets-extras.cmake
[4.693s] -- Installing: /home/hjh/RMserial/install/vision_msg/share/vision_msg/cmake/rosidl_cmake_export_typesupport_targets-extras.cmake
[4.693s] -- Installing: /home/hjh/RMserial/install/vision_msg/share/vision_msg/cmake/rosidl_cmake_export_typesupport_libraries-extras.cmake
[4.693s] -- Installing: /home/hjh/RMserial/install/vision_msg/share/vision_msg/cmake/vision_msgConfig.cmake
[4.693s] -- Installing: /home/hjh/RMserial/install/vision_msg/share/vision_msg/cmake/vision_msgConfig-version.cmake
[4.694s] -- Installing: /home/hjh/RMserial/install/vision_msg/share/vision_msg/package.xml
[4.696s] Invoked command in '/home/hjh/RMserial/build/vision_msg' returned '0': CMAKE_PREFIX_PATH=/opt/ros/humble /usr/bin/cmake --install /home/hjh/RMserial/build/vision_msg
