[0mCMake Deprecation Warning at CMakeLists.txt:1 (cmake_minimum_required):
  Compatibility with CMake < 3.10 will be removed from a future version of
  CMake.

  Update the VERSION argument <min> value.  Or, use the <min>...<max> syntax
  to tell CMake that the project requires at least <min> but has been updated
  to work with policies introduced by <max> or earlier.

[0m
-- Found ament_cmake: 1.3.11 (/opt/ros/humble/share/ament_cmake/cmake)
-- Found rosidl_default_generators: 1.2.0 (/opt/ros/humble/share/rosidl_default_generators/cmake)
-- Using all available rosidl_typesupport_c: rosidl_typesupport_fastrtps_c;rosidl_typesupport_introspection_c
-- Found rosidl_adapter: 3.1.6 (/opt/ros/humble/share/rosidl_adapter/cmake)
-- Using all available rosidl_typesupport_cpp: rosidl_typesupport_fastrtps_cpp;rosidl_typesupport_introspection_cpp
-- Found geometry_msgs: 4.8.0 (/opt/ros/humble/share/geometry_msgs/cmake)
-- Found ament_cmake_ros: 0.10.0 (/opt/ros/humble/share/ament_cmake_ros/cmake)
-- Using all available rosidl_typesupport_c: rosidl_typesupport_fastrtps_c;rosidl_typesupport_introspection_c
-- Using all available rosidl_typesupport_cpp: rosidl_typesupport_fastrtps_cpp;rosidl_typesupport_introspection_cpp
[33mCMake Warning (dev) at /opt/ros/humble/share/rosidl_generator_py/cmake/rosidl_generator_py_generate_interfaces.cmake:20 (find_package):
  Policy CMP0148 is not set: The FindPythonInterp and FindPythonLibs modules
  are removed.  Run "cmake --help-policy CMP0148" for policy details.  Use
  the cmake_policy command to set the policy and suppress this warning.

Call Stack (most recent call first):
  /opt/ros/humble/share/ament_cmake_core/cmake/core/ament_execute_extensions.cmake:48 (include)
  /opt/ros/humble/share/rosidl_cmake/cmake/rosidl_generate_interfaces.cmake:286 (ament_execute_extensions)
  CMakeLists.txt:20 (rosidl_generate_interfaces)
This warning is for project developers.  Use -Wno-dev to suppress it.
[0m
-- Found python_cmake_module: 0.10.0 (/opt/ros/humble/share/python_cmake_module/cmake)
[33mCMake Warning (dev) at /opt/ros/humble/share/python_cmake_module/cmake/Modules/FindPythonExtra.cmake:52 (find_package):
  Policy CMP0148 is not set: The FindPythonInterp and FindPythonLibs modules
  are removed.  Run "cmake --help-policy CMP0148" for policy details.  Use
  the cmake_policy command to set the policy and suppress this warning.

Call Stack (most recent call first):
  /opt/ros/humble/share/rosidl_generator_py/cmake/rosidl_generator_py_generate_interfaces.cmake:23 (find_package)
  /opt/ros/humble/share/ament_cmake_core/cmake/core/ament_execute_extensions.cmake:48 (include)
  /opt/ros/humble/share/rosidl_cmake/cmake/rosidl_generate_interfaces.cmake:286 (ament_execute_extensions)
  CMakeLists.txt:20 (rosidl_generate_interfaces)
This warning is for project developers.  Use -Wno-dev to suppress it.
[0m
[33mCMake Warning (dev) at /opt/ros/humble/share/python_cmake_module/cmake/Modules/FindPythonExtra.cmake:140 (find_package):
  Policy CMP0148 is not set: The FindPythonInterp and FindPythonLibs modules
  are removed.  Run "cmake --help-policy CMP0148" for policy details.  Use
  the cmake_policy command to set the policy and suppress this warning.

Call Stack (most recent call first):
  /opt/ros/humble/share/rosidl_generator_py/cmake/rosidl_generator_py_generate_interfaces.cmake:23 (find_package)
  /opt/ros/humble/share/ament_cmake_core/cmake/core/ament_execute_extensions.cmake:48 (include)
  /opt/ros/humble/share/rosidl_cmake/cmake/rosidl_generate_interfaces.cmake:286 (ament_execute_extensions)
  CMakeLists.txt:20 (rosidl_generate_interfaces)
This warning is for project developers.  Use -Wno-dev to suppress it.
[0m
-- Using PYTHON_EXECUTABLE: /usr/bin/python3
-- Using PYTHON_INCLUDE_DIRS: /usr/include/python3.10
-- Using PYTHON_LIBRARIES: /usr/lib/x86_64-linux-gnu/libpython3.10.so
-- Configuring done (1.6s)
-- Generating done (0.0s)
-- Build files have been written to: /home/hjh/RMserial/build/pb_rm_interfaces
[  2%] Built target pb_rm_interfaces__cpp
[ 12%] Built target pb_rm_interfaces__rosidl_generator_c
[ 12%] Built target ament_cmake_python_copy_pb_rm_interfaces
[ 23%] Built target pb_rm_interfaces__rosidl_typesupport_cpp
[ 33%] Built target pb_rm_interfaces__rosidl_typesupport_introspection_cpp
[ 43%] Built target pb_rm_interfaces__rosidl_typesupport_introspection_c
[ 53%] Built target pb_rm_interfaces__rosidl_typesupport_c
[ 64%] Built target pb_rm_interfaces__rosidl_typesupport_fastrtps_c
[ 74%] Built target pb_rm_interfaces__rosidl_typesupport_fastrtps_cpp
[ 74%] Built target pb_rm_interfaces
[ 76%] Built target pb_rm_interfaces__py
[ 84%] Built target pb_rm_interfaces__rosidl_generator_py
[ 89%] Built target pb_rm_interfaces__rosidl_typesupport_introspection_c__pyext
[100%] Built target pb_rm_interfaces__rosidl_typesupport_c__pyext
[100%] Built target pb_rm_interfaces__rosidl_typesupport_fastrtps_c__pyext
running egg_info
writing pb_rm_interfaces.egg-info/PKG-INFO
writing dependency_links to pb_rm_interfaces.egg-info/dependency_links.txt
writing top-level names to pb_rm_interfaces.egg-info/top_level.txt
reading manifest file 'pb_rm_interfaces.egg-info/SOURCES.txt'
writing manifest file 'pb_rm_interfaces.egg-info/SOURCES.txt'
[100%] Built target ament_cmake_python_build_pb_rm_interfaces_egg
-- Install configuration: ""
-- Up-to-date: /home/hjh/RMserial/install/pb_rm_interfaces/share/ament_index/resource_index/rosidl_interfaces/pb_rm_interfaces
-- Up-to-date: /home/hjh/RMserial/install/pb_rm_interfaces/include/pb_rm_interfaces/pb_rm_interfaces
-- Up-to-date: /home/hjh/RMserial/install/pb_rm_interfaces/include/pb_rm_interfaces/pb_rm_interfaces/msg
-- Up-to-date: /home/hjh/RMserial/install/pb_rm_interfaces/include/pb_rm_interfaces/pb_rm_interfaces/msg/rosidl_generator_c__visibility_control.h
-- Up-to-date: /home/hjh/RMserial/install/pb_rm_interfaces/include/pb_rm_interfaces/pb_rm_interfaces/msg/robot_status.h
-- Up-to-date: /home/hjh/RMserial/install/pb_rm_interfaces/include/pb_rm_interfaces/pb_rm_interfaces/msg/detail
-- Up-to-date: /home/hjh/RMserial/install/pb_rm_interfaces/include/pb_rm_interfaces/pb_rm_interfaces/msg/detail/robot_status__type_support.h
-- Up-to-date: /home/hjh/RMserial/install/pb_rm_interfaces/include/pb_rm_interfaces/pb_rm_interfaces/msg/detail/game_status__functions.c
-- Up-to-date: /home/hjh/RMserial/install/pb_rm_interfaces/include/pb_rm_interfaces/pb_rm_interfaces/msg/detail/game_status__type_support.h
-- Up-to-date: /home/hjh/RMserial/install/pb_rm_interfaces/include/pb_rm_interfaces/pb_rm_interfaces/msg/detail/robot_status__struct.h
-- Up-to-date: /home/hjh/RMserial/install/pb_rm_interfaces/include/pb_rm_interfaces/pb_rm_interfaces/msg/detail/robot_status__functions.h
-- Up-to-date: /home/hjh/RMserial/install/pb_rm_interfaces/include/pb_rm_interfaces/pb_rm_interfaces/msg/detail/game_status__functions.h
-- Up-to-date: /home/hjh/RMserial/install/pb_rm_interfaces/include/pb_rm_interfaces/pb_rm_interfaces/msg/detail/game_status__struct.h
-- Up-to-date: /home/hjh/RMserial/install/pb_rm_interfaces/include/pb_rm_interfaces/pb_rm_interfaces/msg/detail/robot_status__functions.c
-- Up-to-date: /home/hjh/RMserial/install/pb_rm_interfaces/include/pb_rm_interfaces/pb_rm_interfaces/msg/game_status.h
-- Up-to-date: /home/hjh/RMserial/install/pb_rm_interfaces/share/pb_rm_interfaces/environment/library_path.sh
-- Installing: /home/hjh/RMserial/install/pb_rm_interfaces/share/pb_rm_interfaces/environment/library_path.dsv
-- Up-to-date: /home/hjh/RMserial/install/pb_rm_interfaces/lib/libpb_rm_interfaces__rosidl_generator_c.so
-- Up-to-date: /home/hjh/RMserial/install/pb_rm_interfaces/include/pb_rm_interfaces/pb_rm_interfaces
-- Up-to-date: /home/hjh/RMserial/install/pb_rm_interfaces/include/pb_rm_interfaces/pb_rm_interfaces/msg
-- Up-to-date: /home/hjh/RMserial/install/pb_rm_interfaces/include/pb_rm_interfaces/pb_rm_interfaces/msg/detail
-- Up-to-date: /home/hjh/RMserial/install/pb_rm_interfaces/include/pb_rm_interfaces/pb_rm_interfaces/msg/detail/robot_status__rosidl_typesupport_fastrtps_c.h
-- Up-to-date: /home/hjh/RMserial/install/pb_rm_interfaces/include/pb_rm_interfaces/pb_rm_interfaces/msg/detail/game_status__rosidl_typesupport_fastrtps_c.h
-- Up-to-date: /home/hjh/RMserial/install/pb_rm_interfaces/include/pb_rm_interfaces/pb_rm_interfaces/msg/rosidl_typesupport_fastrtps_c__visibility_control.h
-- Up-to-date: /home/hjh/RMserial/install/pb_rm_interfaces/lib/libpb_rm_interfaces__rosidl_typesupport_fastrtps_c.so
-- Up-to-date: /home/hjh/RMserial/install/pb_rm_interfaces/include/pb_rm_interfaces/pb_rm_interfaces
-- Up-to-date: /home/hjh/RMserial/install/pb_rm_interfaces/include/pb_rm_interfaces/pb_rm_interfaces/msg
-- Up-to-date: /home/hjh/RMserial/install/pb_rm_interfaces/include/pb_rm_interfaces/pb_rm_interfaces/msg/detail
-- Up-to-date: /home/hjh/RMserial/install/pb_rm_interfaces/include/pb_rm_interfaces/pb_rm_interfaces/msg/detail/game_status__type_support.c
-- Up-to-date: /home/hjh/RMserial/install/pb_rm_interfaces/include/pb_rm_interfaces/pb_rm_interfaces/msg/detail/robot_status__rosidl_typesupport_introspection_c.h
-- Up-to-date: /home/hjh/RMserial/install/pb_rm_interfaces/include/pb_rm_interfaces/pb_rm_interfaces/msg/detail/game_status__rosidl_typesupport_introspection_c.h
-- Up-to-date: /home/hjh/RMserial/install/pb_rm_interfaces/include/pb_rm_interfaces/pb_rm_interfaces/msg/detail/robot_status__type_support.c
-- Up-to-date: /home/hjh/RMserial/install/pb_rm_interfaces/include/pb_rm_interfaces/pb_rm_interfaces/msg/rosidl_typesupport_introspection_c__visibility_control.h
-- Up-to-date: /home/hjh/RMserial/install/pb_rm_interfaces/lib/libpb_rm_interfaces__rosidl_typesupport_introspection_c.so
-- Up-to-date: /home/hjh/RMserial/install/pb_rm_interfaces/lib/libpb_rm_interfaces__rosidl_typesupport_c.so
-- Up-to-date: /home/hjh/RMserial/install/pb_rm_interfaces/include/pb_rm_interfaces/pb_rm_interfaces
-- Up-to-date: /home/hjh/RMserial/install/pb_rm_interfaces/include/pb_rm_interfaces/pb_rm_interfaces/msg
-- Up-to-date: /home/hjh/RMserial/install/pb_rm_interfaces/include/pb_rm_interfaces/pb_rm_interfaces/msg/detail
-- Up-to-date: /home/hjh/RMserial/install/pb_rm_interfaces/include/pb_rm_interfaces/pb_rm_interfaces/msg/detail/game_status__type_support.hpp
-- Up-to-date: /home/hjh/RMserial/install/pb_rm_interfaces/include/pb_rm_interfaces/pb_rm_interfaces/msg/detail/game_status__builder.hpp
-- Up-to-date: /home/hjh/RMserial/install/pb_rm_interfaces/include/pb_rm_interfaces/pb_rm_interfaces/msg/detail/game_status__traits.hpp
-- Up-to-date: /home/hjh/RMserial/install/pb_rm_interfaces/include/pb_rm_interfaces/pb_rm_interfaces/msg/detail/robot_status__builder.hpp
-- Up-to-date: /home/hjh/RMserial/install/pb_rm_interfaces/include/pb_rm_interfaces/pb_rm_interfaces/msg/detail/robot_status__traits.hpp
-- Up-to-date: /home/hjh/RMserial/install/pb_rm_interfaces/include/pb_rm_interfaces/pb_rm_interfaces/msg/detail/robot_status__type_support.hpp
-- Up-to-date: /home/hjh/RMserial/install/pb_rm_interfaces/include/pb_rm_interfaces/pb_rm_interfaces/msg/detail/game_status__struct.hpp
-- Up-to-date: /home/hjh/RMserial/install/pb_rm_interfaces/include/pb_rm_interfaces/pb_rm_interfaces/msg/detail/robot_status__struct.hpp
-- Up-to-date: /home/hjh/RMserial/install/pb_rm_interfaces/include/pb_rm_interfaces/pb_rm_interfaces/msg/game_status.hpp
-- Up-to-date: /home/hjh/RMserial/install/pb_rm_interfaces/include/pb_rm_interfaces/pb_rm_interfaces/msg/robot_status.hpp
-- Up-to-date: /home/hjh/RMserial/install/pb_rm_interfaces/include/pb_rm_interfaces/pb_rm_interfaces/msg/rosidl_generator_cpp__visibility_control.hpp
-- Up-to-date: /home/hjh/RMserial/install/pb_rm_interfaces/include/pb_rm_interfaces/pb_rm_interfaces
-- Up-to-date: /home/hjh/RMserial/install/pb_rm_interfaces/include/pb_rm_interfaces/pb_rm_interfaces/msg
-- Up-to-date: /home/hjh/RMserial/install/pb_rm_interfaces/include/pb_rm_interfaces/pb_rm_interfaces/msg/detail
-- Up-to-date: /home/hjh/RMserial/install/pb_rm_interfaces/include/pb_rm_interfaces/pb_rm_interfaces/msg/detail/dds_fastrtps
-- Up-to-date: /home/hjh/RMserial/install/pb_rm_interfaces/include/pb_rm_interfaces/pb_rm_interfaces/msg/detail/robot_status__rosidl_typesupport_fastrtps_cpp.hpp
-- Up-to-date: /home/hjh/RMserial/install/pb_rm_interfaces/include/pb_rm_interfaces/pb_rm_interfaces/msg/detail/game_status__rosidl_typesupport_fastrtps_cpp.hpp
-- Up-to-date: /home/hjh/RMserial/install/pb_rm_interfaces/include/pb_rm_interfaces/pb_rm_interfaces/msg/rosidl_typesupport_fastrtps_cpp__visibility_control.h
-- Up-to-date: /home/hjh/RMserial/install/pb_rm_interfaces/lib/libpb_rm_interfaces__rosidl_typesupport_fastrtps_cpp.so
-- Up-to-date: /home/hjh/RMserial/install/pb_rm_interfaces/include/pb_rm_interfaces/pb_rm_interfaces
-- Up-to-date: /home/hjh/RMserial/install/pb_rm_interfaces/include/pb_rm_interfaces/pb_rm_interfaces/msg
-- Up-to-date: /home/hjh/RMserial/install/pb_rm_interfaces/include/pb_rm_interfaces/pb_rm_interfaces/msg/detail
-- Up-to-date: /home/hjh/RMserial/install/pb_rm_interfaces/include/pb_rm_interfaces/pb_rm_interfaces/msg/detail/game_status__rosidl_typesupport_introspection_cpp.hpp
-- Up-to-date: /home/hjh/RMserial/install/pb_rm_interfaces/include/pb_rm_interfaces/pb_rm_interfaces/msg/detail/robot_status__type_support.cpp
-- Up-to-date: /home/hjh/RMserial/install/pb_rm_interfaces/include/pb_rm_interfaces/pb_rm_interfaces/msg/detail/robot_status__rosidl_typesupport_introspection_cpp.hpp
-- Up-to-date: /home/hjh/RMserial/install/pb_rm_interfaces/include/pb_rm_interfaces/pb_rm_interfaces/msg/detail/game_status__type_support.cpp
-- Up-to-date: /home/hjh/RMserial/install/pb_rm_interfaces/lib/libpb_rm_interfaces__rosidl_typesupport_introspection_cpp.so
-- Up-to-date: /home/hjh/RMserial/install/pb_rm_interfaces/lib/libpb_rm_interfaces__rosidl_typesupport_cpp.so
-- Up-to-date: /home/hjh/RMserial/install/pb_rm_interfaces/share/pb_rm_interfaces/environment/pythonpath.sh
-- Installing: /home/hjh/RMserial/install/pb_rm_interfaces/share/pb_rm_interfaces/environment/pythonpath.dsv
-- Up-to-date: /home/hjh/RMserial/install/pb_rm_interfaces/local/lib/python3.10/dist-packages/pb_rm_interfaces-0.0.0-py3.10.egg-info
-- Installing: /home/hjh/RMserial/install/pb_rm_interfaces/local/lib/python3.10/dist-packages/pb_rm_interfaces-0.0.0-py3.10.egg-info/dependency_links.txt
-- Installing: /home/hjh/RMserial/install/pb_rm_interfaces/local/lib/python3.10/dist-packages/pb_rm_interfaces-0.0.0-py3.10.egg-info/PKG-INFO
-- Installing: /home/hjh/RMserial/install/pb_rm_interfaces/local/lib/python3.10/dist-packages/pb_rm_interfaces-0.0.0-py3.10.egg-info/SOURCES.txt
-- Installing: /home/hjh/RMserial/install/pb_rm_interfaces/local/lib/python3.10/dist-packages/pb_rm_interfaces-0.0.0-py3.10.egg-info/top_level.txt
-- Up-to-date: /home/hjh/RMserial/install/pb_rm_interfaces/local/lib/python3.10/dist-packages/pb_rm_interfaces
-- Up-to-date: /home/hjh/RMserial/install/pb_rm_interfaces/local/lib/python3.10/dist-packages/pb_rm_interfaces/_pb_rm_interfaces_s.ep.rosidl_typesupport_fastrtps_c.c
-- Installing: /home/hjh/RMserial/install/pb_rm_interfaces/local/lib/python3.10/dist-packages/pb_rm_interfaces/__init__.py
-- Up-to-date: /home/hjh/RMserial/install/pb_rm_interfaces/local/lib/python3.10/dist-packages/pb_rm_interfaces/_pb_rm_interfaces_s.ep.rosidl_typesupport_c.c
-- Up-to-date: /home/hjh/RMserial/install/pb_rm_interfaces/local/lib/python3.10/dist-packages/pb_rm_interfaces/pb_rm_interfaces_s__rosidl_typesupport_introspection_c.cpython-310-x86_64-linux-gnu.so
-- Up-to-date: /home/hjh/RMserial/install/pb_rm_interfaces/local/lib/python3.10/dist-packages/pb_rm_interfaces/pb_rm_interfaces_s__rosidl_typesupport_c.cpython-310-x86_64-linux-gnu.so
-- Up-to-date: /home/hjh/RMserial/install/pb_rm_interfaces/local/lib/python3.10/dist-packages/pb_rm_interfaces/_pb_rm_interfaces_s.ep.rosidl_typesupport_introspection_c.c
-- Up-to-date: /home/hjh/RMserial/install/pb_rm_interfaces/local/lib/python3.10/dist-packages/pb_rm_interfaces/msg
-- Up-to-date: /home/hjh/RMserial/install/pb_rm_interfaces/local/lib/python3.10/dist-packages/pb_rm_interfaces/msg/_robot_status.py
-- Up-to-date: /home/hjh/RMserial/install/pb_rm_interfaces/local/lib/python3.10/dist-packages/pb_rm_interfaces/msg/__init__.py
-- Up-to-date: /home/hjh/RMserial/install/pb_rm_interfaces/local/lib/python3.10/dist-packages/pb_rm_interfaces/msg/_robot_status_s.c
-- Up-to-date: /home/hjh/RMserial/install/pb_rm_interfaces/local/lib/python3.10/dist-packages/pb_rm_interfaces/msg/_game_status_s.c
-- Up-to-date: /home/hjh/RMserial/install/pb_rm_interfaces/local/lib/python3.10/dist-packages/pb_rm_interfaces/msg/_game_status.py
-- Up-to-date: /home/hjh/RMserial/install/pb_rm_interfaces/local/lib/python3.10/dist-packages/pb_rm_interfaces/pb_rm_interfaces_s__rosidl_typesupport_fastrtps_c.cpython-310-x86_64-linux-gnu.so
-- Up-to-date: /home/hjh/RMserial/install/pb_rm_interfaces/local/lib/python3.10/dist-packages/pb_rm_interfaces/libpb_rm_interfaces__rosidl_generator_py.so
Listing '/home/hjh/RMserial/install/pb_rm_interfaces/local/lib/python3.10/dist-packages/pb_rm_interfaces'...
Compiling '/home/hjh/RMserial/install/pb_rm_interfaces/local/lib/python3.10/dist-packages/pb_rm_interfaces/__init__.py'...
Listing '/home/hjh/RMserial/install/pb_rm_interfaces/local/lib/python3.10/dist-packages/pb_rm_interfaces/msg'...
-- Up-to-date: /home/hjh/RMserial/install/pb_rm_interfaces/local/lib/python3.10/dist-packages/pb_rm_interfaces/pb_rm_interfaces_s__rosidl_typesupport_fastrtps_c.cpython-310-x86_64-linux-gnu.so
-- Up-to-date: /home/hjh/RMserial/install/pb_rm_interfaces/local/lib/python3.10/dist-packages/pb_rm_interfaces/pb_rm_interfaces_s__rosidl_typesupport_introspection_c.cpython-310-x86_64-linux-gnu.so
-- Up-to-date: /home/hjh/RMserial/install/pb_rm_interfaces/local/lib/python3.10/dist-packages/pb_rm_interfaces/pb_rm_interfaces_s__rosidl_typesupport_c.cpython-310-x86_64-linux-gnu.so
-- Up-to-date: /home/hjh/RMserial/install/pb_rm_interfaces/lib/libpb_rm_interfaces__rosidl_generator_py.so
-- Up-to-date: /home/hjh/RMserial/install/pb_rm_interfaces/share/pb_rm_interfaces/msg/GameStatus.idl
-- Up-to-date: /home/hjh/RMserial/install/pb_rm_interfaces/share/pb_rm_interfaces/msg/RobotStatus.idl
-- Up-to-date: /home/hjh/RMserial/install/pb_rm_interfaces/share/pb_rm_interfaces/msg/GameStatus.msg
-- Up-to-date: /home/hjh/RMserial/install/pb_rm_interfaces/share/pb_rm_interfaces/msg/RobotStatus.msg
-- Up-to-date: /home/hjh/RMserial/install/pb_rm_interfaces/share/ament_index/resource_index/package_run_dependencies/pb_rm_interfaces
-- Up-to-date: /home/hjh/RMserial/install/pb_rm_interfaces/share/ament_index/resource_index/parent_prefix_path/pb_rm_interfaces
-- Up-to-date: /home/hjh/RMserial/install/pb_rm_interfaces/share/pb_rm_interfaces/environment/ament_prefix_path.sh
-- Installing: /home/hjh/RMserial/install/pb_rm_interfaces/share/pb_rm_interfaces/environment/ament_prefix_path.dsv
-- Up-to-date: /home/hjh/RMserial/install/pb_rm_interfaces/share/pb_rm_interfaces/environment/path.sh
-- Installing: /home/hjh/RMserial/install/pb_rm_interfaces/share/pb_rm_interfaces/environment/path.dsv
-- Up-to-date: /home/hjh/RMserial/install/pb_rm_interfaces/share/pb_rm_interfaces/local_setup.bash
-- Up-to-date: /home/hjh/RMserial/install/pb_rm_interfaces/share/pb_rm_interfaces/local_setup.sh
-- Up-to-date: /home/hjh/RMserial/install/pb_rm_interfaces/share/pb_rm_interfaces/local_setup.zsh
-- Installing: /home/hjh/RMserial/install/pb_rm_interfaces/share/pb_rm_interfaces/local_setup.dsv
-- Installing: /home/hjh/RMserial/install/pb_rm_interfaces/share/pb_rm_interfaces/package.dsv
-- Up-to-date: /home/hjh/RMserial/install/pb_rm_interfaces/share/ament_index/resource_index/packages/pb_rm_interfaces
-- Up-to-date: /home/hjh/RMserial/install/pb_rm_interfaces/share/pb_rm_interfaces/cmake/export_pb_rm_interfaces__rosidl_generator_cExport.cmake
-- Up-to-date: /home/hjh/RMserial/install/pb_rm_interfaces/share/pb_rm_interfaces/cmake/export_pb_rm_interfaces__rosidl_generator_cExport-noconfig.cmake
-- Up-to-date: /home/hjh/RMserial/install/pb_rm_interfaces/share/pb_rm_interfaces/cmake/export_pb_rm_interfaces__rosidl_typesupport_fastrtps_cExport.cmake
-- Up-to-date: /home/hjh/RMserial/install/pb_rm_interfaces/share/pb_rm_interfaces/cmake/export_pb_rm_interfaces__rosidl_typesupport_fastrtps_cExport-noconfig.cmake
-- Up-to-date: /home/hjh/RMserial/install/pb_rm_interfaces/share/pb_rm_interfaces/cmake/pb_rm_interfaces__rosidl_typesupport_introspection_cExport.cmake
-- Up-to-date: /home/hjh/RMserial/install/pb_rm_interfaces/share/pb_rm_interfaces/cmake/pb_rm_interfaces__rosidl_typesupport_introspection_cExport-noconfig.cmake
-- Up-to-date: /home/hjh/RMserial/install/pb_rm_interfaces/share/pb_rm_interfaces/cmake/pb_rm_interfaces__rosidl_typesupport_cExport.cmake
-- Up-to-date: /home/hjh/RMserial/install/pb_rm_interfaces/share/pb_rm_interfaces/cmake/pb_rm_interfaces__rosidl_typesupport_cExport-noconfig.cmake
-- Up-to-date: /home/hjh/RMserial/install/pb_rm_interfaces/share/pb_rm_interfaces/cmake/export_pb_rm_interfaces__rosidl_generator_cppExport.cmake
-- Up-to-date: /home/hjh/RMserial/install/pb_rm_interfaces/share/pb_rm_interfaces/cmake/export_pb_rm_interfaces__rosidl_typesupport_fastrtps_cppExport.cmake
-- Up-to-date: /home/hjh/RMserial/install/pb_rm_interfaces/share/pb_rm_interfaces/cmake/export_pb_rm_interfaces__rosidl_typesupport_fastrtps_cppExport-noconfig.cmake
-- Up-to-date: /home/hjh/RMserial/install/pb_rm_interfaces/share/pb_rm_interfaces/cmake/pb_rm_interfaces__rosidl_typesupport_introspection_cppExport.cmake
-- Up-to-date: /home/hjh/RMserial/install/pb_rm_interfaces/share/pb_rm_interfaces/cmake/pb_rm_interfaces__rosidl_typesupport_introspection_cppExport-noconfig.cmake
-- Up-to-date: /home/hjh/RMserial/install/pb_rm_interfaces/share/pb_rm_interfaces/cmake/pb_rm_interfaces__rosidl_typesupport_cppExport.cmake
-- Up-to-date: /home/hjh/RMserial/install/pb_rm_interfaces/share/pb_rm_interfaces/cmake/pb_rm_interfaces__rosidl_typesupport_cppExport-noconfig.cmake
-- Up-to-date: /home/hjh/RMserial/install/pb_rm_interfaces/share/pb_rm_interfaces/cmake/export_pb_rm_interfaces__rosidl_generator_pyExport.cmake
-- Up-to-date: /home/hjh/RMserial/install/pb_rm_interfaces/share/pb_rm_interfaces/cmake/export_pb_rm_interfaces__rosidl_generator_pyExport-noconfig.cmake
-- Up-to-date: /home/hjh/RMserial/install/pb_rm_interfaces/share/pb_rm_interfaces/cmake/rosidl_cmake-extras.cmake
-- Up-to-date: /home/hjh/RMserial/install/pb_rm_interfaces/share/pb_rm_interfaces/cmake/ament_cmake_export_dependencies-extras.cmake
-- Up-to-date: /home/hjh/RMserial/install/pb_rm_interfaces/share/pb_rm_interfaces/cmake/ament_cmake_export_include_directories-extras.cmake
-- Up-to-date: /home/hjh/RMserial/install/pb_rm_interfaces/share/pb_rm_interfaces/cmake/ament_cmake_export_libraries-extras.cmake
-- Up-to-date: /home/hjh/RMserial/install/pb_rm_interfaces/share/pb_rm_interfaces/cmake/ament_cmake_export_targets-extras.cmake
-- Up-to-date: /home/hjh/RMserial/install/pb_rm_interfaces/share/pb_rm_interfaces/cmake/rosidl_cmake_export_typesupport_targets-extras.cmake
-- Up-to-date: /home/hjh/RMserial/install/pb_rm_interfaces/share/pb_rm_interfaces/cmake/rosidl_cmake_export_typesupport_libraries-extras.cmake
-- Up-to-date: /home/hjh/RMserial/install/pb_rm_interfaces/share/pb_rm_interfaces/cmake/pb_rm_interfacesConfig.cmake
-- Up-to-date: /home/hjh/RMserial/install/pb_rm_interfaces/share/pb_rm_interfaces/cmake/pb_rm_interfacesConfig-version.cmake
-- Installing: /home/hjh/RMserial/install/pb_rm_interfaces/share/pb_rm_interfaces/package.xml
