[  2%] Built target vision_msg__cpp
[  2%] Built target ament_cmake_python_copy_vision_msg
[  4%] [32mBuilding C object CMakeFiles/vision_msg__rosidl_generator_c.dir/rosidl_generator_c/vision_msg/msg/detail/gimble_position__functions.c.o[0m
[  6%] [32mBuilding C object CMakeFiles/vision_msg__rosidl_generator_c.dir/rosidl_generator_c/vision_msg/msg/detail/detected_id__functions.c.o[0m
[  8%] [32mBuilding C object CMakeFiles/vision_msg__rosidl_generator_c.dir/rosidl_generator_c/vision_msg/msg/detail/selected_id__functions.c.o[0m
[ 10%] [32mBuilding CXX object CMakeFiles/vision_msg__rosidl_typesupport_cpp.dir/rosidl_typesupport_cpp/vision_msg/msg/detected_id__type_support.cpp.o[0m
[ 12%] [32mBuilding CXX object CMakeFiles/vision_msg__rosidl_typesupport_fastrtps_cpp.dir/rosidl_typesupport_fastrtps_cpp/vision_msg/msg/detail/dds_fastrtps/gimble_position__type_support.cpp.o[0m
[ 17%] [32mBuilding CXX object CMakeFiles/vision_msg__rosidl_typesupport_introspection_cpp.dir/rosidl_typesupport_introspection_cpp/vision_msg/msg/detail/gimble_position__type_support.cpp.o[0m
[ 17%] [32mBuilding CXX object CMakeFiles/vision_msg__rosidl_typesupport_cpp.dir/rosidl_typesupport_cpp/vision_msg/msg/gimble_position__type_support.cpp.o[0m
[ 19%] [32mBuilding CXX object CMakeFiles/vision_msg__rosidl_typesupport_fastrtps_cpp.dir/rosidl_typesupport_fastrtps_cpp/vision_msg/msg/detail/dds_fastrtps/detected_id__type_support.cpp.o[0m
[ 21%] [32mBuilding CXX object CMakeFiles/vision_msg__rosidl_typesupport_introspection_cpp.dir/rosidl_typesupport_introspection_cpp/vision_msg/msg/detail/selected_id__type_support.cpp.o[0m
[ 25%] [32mBuilding CXX object CMakeFiles/vision_msg__rosidl_typesupport_fastrtps_cpp.dir/rosidl_typesupport_fastrtps_cpp/vision_msg/msg/detail/dds_fastrtps/selected_id__type_support.cpp.o[0m
[ 25%] [32mBuilding CXX object CMakeFiles/vision_msg__rosidl_typesupport_cpp.dir/rosidl_typesupport_cpp/vision_msg/msg/selected_id__type_support.cpp.o[0m
[ 27%] [32mBuilding CXX object CMakeFiles/vision_msg__rosidl_typesupport_introspection_cpp.dir/rosidl_typesupport_introspection_cpp/vision_msg/msg/detail/detected_id__type_support.cpp.o[0m
[ 29%] [1m[32mLinking C shared library libvision_msg__rosidl_generator_c.so[0m
[ 31%] Built target vision_msg__rosidl_generator_c
[ 34%] [32mBuilding CXX object CMakeFiles/vision_msg__rosidl_typesupport_c.dir/rosidl_typesupport_c/vision_msg/msg/gimble_position__type_support.cpp.o[0m
[ 36%] [32mBuilding C object CMakeFiles/vision_msg__rosidl_typesupport_introspection_c.dir/rosidl_typesupport_introspection_c/vision_msg/msg/detail/gimble_position__type_support.c.o[0m
[ 38%] [32mBuilding C object CMakeFiles/vision_msg__rosidl_typesupport_introspection_c.dir/rosidl_typesupport_introspection_c/vision_msg/msg/detail/detected_id__type_support.c.o[0m
[ 40%] [32mBuilding CXX object CMakeFiles/vision_msg__rosidl_typesupport_c.dir/rosidl_typesupport_c/vision_msg/msg/detected_id__type_support.cpp.o[0m
[ 44%] [32mBuilding C object CMakeFiles/vision_msg__rosidl_typesupport_introspection_c.dir/rosidl_typesupport_introspection_c/vision_msg/msg/detail/selected_id__type_support.c.o[0m
[ 42%] [32mBuilding CXX object CMakeFiles/vision_msg__rosidl_typesupport_fastrtps_c.dir/rosidl_typesupport_fastrtps_c/vision_msg/msg/detail/gimble_position__type_support_c.cpp.o[0m
[ 46%] [32mBuilding CXX object CMakeFiles/vision_msg__rosidl_typesupport_c.dir/rosidl_typesupport_c/vision_msg/msg/selected_id__type_support.cpp.o[0m
[ 48%] [32mBuilding CXX object CMakeFiles/vision_msg__rosidl_typesupport_fastrtps_c.dir/rosidl_typesupport_fastrtps_c/vision_msg/msg/detail/detected_id__type_support_c.cpp.o[0m
[ 51%] [32mBuilding CXX object CMakeFiles/vision_msg__rosidl_typesupport_fastrtps_c.dir/rosidl_typesupport_fastrtps_c/vision_msg/msg/detail/selected_id__type_support_c.cpp.o[0m
[ 53%] [1m[32mLinking C shared library libvision_msg__rosidl_typesupport_introspection_c.so[0m
[ 55%] [1m[32mLinking CXX shared library libvision_msg__rosidl_typesupport_c.so[0m
[ 57%] Built target vision_msg__rosidl_typesupport_introspection_c
[ 59%] Built target vision_msg__rosidl_typesupport_c
running egg_info
[ 61%] [1m[32mLinking CXX shared library libvision_msg__rosidl_typesupport_cpp.so[0m
writing vision_msg.egg-info/PKG-INFO
writing dependency_links to vision_msg.egg-info/dependency_links.txt
writing top-level names to vision_msg.egg-info/top_level.txt
reading manifest file 'vision_msg.egg-info/SOURCES.txt'
writing manifest file 'vision_msg.egg-info/SOURCES.txt'
[ 63%] Built target vision_msg__rosidl_typesupport_cpp
[ 63%] Built target ament_cmake_python_build_vision_msg_egg
[ 65%] [1m[32mLinking CXX shared library libvision_msg__rosidl_typesupport_introspection_cpp.so[0m
[ 68%] [1m[32mLinking CXX shared library libvision_msg__rosidl_typesupport_fastrtps_cpp.so[0m
[ 70%] [1m[32mLinking CXX shared library libvision_msg__rosidl_typesupport_fastrtps_c.so[0m
[ 72%] Built target vision_msg__rosidl_typesupport_introspection_cpp
[ 74%] Built target vision_msg__rosidl_typesupport_fastrtps_c
[ 76%] Built target vision_msg__rosidl_typesupport_fastrtps_cpp
[ 76%] Built target vision_msg
[ 78%] Built target vision_msg__py
[ 80%] [32mBuilding C object CMakeFiles/vision_msg__rosidl_generator_py.dir/rosidl_generator_py/vision_msg/msg/_gimble_position_s.c.o[0m
[ 85%] [32mBuilding C object CMakeFiles/vision_msg__rosidl_generator_py.dir/rosidl_generator_py/vision_msg/msg/_selected_id_s.c.o[0m
[ 85%] [32mBuilding C object CMakeFiles/vision_msg__rosidl_generator_py.dir/rosidl_generator_py/vision_msg/msg/_detected_id_s.c.o[0m
[ 87%] [1m[32mLinking C shared library rosidl_generator_py/vision_msg/libvision_msg__rosidl_generator_py.so[0m
[ 87%] Built target vision_msg__rosidl_generator_py
[ 89%] [32mBuilding C object CMakeFiles/vision_msg__rosidl_typesupport_c__pyext.dir/rosidl_generator_py/vision_msg/_vision_msg_s.ep.rosidl_typesupport_c.c.o[0m
[ 91%] [32mBuilding C object CMakeFiles/vision_msg__rosidl_typesupport_fastrtps_c__pyext.dir/rosidl_generator_py/vision_msg/_vision_msg_s.ep.rosidl_typesupport_fastrtps_c.c.o[0m
[ 93%] [32mBuilding C object CMakeFiles/vision_msg__rosidl_typesupport_introspection_c__pyext.dir/rosidl_generator_py/vision_msg/_vision_msg_s.ep.rosidl_typesupport_introspection_c.c.o[0m
[ 95%] [1m[32mLinking C shared library rosidl_generator_py/vision_msg/vision_msg_s__rosidl_typesupport_fastrtps_c.cpython-310-x86_64-linux-gnu.so[0m
[ 95%] Built target vision_msg__rosidl_typesupport_fastrtps_c__pyext
[ 97%] [1m[32mLinking C shared library rosidl_generator_py/vision_msg/vision_msg_s__rosidl_typesupport_introspection_c.cpython-310-x86_64-linux-gnu.so[0m
[100%] [1m[32mLinking C shared library rosidl_generator_py/vision_msg/vision_msg_s__rosidl_typesupport_c.cpython-310-x86_64-linux-gnu.so[0m
[100%] Built target vision_msg__rosidl_typesupport_introspection_c__pyext
[100%] Built target vision_msg__rosidl_typesupport_c__pyext
-- Install configuration: ""
-- Up-to-date: /home/hjh/serial_new0122/install/vision_msg/share/ament_index/resource_index/rosidl_interfaces/vision_msg
-- Up-to-date: /home/hjh/serial_new0122/install/vision_msg/include/vision_msg/vision_msg
-- Up-to-date: /home/hjh/serial_new0122/install/vision_msg/include/vision_msg/vision_msg/msg
-- Up-to-date: /home/hjh/serial_new0122/install/vision_msg/include/vision_msg/vision_msg/msg/rosidl_generator_c__visibility_control.h
-- Up-to-date: /home/hjh/serial_new0122/install/vision_msg/include/vision_msg/vision_msg/msg/detail
-- Up-to-date: /home/hjh/serial_new0122/install/vision_msg/include/vision_msg/vision_msg/msg/detail/selected_id__functions.h
-- Up-to-date: /home/hjh/serial_new0122/install/vision_msg/include/vision_msg/vision_msg/msg/detail/gimble_position__struct.h
-- Up-to-date: /home/hjh/serial_new0122/install/vision_msg/include/vision_msg/vision_msg/msg/detail/gimble_position__functions.h
-- Up-to-date: /home/hjh/serial_new0122/install/vision_msg/include/vision_msg/vision_msg/msg/detail/selected_id__type_support.h
-- Up-to-date: /home/hjh/serial_new0122/install/vision_msg/include/vision_msg/vision_msg/msg/detail/detected_id__functions.h
-- Up-to-date: /home/hjh/serial_new0122/install/vision_msg/include/vision_msg/vision_msg/msg/detail/gimble_position__type_support.h
-- Up-to-date: /home/hjh/serial_new0122/install/vision_msg/include/vision_msg/vision_msg/msg/detail/detected_id__struct.h
-- Up-to-date: /home/hjh/serial_new0122/install/vision_msg/include/vision_msg/vision_msg/msg/detail/detected_id__type_support.h
-- Up-to-date: /home/hjh/serial_new0122/install/vision_msg/include/vision_msg/vision_msg/msg/detail/detected_id__functions.c
-- Up-to-date: /home/hjh/serial_new0122/install/vision_msg/include/vision_msg/vision_msg/msg/detail/selected_id__functions.c
-- Up-to-date: /home/hjh/serial_new0122/install/vision_msg/include/vision_msg/vision_msg/msg/detail/selected_id__struct.h
-- Up-to-date: /home/hjh/serial_new0122/install/vision_msg/include/vision_msg/vision_msg/msg/detail/gimble_position__functions.c
-- Up-to-date: /home/hjh/serial_new0122/install/vision_msg/include/vision_msg/vision_msg/msg/detected_id.h
-- Up-to-date: /home/hjh/serial_new0122/install/vision_msg/include/vision_msg/vision_msg/msg/selected_id.h
-- Up-to-date: /home/hjh/serial_new0122/install/vision_msg/include/vision_msg/vision_msg/msg/gimble_position.h
-- Up-to-date: /home/hjh/serial_new0122/install/vision_msg/share/vision_msg/environment/library_path.sh
-- Up-to-date: /home/hjh/serial_new0122/install/vision_msg/share/vision_msg/environment/library_path.dsv
-- Installing: /home/hjh/serial_new0122/install/vision_msg/lib/libvision_msg__rosidl_generator_c.so
-- Set non-toolchain portion of runtime path of "/home/hjh/serial_new0122/install/vision_msg/lib/libvision_msg__rosidl_generator_c.so" to ""
-- Up-to-date: /home/hjh/serial_new0122/install/vision_msg/include/vision_msg/vision_msg
-- Up-to-date: /home/hjh/serial_new0122/install/vision_msg/include/vision_msg/vision_msg/msg
-- Up-to-date: /home/hjh/serial_new0122/install/vision_msg/include/vision_msg/vision_msg/msg/detail
-- Up-to-date: /home/hjh/serial_new0122/install/vision_msg/include/vision_msg/vision_msg/msg/detail/selected_id__rosidl_typesupport_fastrtps_c.h
-- Up-to-date: /home/hjh/serial_new0122/install/vision_msg/include/vision_msg/vision_msg/msg/detail/gimble_position__rosidl_typesupport_fastrtps_c.h
-- Up-to-date: /home/hjh/serial_new0122/install/vision_msg/include/vision_msg/vision_msg/msg/detail/detected_id__rosidl_typesupport_fastrtps_c.h
-- Up-to-date: /home/hjh/serial_new0122/install/vision_msg/include/vision_msg/vision_msg/msg/rosidl_typesupport_fastrtps_c__visibility_control.h
-- Installing: /home/hjh/serial_new0122/install/vision_msg/lib/libvision_msg__rosidl_typesupport_fastrtps_c.so
-- Set non-toolchain portion of runtime path of "/home/hjh/serial_new0122/install/vision_msg/lib/libvision_msg__rosidl_typesupport_fastrtps_c.so" to ""
-- Up-to-date: /home/hjh/serial_new0122/install/vision_msg/include/vision_msg/vision_msg
-- Up-to-date: /home/hjh/serial_new0122/install/vision_msg/include/vision_msg/vision_msg/msg
-- Up-to-date: /home/hjh/serial_new0122/install/vision_msg/include/vision_msg/vision_msg/msg/detail
-- Up-to-date: /home/hjh/serial_new0122/install/vision_msg/include/vision_msg/vision_msg/msg/detail/selected_id__rosidl_typesupport_introspection_c.h
-- Up-to-date: /home/hjh/serial_new0122/install/vision_msg/include/vision_msg/vision_msg/msg/detail/selected_id__type_support.c
-- Up-to-date: /home/hjh/serial_new0122/install/vision_msg/include/vision_msg/vision_msg/msg/detail/detected_id__rosidl_typesupport_introspection_c.h
-- Up-to-date: /home/hjh/serial_new0122/install/vision_msg/include/vision_msg/vision_msg/msg/detail/detected_id__type_support.c
-- Up-to-date: /home/hjh/serial_new0122/install/vision_msg/include/vision_msg/vision_msg/msg/detail/gimble_position__rosidl_typesupport_introspection_c.h
-- Up-to-date: /home/hjh/serial_new0122/install/vision_msg/include/vision_msg/vision_msg/msg/detail/gimble_position__type_support.c
-- Up-to-date: /home/hjh/serial_new0122/install/vision_msg/include/vision_msg/vision_msg/msg/rosidl_typesupport_introspection_c__visibility_control.h
-- Installing: /home/hjh/serial_new0122/install/vision_msg/lib/libvision_msg__rosidl_typesupport_introspection_c.so
-- Set non-toolchain portion of runtime path of "/home/hjh/serial_new0122/install/vision_msg/lib/libvision_msg__rosidl_typesupport_introspection_c.so" to ""
-- Installing: /home/hjh/serial_new0122/install/vision_msg/lib/libvision_msg__rosidl_typesupport_c.so
-- Set non-toolchain portion of runtime path of "/home/hjh/serial_new0122/install/vision_msg/lib/libvision_msg__rosidl_typesupport_c.so" to ""
-- Up-to-date: /home/hjh/serial_new0122/install/vision_msg/include/vision_msg/vision_msg
-- Up-to-date: /home/hjh/serial_new0122/install/vision_msg/include/vision_msg/vision_msg/msg
-- Up-to-date: /home/hjh/serial_new0122/install/vision_msg/include/vision_msg/vision_msg/msg/selected_id.hpp
-- Up-to-date: /home/hjh/serial_new0122/install/vision_msg/include/vision_msg/vision_msg/msg/gimble_position.hpp
-- Up-to-date: /home/hjh/serial_new0122/install/vision_msg/include/vision_msg/vision_msg/msg/detected_id.hpp
-- Up-to-date: /home/hjh/serial_new0122/install/vision_msg/include/vision_msg/vision_msg/msg/detail
-- Up-to-date: /home/hjh/serial_new0122/install/vision_msg/include/vision_msg/vision_msg/msg/detail/selected_id__type_support.hpp
-- Up-to-date: /home/hjh/serial_new0122/install/vision_msg/include/vision_msg/vision_msg/msg/detail/gimble_position__struct.hpp
-- Up-to-date: /home/hjh/serial_new0122/install/vision_msg/include/vision_msg/vision_msg/msg/detail/gimble_position__type_support.hpp
-- Up-to-date: /home/hjh/serial_new0122/install/vision_msg/include/vision_msg/vision_msg/msg/detail/detected_id__traits.hpp
-- Up-to-date: /home/hjh/serial_new0122/install/vision_msg/include/vision_msg/vision_msg/msg/detail/selected_id__builder.hpp
-- Up-to-date: /home/hjh/serial_new0122/install/vision_msg/include/vision_msg/vision_msg/msg/detail/detected_id__type_support.hpp
-- Up-to-date: /home/hjh/serial_new0122/install/vision_msg/include/vision_msg/vision_msg/msg/detail/gimble_position__traits.hpp
-- Up-to-date: /home/hjh/serial_new0122/install/vision_msg/include/vision_msg/vision_msg/msg/detail/gimble_position__builder.hpp
-- Up-to-date: /home/hjh/serial_new0122/install/vision_msg/include/vision_msg/vision_msg/msg/detail/selected_id__struct.hpp
-- Up-to-date: /home/hjh/serial_new0122/install/vision_msg/include/vision_msg/vision_msg/msg/detail/detected_id__builder.hpp
-- Up-to-date: /home/hjh/serial_new0122/install/vision_msg/include/vision_msg/vision_msg/msg/detail/detected_id__struct.hpp
-- Up-to-date: /home/hjh/serial_new0122/install/vision_msg/include/vision_msg/vision_msg/msg/detail/selected_id__traits.hpp
-- Up-to-date: /home/hjh/serial_new0122/install/vision_msg/include/vision_msg/vision_msg/msg/rosidl_generator_cpp__visibility_control.hpp
-- Up-to-date: /home/hjh/serial_new0122/install/vision_msg/include/vision_msg/vision_msg
-- Up-to-date: /home/hjh/serial_new0122/install/vision_msg/include/vision_msg/vision_msg/msg
-- Up-to-date: /home/hjh/serial_new0122/install/vision_msg/include/vision_msg/vision_msg/msg/detail
-- Up-to-date: /home/hjh/serial_new0122/install/vision_msg/include/vision_msg/vision_msg/msg/detail/detected_id__rosidl_typesupport_fastrtps_cpp.hpp
-- Up-to-date: /home/hjh/serial_new0122/install/vision_msg/include/vision_msg/vision_msg/msg/detail/dds_fastrtps
-- Up-to-date: /home/hjh/serial_new0122/install/vision_msg/include/vision_msg/vision_msg/msg/detail/selected_id__rosidl_typesupport_fastrtps_cpp.hpp
-- Up-to-date: /home/hjh/serial_new0122/install/vision_msg/include/vision_msg/vision_msg/msg/detail/gimble_position__rosidl_typesupport_fastrtps_cpp.hpp
-- Up-to-date: /home/hjh/serial_new0122/install/vision_msg/include/vision_msg/vision_msg/msg/rosidl_typesupport_fastrtps_cpp__visibility_control.h
-- Installing: /home/hjh/serial_new0122/install/vision_msg/lib/libvision_msg__rosidl_typesupport_fastrtps_cpp.so
-- Set non-toolchain portion of runtime path of "/home/hjh/serial_new0122/install/vision_msg/lib/libvision_msg__rosidl_typesupport_fastrtps_cpp.so" to ""
-- Up-to-date: /home/hjh/serial_new0122/install/vision_msg/include/vision_msg/vision_msg
-- Up-to-date: /home/hjh/serial_new0122/install/vision_msg/include/vision_msg/vision_msg/msg
-- Up-to-date: /home/hjh/serial_new0122/install/vision_msg/include/vision_msg/vision_msg/msg/detail
-- Up-to-date: /home/hjh/serial_new0122/install/vision_msg/include/vision_msg/vision_msg/msg/detail/detected_id__type_support.cpp
-- Up-to-date: /home/hjh/serial_new0122/install/vision_msg/include/vision_msg/vision_msg/msg/detail/gimble_position__type_support.cpp
-- Up-to-date: /home/hjh/serial_new0122/install/vision_msg/include/vision_msg/vision_msg/msg/detail/detected_id__rosidl_typesupport_introspection_cpp.hpp
-- Up-to-date: /home/hjh/serial_new0122/install/vision_msg/include/vision_msg/vision_msg/msg/detail/gimble_position__rosidl_typesupport_introspection_cpp.hpp
-- Up-to-date: /home/hjh/serial_new0122/install/vision_msg/include/vision_msg/vision_msg/msg/detail/selected_id__type_support.cpp
-- Up-to-date: /home/hjh/serial_new0122/install/vision_msg/include/vision_msg/vision_msg/msg/detail/selected_id__rosidl_typesupport_introspection_cpp.hpp
-- Installing: /home/hjh/serial_new0122/install/vision_msg/lib/libvision_msg__rosidl_typesupport_introspection_cpp.so
-- Set non-toolchain portion of runtime path of "/home/hjh/serial_new0122/install/vision_msg/lib/libvision_msg__rosidl_typesupport_introspection_cpp.so" to ""
-- Installing: /home/hjh/serial_new0122/install/vision_msg/lib/libvision_msg__rosidl_typesupport_cpp.so
-- Set non-toolchain portion of runtime path of "/home/hjh/serial_new0122/install/vision_msg/lib/libvision_msg__rosidl_typesupport_cpp.so" to ""
-- Up-to-date: /home/hjh/serial_new0122/install/vision_msg/share/vision_msg/environment/pythonpath.sh
-- Up-to-date: /home/hjh/serial_new0122/install/vision_msg/share/vision_msg/environment/pythonpath.dsv
-- Up-to-date: /home/hjh/serial_new0122/install/vision_msg/local/lib/python3.10/dist-packages/vision_msg-0.0.0-py3.10.egg-info
-- Installing: /home/hjh/serial_new0122/install/vision_msg/local/lib/python3.10/dist-packages/vision_msg-0.0.0-py3.10.egg-info/dependency_links.txt
-- Installing: /home/hjh/serial_new0122/install/vision_msg/local/lib/python3.10/dist-packages/vision_msg-0.0.0-py3.10.egg-info/PKG-INFO
-- Installing: /home/hjh/serial_new0122/install/vision_msg/local/lib/python3.10/dist-packages/vision_msg-0.0.0-py3.10.egg-info/SOURCES.txt
-- Installing: /home/hjh/serial_new0122/install/vision_msg/local/lib/python3.10/dist-packages/vision_msg-0.0.0-py3.10.egg-info/top_level.txt
-- Up-to-date: /home/hjh/serial_new0122/install/vision_msg/local/lib/python3.10/dist-packages/vision_msg
-- Installing: /home/hjh/serial_new0122/install/vision_msg/local/lib/python3.10/dist-packages/vision_msg/vision_msg_s__rosidl_typesupport_c.cpython-310-x86_64-linux-gnu.so
-- Up-to-date: /home/hjh/serial_new0122/install/vision_msg/local/lib/python3.10/dist-packages/vision_msg/_vision_msg_s.ep.rosidl_typesupport_fastrtps_c.c
-- Installing: /home/hjh/serial_new0122/install/vision_msg/local/lib/python3.10/dist-packages/vision_msg/vision_msg_s__rosidl_typesupport_fastrtps_c.cpython-310-x86_64-linux-gnu.so
-- Up-to-date: /home/hjh/serial_new0122/install/vision_msg/local/lib/python3.10/dist-packages/vision_msg/__init__.py
-- Installing: /home/hjh/serial_new0122/install/vision_msg/local/lib/python3.10/dist-packages/vision_msg/libvision_msg__rosidl_generator_py.so
-- Up-to-date: /home/hjh/serial_new0122/install/vision_msg/local/lib/python3.10/dist-packages/vision_msg/_vision_msg_s.ep.rosidl_typesupport_c.c
-- Up-to-date: /home/hjh/serial_new0122/install/vision_msg/local/lib/python3.10/dist-packages/vision_msg/msg
-- Up-to-date: /home/hjh/serial_new0122/install/vision_msg/local/lib/python3.10/dist-packages/vision_msg/msg/_selected_id.py
-- Up-to-date: /home/hjh/serial_new0122/install/vision_msg/local/lib/python3.10/dist-packages/vision_msg/msg/_selected_id_s.c
-- Up-to-date: /home/hjh/serial_new0122/install/vision_msg/local/lib/python3.10/dist-packages/vision_msg/msg/_detected_id.py
-- Up-to-date: /home/hjh/serial_new0122/install/vision_msg/local/lib/python3.10/dist-packages/vision_msg/msg/_gimble_position_s.c
-- Up-to-date: /home/hjh/serial_new0122/install/vision_msg/local/lib/python3.10/dist-packages/vision_msg/msg/__init__.py
-- Up-to-date: /home/hjh/serial_new0122/install/vision_msg/local/lib/python3.10/dist-packages/vision_msg/msg/_gimble_position.py
-- Up-to-date: /home/hjh/serial_new0122/install/vision_msg/local/lib/python3.10/dist-packages/vision_msg/msg/_detected_id_s.c
-- Up-to-date: /home/hjh/serial_new0122/install/vision_msg/local/lib/python3.10/dist-packages/vision_msg/_vision_msg_s.ep.rosidl_typesupport_introspection_c.c
-- Installing: /home/hjh/serial_new0122/install/vision_msg/local/lib/python3.10/dist-packages/vision_msg/vision_msg_s__rosidl_typesupport_introspection_c.cpython-310-x86_64-linux-gnu.so
Listing '/home/hjh/serial_new0122/install/vision_msg/local/lib/python3.10/dist-packages/vision_msg'...
Listing '/home/hjh/serial_new0122/install/vision_msg/local/lib/python3.10/dist-packages/vision_msg/msg'...
-- Installing: /home/hjh/serial_new0122/install/vision_msg/local/lib/python3.10/dist-packages/vision_msg/vision_msg_s__rosidl_typesupport_fastrtps_c.cpython-310-x86_64-linux-gnu.so
-- Set non-toolchain portion of runtime path of "/home/hjh/serial_new0122/install/vision_msg/local/lib/python3.10/dist-packages/vision_msg/vision_msg_s__rosidl_typesupport_fastrtps_c.cpython-310-x86_64-linux-gnu.so" to ""
-- Installing: /home/hjh/serial_new0122/install/vision_msg/local/lib/python3.10/dist-packages/vision_msg/vision_msg_s__rosidl_typesupport_introspection_c.cpython-310-x86_64-linux-gnu.so
-- Set non-toolchain portion of runtime path of "/home/hjh/serial_new0122/install/vision_msg/local/lib/python3.10/dist-packages/vision_msg/vision_msg_s__rosidl_typesupport_introspection_c.cpython-310-x86_64-linux-gnu.so" to ""
-- Installing: /home/hjh/serial_new0122/install/vision_msg/local/lib/python3.10/dist-packages/vision_msg/vision_msg_s__rosidl_typesupport_c.cpython-310-x86_64-linux-gnu.so
-- Set non-toolchain portion of runtime path of "/home/hjh/serial_new0122/install/vision_msg/local/lib/python3.10/dist-packages/vision_msg/vision_msg_s__rosidl_typesupport_c.cpython-310-x86_64-linux-gnu.so" to ""
-- Installing: /home/hjh/serial_new0122/install/vision_msg/lib/libvision_msg__rosidl_generator_py.so
-- Set non-toolchain portion of runtime path of "/home/hjh/serial_new0122/install/vision_msg/lib/libvision_msg__rosidl_generator_py.so" to ""
-- Up-to-date: /home/hjh/serial_new0122/install/vision_msg/share/vision_msg/msg/GimblePosition.idl
-- Up-to-date: /home/hjh/serial_new0122/install/vision_msg/share/vision_msg/msg/DetectedId.idl
-- Up-to-date: /home/hjh/serial_new0122/install/vision_msg/share/vision_msg/msg/SelectedId.idl
-- Up-to-date: /home/hjh/serial_new0122/install/vision_msg/share/vision_msg/msg/GimblePosition.msg
-- Up-to-date: /home/hjh/serial_new0122/install/vision_msg/share/vision_msg/msg/DetectedId.msg
-- Up-to-date: /home/hjh/serial_new0122/install/vision_msg/share/vision_msg/msg/SelectedId.msg
-- Up-to-date: /home/hjh/serial_new0122/install/vision_msg/share/ament_index/resource_index/package_run_dependencies/vision_msg
-- Up-to-date: /home/hjh/serial_new0122/install/vision_msg/share/ament_index/resource_index/parent_prefix_path/vision_msg
-- Up-to-date: /home/hjh/serial_new0122/install/vision_msg/share/vision_msg/environment/ament_prefix_path.sh
-- Up-to-date: /home/hjh/serial_new0122/install/vision_msg/share/vision_msg/environment/ament_prefix_path.dsv
-- Up-to-date: /home/hjh/serial_new0122/install/vision_msg/share/vision_msg/environment/path.sh
-- Up-to-date: /home/hjh/serial_new0122/install/vision_msg/share/vision_msg/environment/path.dsv
-- Up-to-date: /home/hjh/serial_new0122/install/vision_msg/share/vision_msg/local_setup.bash
-- Up-to-date: /home/hjh/serial_new0122/install/vision_msg/share/vision_msg/local_setup.sh
-- Up-to-date: /home/hjh/serial_new0122/install/vision_msg/share/vision_msg/local_setup.zsh
-- Up-to-date: /home/hjh/serial_new0122/install/vision_msg/share/vision_msg/local_setup.dsv
-- Installing: /home/hjh/serial_new0122/install/vision_msg/share/vision_msg/package.dsv
-- Up-to-date: /home/hjh/serial_new0122/install/vision_msg/share/ament_index/resource_index/packages/vision_msg
-- Up-to-date: /home/hjh/serial_new0122/install/vision_msg/share/vision_msg/cmake/export_vision_msg__rosidl_generator_cExport.cmake
-- Up-to-date: /home/hjh/serial_new0122/install/vision_msg/share/vision_msg/cmake/export_vision_msg__rosidl_generator_cExport-noconfig.cmake
-- Up-to-date: /home/hjh/serial_new0122/install/vision_msg/share/vision_msg/cmake/export_vision_msg__rosidl_typesupport_fastrtps_cExport.cmake
-- Up-to-date: /home/hjh/serial_new0122/install/vision_msg/share/vision_msg/cmake/export_vision_msg__rosidl_typesupport_fastrtps_cExport-noconfig.cmake
-- Up-to-date: /home/hjh/serial_new0122/install/vision_msg/share/vision_msg/cmake/vision_msg__rosidl_typesupport_introspection_cExport.cmake
-- Up-to-date: /home/hjh/serial_new0122/install/vision_msg/share/vision_msg/cmake/vision_msg__rosidl_typesupport_introspection_cExport-noconfig.cmake
-- Up-to-date: /home/hjh/serial_new0122/install/vision_msg/share/vision_msg/cmake/vision_msg__rosidl_typesupport_cExport.cmake
-- Up-to-date: /home/hjh/serial_new0122/install/vision_msg/share/vision_msg/cmake/vision_msg__rosidl_typesupport_cExport-noconfig.cmake
-- Up-to-date: /home/hjh/serial_new0122/install/vision_msg/share/vision_msg/cmake/export_vision_msg__rosidl_generator_cppExport.cmake
-- Up-to-date: /home/hjh/serial_new0122/install/vision_msg/share/vision_msg/cmake/export_vision_msg__rosidl_typesupport_fastrtps_cppExport.cmake
-- Up-to-date: /home/hjh/serial_new0122/install/vision_msg/share/vision_msg/cmake/export_vision_msg__rosidl_typesupport_fastrtps_cppExport-noconfig.cmake
-- Up-to-date: /home/hjh/serial_new0122/install/vision_msg/share/vision_msg/cmake/vision_msg__rosidl_typesupport_introspection_cppExport.cmake
-- Up-to-date: /home/hjh/serial_new0122/install/vision_msg/share/vision_msg/cmake/vision_msg__rosidl_typesupport_introspection_cppExport-noconfig.cmake
-- Up-to-date: /home/hjh/serial_new0122/install/vision_msg/share/vision_msg/cmake/vision_msg__rosidl_typesupport_cppExport.cmake
-- Up-to-date: /home/hjh/serial_new0122/install/vision_msg/share/vision_msg/cmake/vision_msg__rosidl_typesupport_cppExport-noconfig.cmake
-- Up-to-date: /home/hjh/serial_new0122/install/vision_msg/share/vision_msg/cmake/export_vision_msg__rosidl_generator_pyExport.cmake
-- Up-to-date: /home/hjh/serial_new0122/install/vision_msg/share/vision_msg/cmake/export_vision_msg__rosidl_generator_pyExport-noconfig.cmake
-- Up-to-date: /home/hjh/serial_new0122/install/vision_msg/share/vision_msg/cmake/rosidl_cmake-extras.cmake
-- Up-to-date: /home/hjh/serial_new0122/install/vision_msg/share/vision_msg/cmake/ament_cmake_export_dependencies-extras.cmake
-- Up-to-date: /home/hjh/serial_new0122/install/vision_msg/share/vision_msg/cmake/ament_cmake_export_include_directories-extras.cmake
-- Up-to-date: /home/hjh/serial_new0122/install/vision_msg/share/vision_msg/cmake/ament_cmake_export_libraries-extras.cmake
-- Up-to-date: /home/hjh/serial_new0122/install/vision_msg/share/vision_msg/cmake/ament_cmake_export_targets-extras.cmake
-- Up-to-date: /home/hjh/serial_new0122/install/vision_msg/share/vision_msg/cmake/rosidl_cmake_export_typesupport_targets-extras.cmake
-- Up-to-date: /home/hjh/serial_new0122/install/vision_msg/share/vision_msg/cmake/rosidl_cmake_export_typesupport_libraries-extras.cmake
-- Up-to-date: /home/hjh/serial_new0122/install/vision_msg/share/vision_msg/cmake/vision_msgConfig.cmake
-- Up-to-date: /home/hjh/serial_new0122/install/vision_msg/share/vision_msg/cmake/vision_msgConfig-version.cmake
-- Up-to-date: /home/hjh/serial_new0122/install/vision_msg/share/vision_msg/package.xml
