[0.009s] Invoking command in '/home/hjh/serial_new0122/build/vision_msg': CMAKE_PREFIX_PATH=/opt/ros/humble /usr/bin/cmake --build /home/hjh/serial_new0122/build/vision_msg -- -j16 -l16
[0.080s] [  2%] Built target vision_msg__cpp
[0.091s] [  2%] Built target ament_cmake_python_copy_vision_msg
[0.091s] [  4%] [32mBuilding C object CMakeFiles/vision_msg__rosidl_generator_c.dir/rosidl_generator_c/vision_msg/msg/detail/gimble_position__functions.c.o[0m
[0.092s] [  6%] [32mBuilding C object CMakeFiles/vision_msg__rosidl_generator_c.dir/rosidl_generator_c/vision_msg/msg/detail/detected_id__functions.c.o[0m
[0.092s] [  8%] [32mBuilding C object CMakeFiles/vision_msg__rosidl_generator_c.dir/rosidl_generator_c/vision_msg/msg/detail/selected_id__functions.c.o[0m
[0.138s] [ 10%] [32mBuilding CXX object CMakeFiles/vision_msg__rosidl_typesupport_cpp.dir/rosidl_typesupport_cpp/vision_msg/msg/detected_id__type_support.cpp.o[0m
[0.138s] [ 12%] [32mBuilding CXX object CMakeFiles/vision_msg__rosidl_typesupport_fastrtps_cpp.dir/rosidl_typesupport_fastrtps_cpp/vision_msg/msg/detail/dds_fastrtps/gimble_position__type_support.cpp.o[0m
[0.138s] [ 17%] [32mBuilding CXX object CMakeFiles/vision_msg__rosidl_typesupport_introspection_cpp.dir/rosidl_typesupport_introspection_cpp/vision_msg/msg/detail/gimble_position__type_support.cpp.o[0m
[0.138s] [ 17%] [32mBuilding CXX object CMakeFiles/vision_msg__rosidl_typesupport_cpp.dir/rosidl_typesupport_cpp/vision_msg/msg/gimble_position__type_support.cpp.o[0m
[0.139s] [ 19%] [32mBuilding CXX object CMakeFiles/vision_msg__rosidl_typesupport_fastrtps_cpp.dir/rosidl_typesupport_fastrtps_cpp/vision_msg/msg/detail/dds_fastrtps/detected_id__type_support.cpp.o[0m
[0.139s] [ 21%] [32mBuilding CXX object CMakeFiles/vision_msg__rosidl_typesupport_introspection_cpp.dir/rosidl_typesupport_introspection_cpp/vision_msg/msg/detail/selected_id__type_support.cpp.o[0m
[0.139s] [ 25%] [32mBuilding CXX object CMakeFiles/vision_msg__rosidl_typesupport_fastrtps_cpp.dir/rosidl_typesupport_fastrtps_cpp/vision_msg/msg/detail/dds_fastrtps/selected_id__type_support.cpp.o[0m
[0.139s] [ 25%] [32mBuilding CXX object CMakeFiles/vision_msg__rosidl_typesupport_cpp.dir/rosidl_typesupport_cpp/vision_msg/msg/selected_id__type_support.cpp.o[0m
[0.139s] [ 27%] [32mBuilding CXX object CMakeFiles/vision_msg__rosidl_typesupport_introspection_cpp.dir/rosidl_typesupport_introspection_cpp/vision_msg/msg/detail/detected_id__type_support.cpp.o[0m
[0.216s] [ 29%] [1m[32mLinking C shared library libvision_msg__rosidl_generator_c.so[0m
[0.263s] [ 31%] Built target vision_msg__rosidl_generator_c
[0.298s] [ 34%] [32mBuilding CXX object CMakeFiles/vision_msg__rosidl_typesupport_c.dir/rosidl_typesupport_c/vision_msg/msg/gimble_position__type_support.cpp.o[0m
[0.303s] [ 36%] [32mBuilding C object CMakeFiles/vision_msg__rosidl_typesupport_introspection_c.dir/rosidl_typesupport_introspection_c/vision_msg/msg/detail/gimble_position__type_support.c.o[0m
[0.303s] [ 38%] [32mBuilding C object CMakeFiles/vision_msg__rosidl_typesupport_introspection_c.dir/rosidl_typesupport_introspection_c/vision_msg/msg/detail/detected_id__type_support.c.o[0m
[0.304s] [ 40%] [32mBuilding CXX object CMakeFiles/vision_msg__rosidl_typesupport_c.dir/rosidl_typesupport_c/vision_msg/msg/detected_id__type_support.cpp.o[0m
[0.308s] [ 44%] [32mBuilding C object CMakeFiles/vision_msg__rosidl_typesupport_introspection_c.dir/rosidl_typesupport_introspection_c/vision_msg/msg/detail/selected_id__type_support.c.o[0m
[0.308s] [ 42%] [32mBuilding CXX object CMakeFiles/vision_msg__rosidl_typesupport_fastrtps_c.dir/rosidl_typesupport_fastrtps_c/vision_msg/msg/detail/gimble_position__type_support_c.cpp.o[0m
[0.357s] [ 46%] [32mBuilding CXX object CMakeFiles/vision_msg__rosidl_typesupport_c.dir/rosidl_typesupport_c/vision_msg/msg/selected_id__type_support.cpp.o[0m
[0.362s] [ 48%] [32mBuilding CXX object CMakeFiles/vision_msg__rosidl_typesupport_fastrtps_c.dir/rosidl_typesupport_fastrtps_c/vision_msg/msg/detail/detected_id__type_support_c.cpp.o[0m
[0.370s] [ 51%] [32mBuilding CXX object CMakeFiles/vision_msg__rosidl_typesupport_fastrtps_c.dir/rosidl_typesupport_fastrtps_c/vision_msg/msg/detail/selected_id__type_support_c.cpp.o[0m
[0.411s] [ 53%] [1m[32mLinking C shared library libvision_msg__rosidl_typesupport_introspection_c.so[0m
[0.429s] [ 55%] [1m[32mLinking CXX shared library libvision_msg__rosidl_typesupport_c.so[0m
[0.487s] [ 57%] Built target vision_msg__rosidl_typesupport_introspection_c
[0.519s] [ 59%] Built target vision_msg__rosidl_typesupport_c
[0.879s] running egg_info
[0.880s] [ 61%] [1m[32mLinking CXX shared library libvision_msg__rosidl_typesupport_cpp.so[0m
[0.882s] writing vision_msg.egg-info/PKG-INFO
[0.883s] writing dependency_links to vision_msg.egg-info/dependency_links.txt
[0.883s] writing top-level names to vision_msg.egg-info/top_level.txt
[0.893s] reading manifest file 'vision_msg.egg-info/SOURCES.txt'
[0.898s] writing manifest file 'vision_msg.egg-info/SOURCES.txt'
[0.948s] [ 63%] Built target vision_msg__rosidl_typesupport_cpp
[0.985s] [ 63%] Built target ament_cmake_python_build_vision_msg_egg
[1.008s] [ 65%] [1m[32mLinking CXX shared library libvision_msg__rosidl_typesupport_introspection_cpp.so[0m
[1.116s] [ 68%] [1m[32mLinking CXX shared library libvision_msg__rosidl_typesupport_fastrtps_cpp.so[0m
[1.117s] [ 70%] [1m[32mLinking CXX shared library libvision_msg__rosidl_typesupport_fastrtps_c.so[0m
[1.154s] [ 72%] Built target vision_msg__rosidl_typesupport_introspection_cpp
[1.215s] [ 74%] Built target vision_msg__rosidl_typesupport_fastrtps_c
[1.256s] [ 76%] Built target vision_msg__rosidl_typesupport_fastrtps_cpp
[1.269s] [ 76%] Built target vision_msg
[1.281s] [ 78%] Built target vision_msg__py
[1.301s] [ 80%] [32mBuilding C object CMakeFiles/vision_msg__rosidl_generator_py.dir/rosidl_generator_py/vision_msg/msg/_gimble_position_s.c.o[0m
[1.302s] [ 85%] [32mBuilding C object CMakeFiles/vision_msg__rosidl_generator_py.dir/rosidl_generator_py/vision_msg/msg/_selected_id_s.c.o[0m
[1.302s] [ 85%] [32mBuilding C object CMakeFiles/vision_msg__rosidl_generator_py.dir/rosidl_generator_py/vision_msg/msg/_detected_id_s.c.o[0m
[1.447s] [ 87%] [1m[32mLinking C shared library rosidl_generator_py/vision_msg/libvision_msg__rosidl_generator_py.so[0m
[1.473s] [ 87%] Built target vision_msg__rosidl_generator_py
[1.488s] [ 89%] [32mBuilding C object CMakeFiles/vision_msg__rosidl_typesupport_c__pyext.dir/rosidl_generator_py/vision_msg/_vision_msg_s.ep.rosidl_typesupport_c.c.o[0m
[1.488s] [ 91%] [32mBuilding C object CMakeFiles/vision_msg__rosidl_typesupport_fastrtps_c__pyext.dir/rosidl_generator_py/vision_msg/_vision_msg_s.ep.rosidl_typesupport_fastrtps_c.c.o[0m
[1.489s] [ 93%] [32mBuilding C object CMakeFiles/vision_msg__rosidl_typesupport_introspection_c__pyext.dir/rosidl_generator_py/vision_msg/_vision_msg_s.ep.rosidl_typesupport_introspection_c.c.o[0m
[1.551s] [ 95%] [1m[32mLinking C shared library rosidl_generator_py/vision_msg/vision_msg_s__rosidl_typesupport_fastrtps_c.cpython-310-x86_64-linux-gnu.so[0m
[1.584s] [ 95%] Built target vision_msg__rosidl_typesupport_fastrtps_c__pyext
[1.590s] [ 97%] [1m[32mLinking C shared library rosidl_generator_py/vision_msg/vision_msg_s__rosidl_typesupport_introspection_c.cpython-310-x86_64-linux-gnu.so[0m
[1.601s] [100%] [1m[32mLinking C shared library rosidl_generator_py/vision_msg/vision_msg_s__rosidl_typesupport_c.cpython-310-x86_64-linux-gnu.so[0m
[1.617s] [100%] Built target vision_msg__rosidl_typesupport_introspection_c__pyext
[1.627s] [100%] Built target vision_msg__rosidl_typesupport_c__pyext
[1.633s] Invoked command in '/home/hjh/serial_new0122/build/vision_msg' returned '0': CMAKE_PREFIX_PATH=/opt/ros/humble /usr/bin/cmake --build /home/hjh/serial_new0122/build/vision_msg -- -j16 -l16
[1.641s] Invoking command in '/home/hjh/serial_new0122/build/vision_msg': CMAKE_PREFIX_PATH=/opt/ros/humble /usr/bin/cmake --install /home/hjh/serial_new0122/build/vision_msg
[1.644s] -- Install configuration: ""
[1.644s] -- Up-to-date: /home/hjh/serial_new0122/install/vision_msg/share/ament_index/resource_index/rosidl_interfaces/vision_msg
[1.645s] -- Up-to-date: /home/hjh/serial_new0122/install/vision_msg/include/vision_msg/vision_msg
[1.645s] -- Up-to-date: /home/hjh/serial_new0122/install/vision_msg/include/vision_msg/vision_msg/msg
[1.645s] -- Up-to-date: /home/hjh/serial_new0122/install/vision_msg/include/vision_msg/vision_msg/msg/rosidl_generator_c__visibility_control.h
[1.645s] -- Up-to-date: /home/hjh/serial_new0122/install/vision_msg/include/vision_msg/vision_msg/msg/detail
[1.645s] -- Up-to-date: /home/hjh/serial_new0122/install/vision_msg/include/vision_msg/vision_msg/msg/detail/selected_id__functions.h
[1.645s] -- Up-to-date: /home/hjh/serial_new0122/install/vision_msg/include/vision_msg/vision_msg/msg/detail/gimble_position__struct.h
[1.645s] -- Up-to-date: /home/hjh/serial_new0122/install/vision_msg/include/vision_msg/vision_msg/msg/detail/gimble_position__functions.h
[1.645s] -- Up-to-date: /home/hjh/serial_new0122/install/vision_msg/include/vision_msg/vision_msg/msg/detail/selected_id__type_support.h
[1.645s] -- Up-to-date: /home/hjh/serial_new0122/install/vision_msg/include/vision_msg/vision_msg/msg/detail/detected_id__functions.h
[1.646s] -- Up-to-date: /home/hjh/serial_new0122/install/vision_msg/include/vision_msg/vision_msg/msg/detail/gimble_position__type_support.h
[1.646s] -- Up-to-date: /home/hjh/serial_new0122/install/vision_msg/include/vision_msg/vision_msg/msg/detail/detected_id__struct.h
[1.646s] -- Up-to-date: /home/hjh/serial_new0122/install/vision_msg/include/vision_msg/vision_msg/msg/detail/detected_id__type_support.h
[1.646s] -- Up-to-date: /home/hjh/serial_new0122/install/vision_msg/include/vision_msg/vision_msg/msg/detail/detected_id__functions.c
[1.646s] -- Up-to-date: /home/hjh/serial_new0122/install/vision_msg/include/vision_msg/vision_msg/msg/detail/selected_id__functions.c
[1.646s] -- Up-to-date: /home/hjh/serial_new0122/install/vision_msg/include/vision_msg/vision_msg/msg/detail/selected_id__struct.h
[1.646s] -- Up-to-date: /home/hjh/serial_new0122/install/vision_msg/include/vision_msg/vision_msg/msg/detail/gimble_position__functions.c
[1.646s] -- Up-to-date: /home/hjh/serial_new0122/install/vision_msg/include/vision_msg/vision_msg/msg/detected_id.h
[1.646s] -- Up-to-date: /home/hjh/serial_new0122/install/vision_msg/include/vision_msg/vision_msg/msg/selected_id.h
[1.647s] -- Up-to-date: /home/hjh/serial_new0122/install/vision_msg/include/vision_msg/vision_msg/msg/gimble_position.h
[1.647s] -- Up-to-date: /home/hjh/serial_new0122/install/vision_msg/share/vision_msg/environment/library_path.sh
[1.647s] -- Up-to-date: /home/hjh/serial_new0122/install/vision_msg/share/vision_msg/environment/library_path.dsv
[1.647s] -- Installing: /home/hjh/serial_new0122/install/vision_msg/lib/libvision_msg__rosidl_generator_c.so
[1.647s] -- Set non-toolchain portion of runtime path of "/home/hjh/serial_new0122/install/vision_msg/lib/libvision_msg__rosidl_generator_c.so" to ""
[1.647s] -- Up-to-date: /home/hjh/serial_new0122/install/vision_msg/include/vision_msg/vision_msg
[1.647s] -- Up-to-date: /home/hjh/serial_new0122/install/vision_msg/include/vision_msg/vision_msg/msg
[1.647s] -- Up-to-date: /home/hjh/serial_new0122/install/vision_msg/include/vision_msg/vision_msg/msg/detail
[1.647s] -- Up-to-date: /home/hjh/serial_new0122/install/vision_msg/include/vision_msg/vision_msg/msg/detail/selected_id__rosidl_typesupport_fastrtps_c.h
[1.647s] -- Up-to-date: /home/hjh/serial_new0122/install/vision_msg/include/vision_msg/vision_msg/msg/detail/gimble_position__rosidl_typesupport_fastrtps_c.h
[1.647s] -- Up-to-date: /home/hjh/serial_new0122/install/vision_msg/include/vision_msg/vision_msg/msg/detail/detected_id__rosidl_typesupport_fastrtps_c.h
[1.648s] -- Up-to-date: /home/hjh/serial_new0122/install/vision_msg/include/vision_msg/vision_msg/msg/rosidl_typesupport_fastrtps_c__visibility_control.h
[1.648s] -- Installing: /home/hjh/serial_new0122/install/vision_msg/lib/libvision_msg__rosidl_typesupport_fastrtps_c.so
[1.648s] -- Set non-toolchain portion of runtime path of "/home/hjh/serial_new0122/install/vision_msg/lib/libvision_msg__rosidl_typesupport_fastrtps_c.so" to ""
[1.648s] -- Up-to-date: /home/hjh/serial_new0122/install/vision_msg/include/vision_msg/vision_msg
[1.648s] -- Up-to-date: /home/hjh/serial_new0122/install/vision_msg/include/vision_msg/vision_msg/msg
[1.648s] -- Up-to-date: /home/hjh/serial_new0122/install/vision_msg/include/vision_msg/vision_msg/msg/detail
[1.648s] -- Up-to-date: /home/hjh/serial_new0122/install/vision_msg/include/vision_msg/vision_msg/msg/detail/selected_id__rosidl_typesupport_introspection_c.h
[1.648s] -- Up-to-date: /home/hjh/serial_new0122/install/vision_msg/include/vision_msg/vision_msg/msg/detail/selected_id__type_support.c
[1.648s] -- Up-to-date: /home/hjh/serial_new0122/install/vision_msg/include/vision_msg/vision_msg/msg/detail/detected_id__rosidl_typesupport_introspection_c.h
[1.648s] -- Up-to-date: /home/hjh/serial_new0122/install/vision_msg/include/vision_msg/vision_msg/msg/detail/detected_id__type_support.c
[1.649s] -- Up-to-date: /home/hjh/serial_new0122/install/vision_msg/include/vision_msg/vision_msg/msg/detail/gimble_position__rosidl_typesupport_introspection_c.h
[1.649s] -- Up-to-date: /home/hjh/serial_new0122/install/vision_msg/include/vision_msg/vision_msg/msg/detail/gimble_position__type_support.c
[1.649s] -- Up-to-date: /home/hjh/serial_new0122/install/vision_msg/include/vision_msg/vision_msg/msg/rosidl_typesupport_introspection_c__visibility_control.h
[1.649s] -- Installing: /home/hjh/serial_new0122/install/vision_msg/lib/libvision_msg__rosidl_typesupport_introspection_c.so
[1.649s] -- Set non-toolchain portion of runtime path of "/home/hjh/serial_new0122/install/vision_msg/lib/libvision_msg__rosidl_typesupport_introspection_c.so" to ""
[1.649s] -- Installing: /home/hjh/serial_new0122/install/vision_msg/lib/libvision_msg__rosidl_typesupport_c.so
[1.649s] -- Set non-toolchain portion of runtime path of "/home/hjh/serial_new0122/install/vision_msg/lib/libvision_msg__rosidl_typesupport_c.so" to ""
[1.649s] -- Up-to-date: /home/hjh/serial_new0122/install/vision_msg/include/vision_msg/vision_msg
[1.649s] -- Up-to-date: /home/hjh/serial_new0122/install/vision_msg/include/vision_msg/vision_msg/msg
[1.650s] -- Up-to-date: /home/hjh/serial_new0122/install/vision_msg/include/vision_msg/vision_msg/msg/selected_id.hpp
[1.650s] -- Up-to-date: /home/hjh/serial_new0122/install/vision_msg/include/vision_msg/vision_msg/msg/gimble_position.hpp
[1.650s] -- Up-to-date: /home/hjh/serial_new0122/install/vision_msg/include/vision_msg/vision_msg/msg/detected_id.hpp
[1.650s] -- Up-to-date: /home/hjh/serial_new0122/install/vision_msg/include/vision_msg/vision_msg/msg/detail
[1.650s] -- Up-to-date: /home/hjh/serial_new0122/install/vision_msg/include/vision_msg/vision_msg/msg/detail/selected_id__type_support.hpp
[1.650s] -- Up-to-date: /home/hjh/serial_new0122/install/vision_msg/include/vision_msg/vision_msg/msg/detail/gimble_position__struct.hpp
[1.650s] -- Up-to-date: /home/hjh/serial_new0122/install/vision_msg/include/vision_msg/vision_msg/msg/detail/gimble_position__type_support.hpp
[1.650s] -- Up-to-date: /home/hjh/serial_new0122/install/vision_msg/include/vision_msg/vision_msg/msg/detail/detected_id__traits.hpp
[1.651s] -- Up-to-date: /home/hjh/serial_new0122/install/vision_msg/include/vision_msg/vision_msg/msg/detail/selected_id__builder.hpp
[1.651s] -- Up-to-date: /home/hjh/serial_new0122/install/vision_msg/include/vision_msg/vision_msg/msg/detail/detected_id__type_support.hpp
[1.651s] -- Up-to-date: /home/hjh/serial_new0122/install/vision_msg/include/vision_msg/vision_msg/msg/detail/gimble_position__traits.hpp
[1.651s] -- Up-to-date: /home/hjh/serial_new0122/install/vision_msg/include/vision_msg/vision_msg/msg/detail/gimble_position__builder.hpp
[1.651s] -- Up-to-date: /home/hjh/serial_new0122/install/vision_msg/include/vision_msg/vision_msg/msg/detail/selected_id__struct.hpp
[1.651s] -- Up-to-date: /home/hjh/serial_new0122/install/vision_msg/include/vision_msg/vision_msg/msg/detail/detected_id__builder.hpp
[1.651s] -- Up-to-date: /home/hjh/serial_new0122/install/vision_msg/include/vision_msg/vision_msg/msg/detail/detected_id__struct.hpp
[1.651s] -- Up-to-date: /home/hjh/serial_new0122/install/vision_msg/include/vision_msg/vision_msg/msg/detail/selected_id__traits.hpp
[1.651s] -- Up-to-date: /home/hjh/serial_new0122/install/vision_msg/include/vision_msg/vision_msg/msg/rosidl_generator_cpp__visibility_control.hpp
[1.651s] -- Up-to-date: /home/hjh/serial_new0122/install/vision_msg/include/vision_msg/vision_msg
[1.652s] -- Up-to-date: /home/hjh/serial_new0122/install/vision_msg/include/vision_msg/vision_msg/msg
[1.652s] -- Up-to-date: /home/hjh/serial_new0122/install/vision_msg/include/vision_msg/vision_msg/msg/detail
[1.652s] -- Up-to-date: /home/hjh/serial_new0122/install/vision_msg/include/vision_msg/vision_msg/msg/detail/detected_id__rosidl_typesupport_fastrtps_cpp.hpp
[1.652s] -- Up-to-date: /home/hjh/serial_new0122/install/vision_msg/include/vision_msg/vision_msg/msg/detail/dds_fastrtps
[1.652s] -- Up-to-date: /home/hjh/serial_new0122/install/vision_msg/include/vision_msg/vision_msg/msg/detail/selected_id__rosidl_typesupport_fastrtps_cpp.hpp
[1.652s] -- Up-to-date: /home/hjh/serial_new0122/install/vision_msg/include/vision_msg/vision_msg/msg/detail/gimble_position__rosidl_typesupport_fastrtps_cpp.hpp
[1.652s] -- Up-to-date: /home/hjh/serial_new0122/install/vision_msg/include/vision_msg/vision_msg/msg/rosidl_typesupport_fastrtps_cpp__visibility_control.h
[1.652s] -- Installing: /home/hjh/serial_new0122/install/vision_msg/lib/libvision_msg__rosidl_typesupport_fastrtps_cpp.so
[1.652s] -- Set non-toolchain portion of runtime path of "/home/hjh/serial_new0122/install/vision_msg/lib/libvision_msg__rosidl_typesupport_fastrtps_cpp.so" to ""
[1.652s] -- Up-to-date: /home/hjh/serial_new0122/install/vision_msg/include/vision_msg/vision_msg
[1.652s] -- Up-to-date: /home/hjh/serial_new0122/install/vision_msg/include/vision_msg/vision_msg/msg
[1.653s] -- Up-to-date: /home/hjh/serial_new0122/install/vision_msg/include/vision_msg/vision_msg/msg/detail
[1.653s] -- Up-to-date: /home/hjh/serial_new0122/install/vision_msg/include/vision_msg/vision_msg/msg/detail/detected_id__type_support.cpp
[1.653s] -- Up-to-date: /home/hjh/serial_new0122/install/vision_msg/include/vision_msg/vision_msg/msg/detail/gimble_position__type_support.cpp
[1.653s] -- Up-to-date: /home/hjh/serial_new0122/install/vision_msg/include/vision_msg/vision_msg/msg/detail/detected_id__rosidl_typesupport_introspection_cpp.hpp
[1.653s] -- Up-to-date: /home/hjh/serial_new0122/install/vision_msg/include/vision_msg/vision_msg/msg/detail/gimble_position__rosidl_typesupport_introspection_cpp.hpp
[1.653s] -- Up-to-date: /home/hjh/serial_new0122/install/vision_msg/include/vision_msg/vision_msg/msg/detail/selected_id__type_support.cpp
[1.653s] -- Up-to-date: /home/hjh/serial_new0122/install/vision_msg/include/vision_msg/vision_msg/msg/detail/selected_id__rosidl_typesupport_introspection_cpp.hpp
[1.653s] -- Installing: /home/hjh/serial_new0122/install/vision_msg/lib/libvision_msg__rosidl_typesupport_introspection_cpp.so
[1.653s] -- Set non-toolchain portion of runtime path of "/home/hjh/serial_new0122/install/vision_msg/lib/libvision_msg__rosidl_typesupport_introspection_cpp.so" to ""
[1.653s] -- Installing: /home/hjh/serial_new0122/install/vision_msg/lib/libvision_msg__rosidl_typesupport_cpp.so
[1.654s] -- Set non-toolchain portion of runtime path of "/home/hjh/serial_new0122/install/vision_msg/lib/libvision_msg__rosidl_typesupport_cpp.so" to ""
[1.654s] -- Up-to-date: /home/hjh/serial_new0122/install/vision_msg/share/vision_msg/environment/pythonpath.sh
[1.654s] -- Up-to-date: /home/hjh/serial_new0122/install/vision_msg/share/vision_msg/environment/pythonpath.dsv
[1.654s] -- Up-to-date: /home/hjh/serial_new0122/install/vision_msg/local/lib/python3.10/dist-packages/vision_msg-0.0.0-py3.10.egg-info
[1.654s] -- Installing: /home/hjh/serial_new0122/install/vision_msg/local/lib/python3.10/dist-packages/vision_msg-0.0.0-py3.10.egg-info/dependency_links.txt
[1.654s] -- Installing: /home/hjh/serial_new0122/install/vision_msg/local/lib/python3.10/dist-packages/vision_msg-0.0.0-py3.10.egg-info/PKG-INFO
[1.654s] -- Installing: /home/hjh/serial_new0122/install/vision_msg/local/lib/python3.10/dist-packages/vision_msg-0.0.0-py3.10.egg-info/SOURCES.txt
[1.654s] -- Installing: /home/hjh/serial_new0122/install/vision_msg/local/lib/python3.10/dist-packages/vision_msg-0.0.0-py3.10.egg-info/top_level.txt
[1.655s] -- Up-to-date: /home/hjh/serial_new0122/install/vision_msg/local/lib/python3.10/dist-packages/vision_msg
[1.655s] -- Installing: /home/hjh/serial_new0122/install/vision_msg/local/lib/python3.10/dist-packages/vision_msg/vision_msg_s__rosidl_typesupport_c.cpython-310-x86_64-linux-gnu.so
[1.655s] -- Up-to-date: /home/hjh/serial_new0122/install/vision_msg/local/lib/python3.10/dist-packages/vision_msg/_vision_msg_s.ep.rosidl_typesupport_fastrtps_c.c
[1.655s] -- Installing: /home/hjh/serial_new0122/install/vision_msg/local/lib/python3.10/dist-packages/vision_msg/vision_msg_s__rosidl_typesupport_fastrtps_c.cpython-310-x86_64-linux-gnu.so
[1.655s] -- Up-to-date: /home/hjh/serial_new0122/install/vision_msg/local/lib/python3.10/dist-packages/vision_msg/__init__.py
[1.655s] -- Installing: /home/hjh/serial_new0122/install/vision_msg/local/lib/python3.10/dist-packages/vision_msg/libvision_msg__rosidl_generator_py.so
[1.655s] -- Up-to-date: /home/hjh/serial_new0122/install/vision_msg/local/lib/python3.10/dist-packages/vision_msg/_vision_msg_s.ep.rosidl_typesupport_c.c
[1.655s] -- Up-to-date: /home/hjh/serial_new0122/install/vision_msg/local/lib/python3.10/dist-packages/vision_msg/msg
[1.655s] -- Up-to-date: /home/hjh/serial_new0122/install/vision_msg/local/lib/python3.10/dist-packages/vision_msg/msg/_selected_id.py
[1.655s] -- Up-to-date: /home/hjh/serial_new0122/install/vision_msg/local/lib/python3.10/dist-packages/vision_msg/msg/_selected_id_s.c
[1.655s] -- Up-to-date: /home/hjh/serial_new0122/install/vision_msg/local/lib/python3.10/dist-packages/vision_msg/msg/_detected_id.py
[1.656s] -- Up-to-date: /home/hjh/serial_new0122/install/vision_msg/local/lib/python3.10/dist-packages/vision_msg/msg/_gimble_position_s.c
[1.656s] -- Up-to-date: /home/hjh/serial_new0122/install/vision_msg/local/lib/python3.10/dist-packages/vision_msg/msg/__init__.py
[1.656s] -- Up-to-date: /home/hjh/serial_new0122/install/vision_msg/local/lib/python3.10/dist-packages/vision_msg/msg/_gimble_position.py
[1.656s] -- Up-to-date: /home/hjh/serial_new0122/install/vision_msg/local/lib/python3.10/dist-packages/vision_msg/msg/_detected_id_s.c
[1.656s] -- Up-to-date: /home/hjh/serial_new0122/install/vision_msg/local/lib/python3.10/dist-packages/vision_msg/_vision_msg_s.ep.rosidl_typesupport_introspection_c.c
[1.656s] -- Installing: /home/hjh/serial_new0122/install/vision_msg/local/lib/python3.10/dist-packages/vision_msg/vision_msg_s__rosidl_typesupport_introspection_c.cpython-310-x86_64-linux-gnu.so
[1.680s] Listing '/home/hjh/serial_new0122/install/vision_msg/local/lib/python3.10/dist-packages/vision_msg'...
[1.680s] Listing '/home/hjh/serial_new0122/install/vision_msg/local/lib/python3.10/dist-packages/vision_msg/msg'...
[1.683s] -- Installing: /home/hjh/serial_new0122/install/vision_msg/local/lib/python3.10/dist-packages/vision_msg/vision_msg_s__rosidl_typesupport_fastrtps_c.cpython-310-x86_64-linux-gnu.so
[1.684s] -- Set non-toolchain portion of runtime path of "/home/hjh/serial_new0122/install/vision_msg/local/lib/python3.10/dist-packages/vision_msg/vision_msg_s__rosidl_typesupport_fastrtps_c.cpython-310-x86_64-linux-gnu.so" to ""
[1.684s] -- Installing: /home/hjh/serial_new0122/install/vision_msg/local/lib/python3.10/dist-packages/vision_msg/vision_msg_s__rosidl_typesupport_introspection_c.cpython-310-x86_64-linux-gnu.so
[1.685s] -- Set non-toolchain portion of runtime path of "/home/hjh/serial_new0122/install/vision_msg/local/lib/python3.10/dist-packages/vision_msg/vision_msg_s__rosidl_typesupport_introspection_c.cpython-310-x86_64-linux-gnu.so" to ""
[1.685s] -- Installing: /home/hjh/serial_new0122/install/vision_msg/local/lib/python3.10/dist-packages/vision_msg/vision_msg_s__rosidl_typesupport_c.cpython-310-x86_64-linux-gnu.so
[1.685s] -- Set non-toolchain portion of runtime path of "/home/hjh/serial_new0122/install/vision_msg/local/lib/python3.10/dist-packages/vision_msg/vision_msg_s__rosidl_typesupport_c.cpython-310-x86_64-linux-gnu.so" to ""
[1.686s] -- Installing: /home/hjh/serial_new0122/install/vision_msg/lib/libvision_msg__rosidl_generator_py.so
[1.686s] -- Set non-toolchain portion of runtime path of "/home/hjh/serial_new0122/install/vision_msg/lib/libvision_msg__rosidl_generator_py.so" to ""
[1.686s] -- Up-to-date: /home/hjh/serial_new0122/install/vision_msg/share/vision_msg/msg/GimblePosition.idl
[1.686s] -- Up-to-date: /home/hjh/serial_new0122/install/vision_msg/share/vision_msg/msg/DetectedId.idl
[1.686s] -- Up-to-date: /home/hjh/serial_new0122/install/vision_msg/share/vision_msg/msg/SelectedId.idl
[1.686s] -- Up-to-date: /home/hjh/serial_new0122/install/vision_msg/share/vision_msg/msg/GimblePosition.msg
[1.687s] -- Up-to-date: /home/hjh/serial_new0122/install/vision_msg/share/vision_msg/msg/DetectedId.msg
[1.687s] -- Up-to-date: /home/hjh/serial_new0122/install/vision_msg/share/vision_msg/msg/SelectedId.msg
[1.687s] -- Up-to-date: /home/hjh/serial_new0122/install/vision_msg/share/ament_index/resource_index/package_run_dependencies/vision_msg
[1.687s] -- Up-to-date: /home/hjh/serial_new0122/install/vision_msg/share/ament_index/resource_index/parent_prefix_path/vision_msg
[1.687s] -- Up-to-date: /home/hjh/serial_new0122/install/vision_msg/share/vision_msg/environment/ament_prefix_path.sh
[1.687s] -- Up-to-date: /home/hjh/serial_new0122/install/vision_msg/share/vision_msg/environment/ament_prefix_path.dsv
[1.687s] -- Up-to-date: /home/hjh/serial_new0122/install/vision_msg/share/vision_msg/environment/path.sh
[1.687s] -- Up-to-date: /home/hjh/serial_new0122/install/vision_msg/share/vision_msg/environment/path.dsv
[1.687s] -- Up-to-date: /home/hjh/serial_new0122/install/vision_msg/share/vision_msg/local_setup.bash
[1.687s] -- Up-to-date: /home/hjh/serial_new0122/install/vision_msg/share/vision_msg/local_setup.sh
[1.687s] -- Up-to-date: /home/hjh/serial_new0122/install/vision_msg/share/vision_msg/local_setup.zsh
[1.688s] -- Up-to-date: /home/hjh/serial_new0122/install/vision_msg/share/vision_msg/local_setup.dsv
[1.688s] -- Installing: /home/hjh/serial_new0122/install/vision_msg/share/vision_msg/package.dsv
[1.688s] -- Up-to-date: /home/hjh/serial_new0122/install/vision_msg/share/ament_index/resource_index/packages/vision_msg
[1.688s] -- Up-to-date: /home/hjh/serial_new0122/install/vision_msg/share/vision_msg/cmake/export_vision_msg__rosidl_generator_cExport.cmake
[1.688s] -- Up-to-date: /home/hjh/serial_new0122/install/vision_msg/share/vision_msg/cmake/export_vision_msg__rosidl_generator_cExport-noconfig.cmake
[1.688s] -- Up-to-date: /home/hjh/serial_new0122/install/vision_msg/share/vision_msg/cmake/export_vision_msg__rosidl_typesupport_fastrtps_cExport.cmake
[1.688s] -- Up-to-date: /home/hjh/serial_new0122/install/vision_msg/share/vision_msg/cmake/export_vision_msg__rosidl_typesupport_fastrtps_cExport-noconfig.cmake
[1.688s] -- Up-to-date: /home/hjh/serial_new0122/install/vision_msg/share/vision_msg/cmake/vision_msg__rosidl_typesupport_introspection_cExport.cmake
[1.688s] -- Up-to-date: /home/hjh/serial_new0122/install/vision_msg/share/vision_msg/cmake/vision_msg__rosidl_typesupport_introspection_cExport-noconfig.cmake
[1.689s] -- Up-to-date: /home/hjh/serial_new0122/install/vision_msg/share/vision_msg/cmake/vision_msg__rosidl_typesupport_cExport.cmake
[1.689s] -- Up-to-date: /home/hjh/serial_new0122/install/vision_msg/share/vision_msg/cmake/vision_msg__rosidl_typesupport_cExport-noconfig.cmake
[1.689s] -- Up-to-date: /home/hjh/serial_new0122/install/vision_msg/share/vision_msg/cmake/export_vision_msg__rosidl_generator_cppExport.cmake
[1.689s] -- Up-to-date: /home/hjh/serial_new0122/install/vision_msg/share/vision_msg/cmake/export_vision_msg__rosidl_typesupport_fastrtps_cppExport.cmake
[1.689s] -- Up-to-date: /home/hjh/serial_new0122/install/vision_msg/share/vision_msg/cmake/export_vision_msg__rosidl_typesupport_fastrtps_cppExport-noconfig.cmake
[1.690s] -- Up-to-date: /home/hjh/serial_new0122/install/vision_msg/share/vision_msg/cmake/vision_msg__rosidl_typesupport_introspection_cppExport.cmake
[1.690s] -- Up-to-date: /home/hjh/serial_new0122/install/vision_msg/share/vision_msg/cmake/vision_msg__rosidl_typesupport_introspection_cppExport-noconfig.cmake
[1.690s] -- Up-to-date: /home/hjh/serial_new0122/install/vision_msg/share/vision_msg/cmake/vision_msg__rosidl_typesupport_cppExport.cmake
[1.690s] -- Up-to-date: /home/hjh/serial_new0122/install/vision_msg/share/vision_msg/cmake/vision_msg__rosidl_typesupport_cppExport-noconfig.cmake
[1.690s] -- Up-to-date: /home/hjh/serial_new0122/install/vision_msg/share/vision_msg/cmake/export_vision_msg__rosidl_generator_pyExport.cmake
[1.690s] -- Up-to-date: /home/hjh/serial_new0122/install/vision_msg/share/vision_msg/cmake/export_vision_msg__rosidl_generator_pyExport-noconfig.cmake
[1.690s] -- Up-to-date: /home/hjh/serial_new0122/install/vision_msg/share/vision_msg/cmake/rosidl_cmake-extras.cmake
[1.691s] -- Up-to-date: /home/hjh/serial_new0122/install/vision_msg/share/vision_msg/cmake/ament_cmake_export_dependencies-extras.cmake
[1.691s] -- Up-to-date: /home/hjh/serial_new0122/install/vision_msg/share/vision_msg/cmake/ament_cmake_export_include_directories-extras.cmake
[1.691s] -- Up-to-date: /home/hjh/serial_new0122/install/vision_msg/share/vision_msg/cmake/ament_cmake_export_libraries-extras.cmake
[1.691s] -- Up-to-date: /home/hjh/serial_new0122/install/vision_msg/share/vision_msg/cmake/ament_cmake_export_targets-extras.cmake
[1.691s] -- Up-to-date: /home/hjh/serial_new0122/install/vision_msg/share/vision_msg/cmake/rosidl_cmake_export_typesupport_targets-extras.cmake
[1.691s] -- Up-to-date: /home/hjh/serial_new0122/install/vision_msg/share/vision_msg/cmake/rosidl_cmake_export_typesupport_libraries-extras.cmake
[1.691s] -- Up-to-date: /home/hjh/serial_new0122/install/vision_msg/share/vision_msg/cmake/vision_msgConfig.cmake
[1.691s] -- Up-to-date: /home/hjh/serial_new0122/install/vision_msg/share/vision_msg/cmake/vision_msgConfig-version.cmake
[1.691s] -- Up-to-date: /home/hjh/serial_new0122/install/vision_msg/share/vision_msg/package.xml
[1.693s] Invoked command in '/home/hjh/serial_new0122/build/vision_msg' returned '0': CMAKE_PREFIX_PATH=/opt/ros/humble /usr/bin/cmake --install /home/hjh/serial_new0122/build/vision_msg
