[0.007s] Invoking command in '/home/hjh/serial_new0122/build/vision_msg': CMAKE_PREFIX_PATH=/opt/ros/humble /usr/bin/cmake /home/hjh/serial_new0122/serial/vision_msg -DCMAKE_INSTALL_PREFIX=/home/hjh/serial_new0122/install/vision_msg
[0.011s] [0mCMake Deprecation Warning at CMakeLists.txt:1 (cmake_minimum_required):
[0.011s]   Compatibility with CMake < 3.10 will be removed from a future version of
[0.011s]   CMake.
[0.011s] 
[0.011s]   Update the VERSION argument <min> value.  Or, use the <min>...<max> syntax
[0.012s]   to tell CMake that the project requires at least <min> but has been updated
[0.012s]   to work with policies introduced by <max> or earlier.
[0.012s] 
[0.012s] [0m
[0.059s] -- The C compiler identification is GNU 11.4.0
[0.116s] -- The CXX compiler identification is GNU 11.4.0
[0.123s] -- Detecting C compiler ABI info
[0.185s] -- Detecting C compiler ABI info - done
[0.196s] -- Check for working C compiler: /usr/bin/cc - skipped
[0.196s] -- Detecting C compile features
[0.197s] -- Detecting C compile features - done
[0.212s] -- Detecting CXX compiler ABI info
[0.298s] -- Detecting CXX compiler ABI info - done
[0.320s] -- Check for working CXX compiler: /usr/bin/c++ - skipped
[0.320s] -- Detecting CXX compile features
[0.321s] -- Detecting CXX compile features - done
[0.332s] -- Found ament_cmake: 1.3.11 (/opt/ros/humble/share/ament_cmake/cmake)
[0.441s] -- Found Python3: /usr/bin/python3 (found version "3.10.12") found components: Interpreter
[0.510s] -- Found rosidl_default_generators: 1.2.0 (/opt/ros/humble/share/rosidl_default_generators/cmake)
[0.514s] -- Using all available rosidl_typesupport_c: rosidl_typesupport_fastrtps_c;rosidl_typesupport_introspection_c
[0.519s] -- Found rosidl_adapter: 3.1.6 (/opt/ros/humble/share/rosidl_adapter/cmake)
[0.552s] -- Using all available rosidl_typesupport_cpp: rosidl_typesupport_fastrtps_cpp;rosidl_typesupport_introspection_cpp
[0.580s] -- Found std_msgs: 4.2.4 (/opt/ros/humble/share/std_msgs/cmake)
[0.602s] -- Found ament_lint_auto: 0.12.11 (/opt/ros/humble/share/ament_lint_auto/cmake)
[0.926s] -- Found ament_cmake_ros: 0.10.0 (/opt/ros/humble/share/ament_cmake_ros/cmake)
[1.283s] -- Using all available rosidl_typesupport_c: rosidl_typesupport_fastrtps_c;rosidl_typesupport_introspection_c
[1.740s] -- Using all available rosidl_typesupport_cpp: rosidl_typesupport_fastrtps_cpp;rosidl_typesupport_introspection_cpp
[1.742s] [33mCMake Warning (dev) at /opt/ros/humble/share/rosidl_generator_py/cmake/rosidl_generator_py_generate_interfaces.cmake:20 (find_package):
[1.742s]   Policy CMP0148 is not set: The FindPythonInterp and FindPythonLibs modules
[1.742s]   are removed.  Run "cmake --help-policy CMP0148" for policy details.  Use
[1.742s]   the cmake_policy command to set the policy and suppress this warning.
[1.742s] 
[1.742s] Call Stack (most recent call first):
[1.742s]   /opt/ros/humble/share/ament_cmake_core/cmake/core/ament_execute_extensions.cmake:48 (include)
[1.742s]   /opt/ros/humble/share/rosidl_cmake/cmake/rosidl_generate_interfaces.cmake:286 (ament_execute_extensions)
[1.742s]   CMakeLists.txt:37 (rosidl_generate_interfaces)
[1.743s] This warning is for project developers.  Use -Wno-dev to suppress it.
[1.743s] [0m
[1.758s] -- Found PythonInterp: /usr/bin/python3 (found suitable version "3.10.12", minimum required is "3.6")
[1.761s] -- Found python_cmake_module: 0.10.0 (/opt/ros/humble/share/python_cmake_module/cmake)
[1.762s] [33mCMake Warning (dev) at /opt/ros/humble/share/python_cmake_module/cmake/Modules/FindPythonExtra.cmake:52 (find_package):
[1.762s]   Policy CMP0148 is not set: The FindPythonInterp and FindPythonLibs modules
[1.762s]   are removed.  Run "cmake --help-policy CMP0148" for policy details.  Use
[1.762s]   the cmake_policy command to set the policy and suppress this warning.
[1.762s] 
[1.762s] Call Stack (most recent call first):
[1.762s]   /opt/ros/humble/share/rosidl_generator_py/cmake/rosidl_generator_py_generate_interfaces.cmake:23 (find_package)
[1.762s]   /opt/ros/humble/share/ament_cmake_core/cmake/core/ament_execute_extensions.cmake:48 (include)
[1.762s]   /opt/ros/humble/share/rosidl_cmake/cmake/rosidl_generate_interfaces.cmake:286 (ament_execute_extensions)
[1.762s]   CMakeLists.txt:37 (rosidl_generate_interfaces)
[1.762s] This warning is for project developers.  Use -Wno-dev to suppress it.
[1.762s] [0m
[1.776s] [33mCMake Warning (dev) at /opt/ros/humble/share/python_cmake_module/cmake/Modules/FindPythonExtra.cmake:140 (find_package):
[1.777s]   Policy CMP0148 is not set: The FindPythonInterp and FindPythonLibs modules
[1.777s]   are removed.  Run "cmake --help-policy CMP0148" for policy details.  Use
[1.777s]   the cmake_policy command to set the policy and suppress this warning.
[1.777s] 
[1.777s] Call Stack (most recent call first):
[1.777s]   /opt/ros/humble/share/rosidl_generator_py/cmake/rosidl_generator_py_generate_interfaces.cmake:23 (find_package)
[1.777s]   /opt/ros/humble/share/ament_cmake_core/cmake/core/ament_execute_extensions.cmake:48 (include)
[1.777s]   /opt/ros/humble/share/rosidl_cmake/cmake/rosidl_generate_interfaces.cmake:286 (ament_execute_extensions)
[1.777s]   CMakeLists.txt:37 (rosidl_generate_interfaces)
[1.777s] This warning is for project developers.  Use -Wno-dev to suppress it.
[1.777s] [0m
[1.784s] -- Found PythonLibs: /usr/lib/x86_64-linux-gnu/libpython3.10.so (found suitable version "3.10.12", minimum required is "3.5")
[1.784s] -- Using PYTHON_EXECUTABLE: /usr/bin/python3
[1.784s] -- Using PYTHON_INCLUDE_DIRS: /usr/include/python3.10
[1.784s] -- Using PYTHON_LIBRARIES: /usr/lib/x86_64-linux-gnu/libpython3.10.so
[1.799s] -- Found PythonExtra: .so
[1.840s] -- Added test 'copyright' to check source files copyright and LICENSE
[1.841s] -- Added test 'lint_cmake' to check CMake code style
[1.841s] -- Added test 'xmllint' to check XML markup files
[1.845s] -- Configuring done (1.8s)
[1.870s] -- Generating done (0.0s)
[1.876s] -- Build files have been written to: /home/hjh/serial_new0122/build/vision_msg
[1.884s] Invoked command in '/home/hjh/serial_new0122/build/vision_msg' returned '0': CMAKE_PREFIX_PATH=/opt/ros/humble /usr/bin/cmake /home/hjh/serial_new0122/serial/vision_msg -DCMAKE_INSTALL_PREFIX=/home/hjh/serial_new0122/install/vision_msg
[1.885s] Invoking command in '/home/hjh/serial_new0122/build/vision_msg': CMAKE_PREFIX_PATH=/opt/ros/humble /usr/bin/cmake --build /home/hjh/serial_new0122/build/vision_msg -- -j16 -l16
[1.909s] [  2%] [1m[34mGenerating C code for ROS interfaces[0m
[1.914s] [  4%] [1m[34mGenerating C++ code for ROS interfaces[0m
[1.918s] [  4%] Built target ament_cmake_python_copy_vision_msg
[2.107s] running egg_info
[2.107s] creating vision_msg.egg-info
[2.107s] writing vision_msg.egg-info/PKG-INFO
[2.107s] writing dependency_links to vision_msg.egg-info/dependency_links.txt
[2.108s] writing top-level names to vision_msg.egg-info/top_level.txt
[2.108s] writing manifest file 'vision_msg.egg-info/SOURCES.txt'
[2.109s] reading manifest file 'vision_msg.egg-info/SOURCES.txt'
[2.109s] writing manifest file 'vision_msg.egg-info/SOURCES.txt'
[2.126s] [  4%] Built target ament_cmake_python_build_vision_msg_egg
[2.225s] [  8%] [32mBuilding C object CMakeFiles/vision_msg__rosidl_generator_c.dir/rosidl_generator_c/vision_msg/msg/detail/gimble_position__functions.c.o[0m
[2.226s] [  8%] [32mBuilding C object CMakeFiles/vision_msg__rosidl_generator_c.dir/rosidl_generator_c/vision_msg/msg/detail/selected_id__functions.c.o[0m
[2.226s] [ 10%] [32mBuilding C object CMakeFiles/vision_msg__rosidl_generator_c.dir/rosidl_generator_c/vision_msg/msg/detail/detected_id__functions.c.o[0m
[2.270s] [ 12%] [1m[32mLinking C shared library libvision_msg__rosidl_generator_c.so[0m
[2.295s] [ 12%] Built target vision_msg__rosidl_generator_c
[2.300s] [ 14%] [1m[34mGenerating C introspection for ROS interfaces[0m
[2.300s] [ 17%] [1m[34mGenerating C type support dispatch for ROS interfaces[0m
[2.301s] [ 19%] [1m[34mGenerating C type support for eProsima Fast-RTPS[0m
[2.305s] [ 19%] Built target vision_msg__cpp
[2.311s] [ 23%] [1m[34mGenerating C++ type support for eProsima Fast-RTPS[0m
[2.311s] [ 23%] [1m[34mGenerating C++ introspection for ROS interfaces[0m
[2.311s] [ 25%] [1m[34mGenerating C++ type support dispatch for ROS interfaces[0m
[2.517s] [ 27%] [32mBuilding CXX object CMakeFiles/vision_msg__rosidl_typesupport_cpp.dir/rosidl_typesupport_cpp/vision_msg/msg/detected_id__type_support.cpp.o[0m
[2.517s] [ 29%] [32mBuilding CXX object CMakeFiles/vision_msg__rosidl_typesupport_cpp.dir/rosidl_typesupport_cpp/vision_msg/msg/gimble_position__type_support.cpp.o[0m
[2.518s] [ 31%] [32mBuilding CXX object CMakeFiles/vision_msg__rosidl_typesupport_cpp.dir/rosidl_typesupport_cpp/vision_msg/msg/selected_id__type_support.cpp.o[0m
[2.541s] [ 34%] [32mBuilding CXX object CMakeFiles/vision_msg__rosidl_typesupport_fastrtps_c.dir/rosidl_typesupport_fastrtps_c/vision_msg/msg/detail/gimble_position__type_support_c.cpp.o[0m
[2.541s] [ 36%] [32mBuilding CXX object CMakeFiles/vision_msg__rosidl_typesupport_fastrtps_c.dir/rosidl_typesupport_fastrtps_c/vision_msg/msg/detail/selected_id__type_support_c.cpp.o[0m
[2.541s] [ 38%] [32mBuilding CXX object CMakeFiles/vision_msg__rosidl_typesupport_fastrtps_c.dir/rosidl_typesupport_fastrtps_c/vision_msg/msg/detail/detected_id__type_support_c.cpp.o[0m
[2.651s] [ 40%] [32mBuilding CXX object CMakeFiles/vision_msg__rosidl_typesupport_c.dir/rosidl_typesupport_c/vision_msg/msg/gimble_position__type_support.cpp.o[0m
[2.651s] [ 42%] [32mBuilding CXX object CMakeFiles/vision_msg__rosidl_typesupport_c.dir/rosidl_typesupport_c/vision_msg/msg/selected_id__type_support.cpp.o[0m
[2.651s] [ 44%] [32mBuilding CXX object CMakeFiles/vision_msg__rosidl_typesupport_c.dir/rosidl_typesupport_c/vision_msg/msg/detected_id__type_support.cpp.o[0m
[2.661s] [ 46%] [32mBuilding C object CMakeFiles/vision_msg__rosidl_typesupport_introspection_c.dir/rosidl_typesupport_introspection_c/vision_msg/msg/detail/gimble_position__type_support.c.o[0m
[2.665s] [ 48%] [32mBuilding C object CMakeFiles/vision_msg__rosidl_typesupport_introspection_c.dir/rosidl_typesupport_introspection_c/vision_msg/msg/detail/selected_id__type_support.c.o[0m
[2.667s] [ 51%] [32mBuilding C object CMakeFiles/vision_msg__rosidl_typesupport_introspection_c.dir/rosidl_typesupport_introspection_c/vision_msg/msg/detail/detected_id__type_support.c.o[0m
[2.684s] [ 53%] [1m[32mLinking CXX shared library libvision_msg__rosidl_typesupport_c.so[0m
[2.701s] [ 55%] [1m[32mLinking C shared library libvision_msg__rosidl_typesupport_introspection_c.so[0m
[2.712s] [ 55%] Built target vision_msg__rosidl_typesupport_c
[2.723s] [ 55%] Built target vision_msg__rosidl_typesupport_introspection_c
[2.739s] [ 57%] [32mBuilding CXX object CMakeFiles/vision_msg__rosidl_typesupport_introspection_cpp.dir/rosidl_typesupport_introspection_cpp/vision_msg/msg/detail/gimble_position__type_support.cpp.o[0m
[2.739s] [ 59%] [32mBuilding CXX object CMakeFiles/vision_msg__rosidl_typesupport_introspection_cpp.dir/rosidl_typesupport_introspection_cpp/vision_msg/msg/detail/selected_id__type_support.cpp.o[0m
[2.739s] [ 61%] [32mBuilding CXX object CMakeFiles/vision_msg__rosidl_typesupport_introspection_cpp.dir/rosidl_typesupport_introspection_cpp/vision_msg/msg/detail/detected_id__type_support.cpp.o[0m
[2.777s] [ 65%] [32mBuilding CXX object CMakeFiles/vision_msg__rosidl_typesupport_fastrtps_cpp.dir/rosidl_typesupport_fastrtps_cpp/vision_msg/msg/detail/dds_fastrtps/selected_id__type_support.cpp.o[0m
[2.777s] [ 65%] [32mBuilding CXX object CMakeFiles/vision_msg__rosidl_typesupport_fastrtps_cpp.dir/rosidl_typesupport_fastrtps_cpp/vision_msg/msg/detail/dds_fastrtps/gimble_position__type_support.cpp.o[0m
[2.778s] [ 68%] [32mBuilding CXX object CMakeFiles/vision_msg__rosidl_typesupport_fastrtps_cpp.dir/rosidl_typesupport_fastrtps_cpp/vision_msg/msg/detail/dds_fastrtps/detected_id__type_support.cpp.o[0m
[2.858s] [ 70%] [1m[32mLinking CXX shared library libvision_msg__rosidl_typesupport_cpp.so[0m
[2.890s] [ 70%] Built target vision_msg__rosidl_typesupport_cpp
[2.953s] [ 72%] [1m[32mLinking CXX shared library libvision_msg__rosidl_typesupport_fastrtps_c.so[0m
[3.039s] [ 72%] Built target vision_msg__rosidl_typesupport_fastrtps_c
[3.307s] [ 74%] [1m[32mLinking CXX shared library libvision_msg__rosidl_typesupport_introspection_cpp.so[0m
[3.329s] [ 76%] [1m[32mLinking CXX shared library libvision_msg__rosidl_typesupport_fastrtps_cpp.so[0m
[3.391s] [ 76%] Built target vision_msg__rosidl_typesupport_introspection_cpp
[3.439s] [ 76%] Built target vision_msg__rosidl_typesupport_fastrtps_cpp
[3.447s] [ 76%] Built target vision_msg
[3.455s] [ 78%] [1m[34mGenerating Python code for ROS interfaces[0m
[4.216s] [ 78%] Built target vision_msg__py
[4.224s] [ 80%] [32mBuilding C object CMakeFiles/vision_msg__rosidl_generator_py.dir/rosidl_generator_py/vision_msg/msg/_gimble_position_s.c.o[0m
[4.225s] [ 82%] [32mBuilding C object CMakeFiles/vision_msg__rosidl_generator_py.dir/rosidl_generator_py/vision_msg/msg/_detected_id_s.c.o[0m
[4.225s] [ 85%] [32mBuilding C object CMakeFiles/vision_msg__rosidl_generator_py.dir/rosidl_generator_py/vision_msg/msg/_selected_id_s.c.o[0m
[4.307s] [ 87%] [1m[32mLinking C shared library rosidl_generator_py/vision_msg/libvision_msg__rosidl_generator_py.so[0m
[4.331s] [ 87%] Built target vision_msg__rosidl_generator_py
[4.340s] [ 89%] [32mBuilding C object CMakeFiles/vision_msg__rosidl_typesupport_c__pyext.dir/rosidl_generator_py/vision_msg/_vision_msg_s.ep.rosidl_typesupport_c.c.o[0m
[4.340s] [ 91%] [32mBuilding C object CMakeFiles/vision_msg__rosidl_typesupport_fastrtps_c__pyext.dir/rosidl_generator_py/vision_msg/_vision_msg_s.ep.rosidl_typesupport_fastrtps_c.c.o[0m
[4.341s] [ 93%] [32mBuilding C object CMakeFiles/vision_msg__rosidl_typesupport_introspection_c__pyext.dir/rosidl_generator_py/vision_msg/_vision_msg_s.ep.rosidl_typesupport_introspection_c.c.o[0m
[4.402s] [ 95%] [1m[32mLinking C shared library rosidl_generator_py/vision_msg/vision_msg_s__rosidl_typesupport_fastrtps_c.cpython-310-x86_64-linux-gnu.so[0m
[4.404s] [ 97%] [1m[32mLinking C shared library rosidl_generator_py/vision_msg/vision_msg_s__rosidl_typesupport_introspection_c.cpython-310-x86_64-linux-gnu.so[0m
[4.406s] [100%] [1m[32mLinking C shared library rosidl_generator_py/vision_msg/vision_msg_s__rosidl_typesupport_c.cpython-310-x86_64-linux-gnu.so[0m
[4.427s] [100%] Built target vision_msg__rosidl_typesupport_fastrtps_c__pyext
[4.428s] [100%] Built target vision_msg__rosidl_typesupport_introspection_c__pyext
[4.429s] [100%] Built target vision_msg__rosidl_typesupport_c__pyext
[4.435s] Invoked command in '/home/hjh/serial_new0122/build/vision_msg' returned '0': CMAKE_PREFIX_PATH=/opt/ros/humble /usr/bin/cmake --build /home/hjh/serial_new0122/build/vision_msg -- -j16 -l16
[4.441s] Invoking command in '/home/hjh/serial_new0122/build/vision_msg': CMAKE_PREFIX_PATH=/opt/ros/humble /usr/bin/cmake --install /home/hjh/serial_new0122/build/vision_msg
[4.445s] -- Install configuration: ""
[4.445s] -- Installing: /home/hjh/serial_new0122/install/vision_msg/share/ament_index/resource_index/rosidl_interfaces/vision_msg
[4.445s] -- Installing: /home/hjh/serial_new0122/install/vision_msg/include/vision_msg/vision_msg
[4.446s] -- Installing: /home/hjh/serial_new0122/install/vision_msg/include/vision_msg/vision_msg/msg
[4.446s] -- Installing: /home/hjh/serial_new0122/install/vision_msg/include/vision_msg/vision_msg/msg/rosidl_generator_c__visibility_control.h
[4.446s] -- Installing: /home/hjh/serial_new0122/install/vision_msg/include/vision_msg/vision_msg/msg/detail
[4.446s] -- Installing: /home/hjh/serial_new0122/install/vision_msg/include/vision_msg/vision_msg/msg/detail/selected_id__functions.h
[4.446s] -- Installing: /home/hjh/serial_new0122/install/vision_msg/include/vision_msg/vision_msg/msg/detail/gimble_position__struct.h
[4.446s] -- Installing: /home/hjh/serial_new0122/install/vision_msg/include/vision_msg/vision_msg/msg/detail/gimble_position__functions.h
[4.446s] -- Installing: /home/hjh/serial_new0122/install/vision_msg/include/vision_msg/vision_msg/msg/detail/selected_id__type_support.h
[4.446s] -- Installing: /home/hjh/serial_new0122/install/vision_msg/include/vision_msg/vision_msg/msg/detail/detected_id__functions.h
[4.446s] -- Installing: /home/hjh/serial_new0122/install/vision_msg/include/vision_msg/vision_msg/msg/detail/gimble_position__type_support.h
[4.446s] -- Installing: /home/hjh/serial_new0122/install/vision_msg/include/vision_msg/vision_msg/msg/detail/detected_id__struct.h
[4.447s] -- Installing: /home/hjh/serial_new0122/install/vision_msg/include/vision_msg/vision_msg/msg/detail/detected_id__type_support.h
[4.447s] -- Installing: /home/hjh/serial_new0122/install/vision_msg/include/vision_msg/vision_msg/msg/detail/detected_id__functions.c
[4.447s] -- Installing: /home/hjh/serial_new0122/install/vision_msg/include/vision_msg/vision_msg/msg/detail/selected_id__functions.c
[4.447s] -- Installing: /home/hjh/serial_new0122/install/vision_msg/include/vision_msg/vision_msg/msg/detail/selected_id__struct.h
[4.447s] -- Installing: /home/hjh/serial_new0122/install/vision_msg/include/vision_msg/vision_msg/msg/detail/gimble_position__functions.c
[4.447s] -- Installing: /home/hjh/serial_new0122/install/vision_msg/include/vision_msg/vision_msg/msg/detected_id.h
[4.447s] -- Installing: /home/hjh/serial_new0122/install/vision_msg/include/vision_msg/vision_msg/msg/selected_id.h
[4.447s] -- Installing: /home/hjh/serial_new0122/install/vision_msg/include/vision_msg/vision_msg/msg/gimble_position.h
[4.447s] -- Installing: /home/hjh/serial_new0122/install/vision_msg/share/vision_msg/environment/library_path.sh
[4.448s] -- Installing: /home/hjh/serial_new0122/install/vision_msg/share/vision_msg/environment/library_path.dsv
[4.448s] -- Installing: /home/hjh/serial_new0122/install/vision_msg/lib/libvision_msg__rosidl_generator_c.so
[4.448s] -- Set non-toolchain portion of runtime path of "/home/hjh/serial_new0122/install/vision_msg/lib/libvision_msg__rosidl_generator_c.so" to ""
[4.448s] -- Up-to-date: /home/hjh/serial_new0122/install/vision_msg/include/vision_msg/vision_msg
[4.448s] -- Up-to-date: /home/hjh/serial_new0122/install/vision_msg/include/vision_msg/vision_msg/msg
[4.448s] -- Up-to-date: /home/hjh/serial_new0122/install/vision_msg/include/vision_msg/vision_msg/msg/detail
[4.448s] -- Installing: /home/hjh/serial_new0122/install/vision_msg/include/vision_msg/vision_msg/msg/detail/selected_id__rosidl_typesupport_fastrtps_c.h
[4.448s] -- Installing: /home/hjh/serial_new0122/install/vision_msg/include/vision_msg/vision_msg/msg/detail/gimble_position__rosidl_typesupport_fastrtps_c.h
[4.448s] -- Installing: /home/hjh/serial_new0122/install/vision_msg/include/vision_msg/vision_msg/msg/detail/detected_id__rosidl_typesupport_fastrtps_c.h
[4.448s] -- Installing: /home/hjh/serial_new0122/install/vision_msg/include/vision_msg/vision_msg/msg/rosidl_typesupport_fastrtps_c__visibility_control.h
[4.449s] -- Installing: /home/hjh/serial_new0122/install/vision_msg/lib/libvision_msg__rosidl_typesupport_fastrtps_c.so
[4.449s] -- Set non-toolchain portion of runtime path of "/home/hjh/serial_new0122/install/vision_msg/lib/libvision_msg__rosidl_typesupport_fastrtps_c.so" to ""
[4.449s] -- Up-to-date: /home/hjh/serial_new0122/install/vision_msg/include/vision_msg/vision_msg
[4.449s] -- Up-to-date: /home/hjh/serial_new0122/install/vision_msg/include/vision_msg/vision_msg/msg
[4.449s] -- Up-to-date: /home/hjh/serial_new0122/install/vision_msg/include/vision_msg/vision_msg/msg/detail
[4.449s] -- Installing: /home/hjh/serial_new0122/install/vision_msg/include/vision_msg/vision_msg/msg/detail/selected_id__rosidl_typesupport_introspection_c.h
[4.449s] -- Installing: /home/hjh/serial_new0122/install/vision_msg/include/vision_msg/vision_msg/msg/detail/selected_id__type_support.c
[4.449s] -- Installing: /home/hjh/serial_new0122/install/vision_msg/include/vision_msg/vision_msg/msg/detail/detected_id__rosidl_typesupport_introspection_c.h
[4.449s] -- Installing: /home/hjh/serial_new0122/install/vision_msg/include/vision_msg/vision_msg/msg/detail/detected_id__type_support.c
[4.449s] -- Installing: /home/hjh/serial_new0122/install/vision_msg/include/vision_msg/vision_msg/msg/detail/gimble_position__rosidl_typesupport_introspection_c.h
[4.449s] -- Installing: /home/hjh/serial_new0122/install/vision_msg/include/vision_msg/vision_msg/msg/detail/gimble_position__type_support.c
[4.450s] -- Installing: /home/hjh/serial_new0122/install/vision_msg/include/vision_msg/vision_msg/msg/rosidl_typesupport_introspection_c__visibility_control.h
[4.450s] -- Installing: /home/hjh/serial_new0122/install/vision_msg/lib/libvision_msg__rosidl_typesupport_introspection_c.so
[4.450s] -- Set non-toolchain portion of runtime path of "/home/hjh/serial_new0122/install/vision_msg/lib/libvision_msg__rosidl_typesupport_introspection_c.so" to ""
[4.450s] -- Installing: /home/hjh/serial_new0122/install/vision_msg/lib/libvision_msg__rosidl_typesupport_c.so
[4.450s] -- Set non-toolchain portion of runtime path of "/home/hjh/serial_new0122/install/vision_msg/lib/libvision_msg__rosidl_typesupport_c.so" to ""
[4.450s] -- Up-to-date: /home/hjh/serial_new0122/install/vision_msg/include/vision_msg/vision_msg
[4.450s] -- Up-to-date: /home/hjh/serial_new0122/install/vision_msg/include/vision_msg/vision_msg/msg
[4.450s] -- Installing: /home/hjh/serial_new0122/install/vision_msg/include/vision_msg/vision_msg/msg/selected_id.hpp
[4.450s] -- Installing: /home/hjh/serial_new0122/install/vision_msg/include/vision_msg/vision_msg/msg/gimble_position.hpp
[4.450s] -- Installing: /home/hjh/serial_new0122/install/vision_msg/include/vision_msg/vision_msg/msg/detected_id.hpp
[4.450s] -- Up-to-date: /home/hjh/serial_new0122/install/vision_msg/include/vision_msg/vision_msg/msg/detail
[4.451s] -- Installing: /home/hjh/serial_new0122/install/vision_msg/include/vision_msg/vision_msg/msg/detail/selected_id__type_support.hpp
[4.451s] -- Installing: /home/hjh/serial_new0122/install/vision_msg/include/vision_msg/vision_msg/msg/detail/gimble_position__struct.hpp
[4.451s] -- Installing: /home/hjh/serial_new0122/install/vision_msg/include/vision_msg/vision_msg/msg/detail/gimble_position__type_support.hpp
[4.451s] -- Installing: /home/hjh/serial_new0122/install/vision_msg/include/vision_msg/vision_msg/msg/detail/detected_id__traits.hpp
[4.451s] -- Installing: /home/hjh/serial_new0122/install/vision_msg/include/vision_msg/vision_msg/msg/detail/selected_id__builder.hpp
[4.451s] -- Installing: /home/hjh/serial_new0122/install/vision_msg/include/vision_msg/vision_msg/msg/detail/detected_id__type_support.hpp
[4.451s] -- Installing: /home/hjh/serial_new0122/install/vision_msg/include/vision_msg/vision_msg/msg/detail/gimble_position__traits.hpp
[4.451s] -- Installing: /home/hjh/serial_new0122/install/vision_msg/include/vision_msg/vision_msg/msg/detail/gimble_position__builder.hpp
[4.451s] -- Installing: /home/hjh/serial_new0122/install/vision_msg/include/vision_msg/vision_msg/msg/detail/selected_id__struct.hpp
[4.451s] -- Installing: /home/hjh/serial_new0122/install/vision_msg/include/vision_msg/vision_msg/msg/detail/detected_id__builder.hpp
[4.451s] -- Installing: /home/hjh/serial_new0122/install/vision_msg/include/vision_msg/vision_msg/msg/detail/detected_id__struct.hpp
[4.452s] -- Installing: /home/hjh/serial_new0122/install/vision_msg/include/vision_msg/vision_msg/msg/detail/selected_id__traits.hpp
[4.452s] -- Installing: /home/hjh/serial_new0122/install/vision_msg/include/vision_msg/vision_msg/msg/rosidl_generator_cpp__visibility_control.hpp
[4.452s] -- Up-to-date: /home/hjh/serial_new0122/install/vision_msg/include/vision_msg/vision_msg
[4.452s] -- Up-to-date: /home/hjh/serial_new0122/install/vision_msg/include/vision_msg/vision_msg/msg
[4.452s] -- Up-to-date: /home/hjh/serial_new0122/install/vision_msg/include/vision_msg/vision_msg/msg/detail
[4.452s] -- Installing: /home/hjh/serial_new0122/install/vision_msg/include/vision_msg/vision_msg/msg/detail/detected_id__rosidl_typesupport_fastrtps_cpp.hpp
[4.452s] -- Installing: /home/hjh/serial_new0122/install/vision_msg/include/vision_msg/vision_msg/msg/detail/dds_fastrtps
[4.452s] -- Installing: /home/hjh/serial_new0122/install/vision_msg/include/vision_msg/vision_msg/msg/detail/selected_id__rosidl_typesupport_fastrtps_cpp.hpp
[4.452s] -- Installing: /home/hjh/serial_new0122/install/vision_msg/include/vision_msg/vision_msg/msg/detail/gimble_position__rosidl_typesupport_fastrtps_cpp.hpp
[4.452s] -- Installing: /home/hjh/serial_new0122/install/vision_msg/include/vision_msg/vision_msg/msg/rosidl_typesupport_fastrtps_cpp__visibility_control.h
[4.452s] -- Installing: /home/hjh/serial_new0122/install/vision_msg/lib/libvision_msg__rosidl_typesupport_fastrtps_cpp.so
[4.453s] -- Set non-toolchain portion of runtime path of "/home/hjh/serial_new0122/install/vision_msg/lib/libvision_msg__rosidl_typesupport_fastrtps_cpp.so" to ""
[4.453s] -- Up-to-date: /home/hjh/serial_new0122/install/vision_msg/include/vision_msg/vision_msg
[4.453s] -- Up-to-date: /home/hjh/serial_new0122/install/vision_msg/include/vision_msg/vision_msg/msg
[4.453s] -- Up-to-date: /home/hjh/serial_new0122/install/vision_msg/include/vision_msg/vision_msg/msg/detail
[4.453s] -- Installing: /home/hjh/serial_new0122/install/vision_msg/include/vision_msg/vision_msg/msg/detail/detected_id__type_support.cpp
[4.453s] -- Installing: /home/hjh/serial_new0122/install/vision_msg/include/vision_msg/vision_msg/msg/detail/gimble_position__type_support.cpp
[4.453s] -- Installing: /home/hjh/serial_new0122/install/vision_msg/include/vision_msg/vision_msg/msg/detail/detected_id__rosidl_typesupport_introspection_cpp.hpp
[4.453s] -- Installing: /home/hjh/serial_new0122/install/vision_msg/include/vision_msg/vision_msg/msg/detail/gimble_position__rosidl_typesupport_introspection_cpp.hpp
[4.453s] -- Installing: /home/hjh/serial_new0122/install/vision_msg/include/vision_msg/vision_msg/msg/detail/selected_id__type_support.cpp
[4.453s] -- Installing: /home/hjh/serial_new0122/install/vision_msg/include/vision_msg/vision_msg/msg/detail/selected_id__rosidl_typesupport_introspection_cpp.hpp
[4.453s] -- Installing: /home/hjh/serial_new0122/install/vision_msg/lib/libvision_msg__rosidl_typesupport_introspection_cpp.so
[4.453s] -- Set non-toolchain portion of runtime path of "/home/hjh/serial_new0122/install/vision_msg/lib/libvision_msg__rosidl_typesupport_introspection_cpp.so" to ""
[4.453s] -- Installing: /home/hjh/serial_new0122/install/vision_msg/lib/libvision_msg__rosidl_typesupport_cpp.so
[4.454s] -- Set non-toolchain portion of runtime path of "/home/hjh/serial_new0122/install/vision_msg/lib/libvision_msg__rosidl_typesupport_cpp.so" to ""
[4.454s] -- Installing: /home/hjh/serial_new0122/install/vision_msg/share/vision_msg/environment/pythonpath.sh
[4.454s] -- Installing: /home/hjh/serial_new0122/install/vision_msg/share/vision_msg/environment/pythonpath.dsv
[4.454s] -- Installing: /home/hjh/serial_new0122/install/vision_msg/local/lib/python3.10/dist-packages/vision_msg-0.0.0-py3.10.egg-info
[4.454s] -- Installing: /home/hjh/serial_new0122/install/vision_msg/local/lib/python3.10/dist-packages/vision_msg-0.0.0-py3.10.egg-info/dependency_links.txt
[4.454s] -- Installing: /home/hjh/serial_new0122/install/vision_msg/local/lib/python3.10/dist-packages/vision_msg-0.0.0-py3.10.egg-info/PKG-INFO
[4.454s] -- Installing: /home/hjh/serial_new0122/install/vision_msg/local/lib/python3.10/dist-packages/vision_msg-0.0.0-py3.10.egg-info/SOURCES.txt
[4.454s] -- Installing: /home/hjh/serial_new0122/install/vision_msg/local/lib/python3.10/dist-packages/vision_msg-0.0.0-py3.10.egg-info/top_level.txt
[4.454s] -- Installing: /home/hjh/serial_new0122/install/vision_msg/local/lib/python3.10/dist-packages/vision_msg
[4.454s] -- Installing: /home/hjh/serial_new0122/install/vision_msg/local/lib/python3.10/dist-packages/vision_msg/vision_msg_s__rosidl_typesupport_c.cpython-310-x86_64-linux-gnu.so
[4.454s] -- Installing: /home/hjh/serial_new0122/install/vision_msg/local/lib/python3.10/dist-packages/vision_msg/_vision_msg_s.ep.rosidl_typesupport_fastrtps_c.c
[4.454s] -- Installing: /home/hjh/serial_new0122/install/vision_msg/local/lib/python3.10/dist-packages/vision_msg/vision_msg_s__rosidl_typesupport_fastrtps_c.cpython-310-x86_64-linux-gnu.so
[4.454s] -- Installing: /home/hjh/serial_new0122/install/vision_msg/local/lib/python3.10/dist-packages/vision_msg/__init__.py
[4.454s] -- Installing: /home/hjh/serial_new0122/install/vision_msg/local/lib/python3.10/dist-packages/vision_msg/libvision_msg__rosidl_generator_py.so
[4.455s] -- Installing: /home/hjh/serial_new0122/install/vision_msg/local/lib/python3.10/dist-packages/vision_msg/_vision_msg_s.ep.rosidl_typesupport_c.c
[4.455s] -- Installing: /home/hjh/serial_new0122/install/vision_msg/local/lib/python3.10/dist-packages/vision_msg/msg
[4.455s] -- Installing: /home/hjh/serial_new0122/install/vision_msg/local/lib/python3.10/dist-packages/vision_msg/msg/_selected_id.py
[4.455s] -- Installing: /home/hjh/serial_new0122/install/vision_msg/local/lib/python3.10/dist-packages/vision_msg/msg/_selected_id_s.c
[4.455s] -- Installing: /home/hjh/serial_new0122/install/vision_msg/local/lib/python3.10/dist-packages/vision_msg/msg/_detected_id.py
[4.455s] -- Installing: /home/hjh/serial_new0122/install/vision_msg/local/lib/python3.10/dist-packages/vision_msg/msg/_gimble_position_s.c
[4.455s] -- Installing: /home/hjh/serial_new0122/install/vision_msg/local/lib/python3.10/dist-packages/vision_msg/msg/__init__.py
[4.455s] -- Installing: /home/hjh/serial_new0122/install/vision_msg/local/lib/python3.10/dist-packages/vision_msg/msg/_gimble_position.py
[4.455s] -- Installing: /home/hjh/serial_new0122/install/vision_msg/local/lib/python3.10/dist-packages/vision_msg/msg/_detected_id_s.c
[4.455s] -- Installing: /home/hjh/serial_new0122/install/vision_msg/local/lib/python3.10/dist-packages/vision_msg/_vision_msg_s.ep.rosidl_typesupport_introspection_c.c
[4.455s] -- Installing: /home/hjh/serial_new0122/install/vision_msg/local/lib/python3.10/dist-packages/vision_msg/vision_msg_s__rosidl_typesupport_introspection_c.cpython-310-x86_64-linux-gnu.so
[4.489s] Listing '/home/hjh/serial_new0122/install/vision_msg/local/lib/python3.10/dist-packages/vision_msg'...
[4.489s] Compiling '/home/hjh/serial_new0122/install/vision_msg/local/lib/python3.10/dist-packages/vision_msg/__init__.py'...
[4.490s] Listing '/home/hjh/serial_new0122/install/vision_msg/local/lib/python3.10/dist-packages/vision_msg/msg'...
[4.490s] Compiling '/home/hjh/serial_new0122/install/vision_msg/local/lib/python3.10/dist-packages/vision_msg/msg/__init__.py'...
[4.490s] Compiling '/home/hjh/serial_new0122/install/vision_msg/local/lib/python3.10/dist-packages/vision_msg/msg/_detected_id.py'...
[4.490s] Compiling '/home/hjh/serial_new0122/install/vision_msg/local/lib/python3.10/dist-packages/vision_msg/msg/_gimble_position.py'...
[4.490s] Compiling '/home/hjh/serial_new0122/install/vision_msg/local/lib/python3.10/dist-packages/vision_msg/msg/_selected_id.py'...
[4.495s] -- Installing: /home/hjh/serial_new0122/install/vision_msg/local/lib/python3.10/dist-packages/vision_msg/vision_msg_s__rosidl_typesupport_fastrtps_c.cpython-310-x86_64-linux-gnu.so
[4.495s] -- Set non-toolchain portion of runtime path of "/home/hjh/serial_new0122/install/vision_msg/local/lib/python3.10/dist-packages/vision_msg/vision_msg_s__rosidl_typesupport_fastrtps_c.cpython-310-x86_64-linux-gnu.so" to ""
[4.495s] -- Installing: /home/hjh/serial_new0122/install/vision_msg/local/lib/python3.10/dist-packages/vision_msg/vision_msg_s__rosidl_typesupport_introspection_c.cpython-310-x86_64-linux-gnu.so
[4.495s] -- Set non-toolchain portion of runtime path of "/home/hjh/serial_new0122/install/vision_msg/local/lib/python3.10/dist-packages/vision_msg/vision_msg_s__rosidl_typesupport_introspection_c.cpython-310-x86_64-linux-gnu.so" to ""
[4.496s] -- Installing: /home/hjh/serial_new0122/install/vision_msg/local/lib/python3.10/dist-packages/vision_msg/vision_msg_s__rosidl_typesupport_c.cpython-310-x86_64-linux-gnu.so
[4.496s] -- Set non-toolchain portion of runtime path of "/home/hjh/serial_new0122/install/vision_msg/local/lib/python3.10/dist-packages/vision_msg/vision_msg_s__rosidl_typesupport_c.cpython-310-x86_64-linux-gnu.so" to ""
[4.496s] -- Installing: /home/hjh/serial_new0122/install/vision_msg/lib/libvision_msg__rosidl_generator_py.so
[4.496s] -- Set non-toolchain portion of runtime path of "/home/hjh/serial_new0122/install/vision_msg/lib/libvision_msg__rosidl_generator_py.so" to ""
[4.497s] -- Installing: /home/hjh/serial_new0122/install/vision_msg/share/vision_msg/msg/GimblePosition.idl
[4.497s] -- Installing: /home/hjh/serial_new0122/install/vision_msg/share/vision_msg/msg/DetectedId.idl
[4.497s] -- Installing: /home/hjh/serial_new0122/install/vision_msg/share/vision_msg/msg/SelectedId.idl
[4.497s] -- Installing: /home/hjh/serial_new0122/install/vision_msg/share/vision_msg/msg/GimblePosition.msg
[4.497s] -- Installing: /home/hjh/serial_new0122/install/vision_msg/share/vision_msg/msg/DetectedId.msg
[4.497s] -- Installing: /home/hjh/serial_new0122/install/vision_msg/share/vision_msg/msg/SelectedId.msg
[4.497s] -- Installing: /home/hjh/serial_new0122/install/vision_msg/share/ament_index/resource_index/package_run_dependencies/vision_msg
[4.498s] -- Installing: /home/hjh/serial_new0122/install/vision_msg/share/ament_index/resource_index/parent_prefix_path/vision_msg
[4.498s] -- Installing: /home/hjh/serial_new0122/install/vision_msg/share/vision_msg/environment/ament_prefix_path.sh
[4.498s] -- Installing: /home/hjh/serial_new0122/install/vision_msg/share/vision_msg/environment/ament_prefix_path.dsv
[4.498s] -- Installing: /home/hjh/serial_new0122/install/vision_msg/share/vision_msg/environment/path.sh
[4.498s] -- Installing: /home/hjh/serial_new0122/install/vision_msg/share/vision_msg/environment/path.dsv
[4.498s] -- Installing: /home/hjh/serial_new0122/install/vision_msg/share/vision_msg/local_setup.bash
[4.498s] -- Installing: /home/hjh/serial_new0122/install/vision_msg/share/vision_msg/local_setup.sh
[4.498s] -- Installing: /home/hjh/serial_new0122/install/vision_msg/share/vision_msg/local_setup.zsh
[4.498s] -- Installing: /home/hjh/serial_new0122/install/vision_msg/share/vision_msg/local_setup.dsv
[4.499s] -- Installing: /home/hjh/serial_new0122/install/vision_msg/share/vision_msg/package.dsv
[4.499s] -- Installing: /home/hjh/serial_new0122/install/vision_msg/share/ament_index/resource_index/packages/vision_msg
[4.499s] -- Installing: /home/hjh/serial_new0122/install/vision_msg/share/vision_msg/cmake/export_vision_msg__rosidl_generator_cExport.cmake
[4.499s] -- Installing: /home/hjh/serial_new0122/install/vision_msg/share/vision_msg/cmake/export_vision_msg__rosidl_generator_cExport-noconfig.cmake
[4.499s] -- Installing: /home/hjh/serial_new0122/install/vision_msg/share/vision_msg/cmake/export_vision_msg__rosidl_typesupport_fastrtps_cExport.cmake
[4.499s] -- Installing: /home/hjh/serial_new0122/install/vision_msg/share/vision_msg/cmake/export_vision_msg__rosidl_typesupport_fastrtps_cExport-noconfig.cmake
[4.499s] -- Installing: /home/hjh/serial_new0122/install/vision_msg/share/vision_msg/cmake/vision_msg__rosidl_typesupport_introspection_cExport.cmake
[4.500s] -- Installing: /home/hjh/serial_new0122/install/vision_msg/share/vision_msg/cmake/vision_msg__rosidl_typesupport_introspection_cExport-noconfig.cmake
[4.500s] -- Installing: /home/hjh/serial_new0122/install/vision_msg/share/vision_msg/cmake/vision_msg__rosidl_typesupport_cExport.cmake
[4.500s] -- Installing: /home/hjh/serial_new0122/install/vision_msg/share/vision_msg/cmake/vision_msg__rosidl_typesupport_cExport-noconfig.cmake
[4.500s] -- Installing: /home/hjh/serial_new0122/install/vision_msg/share/vision_msg/cmake/export_vision_msg__rosidl_generator_cppExport.cmake
[4.500s] -- Installing: /home/hjh/serial_new0122/install/vision_msg/share/vision_msg/cmake/export_vision_msg__rosidl_typesupport_fastrtps_cppExport.cmake
[4.500s] -- Installing: /home/hjh/serial_new0122/install/vision_msg/share/vision_msg/cmake/export_vision_msg__rosidl_typesupport_fastrtps_cppExport-noconfig.cmake
[4.500s] -- Installing: /home/hjh/serial_new0122/install/vision_msg/share/vision_msg/cmake/vision_msg__rosidl_typesupport_introspection_cppExport.cmake
[4.501s] -- Installing: /home/hjh/serial_new0122/install/vision_msg/share/vision_msg/cmake/vision_msg__rosidl_typesupport_introspection_cppExport-noconfig.cmake
[4.501s] -- Installing: /home/hjh/serial_new0122/install/vision_msg/share/vision_msg/cmake/vision_msg__rosidl_typesupport_cppExport.cmake
[4.501s] -- Installing: /home/hjh/serial_new0122/install/vision_msg/share/vision_msg/cmake/vision_msg__rosidl_typesupport_cppExport-noconfig.cmake
[4.501s] -- Installing: /home/hjh/serial_new0122/install/vision_msg/share/vision_msg/cmake/export_vision_msg__rosidl_generator_pyExport.cmake
[4.501s] -- Installing: /home/hjh/serial_new0122/install/vision_msg/share/vision_msg/cmake/export_vision_msg__rosidl_generator_pyExport-noconfig.cmake
[4.501s] -- Installing: /home/hjh/serial_new0122/install/vision_msg/share/vision_msg/cmake/rosidl_cmake-extras.cmake
[4.501s] -- Installing: /home/hjh/serial_new0122/install/vision_msg/share/vision_msg/cmake/ament_cmake_export_dependencies-extras.cmake
[4.501s] -- Installing: /home/hjh/serial_new0122/install/vision_msg/share/vision_msg/cmake/ament_cmake_export_include_directories-extras.cmake
[4.502s] -- Installing: /home/hjh/serial_new0122/install/vision_msg/share/vision_msg/cmake/ament_cmake_export_libraries-extras.cmake
[4.502s] -- Installing: /home/hjh/serial_new0122/install/vision_msg/share/vision_msg/cmake/ament_cmake_export_targets-extras.cmake
[4.502s] -- Installing: /home/hjh/serial_new0122/install/vision_msg/share/vision_msg/cmake/rosidl_cmake_export_typesupport_targets-extras.cmake
[4.502s] -- Installing: /home/hjh/serial_new0122/install/vision_msg/share/vision_msg/cmake/rosidl_cmake_export_typesupport_libraries-extras.cmake
[4.502s] -- Installing: /home/hjh/serial_new0122/install/vision_msg/share/vision_msg/cmake/vision_msgConfig.cmake
[4.502s] -- Installing: /home/hjh/serial_new0122/install/vision_msg/share/vision_msg/cmake/vision_msgConfig-version.cmake
[4.502s] -- Installing: /home/hjh/serial_new0122/install/vision_msg/share/vision_msg/package.xml
[4.505s] Invoked command in '/home/hjh/serial_new0122/build/vision_msg' returned '0': CMAKE_PREFIX_PATH=/opt/ros/humble /usr/bin/cmake --install /home/hjh/serial_new0122/build/vision_msg
