[0.008s] Invoking command in '/home/hjh/serial_new0122/build/def_msg': CMAKE_PREFIX_PATH=/opt/ros/humble /usr/bin/cmake /home/hjh/serial_new0122/serial/def_msg -DCMAKE_INSTALL_PREFIX=/home/hjh/serial_new0122/install/def_msg
[0.011s] [0mCMake Deprecation Warning at CMakeLists.txt:1 (cmake_minimum_required):
[0.011s]   Compatibility with CMake < 3.10 will be removed from a future version of
[0.011s]   CMake.
[0.011s] 
[0.012s]   Update the VERSION argument <min> value.  Or, use the <min>...<max> syntax
[0.012s]   to tell CMake that the project requires at least <min> but has been updated
[0.012s]   to work with policies introduced by <max> or earlier.
[0.012s] 
[0.012s] [0m
[0.063s] -- The C compiler identification is GNU 11.4.0
[0.116s] -- The CXX compiler identification is GNU 11.4.0
[0.121s] -- Detecting C compiler ABI info
[0.188s] -- Detecting C compiler ABI info - done
[0.199s] -- Check for working C compiler: /usr/bin/cc - skipped
[0.199s] -- Detecting C compile features
[0.200s] -- Detecting C compile features - done
[0.214s] -- Detecting CXX compiler ABI info
[0.302s] -- Detecting CXX compiler ABI info - done
[0.323s] -- Check for working CXX compiler: /usr/bin/c++ - skipped
[0.324s] -- Detecting CXX compile features
[0.324s] -- Detecting CXX compile features - done
[0.336s] -- Found ament_cmake: 1.3.11 (/opt/ros/humble/share/ament_cmake/cmake)
[0.438s] -- Found Python3: /usr/bin/python3 (found version "3.10.12") found components: Interpreter
[0.510s] -- Found std_msgs: 4.2.4 (/opt/ros/humble/share/std_msgs/cmake)
[0.539s] -- Found rosidl_generator_c: 3.1.6 (/opt/ros/humble/share/rosidl_generator_c/cmake)
[0.543s] -- Found rosidl_adapter: 3.1.6 (/opt/ros/humble/share/rosidl_adapter/cmake)
[0.550s] -- Found rosidl_generator_cpp: 3.1.6 (/opt/ros/humble/share/rosidl_generator_cpp/cmake)
[0.559s] -- Using all available rosidl_typesupport_c: rosidl_typesupport_fastrtps_c;rosidl_typesupport_introspection_c
[0.573s] -- Using all available rosidl_typesupport_cpp: rosidl_typesupport_fastrtps_cpp;rosidl_typesupport_introspection_cpp
[0.595s] -- Found rosidl_default_generators: 1.2.0 (/opt/ros/humble/share/rosidl_default_generators/cmake)
[0.602s] -- Found ament_lint_auto: 0.12.11 (/opt/ros/humble/share/ament_lint_auto/cmake)
[0.972s] -- Found ament_cmake_ros: 0.10.0 (/opt/ros/humble/share/ament_cmake_ros/cmake)
[1.532s] -- Using all available rosidl_typesupport_c: rosidl_typesupport_fastrtps_c;rosidl_typesupport_introspection_c
[1.754s] -- Using all available rosidl_typesupport_cpp: rosidl_typesupport_fastrtps_cpp;rosidl_typesupport_introspection_cpp
[1.756s] [33mCMake Warning (dev) at /opt/ros/humble/share/rosidl_generator_py/cmake/rosidl_generator_py_generate_interfaces.cmake:20 (find_package):
[1.756s]   Policy CMP0148 is not set: The FindPythonInterp and FindPythonLibs modules
[1.756s]   are removed.  Run "cmake --help-policy CMP0148" for policy details.  Use
[1.756s]   the cmake_policy command to set the policy and suppress this warning.
[1.756s] 
[1.756s] Call Stack (most recent call first):
[1.756s]   /opt/ros/humble/share/ament_cmake_core/cmake/core/ament_execute_extensions.cmake:48 (include)
[1.756s]   /opt/ros/humble/share/rosidl_cmake/cmake/rosidl_generate_interfaces.cmake:286 (ament_execute_extensions)
[1.756s]   CMakeLists.txt:28 (rosidl_generate_interfaces)
[1.756s] This warning is for project developers.  Use -Wno-dev to suppress it.
[1.756s] [0m
[1.770s] -- Found PythonInterp: /usr/bin/python3 (found suitable version "3.10.12", minimum required is "3.6")
[1.772s] -- Found python_cmake_module: 0.10.0 (/opt/ros/humble/share/python_cmake_module/cmake)
[1.772s] [33mCMake Warning (dev) at /opt/ros/humble/share/python_cmake_module/cmake/Modules/FindPythonExtra.cmake:52 (find_package):
[1.772s]   Policy CMP0148 is not set: The FindPythonInterp and FindPythonLibs modules
[1.772s]   are removed.  Run "cmake --help-policy CMP0148" for policy details.  Use
[1.773s]   the cmake_policy command to set the policy and suppress this warning.
[1.773s] 
[1.773s] Call Stack (most recent call first):
[1.773s]   /opt/ros/humble/share/rosidl_generator_py/cmake/rosidl_generator_py_generate_interfaces.cmake:23 (find_package)
[1.773s]   /opt/ros/humble/share/ament_cmake_core/cmake/core/ament_execute_extensions.cmake:48 (include)
[1.773s]   /opt/ros/humble/share/rosidl_cmake/cmake/rosidl_generate_interfaces.cmake:286 (ament_execute_extensions)
[1.773s]   CMakeLists.txt:28 (rosidl_generate_interfaces)
[1.773s] This warning is for project developers.  Use -Wno-dev to suppress it.
[1.773s] [0m
[1.791s] [33mCMake Warning (dev) at /opt/ros/humble/share/python_cmake_module/cmake/Modules/FindPythonExtra.cmake:140 (find_package):
[1.791s]   Policy CMP0148 is not set: The FindPythonInterp and FindPythonLibs modules
[1.792s]   are removed.  Run "cmake --help-policy CMP0148" for policy details.  Use
[1.792s]   the cmake_policy command to set the policy and suppress this warning.
[1.792s] 
[1.792s] Call Stack (most recent call first):
[1.792s]   /opt/ros/humble/share/rosidl_generator_py/cmake/rosidl_generator_py_generate_interfaces.cmake:23 (find_package)
[1.792s]   /opt/ros/humble/share/ament_cmake_core/cmake/core/ament_execute_extensions.cmake:48 (include)
[1.792s]   /opt/ros/humble/share/rosidl_cmake/cmake/rosidl_generate_interfaces.cmake:286 (ament_execute_extensions)
[1.792s]   CMakeLists.txt:28 (rosidl_generate_interfaces)
[1.792s] This warning is for project developers.  Use -Wno-dev to suppress it.
[1.792s] [0m
[1.799s] -- Found PythonLibs: /usr/lib/x86_64-linux-gnu/libpython3.10.so (found suitable version "3.10.12", minimum required is "3.5")
[1.799s] -- Using PYTHON_EXECUTABLE: /usr/bin/python3
[1.799s] -- Using PYTHON_INCLUDE_DIRS: /usr/include/python3.10
[1.799s] -- Using PYTHON_LIBRARIES: /usr/lib/x86_64-linux-gnu/libpython3.10.so
[1.816s] -- Found PythonExtra: .so
[1.853s] -- Added test 'lint_cmake' to check CMake code style
[1.854s] -- Added test 'xmllint' to check XML markup files
[1.856s] -- Configuring done (1.8s)
[1.890s] -- Generating done (0.0s)
[1.897s] -- Build files have been written to: /home/hjh/serial_new0122/build/def_msg
[1.904s] Invoked command in '/home/hjh/serial_new0122/build/def_msg' returned '0': CMAKE_PREFIX_PATH=/opt/ros/humble /usr/bin/cmake /home/hjh/serial_new0122/serial/def_msg -DCMAKE_INSTALL_PREFIX=/home/hjh/serial_new0122/install/def_msg
[1.906s] Invoking command in '/home/hjh/serial_new0122/build/def_msg': CMAKE_PREFIX_PATH=/opt/ros/humble /usr/bin/cmake --build /home/hjh/serial_new0122/build/def_msg -- -j16 -l16
[1.932s] [  1%] [1m[34mGenerating C code for ROS interfaces[0m
[1.939s] [  2%] [1m[34mGenerating C++ code for ROS interfaces[0m
[1.941s] [  2%] Built target ament_cmake_python_copy_def_msg
[2.099s] running egg_info
[2.100s] creating def_msg.egg-info
[2.100s] writing def_msg.egg-info/PKG-INFO
[2.100s] writing dependency_links to def_msg.egg-info/dependency_links.txt
[2.100s] writing top-level names to def_msg.egg-info/top_level.txt
[2.100s] writing manifest file 'def_msg.egg-info/SOURCES.txt'
[2.101s] reading manifest file 'def_msg.egg-info/SOURCES.txt'
[2.102s] writing manifest file 'def_msg.egg-info/SOURCES.txt'
[2.118s] [  2%] Built target ament_cmake_python_build_def_msg_egg
[2.570s] [  5%] [32mBuilding C object CMakeFiles/def_msg__rosidl_generator_c.dir/rosidl_generator_c/def_msg/msg/detail/em_control__functions.c.o[0m
[2.570s] [  5%] [32mBuilding C object CMakeFiles/def_msg__rosidl_generator_c.dir/rosidl_generator_c/def_msg/msg/detail/common_control__functions.c.o[0m
[2.570s] [  5%] [32mBuilding C object CMakeFiles/def_msg__rosidl_generator_c.dir/rosidl_generator_c/def_msg/msg/detail/gimble_control__functions.c.o[0m
[2.570s] [  6%] [32mBuilding C object CMakeFiles/def_msg__rosidl_generator_c.dir/rosidl_generator_c/def_msg/srv/detail/controller_mode_set__functions.c.o[0m
[2.570s] [  8%] [32mBuilding C object CMakeFiles/def_msg__rosidl_generator_c.dir/rosidl_generator_c/def_msg/msg/detail/gimble_position__functions.c.o[0m
[2.570s] [  9%] [32mBuilding C object CMakeFiles/def_msg__rosidl_generator_c.dir/rosidl_generator_c/def_msg/msg/detail/gobal_information__functions.c.o[0m
[2.573s] [ 10%] [32mBuilding C object CMakeFiles/def_msg__rosidl_generator_c.dir/rosidl_generator_c/def_msg/srv/detail/heart_beat__functions.c.o[0m
[2.593s] [ 11%] [32mBuilding C object CMakeFiles/def_msg__rosidl_generator_c.dir/rosidl_generator_c/def_msg/action/detail/nav_pose__functions.c.o[0m
[2.688s] [ 11%] Built target def_msg__cpp
[2.689s] [ 13%] [1m[34mGenerating C++ type support dispatch for ROS interfaces[0m
[2.689s] [ 13%] [1m[34mGenerating C++ type support for eProsima Fast-RTPS[0m
[2.690s] [ 14%] [1m[34mGenerating C++ introspection for ROS interfaces[0m
[2.756s] [ 16%] [1m[32mLinking C shared library libdef_msg__rosidl_generator_c.so[0m
[2.791s] [ 16%] Built target def_msg__rosidl_generator_c
[2.797s] [ 17%] [1m[34mGenerating C type support for eProsima Fast-RTPS[0m
[2.799s] [ 18%] [1m[34mGenerating C type support dispatch for ROS interfaces[0m
[2.799s] [ 19%] [1m[34mGenerating C introspection for ROS interfaces[0m
[3.193s] [ 21%] [32mBuilding CXX object CMakeFiles/def_msg__rosidl_typesupport_cpp.dir/rosidl_typesupport_cpp/def_msg/msg/em_control__type_support.cpp.o[0m
[3.193s] [ 24%] [32mBuilding CXX object CMakeFiles/def_msg__rosidl_typesupport_cpp.dir/rosidl_typesupport_cpp/def_msg/msg/gobal_information__type_support.cpp.o[0m
[3.193s] [ 24%] [32mBuilding CXX object CMakeFiles/def_msg__rosidl_typesupport_cpp.dir/rosidl_typesupport_cpp/def_msg/msg/gimble_position__type_support.cpp.o[0m
[3.193s] [ 22%] [32mBuilding CXX object CMakeFiles/def_msg__rosidl_typesupport_cpp.dir/rosidl_typesupport_cpp/def_msg/msg/common_control__type_support.cpp.o[0m
[3.194s] [ 25%] [32mBuilding CXX object CMakeFiles/def_msg__rosidl_typesupport_cpp.dir/rosidl_typesupport_cpp/def_msg/msg/gimble_control__type_support.cpp.o[0m
[3.194s] [ 27%] [32mBuilding CXX object CMakeFiles/def_msg__rosidl_typesupport_cpp.dir/rosidl_typesupport_cpp/def_msg/srv/heart_beat__type_support.cpp.o[0m
[3.194s] [ 27%] [32mBuilding CXX object CMakeFiles/def_msg__rosidl_typesupport_cpp.dir/rosidl_typesupport_cpp/def_msg/action/nav_pose__type_support.cpp.o[0m
[3.194s] [ 28%] [32mBuilding CXX object CMakeFiles/def_msg__rosidl_typesupport_cpp.dir/rosidl_typesupport_cpp/def_msg/srv/controller_mode_set__type_support.cpp.o[0m
[3.269s] [ 29%] [32mBuilding CXX object CMakeFiles/def_msg__rosidl_typesupport_c.dir/rosidl_typesupport_c/def_msg/msg/gobal_information__type_support.cpp.o[0m
[3.269s] [ 31%] [32mBuilding CXX object CMakeFiles/def_msg__rosidl_typesupport_c.dir/rosidl_typesupport_c/def_msg/msg/common_control__type_support.cpp.o[0m
[3.269s] [ 32%] [32mBuilding CXX object CMakeFiles/def_msg__rosidl_typesupport_c.dir/rosidl_typesupport_c/def_msg/msg/em_control__type_support.cpp.o[0m
[3.269s] [ 33%] [32mBuilding CXX object CMakeFiles/def_msg__rosidl_typesupport_c.dir/rosidl_typesupport_c/def_msg/msg/gimble_control__type_support.cpp.o[0m
[3.295s] [ 34%] [32mBuilding CXX object CMakeFiles/def_msg__rosidl_typesupport_c.dir/rosidl_typesupport_c/def_msg/msg/gimble_position__type_support.cpp.o[0m
[3.305s] [ 35%] [32mBuilding CXX object CMakeFiles/def_msg__rosidl_typesupport_c.dir/rosidl_typesupport_c/def_msg/srv/controller_mode_set__type_support.cpp.o[0m
[3.316s] [ 36%] [32mBuilding CXX object CMakeFiles/def_msg__rosidl_typesupport_c.dir/rosidl_typesupport_c/def_msg/srv/heart_beat__type_support.cpp.o[0m
[3.326s] [ 37%] [32mBuilding CXX object CMakeFiles/def_msg__rosidl_typesupport_c.dir/rosidl_typesupport_c/def_msg/action/nav_pose__type_support.cpp.o[0m
[3.384s] [ 39%] [1m[32mLinking CXX shared library libdef_msg__rosidl_typesupport_c.so[0m
[3.419s] [ 39%] Built target def_msg__rosidl_typesupport_c
[3.472s] [ 40%] [32mBuilding CXX object CMakeFiles/def_msg__rosidl_typesupport_fastrtps_cpp.dir/rosidl_typesupport_fastrtps_cpp/def_msg/msg/detail/dds_fastrtps/gimble_position__type_support.cpp.o[0m
[3.472s] [ 41%] [32mBuilding CXX object CMakeFiles/def_msg__rosidl_typesupport_fastrtps_cpp.dir/rosidl_typesupport_fastrtps_cpp/def_msg/msg/detail/dds_fastrtps/gimble_control__type_support.cpp.o[0m
[3.472s] [ 42%] [32mBuilding CXX object CMakeFiles/def_msg__rosidl_typesupport_fastrtps_cpp.dir/rosidl_typesupport_fastrtps_cpp/def_msg/msg/detail/dds_fastrtps/gobal_information__type_support.cpp.o[0m
[3.472s] [ 43%] [32mBuilding CXX object CMakeFiles/def_msg__rosidl_typesupport_fastrtps_cpp.dir/rosidl_typesupport_fastrtps_cpp/def_msg/srv/detail/dds_fastrtps/controller_mode_set__type_support.cpp.o[0m
[3.472s] [ 44%] [32mBuilding CXX object CMakeFiles/def_msg__rosidl_typesupport_fastrtps_cpp.dir/rosidl_typesupport_fastrtps_cpp/def_msg/msg/detail/dds_fastrtps/em_control__type_support.cpp.o[0m
[3.473s] [ 45%] [32mBuilding CXX object CMakeFiles/def_msg__rosidl_typesupport_fastrtps_cpp.dir/rosidl_typesupport_fastrtps_cpp/def_msg/msg/detail/dds_fastrtps/common_control__type_support.cpp.o[0m
[3.473s] [ 48%] [32mBuilding CXX object CMakeFiles/def_msg__rosidl_typesupport_fastrtps_cpp.dir/rosidl_typesupport_fastrtps_cpp/def_msg/srv/detail/dds_fastrtps/heart_beat__type_support.cpp.o[0m
[3.473s] [ 48%] [32mBuilding CXX object CMakeFiles/def_msg__rosidl_typesupport_fastrtps_cpp.dir/rosidl_typesupport_fastrtps_cpp/def_msg/action/detail/dds_fastrtps/nav_pose__type_support.cpp.o[0m
[3.558s] [ 50%] [32mBuilding C object CMakeFiles/def_msg__rosidl_typesupport_introspection_c.dir/rosidl_typesupport_introspection_c/def_msg/msg/detail/gobal_information__type_support.c.o[0m
[3.558s] [ 50%] [32mBuilding C object CMakeFiles/def_msg__rosidl_typesupport_introspection_c.dir/rosidl_typesupport_introspection_c/def_msg/msg/detail/gimble_control__type_support.c.o[0m
[3.558s] [ 51%] [32mBuilding C object CMakeFiles/def_msg__rosidl_typesupport_introspection_c.dir/rosidl_typesupport_introspection_c/def_msg/msg/detail/common_control__type_support.c.o[0m
[3.560s] [ 52%] [32mBuilding C object CMakeFiles/def_msg__rosidl_typesupport_introspection_c.dir/rosidl_typesupport_introspection_c/def_msg/msg/detail/em_control__type_support.c.o[0m
[3.560s] [ 54%] [32mBuilding C object CMakeFiles/def_msg__rosidl_typesupport_introspection_c.dir/rosidl_typesupport_introspection_c/def_msg/msg/detail/gimble_position__type_support.c.o[0m
[3.563s] [ 55%] [32mBuilding CXX object CMakeFiles/def_msg__rosidl_typesupport_introspection_cpp.dir/rosidl_typesupport_introspection_cpp/def_msg/msg/detail/gobal_information__type_support.cpp.o[0m
[3.597s] [ 56%] [32mBuilding C object CMakeFiles/def_msg__rosidl_typesupport_introspection_c.dir/rosidl_typesupport_introspection_c/def_msg/srv/detail/controller_mode_set__type_support.c.o[0m
[3.598s] [ 57%] [32mBuilding CXX object CMakeFiles/def_msg__rosidl_typesupport_introspection_cpp.dir/rosidl_typesupport_introspection_cpp/def_msg/msg/detail/gimble_control__type_support.cpp.o[0m
[3.599s] [ 58%] [32mBuilding CXX object CMakeFiles/def_msg__rosidl_typesupport_introspection_cpp.dir/rosidl_typesupport_introspection_cpp/def_msg/msg/detail/common_control__type_support.cpp.o[0m
[3.602s] [ 59%] [32mBuilding CXX object CMakeFiles/def_msg__rosidl_typesupport_introspection_cpp.dir/rosidl_typesupport_introspection_cpp/def_msg/msg/detail/em_control__type_support.cpp.o[0m
[3.610s] [ 60%] [32mBuilding C object CMakeFiles/def_msg__rosidl_typesupport_introspection_c.dir/rosidl_typesupport_introspection_c/def_msg/srv/detail/heart_beat__type_support.c.o[0m
[3.644s] [ 62%] [32mBuilding C object CMakeFiles/def_msg__rosidl_typesupport_introspection_c.dir/rosidl_typesupport_introspection_c/def_msg/action/detail/nav_pose__type_support.c.o[0m
[3.647s] [ 63%] [32mBuilding CXX object CMakeFiles/def_msg__rosidl_typesupport_introspection_cpp.dir/rosidl_typesupport_introspection_cpp/def_msg/msg/detail/gimble_position__type_support.cpp.o[0m
[3.729s] [ 64%] [1m[32mLinking C shared library libdef_msg__rosidl_typesupport_introspection_c.so[0m
[3.755s] [ 65%] [1m[32mLinking CXX shared library libdef_msg__rosidl_typesupport_cpp.so[0m
[3.765s] [ 65%] Built target def_msg__rosidl_typesupport_introspection_c
[3.769s] [ 66%] [32mBuilding CXX object CMakeFiles/def_msg__rosidl_typesupport_introspection_cpp.dir/rosidl_typesupport_introspection_cpp/def_msg/srv/detail/controller_mode_set__type_support.cpp.o[0m
[3.820s] [ 66%] Built target def_msg__rosidl_typesupport_cpp
[3.827s] [ 67%] [32mBuilding CXX object CMakeFiles/def_msg__rosidl_typesupport_introspection_cpp.dir/rosidl_typesupport_introspection_cpp/def_msg/srv/detail/heart_beat__type_support.cpp.o[0m
[3.852s] [ 68%] [32mBuilding CXX object CMakeFiles/def_msg__rosidl_typesupport_introspection_cpp.dir/rosidl_typesupport_introspection_cpp/def_msg/action/detail/nav_pose__type_support.cpp.o[0m
[3.909s] [ 70%] [32mBuilding CXX object CMakeFiles/def_msg__rosidl_typesupport_fastrtps_c.dir/rosidl_typesupport_fastrtps_c/def_msg/msg/detail/gobal_information__type_support_c.cpp.o[0m
[3.909s] [ 71%] [32mBuilding CXX object CMakeFiles/def_msg__rosidl_typesupport_fastrtps_c.dir/rosidl_typesupport_fastrtps_c/def_msg/msg/detail/gimble_control__type_support_c.cpp.o[0m
[3.912s] [ 72%] [32mBuilding CXX object CMakeFiles/def_msg__rosidl_typesupport_fastrtps_c.dir/rosidl_typesupport_fastrtps_c/def_msg/msg/detail/common_control__type_support_c.cpp.o[0m
[3.952s] [ 73%] [32mBuilding CXX object CMakeFiles/def_msg__rosidl_typesupport_fastrtps_c.dir/rosidl_typesupport_fastrtps_c/def_msg/msg/detail/em_control__type_support_c.cpp.o[0m
[3.964s] [ 74%] [32mBuilding CXX object CMakeFiles/def_msg__rosidl_typesupport_fastrtps_c.dir/rosidl_typesupport_fastrtps_c/def_msg/msg/detail/gimble_position__type_support_c.cpp.o[0m
[3.973s] [ 75%] [32mBuilding CXX object CMakeFiles/def_msg__rosidl_typesupport_fastrtps_c.dir/rosidl_typesupport_fastrtps_c/def_msg/srv/detail/controller_mode_set__type_support_c.cpp.o[0m
[3.982s] [ 77%] [32mBuilding CXX object CMakeFiles/def_msg__rosidl_typesupport_fastrtps_c.dir/rosidl_typesupport_fastrtps_c/def_msg/srv/detail/heart_beat__type_support_c.cpp.o[0m
[3.982s] [ 78%] [32mBuilding CXX object CMakeFiles/def_msg__rosidl_typesupport_fastrtps_c.dir/rosidl_typesupport_fastrtps_c/def_msg/action/detail/nav_pose__type_support_c.cpp.o[0m
[4.085s] [ 79%] [1m[32mLinking CXX shared library libdef_msg__rosidl_typesupport_fastrtps_cpp.so[0m
[4.174s] [ 79%] Built target def_msg__rosidl_typesupport_fastrtps_cpp
[4.335s] [ 80%] [1m[32mLinking CXX shared library libdef_msg__rosidl_typesupport_introspection_cpp.so[0m
[4.391s] [ 80%] Built target def_msg__rosidl_typesupport_introspection_cpp
[4.446s] [ 81%] [1m[32mLinking CXX shared library libdef_msg__rosidl_typesupport_fastrtps_c.so[0m
[4.501s] [ 81%] Built target def_msg__rosidl_typesupport_fastrtps_c
[4.513s] [ 81%] Built target def_msg
[4.529s] [ 82%] [1m[34mGenerating Python code for ROS interfaces[0m
[5.564s] [ 82%] Built target def_msg__py
[5.577s] [ 83%] [32mBuilding C object CMakeFiles/def_msg__rosidl_generator_py.dir/rosidl_generator_py/def_msg/msg/_gimble_position_s.c.o[0m
[5.577s] [ 85%] [32mBuilding C object CMakeFiles/def_msg__rosidl_generator_py.dir/rosidl_generator_py/def_msg/msg/_gobal_information_s.c.o[0m
[5.577s] [ 87%] [32mBuilding C object CMakeFiles/def_msg__rosidl_generator_py.dir/rosidl_generator_py/def_msg/srv/_controller_mode_set_s.c.o[0m
[5.578s] [ 87%] [32mBuilding C object CMakeFiles/def_msg__rosidl_generator_py.dir/rosidl_generator_py/def_msg/msg/_gimble_control_s.c.o[0m
[5.578s] [ 88%] [32mBuilding C object CMakeFiles/def_msg__rosidl_generator_py.dir/rosidl_generator_py/def_msg/msg/_common_control_s.c.o[0m
[5.578s] [ 89%] [32mBuilding C object CMakeFiles/def_msg__rosidl_generator_py.dir/rosidl_generator_py/def_msg/msg/_em_control_s.c.o[0m
[5.579s] [ 90%] [32mBuilding C object CMakeFiles/def_msg__rosidl_generator_py.dir/rosidl_generator_py/def_msg/action/_nav_pose_s.c.o[0m
[5.579s] [ 91%] [32mBuilding C object CMakeFiles/def_msg__rosidl_generator_py.dir/rosidl_generator_py/def_msg/srv/_heart_beat_s.c.o[0m
[5.726s] [ 93%] [1m[32mLinking C shared library rosidl_generator_py/def_msg/libdef_msg__rosidl_generator_py.so[0m
[5.763s] [ 93%] Built target def_msg__rosidl_generator_py
[5.780s] [ 94%] [32mBuilding C object CMakeFiles/def_msg__rosidl_typesupport_c__pyext.dir/rosidl_generator_py/def_msg/_def_msg_s.ep.rosidl_typesupport_c.c.o[0m
[5.781s] [ 95%] [32mBuilding C object CMakeFiles/def_msg__rosidl_typesupport_fastrtps_c__pyext.dir/rosidl_generator_py/def_msg/_def_msg_s.ep.rosidl_typesupport_fastrtps_c.c.o[0m
[5.781s] [ 96%] [32mBuilding C object CMakeFiles/def_msg__rosidl_typesupport_introspection_c__pyext.dir/rosidl_generator_py/def_msg/_def_msg_s.ep.rosidl_typesupport_introspection_c.c.o[0m
[5.880s] [ 97%] [1m[32mLinking C shared library rosidl_generator_py/def_msg/def_msg_s__rosidl_typesupport_introspection_c.cpython-310-x86_64-linux-gnu.so[0m
[5.880s] [ 98%] [1m[32mLinking C shared library rosidl_generator_py/def_msg/def_msg_s__rosidl_typesupport_c.cpython-310-x86_64-linux-gnu.so[0m
[5.880s] [100%] [1m[32mLinking C shared library rosidl_generator_py/def_msg/def_msg_s__rosidl_typesupport_fastrtps_c.cpython-310-x86_64-linux-gnu.so[0m
[5.908s] [100%] Built target def_msg__rosidl_typesupport_c__pyext
[5.908s] [100%] Built target def_msg__rosidl_typesupport_introspection_c__pyext
[5.910s] [100%] Built target def_msg__rosidl_typesupport_fastrtps_c__pyext
[5.917s] Invoked command in '/home/hjh/serial_new0122/build/def_msg' returned '0': CMAKE_PREFIX_PATH=/opt/ros/humble /usr/bin/cmake --build /home/hjh/serial_new0122/build/def_msg -- -j16 -l16
[5.919s] Invoking command in '/home/hjh/serial_new0122/build/def_msg': CMAKE_PREFIX_PATH=/opt/ros/humble /usr/bin/cmake --install /home/hjh/serial_new0122/build/def_msg
[5.923s] -- Install configuration: ""
[5.923s] -- Installing: /home/hjh/serial_new0122/install/def_msg/share/ament_index/resource_index/rosidl_interfaces/def_msg
[5.923s] -- Installing: /home/hjh/serial_new0122/install/def_msg/include/def_msg/def_msg
[5.923s] -- Installing: /home/hjh/serial_new0122/install/def_msg/include/def_msg/def_msg/srv
[5.923s] -- Installing: /home/hjh/serial_new0122/install/def_msg/include/def_msg/def_msg/srv/detail
[5.923s] -- Installing: /home/hjh/serial_new0122/install/def_msg/include/def_msg/def_msg/srv/detail/controller_mode_set__functions.h
[5.923s] -- Installing: /home/hjh/serial_new0122/install/def_msg/include/def_msg/def_msg/srv/detail/controller_mode_set__struct.h
[5.924s] -- Installing: /home/hjh/serial_new0122/install/def_msg/include/def_msg/def_msg/srv/detail/heart_beat__functions.h
[5.924s] -- Installing: /home/hjh/serial_new0122/install/def_msg/include/def_msg/def_msg/srv/detail/controller_mode_set__type_support.h
[5.924s] -- Installing: /home/hjh/serial_new0122/install/def_msg/include/def_msg/def_msg/srv/detail/controller_mode_set__functions.c
[5.924s] -- Installing: /home/hjh/serial_new0122/install/def_msg/include/def_msg/def_msg/srv/detail/heart_beat__struct.h
[5.924s] -- Installing: /home/hjh/serial_new0122/install/def_msg/include/def_msg/def_msg/srv/detail/heart_beat__functions.c
[5.924s] -- Installing: /home/hjh/serial_new0122/install/def_msg/include/def_msg/def_msg/srv/detail/heart_beat__type_support.h
[5.924s] -- Installing: /home/hjh/serial_new0122/install/def_msg/include/def_msg/def_msg/srv/controller_mode_set.h
[5.924s] -- Installing: /home/hjh/serial_new0122/install/def_msg/include/def_msg/def_msg/srv/heart_beat.h
[5.924s] -- Installing: /home/hjh/serial_new0122/install/def_msg/include/def_msg/def_msg/msg
[5.925s] -- Installing: /home/hjh/serial_new0122/install/def_msg/include/def_msg/def_msg/msg/rosidl_generator_c__visibility_control.h
[5.925s] -- Installing: /home/hjh/serial_new0122/install/def_msg/include/def_msg/def_msg/msg/gimble_control.h
[5.925s] -- Installing: /home/hjh/serial_new0122/install/def_msg/include/def_msg/def_msg/msg/em_control.h
[5.925s] -- Installing: /home/hjh/serial_new0122/install/def_msg/include/def_msg/def_msg/msg/detail
[5.925s] -- Installing: /home/hjh/serial_new0122/install/def_msg/include/def_msg/def_msg/msg/detail/common_control__type_support.h
[5.925s] -- Installing: /home/hjh/serial_new0122/install/def_msg/include/def_msg/def_msg/msg/detail/gimble_position__struct.h
[5.925s] -- Installing: /home/hjh/serial_new0122/install/def_msg/include/def_msg/def_msg/msg/detail/gobal_information__functions.c
[5.925s] -- Installing: /home/hjh/serial_new0122/install/def_msg/include/def_msg/def_msg/msg/detail/gimble_position__functions.h
[5.925s] -- Installing: /home/hjh/serial_new0122/install/def_msg/include/def_msg/def_msg/msg/detail/em_control__functions.h
[5.925s] -- Installing: /home/hjh/serial_new0122/install/def_msg/include/def_msg/def_msg/msg/detail/common_control__struct.h
[5.925s] -- Installing: /home/hjh/serial_new0122/install/def_msg/include/def_msg/def_msg/msg/detail/gimble_position__type_support.h
[5.926s] -- Installing: /home/hjh/serial_new0122/install/def_msg/include/def_msg/def_msg/msg/detail/em_control__type_support.h
[5.926s] -- Installing: /home/hjh/serial_new0122/install/def_msg/include/def_msg/def_msg/msg/detail/gimble_control__struct.h
[5.926s] -- Installing: /home/hjh/serial_new0122/install/def_msg/include/def_msg/def_msg/msg/detail/gobal_information__struct.h
[5.926s] -- Installing: /home/hjh/serial_new0122/install/def_msg/include/def_msg/def_msg/msg/detail/em_control__struct.h
[5.926s] -- Installing: /home/hjh/serial_new0122/install/def_msg/include/def_msg/def_msg/msg/detail/gimble_control__functions.h
[5.926s] -- Installing: /home/hjh/serial_new0122/install/def_msg/include/def_msg/def_msg/msg/detail/common_control__functions.h
[5.926s] -- Installing: /home/hjh/serial_new0122/install/def_msg/include/def_msg/def_msg/msg/detail/em_control__functions.c
[5.926s] -- Installing: /home/hjh/serial_new0122/install/def_msg/include/def_msg/def_msg/msg/detail/gobal_information__functions.h
[5.926s] -- Installing: /home/hjh/serial_new0122/install/def_msg/include/def_msg/def_msg/msg/detail/gimble_control__functions.c
[5.926s] -- Installing: /home/hjh/serial_new0122/install/def_msg/include/def_msg/def_msg/msg/detail/gimble_control__type_support.h
[5.927s] -- Installing: /home/hjh/serial_new0122/install/def_msg/include/def_msg/def_msg/msg/detail/gobal_information__type_support.h
[5.927s] -- Installing: /home/hjh/serial_new0122/install/def_msg/include/def_msg/def_msg/msg/detail/common_control__functions.c
[5.927s] -- Installing: /home/hjh/serial_new0122/install/def_msg/include/def_msg/def_msg/msg/detail/gimble_position__functions.c
[5.927s] -- Installing: /home/hjh/serial_new0122/install/def_msg/include/def_msg/def_msg/msg/common_control.h
[5.927s] -- Installing: /home/hjh/serial_new0122/install/def_msg/include/def_msg/def_msg/msg/gobal_information.h
[5.927s] -- Installing: /home/hjh/serial_new0122/install/def_msg/include/def_msg/def_msg/msg/gimble_position.h
[5.927s] -- Installing: /home/hjh/serial_new0122/install/def_msg/include/def_msg/def_msg/action
[5.927s] -- Installing: /home/hjh/serial_new0122/install/def_msg/include/def_msg/def_msg/action/detail
[5.927s] -- Installing: /home/hjh/serial_new0122/install/def_msg/include/def_msg/def_msg/action/detail/nav_pose__type_support.h
[5.928s] -- Installing: /home/hjh/serial_new0122/install/def_msg/include/def_msg/def_msg/action/detail/nav_pose__struct.h
[5.928s] -- Installing: /home/hjh/serial_new0122/install/def_msg/include/def_msg/def_msg/action/detail/nav_pose__functions.h
[5.928s] -- Installing: /home/hjh/serial_new0122/install/def_msg/include/def_msg/def_msg/action/detail/nav_pose__functions.c
[5.928s] -- Installing: /home/hjh/serial_new0122/install/def_msg/include/def_msg/def_msg/action/nav_pose.h
[5.928s] -- Installing: /home/hjh/serial_new0122/install/def_msg/share/def_msg/environment/library_path.sh
[5.928s] -- Installing: /home/hjh/serial_new0122/install/def_msg/share/def_msg/environment/library_path.dsv
[5.928s] -- Installing: /home/hjh/serial_new0122/install/def_msg/lib/libdef_msg__rosidl_generator_c.so
[5.928s] -- Set non-toolchain portion of runtime path of "/home/hjh/serial_new0122/install/def_msg/lib/libdef_msg__rosidl_generator_c.so" to ""
[5.928s] -- Up-to-date: /home/hjh/serial_new0122/install/def_msg/include/def_msg/def_msg
[5.928s] -- Up-to-date: /home/hjh/serial_new0122/install/def_msg/include/def_msg/def_msg/srv
[5.928s] -- Up-to-date: /home/hjh/serial_new0122/install/def_msg/include/def_msg/def_msg/srv/detail
[5.928s] -- Installing: /home/hjh/serial_new0122/install/def_msg/include/def_msg/def_msg/srv/detail/controller_mode_set__rosidl_typesupport_fastrtps_c.h
[5.928s] -- Installing: /home/hjh/serial_new0122/install/def_msg/include/def_msg/def_msg/srv/detail/heart_beat__rosidl_typesupport_fastrtps_c.h
[5.928s] -- Up-to-date: /home/hjh/serial_new0122/install/def_msg/include/def_msg/def_msg/msg
[5.928s] -- Up-to-date: /home/hjh/serial_new0122/install/def_msg/include/def_msg/def_msg/msg/detail
[5.928s] -- Installing: /home/hjh/serial_new0122/install/def_msg/include/def_msg/def_msg/msg/detail/gimble_control__rosidl_typesupport_fastrtps_c.h
[5.928s] -- Installing: /home/hjh/serial_new0122/install/def_msg/include/def_msg/def_msg/msg/detail/gimble_position__rosidl_typesupport_fastrtps_c.h
[5.928s] -- Installing: /home/hjh/serial_new0122/install/def_msg/include/def_msg/def_msg/msg/detail/em_control__rosidl_typesupport_fastrtps_c.h
[5.928s] -- Installing: /home/hjh/serial_new0122/install/def_msg/include/def_msg/def_msg/msg/detail/gobal_information__rosidl_typesupport_fastrtps_c.h
[5.928s] -- Installing: /home/hjh/serial_new0122/install/def_msg/include/def_msg/def_msg/msg/detail/common_control__rosidl_typesupport_fastrtps_c.h
[5.928s] -- Installing: /home/hjh/serial_new0122/install/def_msg/include/def_msg/def_msg/msg/rosidl_typesupport_fastrtps_c__visibility_control.h
[5.928s] -- Up-to-date: /home/hjh/serial_new0122/install/def_msg/include/def_msg/def_msg/action
[5.928s] -- Up-to-date: /home/hjh/serial_new0122/install/def_msg/include/def_msg/def_msg/action/detail
[5.928s] -- Installing: /home/hjh/serial_new0122/install/def_msg/include/def_msg/def_msg/action/detail/nav_pose__rosidl_typesupport_fastrtps_c.h
[5.929s] -- Installing: /home/hjh/serial_new0122/install/def_msg/lib/libdef_msg__rosidl_typesupport_fastrtps_c.so
[5.929s] -- Set non-toolchain portion of runtime path of "/home/hjh/serial_new0122/install/def_msg/lib/libdef_msg__rosidl_typesupport_fastrtps_c.so" to ""
[5.929s] -- Up-to-date: /home/hjh/serial_new0122/install/def_msg/include/def_msg/def_msg
[5.929s] -- Up-to-date: /home/hjh/serial_new0122/install/def_msg/include/def_msg/def_msg/srv
[5.929s] -- Installing: /home/hjh/serial_new0122/install/def_msg/include/def_msg/def_msg/srv/heart_beat.hpp
[5.929s] -- Up-to-date: /home/hjh/serial_new0122/install/def_msg/include/def_msg/def_msg/srv/detail
[5.929s] -- Installing: /home/hjh/serial_new0122/install/def_msg/include/def_msg/def_msg/srv/detail/controller_mode_set__traits.hpp
[5.929s] -- Installing: /home/hjh/serial_new0122/install/def_msg/include/def_msg/def_msg/srv/detail/controller_mode_set__type_support.hpp
[5.929s] -- Installing: /home/hjh/serial_new0122/install/def_msg/include/def_msg/def_msg/srv/detail/heart_beat__type_support.hpp
[5.929s] -- Installing: /home/hjh/serial_new0122/install/def_msg/include/def_msg/def_msg/srv/detail/heart_beat__struct.hpp
[5.929s] -- Installing: /home/hjh/serial_new0122/install/def_msg/include/def_msg/def_msg/srv/detail/heart_beat__traits.hpp
[5.929s] -- Installing: /home/hjh/serial_new0122/install/def_msg/include/def_msg/def_msg/srv/detail/heart_beat__builder.hpp
[5.929s] -- Installing: /home/hjh/serial_new0122/install/def_msg/include/def_msg/def_msg/srv/detail/controller_mode_set__builder.hpp
[5.929s] -- Installing: /home/hjh/serial_new0122/install/def_msg/include/def_msg/def_msg/srv/detail/controller_mode_set__struct.hpp
[5.929s] -- Installing: /home/hjh/serial_new0122/install/def_msg/include/def_msg/def_msg/srv/controller_mode_set.hpp
[5.929s] -- Up-to-date: /home/hjh/serial_new0122/install/def_msg/include/def_msg/def_msg/msg
[5.929s] -- Installing: /home/hjh/serial_new0122/install/def_msg/include/def_msg/def_msg/msg/gimble_position.hpp
[5.929s] -- Up-to-date: /home/hjh/serial_new0122/install/def_msg/include/def_msg/def_msg/msg/detail
[5.929s] -- Installing: /home/hjh/serial_new0122/install/def_msg/include/def_msg/def_msg/msg/detail/common_control__builder.hpp
[5.929s] -- Installing: /home/hjh/serial_new0122/install/def_msg/include/def_msg/def_msg/msg/detail/common_control__type_support.hpp
[5.929s] -- Installing: /home/hjh/serial_new0122/install/def_msg/include/def_msg/def_msg/msg/detail/gobal_information__type_support.hpp
[5.929s] -- Installing: /home/hjh/serial_new0122/install/def_msg/include/def_msg/def_msg/msg/detail/gimble_control__builder.hpp
[5.929s] -- Installing: /home/hjh/serial_new0122/install/def_msg/include/def_msg/def_msg/msg/detail/gobal_information__struct.hpp
[5.929s] -- Installing: /home/hjh/serial_new0122/install/def_msg/include/def_msg/def_msg/msg/detail/em_control__builder.hpp
[5.929s] -- Installing: /home/hjh/serial_new0122/install/def_msg/include/def_msg/def_msg/msg/detail/em_control__type_support.hpp
[5.929s] -- Installing: /home/hjh/serial_new0122/install/def_msg/include/def_msg/def_msg/msg/detail/gimble_position__struct.hpp
[5.929s] -- Installing: /home/hjh/serial_new0122/install/def_msg/include/def_msg/def_msg/msg/detail/em_control__traits.hpp
[5.929s] -- Installing: /home/hjh/serial_new0122/install/def_msg/include/def_msg/def_msg/msg/detail/gimble_control__struct.hpp
[5.929s] -- Installing: /home/hjh/serial_new0122/install/def_msg/include/def_msg/def_msg/msg/detail/gimble_control__traits.hpp
[5.929s] -- Installing: /home/hjh/serial_new0122/install/def_msg/include/def_msg/def_msg/msg/detail/gimble_position__type_support.hpp
[5.930s] -- Installing: /home/hjh/serial_new0122/install/def_msg/include/def_msg/def_msg/msg/detail/gobal_information__traits.hpp
[5.930s] -- Installing: /home/hjh/serial_new0122/install/def_msg/include/def_msg/def_msg/msg/detail/gobal_information__builder.hpp
[5.930s] -- Installing: /home/hjh/serial_new0122/install/def_msg/include/def_msg/def_msg/msg/detail/common_control__struct.hpp
[5.930s] -- Installing: /home/hjh/serial_new0122/install/def_msg/include/def_msg/def_msg/msg/detail/gimble_position__traits.hpp
[5.930s] -- Installing: /home/hjh/serial_new0122/install/def_msg/include/def_msg/def_msg/msg/detail/gimble_position__builder.hpp
[5.930s] -- Installing: /home/hjh/serial_new0122/install/def_msg/include/def_msg/def_msg/msg/detail/gimble_control__type_support.hpp
[5.930s] -- Installing: /home/hjh/serial_new0122/install/def_msg/include/def_msg/def_msg/msg/detail/em_control__struct.hpp
[5.930s] -- Installing: /home/hjh/serial_new0122/install/def_msg/include/def_msg/def_msg/msg/detail/common_control__traits.hpp
[5.930s] -- Installing: /home/hjh/serial_new0122/install/def_msg/include/def_msg/def_msg/msg/em_control.hpp
[5.930s] -- Installing: /home/hjh/serial_new0122/install/def_msg/include/def_msg/def_msg/msg/gobal_information.hpp
[5.930s] -- Installing: /home/hjh/serial_new0122/install/def_msg/include/def_msg/def_msg/msg/rosidl_generator_cpp__visibility_control.hpp
[5.930s] -- Installing: /home/hjh/serial_new0122/install/def_msg/include/def_msg/def_msg/msg/gimble_control.hpp
[5.930s] -- Installing: /home/hjh/serial_new0122/install/def_msg/include/def_msg/def_msg/msg/common_control.hpp
[5.930s] -- Up-to-date: /home/hjh/serial_new0122/install/def_msg/include/def_msg/def_msg/action
[5.930s] -- Up-to-date: /home/hjh/serial_new0122/install/def_msg/include/def_msg/def_msg/action/detail
[5.930s] -- Installing: /home/hjh/serial_new0122/install/def_msg/include/def_msg/def_msg/action/detail/nav_pose__type_support.hpp
[5.930s] -- Installing: /home/hjh/serial_new0122/install/def_msg/include/def_msg/def_msg/action/detail/nav_pose__struct.hpp
[5.930s] -- Installing: /home/hjh/serial_new0122/install/def_msg/include/def_msg/def_msg/action/detail/nav_pose__traits.hpp
[5.930s] -- Installing: /home/hjh/serial_new0122/install/def_msg/include/def_msg/def_msg/action/detail/nav_pose__builder.hpp
[5.930s] -- Installing: /home/hjh/serial_new0122/install/def_msg/include/def_msg/def_msg/action/nav_pose.hpp
[5.930s] -- Up-to-date: /home/hjh/serial_new0122/install/def_msg/include/def_msg/def_msg
[5.930s] -- Up-to-date: /home/hjh/serial_new0122/install/def_msg/include/def_msg/def_msg/srv
[5.930s] -- Up-to-date: /home/hjh/serial_new0122/install/def_msg/include/def_msg/def_msg/srv/detail
[5.930s] -- Installing: /home/hjh/serial_new0122/install/def_msg/include/def_msg/def_msg/srv/detail/dds_fastrtps
[5.930s] -- Installing: /home/hjh/serial_new0122/install/def_msg/include/def_msg/def_msg/srv/detail/controller_mode_set__rosidl_typesupport_fastrtps_cpp.hpp
[5.930s] -- Installing: /home/hjh/serial_new0122/install/def_msg/include/def_msg/def_msg/srv/detail/heart_beat__rosidl_typesupport_fastrtps_cpp.hpp
[5.930s] -- Up-to-date: /home/hjh/serial_new0122/install/def_msg/include/def_msg/def_msg/msg
[5.930s] -- Up-to-date: /home/hjh/serial_new0122/install/def_msg/include/def_msg/def_msg/msg/detail
[5.930s] -- Installing: /home/hjh/serial_new0122/install/def_msg/include/def_msg/def_msg/msg/detail/dds_fastrtps
[5.930s] -- Installing: /home/hjh/serial_new0122/install/def_msg/include/def_msg/def_msg/msg/detail/em_control__rosidl_typesupport_fastrtps_cpp.hpp
[5.930s] -- Installing: /home/hjh/serial_new0122/install/def_msg/include/def_msg/def_msg/msg/detail/gobal_information__rosidl_typesupport_fastrtps_cpp.hpp
[5.930s] -- Installing: /home/hjh/serial_new0122/install/def_msg/include/def_msg/def_msg/msg/detail/gimble_position__rosidl_typesupport_fastrtps_cpp.hpp
[5.931s] -- Installing: /home/hjh/serial_new0122/install/def_msg/include/def_msg/def_msg/msg/detail/common_control__rosidl_typesupport_fastrtps_cpp.hpp
[5.931s] -- Installing: /home/hjh/serial_new0122/install/def_msg/include/def_msg/def_msg/msg/detail/gimble_control__rosidl_typesupport_fastrtps_cpp.hpp
[5.931s] -- Installing: /home/hjh/serial_new0122/install/def_msg/include/def_msg/def_msg/msg/rosidl_typesupport_fastrtps_cpp__visibility_control.h
[5.931s] -- Up-to-date: /home/hjh/serial_new0122/install/def_msg/include/def_msg/def_msg/action
[5.931s] -- Up-to-date: /home/hjh/serial_new0122/install/def_msg/include/def_msg/def_msg/action/detail
[5.931s] -- Installing: /home/hjh/serial_new0122/install/def_msg/include/def_msg/def_msg/action/detail/dds_fastrtps
[5.931s] -- Installing: /home/hjh/serial_new0122/install/def_msg/include/def_msg/def_msg/action/detail/nav_pose__rosidl_typesupport_fastrtps_cpp.hpp
[5.931s] -- Installing: /home/hjh/serial_new0122/install/def_msg/lib/libdef_msg__rosidl_typesupport_fastrtps_cpp.so
[5.931s] -- Set non-toolchain portion of runtime path of "/home/hjh/serial_new0122/install/def_msg/lib/libdef_msg__rosidl_typesupport_fastrtps_cpp.so" to ""
[5.931s] -- Up-to-date: /home/hjh/serial_new0122/install/def_msg/include/def_msg/def_msg
[5.931s] -- Up-to-date: /home/hjh/serial_new0122/install/def_msg/include/def_msg/def_msg/srv
[5.931s] -- Up-to-date: /home/hjh/serial_new0122/install/def_msg/include/def_msg/def_msg/srv/detail
[5.931s] -- Installing: /home/hjh/serial_new0122/install/def_msg/include/def_msg/def_msg/srv/detail/heart_beat__type_support.c
[5.931s] -- Installing: /home/hjh/serial_new0122/install/def_msg/include/def_msg/def_msg/srv/detail/controller_mode_set__rosidl_typesupport_introspection_c.h
[5.931s] -- Installing: /home/hjh/serial_new0122/install/def_msg/include/def_msg/def_msg/srv/detail/controller_mode_set__type_support.c
[5.931s] -- Installing: /home/hjh/serial_new0122/install/def_msg/include/def_msg/def_msg/srv/detail/heart_beat__rosidl_typesupport_introspection_c.h
[5.931s] -- Up-to-date: /home/hjh/serial_new0122/install/def_msg/include/def_msg/def_msg/msg
[5.931s] -- Up-to-date: /home/hjh/serial_new0122/install/def_msg/include/def_msg/def_msg/msg/detail
[5.931s] -- Installing: /home/hjh/serial_new0122/install/def_msg/include/def_msg/def_msg/msg/detail/common_control__rosidl_typesupport_introspection_c.h
[5.931s] -- Installing: /home/hjh/serial_new0122/install/def_msg/include/def_msg/def_msg/msg/detail/gobal_information__type_support.c
[5.931s] -- Installing: /home/hjh/serial_new0122/install/def_msg/include/def_msg/def_msg/msg/detail/common_control__type_support.c
[5.931s] -- Installing: /home/hjh/serial_new0122/install/def_msg/include/def_msg/def_msg/msg/detail/gimble_control__type_support.c
[5.931s] -- Installing: /home/hjh/serial_new0122/install/def_msg/include/def_msg/def_msg/msg/detail/gobal_information__rosidl_typesupport_introspection_c.h
[5.931s] -- Installing: /home/hjh/serial_new0122/install/def_msg/include/def_msg/def_msg/msg/detail/gimble_position__rosidl_typesupport_introspection_c.h
[5.931s] -- Installing: /home/hjh/serial_new0122/install/def_msg/include/def_msg/def_msg/msg/detail/em_control__type_support.c
[5.931s] -- Installing: /home/hjh/serial_new0122/install/def_msg/include/def_msg/def_msg/msg/detail/em_control__rosidl_typesupport_introspection_c.h
[5.931s] -- Installing: /home/hjh/serial_new0122/install/def_msg/include/def_msg/def_msg/msg/detail/gimble_control__rosidl_typesupport_introspection_c.h
[5.931s] -- Installing: /home/hjh/serial_new0122/install/def_msg/include/def_msg/def_msg/msg/detail/gimble_position__type_support.c
[5.931s] -- Installing: /home/hjh/serial_new0122/install/def_msg/include/def_msg/def_msg/msg/rosidl_typesupport_introspection_c__visibility_control.h
[5.931s] -- Up-to-date: /home/hjh/serial_new0122/install/def_msg/include/def_msg/def_msg/action
[5.931s] -- Up-to-date: /home/hjh/serial_new0122/install/def_msg/include/def_msg/def_msg/action/detail
[5.932s] -- Installing: /home/hjh/serial_new0122/install/def_msg/include/def_msg/def_msg/action/detail/nav_pose__type_support.c
[5.932s] -- Installing: /home/hjh/serial_new0122/install/def_msg/include/def_msg/def_msg/action/detail/nav_pose__rosidl_typesupport_introspection_c.h
[5.932s] -- Installing: /home/hjh/serial_new0122/install/def_msg/lib/libdef_msg__rosidl_typesupport_introspection_c.so
[5.932s] -- Set non-toolchain portion of runtime path of "/home/hjh/serial_new0122/install/def_msg/lib/libdef_msg__rosidl_typesupport_introspection_c.so" to ""
[5.932s] -- Installing: /home/hjh/serial_new0122/install/def_msg/lib/libdef_msg__rosidl_typesupport_c.so
[5.932s] -- Set non-toolchain portion of runtime path of "/home/hjh/serial_new0122/install/def_msg/lib/libdef_msg__rosidl_typesupport_c.so" to ""
[5.932s] -- Up-to-date: /home/hjh/serial_new0122/install/def_msg/include/def_msg/def_msg
[5.932s] -- Up-to-date: /home/hjh/serial_new0122/install/def_msg/include/def_msg/def_msg/srv
[5.932s] -- Up-to-date: /home/hjh/serial_new0122/install/def_msg/include/def_msg/def_msg/srv/detail
[5.932s] -- Installing: /home/hjh/serial_new0122/install/def_msg/include/def_msg/def_msg/srv/detail/controller_mode_set__rosidl_typesupport_introspection_cpp.hpp
[5.932s] -- Installing: /home/hjh/serial_new0122/install/def_msg/include/def_msg/def_msg/srv/detail/heart_beat__type_support.cpp
[5.932s] -- Installing: /home/hjh/serial_new0122/install/def_msg/include/def_msg/def_msg/srv/detail/heart_beat__rosidl_typesupport_introspection_cpp.hpp
[5.932s] -- Installing: /home/hjh/serial_new0122/install/def_msg/include/def_msg/def_msg/srv/detail/controller_mode_set__type_support.cpp
[5.932s] -- Up-to-date: /home/hjh/serial_new0122/install/def_msg/include/def_msg/def_msg/msg
[5.932s] -- Up-to-date: /home/hjh/serial_new0122/install/def_msg/include/def_msg/def_msg/msg/detail
[5.932s] -- Installing: /home/hjh/serial_new0122/install/def_msg/include/def_msg/def_msg/msg/detail/gobal_information__rosidl_typesupport_introspection_cpp.hpp
[5.932s] -- Installing: /home/hjh/serial_new0122/install/def_msg/include/def_msg/def_msg/msg/detail/gimble_position__type_support.cpp
[5.932s] -- Installing: /home/hjh/serial_new0122/install/def_msg/include/def_msg/def_msg/msg/detail/gimble_control__rosidl_typesupport_introspection_cpp.hpp
[5.932s] -- Installing: /home/hjh/serial_new0122/install/def_msg/include/def_msg/def_msg/msg/detail/common_control__type_support.cpp
[5.932s] -- Installing: /home/hjh/serial_new0122/install/def_msg/include/def_msg/def_msg/msg/detail/gobal_information__type_support.cpp
[5.932s] -- Installing: /home/hjh/serial_new0122/install/def_msg/include/def_msg/def_msg/msg/detail/em_control__type_support.cpp
[5.932s] -- Installing: /home/hjh/serial_new0122/install/def_msg/include/def_msg/def_msg/msg/detail/em_control__rosidl_typesupport_introspection_cpp.hpp
[5.932s] -- Installing: /home/hjh/serial_new0122/install/def_msg/include/def_msg/def_msg/msg/detail/gimble_position__rosidl_typesupport_introspection_cpp.hpp
[5.932s] -- Installing: /home/hjh/serial_new0122/install/def_msg/include/def_msg/def_msg/msg/detail/gimble_control__type_support.cpp
[5.932s] -- Installing: /home/hjh/serial_new0122/install/def_msg/include/def_msg/def_msg/msg/detail/common_control__rosidl_typesupport_introspection_cpp.hpp
[5.932s] -- Up-to-date: /home/hjh/serial_new0122/install/def_msg/include/def_msg/def_msg/action
[5.932s] -- Up-to-date: /home/hjh/serial_new0122/install/def_msg/include/def_msg/def_msg/action/detail
[5.932s] -- Installing: /home/hjh/serial_new0122/install/def_msg/include/def_msg/def_msg/action/detail/nav_pose__rosidl_typesupport_introspection_cpp.hpp
[5.932s] -- Installing: /home/hjh/serial_new0122/install/def_msg/include/def_msg/def_msg/action/detail/nav_pose__type_support.cpp
[5.932s] -- Installing: /home/hjh/serial_new0122/install/def_msg/lib/libdef_msg__rosidl_typesupport_introspection_cpp.so
[5.932s] -- Set non-toolchain portion of runtime path of "/home/hjh/serial_new0122/install/def_msg/lib/libdef_msg__rosidl_typesupport_introspection_cpp.so" to ""
[5.932s] -- Installing: /home/hjh/serial_new0122/install/def_msg/lib/libdef_msg__rosidl_typesupport_cpp.so
[5.933s] -- Set non-toolchain portion of runtime path of "/home/hjh/serial_new0122/install/def_msg/lib/libdef_msg__rosidl_typesupport_cpp.so" to ""
[5.933s] -- Installing: /home/hjh/serial_new0122/install/def_msg/share/def_msg/environment/pythonpath.sh
[5.933s] -- Installing: /home/hjh/serial_new0122/install/def_msg/share/def_msg/environment/pythonpath.dsv
[5.933s] -- Installing: /home/hjh/serial_new0122/install/def_msg/local/lib/python3.10/dist-packages/def_msg-0.0.0-py3.10.egg-info
[5.933s] -- Installing: /home/hjh/serial_new0122/install/def_msg/local/lib/python3.10/dist-packages/def_msg-0.0.0-py3.10.egg-info/dependency_links.txt
[5.933s] -- Installing: /home/hjh/serial_new0122/install/def_msg/local/lib/python3.10/dist-packages/def_msg-0.0.0-py3.10.egg-info/PKG-INFO
[5.933s] -- Installing: /home/hjh/serial_new0122/install/def_msg/local/lib/python3.10/dist-packages/def_msg-0.0.0-py3.10.egg-info/SOURCES.txt
[5.933s] -- Installing: /home/hjh/serial_new0122/install/def_msg/local/lib/python3.10/dist-packages/def_msg-0.0.0-py3.10.egg-info/top_level.txt
[5.933s] -- Installing: /home/hjh/serial_new0122/install/def_msg/local/lib/python3.10/dist-packages/def_msg
[5.933s] -- Installing: /home/hjh/serial_new0122/install/def_msg/local/lib/python3.10/dist-packages/def_msg/_def_msg_s.ep.rosidl_typesupport_c.c
[5.933s] -- Installing: /home/hjh/serial_new0122/install/def_msg/local/lib/python3.10/dist-packages/def_msg/def_msg_s__rosidl_typesupport_introspection_c.cpython-310-x86_64-linux-gnu.so
[5.933s] -- Installing: /home/hjh/serial_new0122/install/def_msg/local/lib/python3.10/dist-packages/def_msg/def_msg_s__rosidl_typesupport_fastrtps_c.cpython-310-x86_64-linux-gnu.so
[5.933s] -- Installing: /home/hjh/serial_new0122/install/def_msg/local/lib/python3.10/dist-packages/def_msg/_def_msg_s.ep.rosidl_typesupport_introspection_c.c
[5.933s] -- Installing: /home/hjh/serial_new0122/install/def_msg/local/lib/python3.10/dist-packages/def_msg/__init__.py
[5.933s] -- Installing: /home/hjh/serial_new0122/install/def_msg/local/lib/python3.10/dist-packages/def_msg/srv
[5.933s] -- Installing: /home/hjh/serial_new0122/install/def_msg/local/lib/python3.10/dist-packages/def_msg/srv/_heart_beat.py
[5.933s] -- Installing: /home/hjh/serial_new0122/install/def_msg/local/lib/python3.10/dist-packages/def_msg/srv/_controller_mode_set.py
[5.933s] -- Installing: /home/hjh/serial_new0122/install/def_msg/local/lib/python3.10/dist-packages/def_msg/srv/_heart_beat_s.c
[5.933s] -- Installing: /home/hjh/serial_new0122/install/def_msg/local/lib/python3.10/dist-packages/def_msg/srv/_controller_mode_set_s.c
[5.933s] -- Installing: /home/hjh/serial_new0122/install/def_msg/local/lib/python3.10/dist-packages/def_msg/srv/__init__.py
[5.933s] -- Installing: /home/hjh/serial_new0122/install/def_msg/local/lib/python3.10/dist-packages/def_msg/_def_msg_s.ep.rosidl_typesupport_fastrtps_c.c
[5.933s] -- Installing: /home/hjh/serial_new0122/install/def_msg/local/lib/python3.10/dist-packages/def_msg/def_msg_s__rosidl_typesupport_c.cpython-310-x86_64-linux-gnu.so
[5.933s] -- Installing: /home/hjh/serial_new0122/install/def_msg/local/lib/python3.10/dist-packages/def_msg/libdef_msg__rosidl_generator_py.so
[5.933s] -- Installing: /home/hjh/serial_new0122/install/def_msg/local/lib/python3.10/dist-packages/def_msg/msg
[5.933s] -- Installing: /home/hjh/serial_new0122/install/def_msg/local/lib/python3.10/dist-packages/def_msg/msg/_gobal_information_s.c
[5.933s] -- Installing: /home/hjh/serial_new0122/install/def_msg/local/lib/python3.10/dist-packages/def_msg/msg/_common_control.py
[5.933s] -- Installing: /home/hjh/serial_new0122/install/def_msg/local/lib/python3.10/dist-packages/def_msg/msg/_gimble_control_s.c
[5.933s] -- Installing: /home/hjh/serial_new0122/install/def_msg/local/lib/python3.10/dist-packages/def_msg/msg/_gimble_position_s.c
[5.933s] -- Installing: /home/hjh/serial_new0122/install/def_msg/local/lib/python3.10/dist-packages/def_msg/msg/__init__.py
[5.933s] -- Installing: /home/hjh/serial_new0122/install/def_msg/local/lib/python3.10/dist-packages/def_msg/msg/_common_control_s.c
[5.933s] -- Installing: /home/hjh/serial_new0122/install/def_msg/local/lib/python3.10/dist-packages/def_msg/msg/_gobal_information.py
[5.933s] -- Installing: /home/hjh/serial_new0122/install/def_msg/local/lib/python3.10/dist-packages/def_msg/msg/_gimble_position.py
[5.933s] -- Installing: /home/hjh/serial_new0122/install/def_msg/local/lib/python3.10/dist-packages/def_msg/msg/_em_control.py
[5.933s] -- Installing: /home/hjh/serial_new0122/install/def_msg/local/lib/python3.10/dist-packages/def_msg/msg/_em_control_s.c
[5.933s] -- Installing: /home/hjh/serial_new0122/install/def_msg/local/lib/python3.10/dist-packages/def_msg/msg/_gimble_control.py
[5.933s] -- Installing: /home/hjh/serial_new0122/install/def_msg/local/lib/python3.10/dist-packages/def_msg/action
[5.933s] -- Installing: /home/hjh/serial_new0122/install/def_msg/local/lib/python3.10/dist-packages/def_msg/action/__init__.py
[5.934s] -- Installing: /home/hjh/serial_new0122/install/def_msg/local/lib/python3.10/dist-packages/def_msg/action/_nav_pose_s.c
[5.934s] -- Installing: /home/hjh/serial_new0122/install/def_msg/local/lib/python3.10/dist-packages/def_msg/action/_nav_pose.py
[5.966s] Listing '/home/hjh/serial_new0122/install/def_msg/local/lib/python3.10/dist-packages/def_msg'...
[5.966s] Compiling '/home/hjh/serial_new0122/install/def_msg/local/lib/python3.10/dist-packages/def_msg/__init__.py'...
[5.966s] Listing '/home/hjh/serial_new0122/install/def_msg/local/lib/python3.10/dist-packages/def_msg/action'...
[5.966s] Compiling '/home/hjh/serial_new0122/install/def_msg/local/lib/python3.10/dist-packages/def_msg/action/__init__.py'...
[5.966s] Compiling '/home/hjh/serial_new0122/install/def_msg/local/lib/python3.10/dist-packages/def_msg/action/_nav_pose.py'...
[5.966s] Listing '/home/hjh/serial_new0122/install/def_msg/local/lib/python3.10/dist-packages/def_msg/msg'...
[5.967s] Compiling '/home/hjh/serial_new0122/install/def_msg/local/lib/python3.10/dist-packages/def_msg/msg/__init__.py'...
[5.967s] Compiling '/home/hjh/serial_new0122/install/def_msg/local/lib/python3.10/dist-packages/def_msg/msg/_common_control.py'...
[5.967s] Compiling '/home/hjh/serial_new0122/install/def_msg/local/lib/python3.10/dist-packages/def_msg/msg/_em_control.py'...
[5.967s] Compiling '/home/hjh/serial_new0122/install/def_msg/local/lib/python3.10/dist-packages/def_msg/msg/_gimble_control.py'...
[5.967s] Compiling '/home/hjh/serial_new0122/install/def_msg/local/lib/python3.10/dist-packages/def_msg/msg/_gimble_position.py'...
[5.967s] Compiling '/home/hjh/serial_new0122/install/def_msg/local/lib/python3.10/dist-packages/def_msg/msg/_gobal_information.py'...
[5.967s] Listing '/home/hjh/serial_new0122/install/def_msg/local/lib/python3.10/dist-packages/def_msg/srv'...
[5.967s] Compiling '/home/hjh/serial_new0122/install/def_msg/local/lib/python3.10/dist-packages/def_msg/srv/__init__.py'...
[5.967s] Compiling '/home/hjh/serial_new0122/install/def_msg/local/lib/python3.10/dist-packages/def_msg/srv/_controller_mode_set.py'...
[5.967s] Compiling '/home/hjh/serial_new0122/install/def_msg/local/lib/python3.10/dist-packages/def_msg/srv/_heart_beat.py'...
[5.969s] -- Installing: /home/hjh/serial_new0122/install/def_msg/local/lib/python3.10/dist-packages/def_msg/def_msg_s__rosidl_typesupport_fastrtps_c.cpython-310-x86_64-linux-gnu.so
[5.969s] -- Set non-toolchain portion of runtime path of "/home/hjh/serial_new0122/install/def_msg/local/lib/python3.10/dist-packages/def_msg/def_msg_s__rosidl_typesupport_fastrtps_c.cpython-310-x86_64-linux-gnu.so" to ""
[5.969s] -- Installing: /home/hjh/serial_new0122/install/def_msg/local/lib/python3.10/dist-packages/def_msg/def_msg_s__rosidl_typesupport_introspection_c.cpython-310-x86_64-linux-gnu.so
[5.970s] -- Set non-toolchain portion of runtime path of "/home/hjh/serial_new0122/install/def_msg/local/lib/python3.10/dist-packages/def_msg/def_msg_s__rosidl_typesupport_introspection_c.cpython-310-x86_64-linux-gnu.so" to ""
[5.970s] -- Installing: /home/hjh/serial_new0122/install/def_msg/local/lib/python3.10/dist-packages/def_msg/def_msg_s__rosidl_typesupport_c.cpython-310-x86_64-linux-gnu.so
[5.970s] -- Set non-toolchain portion of runtime path of "/home/hjh/serial_new0122/install/def_msg/local/lib/python3.10/dist-packages/def_msg/def_msg_s__rosidl_typesupport_c.cpython-310-x86_64-linux-gnu.so" to ""
[5.970s] -- Installing: /home/hjh/serial_new0122/install/def_msg/lib/libdef_msg__rosidl_generator_py.so
[5.970s] -- Set non-toolchain portion of runtime path of "/home/hjh/serial_new0122/install/def_msg/lib/libdef_msg__rosidl_generator_py.so" to ""
[5.970s] -- Installing: /home/hjh/serial_new0122/install/def_msg/share/def_msg/msg/GobalInformation.idl
[5.970s] -- Installing: /home/hjh/serial_new0122/install/def_msg/share/def_msg/msg/GimbleControl.idl
[5.971s] -- Installing: /home/hjh/serial_new0122/install/def_msg/share/def_msg/msg/CommonControl.idl
[5.971s] -- Installing: /home/hjh/serial_new0122/install/def_msg/share/def_msg/msg/EmControl.idl
[5.971s] -- Installing: /home/hjh/serial_new0122/install/def_msg/share/def_msg/msg/GimblePosition.idl
[5.971s] -- Installing: /home/hjh/serial_new0122/install/def_msg/share/def_msg/srv/ControllerModeSet.idl
[5.971s] -- Installing: /home/hjh/serial_new0122/install/def_msg/share/def_msg/srv/HeartBeat.idl
[5.971s] -- Installing: /home/hjh/serial_new0122/install/def_msg/share/def_msg/action/NavPose.idl
[5.971s] -- Installing: /home/hjh/serial_new0122/install/def_msg/share/def_msg/msg/GobalInformation.msg
[5.971s] -- Installing: /home/hjh/serial_new0122/install/def_msg/share/def_msg/msg/GimbleControl.msg
[5.971s] -- Installing: /home/hjh/serial_new0122/install/def_msg/share/def_msg/msg/CommonControl.msg
[5.971s] -- Installing: /home/hjh/serial_new0122/install/def_msg/share/def_msg/msg/EmControl.msg
[5.972s] -- Installing: /home/hjh/serial_new0122/install/def_msg/share/def_msg/msg/GimblePosition.msg
[5.972s] -- Installing: /home/hjh/serial_new0122/install/def_msg/share/def_msg/srv/ControllerModeSet.srv
[5.972s] -- Installing: /home/hjh/serial_new0122/install/def_msg/share/def_msg/srv/ControllerModeSet_Request.msg
[5.972s] -- Installing: /home/hjh/serial_new0122/install/def_msg/share/def_msg/srv/ControllerModeSet_Response.msg
[5.972s] -- Installing: /home/hjh/serial_new0122/install/def_msg/share/def_msg/srv/HeartBeat.srv
[5.972s] -- Installing: /home/hjh/serial_new0122/install/def_msg/share/def_msg/srv/HeartBeat_Request.msg
[5.972s] -- Installing: /home/hjh/serial_new0122/install/def_msg/share/def_msg/srv/HeartBeat_Response.msg
[5.972s] -- Installing: /home/hjh/serial_new0122/install/def_msg/share/def_msg/action/NavPose.action
[5.972s] -- Installing: /home/hjh/serial_new0122/install/def_msg/share/ament_index/resource_index/package_run_dependencies/def_msg
[5.972s] -- Installing: /home/hjh/serial_new0122/install/def_msg/share/ament_index/resource_index/parent_prefix_path/def_msg
[5.973s] -- Installing: /home/hjh/serial_new0122/install/def_msg/share/def_msg/environment/ament_prefix_path.sh
[5.973s] -- Installing: /home/hjh/serial_new0122/install/def_msg/share/def_msg/environment/ament_prefix_path.dsv
[5.973s] -- Installing: /home/hjh/serial_new0122/install/def_msg/share/def_msg/environment/path.sh
[5.973s] -- Installing: /home/hjh/serial_new0122/install/def_msg/share/def_msg/environment/path.dsv
[5.973s] -- Installing: /home/hjh/serial_new0122/install/def_msg/share/def_msg/local_setup.bash
[5.973s] -- Installing: /home/hjh/serial_new0122/install/def_msg/share/def_msg/local_setup.sh
[5.973s] -- Installing: /home/hjh/serial_new0122/install/def_msg/share/def_msg/local_setup.zsh
[5.973s] -- Installing: /home/hjh/serial_new0122/install/def_msg/share/def_msg/local_setup.dsv
[5.973s] -- Installing: /home/hjh/serial_new0122/install/def_msg/share/def_msg/package.dsv
[5.973s] -- Installing: /home/hjh/serial_new0122/install/def_msg/share/ament_index/resource_index/packages/def_msg
[5.973s] -- Installing: /home/hjh/serial_new0122/install/def_msg/share/def_msg/cmake/export_def_msg__rosidl_generator_cExport.cmake
[5.974s] -- Installing: /home/hjh/serial_new0122/install/def_msg/share/def_msg/cmake/export_def_msg__rosidl_generator_cExport-noconfig.cmake
[5.974s] -- Installing: /home/hjh/serial_new0122/install/def_msg/share/def_msg/cmake/export_def_msg__rosidl_typesupport_fastrtps_cExport.cmake
[5.974s] -- Installing: /home/hjh/serial_new0122/install/def_msg/share/def_msg/cmake/export_def_msg__rosidl_typesupport_fastrtps_cExport-noconfig.cmake
[5.974s] -- Installing: /home/hjh/serial_new0122/install/def_msg/share/def_msg/cmake/export_def_msg__rosidl_generator_cppExport.cmake
[5.974s] -- Installing: /home/hjh/serial_new0122/install/def_msg/share/def_msg/cmake/export_def_msg__rosidl_typesupport_fastrtps_cppExport.cmake
[5.974s] -- Installing: /home/hjh/serial_new0122/install/def_msg/share/def_msg/cmake/export_def_msg__rosidl_typesupport_fastrtps_cppExport-noconfig.cmake
[5.974s] -- Installing: /home/hjh/serial_new0122/install/def_msg/share/def_msg/cmake/def_msg__rosidl_typesupport_introspection_cExport.cmake
[5.975s] -- Installing: /home/hjh/serial_new0122/install/def_msg/share/def_msg/cmake/def_msg__rosidl_typesupport_introspection_cExport-noconfig.cmake
[5.975s] -- Installing: /home/hjh/serial_new0122/install/def_msg/share/def_msg/cmake/def_msg__rosidl_typesupport_cExport.cmake
[5.975s] -- Installing: /home/hjh/serial_new0122/install/def_msg/share/def_msg/cmake/def_msg__rosidl_typesupport_cExport-noconfig.cmake
[5.975s] -- Installing: /home/hjh/serial_new0122/install/def_msg/share/def_msg/cmake/def_msg__rosidl_typesupport_introspection_cppExport.cmake
[5.975s] -- Installing: /home/hjh/serial_new0122/install/def_msg/share/def_msg/cmake/def_msg__rosidl_typesupport_introspection_cppExport-noconfig.cmake
[5.975s] -- Installing: /home/hjh/serial_new0122/install/def_msg/share/def_msg/cmake/def_msg__rosidl_typesupport_cppExport.cmake
[5.975s] -- Installing: /home/hjh/serial_new0122/install/def_msg/share/def_msg/cmake/def_msg__rosidl_typesupport_cppExport-noconfig.cmake
[5.975s] -- Installing: /home/hjh/serial_new0122/install/def_msg/share/def_msg/cmake/export_def_msg__rosidl_generator_pyExport.cmake
[5.975s] -- Installing: /home/hjh/serial_new0122/install/def_msg/share/def_msg/cmake/export_def_msg__rosidl_generator_pyExport-noconfig.cmake
[5.976s] -- Installing: /home/hjh/serial_new0122/install/def_msg/share/def_msg/cmake/rosidl_cmake-extras.cmake
[5.977s] -- Installing: /home/hjh/serial_new0122/install/def_msg/share/def_msg/cmake/ament_cmake_export_dependencies-extras.cmake
[5.977s] -- Installing: /home/hjh/serial_new0122/install/def_msg/share/def_msg/cmake/ament_cmake_export_include_directories-extras.cmake
[5.977s] -- Installing: /home/hjh/serial_new0122/install/def_msg/share/def_msg/cmake/ament_cmake_export_libraries-extras.cmake
[5.977s] -- Installing: /home/hjh/serial_new0122/install/def_msg/share/def_msg/cmake/ament_cmake_export_targets-extras.cmake
[5.977s] -- Installing: /home/hjh/serial_new0122/install/def_msg/share/def_msg/cmake/rosidl_cmake_export_typesupport_targets-extras.cmake
[5.977s] -- Installing: /home/hjh/serial_new0122/install/def_msg/share/def_msg/cmake/rosidl_cmake_export_typesupport_libraries-extras.cmake
[5.977s] -- Installing: /home/hjh/serial_new0122/install/def_msg/share/def_msg/cmake/def_msgConfig.cmake
[5.977s] -- Installing: /home/hjh/serial_new0122/install/def_msg/share/def_msg/cmake/def_msgConfig-version.cmake
[5.977s] -- Installing: /home/hjh/serial_new0122/install/def_msg/share/def_msg/package.xml
[5.977s] Invoked command in '/home/hjh/serial_new0122/build/def_msg' returned '0': CMAKE_PREFIX_PATH=/opt/ros/humble /usr/bin/cmake --install /home/hjh/serial_new0122/build/def_msg
