[0.072s] DEBUG:colcon:Command line arguments: ['/usr/bin/colcon', 'build']
[0.072s] DEBUG:colcon:Parsed command line arguments: Namespace(log_base=None, log_level=None, verb_name='build', build_base='build', install_base='install', merge_install=False, symlink_install=False, test_result_base=None, continue_on_error=False, executor='parallel', parallel_workers=16, event_handlers=None, ignore_user_meta=False, metas=['./colcon.meta'], base_paths=['.'], packages_ignore=None, packages_ignore_regex=None, paths=None, packages_up_to=None, packages_up_to_regex=None, packages_above=None, packages_above_and_dependencies=None, packages_above_depth=None, packages_select_by_dep=None, packages_skip_by_dep=None, packages_skip_up_to=None, packages_select_build_failed=False, packages_skip_build_finished=False, packages_select_test_failures=False, packages_skip_test_passed=False, packages_select=None, packages_skip=None, packages_select_regex=None, packages_skip_regex=None, packages_start=None, packages_end=None, allow_overriding=[], cmake_args=None, cmake_target=None, cmake_target_skip_unavailable=False, cmake_clean_cache=False, cmake_clean_first=False, cmake_force_configure=False, ament_cmake_args=None, catkin_cmake_args=None, catkin_skip_building_tests=False, mixin_files=None, mixin=None, verb_parser=<colcon_mixin.mixin.mixin_argument.MixinArgumentDecorator object at 0x7add4e8cf2e0>, verb_extension=<colcon_core.verb.build.BuildVerb object at 0x7add4e8cee30>, main=<bound method BuildVerb.main of <colcon_core.verb.build.BuildVerb object at 0x7add4e8cee30>>, mixin_verb=('build',))
[0.187s] Level 1:colcon.colcon_core.package_discovery:discover_packages(colcon_meta) check parameters
[0.187s] Level 1:colcon.colcon_core.package_discovery:discover_packages(recursive) check parameters
[0.187s] Level 1:colcon.colcon_core.package_discovery:discover_packages(ignore) check parameters
[0.187s] Level 1:colcon.colcon_core.package_discovery:discover_packages(path) check parameters
[0.187s] Level 1:colcon.colcon_core.package_discovery:discover_packages(colcon_meta) discover
[0.187s] Level 1:colcon.colcon_core.package_discovery:discover_packages(recursive) discover
[0.187s] INFO:colcon.colcon_core.package_discovery:Crawling recursively for packages in '/home/hjh/serial_new0122'
[0.187s] Level 1:colcon.colcon_core.package_identification:_identify(.) by extensions ['ignore', 'ignore_ament_install']
[0.187s] Level 1:colcon.colcon_core.package_identification:_identify(.) by extension 'ignore'
[0.187s] Level 1:colcon.colcon_core.package_identification:_identify(.) by extension 'ignore_ament_install'
[0.187s] Level 1:colcon.colcon_core.package_identification:_identify(.) by extensions ['colcon_pkg']
[0.187s] Level 1:colcon.colcon_core.package_identification:_identify(.) by extension 'colcon_pkg'
[0.187s] Level 1:colcon.colcon_core.package_identification:_identify(.) by extensions ['colcon_meta']
[0.187s] Level 1:colcon.colcon_core.package_identification:_identify(.) by extension 'colcon_meta'
[0.187s] Level 1:colcon.colcon_core.package_identification:_identify(.) by extensions ['ros']
[0.187s] Level 1:colcon.colcon_core.package_identification:_identify(.) by extension 'ros'
[0.195s] Level 1:colcon.colcon_core.package_identification:_identify(.) by extensions ['cmake', 'python']
[0.195s] Level 1:colcon.colcon_core.package_identification:_identify(.) by extension 'cmake'
[0.195s] Level 1:colcon.colcon_core.package_identification:_identify(.) by extension 'python'
[0.196s] Level 1:colcon.colcon_core.package_identification:_identify(.) by extensions ['python_setup_py']
[0.196s] Level 1:colcon.colcon_core.package_identification:_identify(.) by extension 'python_setup_py'
[0.196s] Level 1:colcon.colcon_core.package_identification:_identify(build) by extensions ['ignore', 'ignore_ament_install']
[0.196s] Level 1:colcon.colcon_core.package_identification:_identify(build) by extension 'ignore'
[0.196s] Level 1:colcon.colcon_core.package_identification:_identify(build) ignored
[0.196s] Level 1:colcon.colcon_core.package_identification:_identify(install) by extensions ['ignore', 'ignore_ament_install']
[0.196s] Level 1:colcon.colcon_core.package_identification:_identify(install) by extension 'ignore'
[0.196s] Level 1:colcon.colcon_core.package_identification:_identify(install) ignored
[0.196s] Level 1:colcon.colcon_core.package_identification:_identify(log) by extensions ['ignore', 'ignore_ament_install']
[0.196s] Level 1:colcon.colcon_core.package_identification:_identify(log) by extension 'ignore'
[0.196s] Level 1:colcon.colcon_core.package_identification:_identify(log) ignored
[0.196s] Level 1:colcon.colcon_core.package_identification:_identify(serial) by extensions ['ignore', 'ignore_ament_install']
[0.196s] Level 1:colcon.colcon_core.package_identification:_identify(serial) by extension 'ignore'
[0.196s] Level 1:colcon.colcon_core.package_identification:_identify(serial) by extension 'ignore_ament_install'
[0.196s] Level 1:colcon.colcon_core.package_identification:_identify(serial) by extensions ['colcon_pkg']
[0.196s] Level 1:colcon.colcon_core.package_identification:_identify(serial) by extension 'colcon_pkg'
[0.196s] Level 1:colcon.colcon_core.package_identification:_identify(serial) by extensions ['colcon_meta']
[0.196s] Level 1:colcon.colcon_core.package_identification:_identify(serial) by extension 'colcon_meta'
[0.196s] Level 1:colcon.colcon_core.package_identification:_identify(serial) by extensions ['ros']
[0.196s] Level 1:colcon.colcon_core.package_identification:_identify(serial) by extension 'ros'
[0.196s] Level 1:colcon.colcon_core.package_identification:_identify(serial) by extensions ['cmake', 'python']
[0.196s] Level 1:colcon.colcon_core.package_identification:_identify(serial) by extension 'cmake'
[0.196s] Level 1:colcon.colcon_core.package_identification:_identify(serial) by extension 'python'
[0.196s] Level 1:colcon.colcon_core.package_identification:_identify(serial) by extensions ['python_setup_py']
[0.196s] Level 1:colcon.colcon_core.package_identification:_identify(serial) by extension 'python_setup_py'
[0.196s] Level 1:colcon.colcon_core.package_identification:_identify(serial/def_msg) by extensions ['ignore', 'ignore_ament_install']
[0.196s] Level 1:colcon.colcon_core.package_identification:_identify(serial/def_msg) by extension 'ignore'
[0.196s] Level 1:colcon.colcon_core.package_identification:_identify(serial/def_msg) by extension 'ignore_ament_install'
[0.196s] Level 1:colcon.colcon_core.package_identification:_identify(serial/def_msg) by extensions ['colcon_pkg']
[0.197s] Level 1:colcon.colcon_core.package_identification:_identify(serial/def_msg) by extension 'colcon_pkg'
[0.197s] Level 1:colcon.colcon_core.package_identification:_identify(serial/def_msg) by extensions ['colcon_meta']
[0.197s] Level 1:colcon.colcon_core.package_identification:_identify(serial/def_msg) by extension 'colcon_meta'
[0.197s] Level 1:colcon.colcon_core.package_identification:_identify(serial/def_msg) by extensions ['ros']
[0.197s] Level 1:colcon.colcon_core.package_identification:_identify(serial/def_msg) by extension 'ros'
[0.204s] DEBUG:colcon.colcon_core.package_identification:Package 'serial/def_msg' with type 'ros.ament_cmake' and name 'def_msg'
[0.204s] Level 1:colcon.colcon_core.package_identification:_identify(serial/serial_def_sdk) by extensions ['ignore', 'ignore_ament_install']
[0.204s] Level 1:colcon.colcon_core.package_identification:_identify(serial/serial_def_sdk) by extension 'ignore'
[0.204s] Level 1:colcon.colcon_core.package_identification:_identify(serial/serial_def_sdk) by extension 'ignore_ament_install'
[0.204s] Level 1:colcon.colcon_core.package_identification:_identify(serial/serial_def_sdk) by extensions ['colcon_pkg']
[0.204s] Level 1:colcon.colcon_core.package_identification:_identify(serial/serial_def_sdk) by extension 'colcon_pkg'
[0.204s] Level 1:colcon.colcon_core.package_identification:_identify(serial/serial_def_sdk) by extensions ['colcon_meta']
[0.204s] Level 1:colcon.colcon_core.package_identification:_identify(serial/serial_def_sdk) by extension 'colcon_meta'
[0.204s] Level 1:colcon.colcon_core.package_identification:_identify(serial/serial_def_sdk) by extensions ['ros']
[0.204s] Level 1:colcon.colcon_core.package_identification:_identify(serial/serial_def_sdk) by extension 'ros'
[0.205s] DEBUG:colcon.colcon_core.package_identification:Package 'serial/serial_def_sdk' with type 'ros.ament_cmake' and name 'serial_def_sdk'
[0.205s] Level 1:colcon.colcon_core.package_identification:_identify(serial/vision_msg) by extensions ['ignore', 'ignore_ament_install']
[0.205s] Level 1:colcon.colcon_core.package_identification:_identify(serial/vision_msg) by extension 'ignore'
[0.205s] Level 1:colcon.colcon_core.package_identification:_identify(serial/vision_msg) by extension 'ignore_ament_install'
[0.205s] Level 1:colcon.colcon_core.package_identification:_identify(serial/vision_msg) by extensions ['colcon_pkg']
[0.205s] Level 1:colcon.colcon_core.package_identification:_identify(serial/vision_msg) by extension 'colcon_pkg'
[0.205s] Level 1:colcon.colcon_core.package_identification:_identify(serial/vision_msg) by extensions ['colcon_meta']
[0.205s] Level 1:colcon.colcon_core.package_identification:_identify(serial/vision_msg) by extension 'colcon_meta'
[0.205s] Level 1:colcon.colcon_core.package_identification:_identify(serial/vision_msg) by extensions ['ros']
[0.205s] Level 1:colcon.colcon_core.package_identification:_identify(serial/vision_msg) by extension 'ros'
[0.206s] DEBUG:colcon.colcon_core.package_identification:Package 'serial/vision_msg' with type 'ros.ament_cmake' and name 'vision_msg'
[0.206s] Level 1:colcon.colcon_core.package_discovery:discover_packages(recursive) using defaults
[0.206s] Level 1:colcon.colcon_core.package_discovery:discover_packages(ignore) discover
[0.206s] Level 1:colcon.colcon_core.package_discovery:discover_packages(ignore) using defaults
[0.206s] Level 1:colcon.colcon_core.package_discovery:discover_packages(path) discover
[0.206s] Level 1:colcon.colcon_core.package_discovery:discover_packages(path) using defaults
[0.219s] Level 1:colcon.colcon_core.package_discovery:discover_packages(prefix_path) check parameters
[0.219s] Level 1:colcon.colcon_core.package_discovery:discover_packages(prefix_path) discover
[0.220s] DEBUG:colcon.colcon_installed_package_information.package_discovery:Found 3 installed packages in /home/hjh/serial_new0122/install
[0.221s] DEBUG:colcon.colcon_installed_package_information.package_discovery:Found 479 installed packages in /opt/ros/humble
[0.223s] Level 1:colcon.colcon_core.package_discovery:discover_packages(prefix_path) using defaults
[0.286s] Level 5:colcon.colcon_core.verb:set package 'def_msg' build argument 'cmake_args' from command line to 'None'
[0.286s] Level 5:colcon.colcon_core.verb:set package 'def_msg' build argument 'cmake_target' from command line to 'None'
[0.286s] Level 5:colcon.colcon_core.verb:set package 'def_msg' build argument 'cmake_target_skip_unavailable' from command line to 'False'
[0.286s] Level 5:colcon.colcon_core.verb:set package 'def_msg' build argument 'cmake_clean_cache' from command line to 'False'
[0.286s] Level 5:colcon.colcon_core.verb:set package 'def_msg' build argument 'cmake_clean_first' from command line to 'False'
[0.286s] Level 5:colcon.colcon_core.verb:set package 'def_msg' build argument 'cmake_force_configure' from command line to 'False'
[0.286s] Level 5:colcon.colcon_core.verb:set package 'def_msg' build argument 'ament_cmake_args' from command line to 'None'
[0.286s] Level 5:colcon.colcon_core.verb:set package 'def_msg' build argument 'catkin_cmake_args' from command line to 'None'
[0.286s] Level 5:colcon.colcon_core.verb:set package 'def_msg' build argument 'catkin_skip_building_tests' from command line to 'False'
[0.286s] DEBUG:colcon.colcon_core.verb:Building package 'def_msg' with the following arguments: {'ament_cmake_args': None, 'build_base': '/home/hjh/serial_new0122/build/def_msg', 'catkin_cmake_args': None, 'catkin_skip_building_tests': False, 'cmake_args': None, 'cmake_clean_cache': False, 'cmake_clean_first': False, 'cmake_force_configure': False, 'cmake_target': None, 'cmake_target_skip_unavailable': False, 'install_base': '/home/hjh/serial_new0122/install/def_msg', 'merge_install': False, 'path': '/home/hjh/serial_new0122/serial/def_msg', 'symlink_install': False, 'test_result_base': None}
[0.286s] Level 5:colcon.colcon_core.verb:set package 'vision_msg' build argument 'cmake_args' from command line to 'None'
[0.286s] Level 5:colcon.colcon_core.verb:set package 'vision_msg' build argument 'cmake_target' from command line to 'None'
[0.286s] Level 5:colcon.colcon_core.verb:set package 'vision_msg' build argument 'cmake_target_skip_unavailable' from command line to 'False'
[0.286s] Level 5:colcon.colcon_core.verb:set package 'vision_msg' build argument 'cmake_clean_cache' from command line to 'False'
[0.286s] Level 5:colcon.colcon_core.verb:set package 'vision_msg' build argument 'cmake_clean_first' from command line to 'False'
[0.286s] Level 5:colcon.colcon_core.verb:set package 'vision_msg' build argument 'cmake_force_configure' from command line to 'False'
[0.286s] Level 5:colcon.colcon_core.verb:set package 'vision_msg' build argument 'ament_cmake_args' from command line to 'None'
[0.286s] Level 5:colcon.colcon_core.verb:set package 'vision_msg' build argument 'catkin_cmake_args' from command line to 'None'
[0.286s] Level 5:colcon.colcon_core.verb:set package 'vision_msg' build argument 'catkin_skip_building_tests' from command line to 'False'
[0.286s] DEBUG:colcon.colcon_core.verb:Building package 'vision_msg' with the following arguments: {'ament_cmake_args': None, 'build_base': '/home/hjh/serial_new0122/build/vision_msg', 'catkin_cmake_args': None, 'catkin_skip_building_tests': False, 'cmake_args': None, 'cmake_clean_cache': False, 'cmake_clean_first': False, 'cmake_force_configure': False, 'cmake_target': None, 'cmake_target_skip_unavailable': False, 'install_base': '/home/hjh/serial_new0122/install/vision_msg', 'merge_install': False, 'path': '/home/hjh/serial_new0122/serial/vision_msg', 'symlink_install': False, 'test_result_base': None}
[0.287s] Level 5:colcon.colcon_core.verb:set package 'serial_def_sdk' build argument 'cmake_args' from command line to 'None'
[0.287s] Level 5:colcon.colcon_core.verb:set package 'serial_def_sdk' build argument 'cmake_target' from command line to 'None'
[0.287s] Level 5:colcon.colcon_core.verb:set package 'serial_def_sdk' build argument 'cmake_target_skip_unavailable' from command line to 'False'
[0.287s] Level 5:colcon.colcon_core.verb:set package 'serial_def_sdk' build argument 'cmake_clean_cache' from command line to 'False'
[0.287s] Level 5:colcon.colcon_core.verb:set package 'serial_def_sdk' build argument 'cmake_clean_first' from command line to 'False'
[0.287s] Level 5:colcon.colcon_core.verb:set package 'serial_def_sdk' build argument 'cmake_force_configure' from command line to 'False'
[0.287s] Level 5:colcon.colcon_core.verb:set package 'serial_def_sdk' build argument 'ament_cmake_args' from command line to 'None'
[0.287s] Level 5:colcon.colcon_core.verb:set package 'serial_def_sdk' build argument 'catkin_cmake_args' from command line to 'None'
[0.287s] Level 5:colcon.colcon_core.verb:set package 'serial_def_sdk' build argument 'catkin_skip_building_tests' from command line to 'False'
[0.287s] DEBUG:colcon.colcon_core.verb:Building package 'serial_def_sdk' with the following arguments: {'ament_cmake_args': None, 'build_base': '/home/hjh/serial_new0122/build/serial_def_sdk', 'catkin_cmake_args': None, 'catkin_skip_building_tests': False, 'cmake_args': None, 'cmake_clean_cache': False, 'cmake_clean_first': False, 'cmake_force_configure': False, 'cmake_target': None, 'cmake_target_skip_unavailable': False, 'install_base': '/home/hjh/serial_new0122/install/serial_def_sdk', 'merge_install': False, 'path': '/home/hjh/serial_new0122/serial/serial_def_sdk', 'symlink_install': False, 'test_result_base': None}
[0.287s] INFO:colcon.colcon_core.executor:Executing jobs using 'parallel' executor
[0.288s] DEBUG:colcon.colcon_parallel_executor.executor.parallel:run_until_complete
[0.288s] INFO:colcon.colcon_ros.task.ament_cmake.build:Building ROS package in '/home/hjh/serial_new0122/serial/def_msg' with build type 'ament_cmake'
[0.288s] INFO:colcon.colcon_cmake.task.cmake.build:Building CMake package in '/home/hjh/serial_new0122/serial/def_msg'
[0.289s] INFO:colcon.colcon_core.plugin_system:Skipping extension 'colcon_core.shell.bat': Not used on non-Windows systems
[0.289s] INFO:colcon.colcon_core.shell:Skip shell extension 'powershell' for command environment: Not usable outside of PowerShell
[0.289s] DEBUG:colcon.colcon_core.shell:Skip shell extension 'dsv' for command environment
[0.292s] INFO:colcon.colcon_ros.task.ament_cmake.build:Building ROS package in '/home/hjh/serial_new0122/serial/vision_msg' with build type 'ament_cmake'
[0.292s] INFO:colcon.colcon_cmake.task.cmake.build:Building CMake package in '/home/hjh/serial_new0122/serial/vision_msg'
[0.292s] INFO:colcon.colcon_core.shell:Skip shell extension 'powershell' for command environment: Not usable outside of PowerShell
[0.292s] DEBUG:colcon.colcon_core.shell:Skip shell extension 'dsv' for command environment
[0.299s] DEBUG:colcon.colcon_core.event_handler.log_command:Invoking command in '/home/hjh/serial_new0122/build/def_msg': CMAKE_PREFIX_PATH=${CMAKE_PREFIX_PATH}:/opt/ros/humble /usr/bin/cmake --build /home/hjh/serial_new0122/build/def_msg -- -j16 -l16
[0.302s] DEBUG:colcon.colcon_core.event_handler.log_command:Invoking command in '/home/hjh/serial_new0122/build/vision_msg': CMAKE_PREFIX_PATH=${CMAKE_PREFIX_PATH}:/opt/ros/humble /usr/bin/cmake --build /home/hjh/serial_new0122/build/vision_msg -- -j16 -l16
[0.552s] DEBUG:colcon.colcon_core.event_handler.log_command:Invoked command in '/home/hjh/serial_new0122/build/vision_msg' returned '0': CMAKE_PREFIX_PATH=${CMAKE_PREFIX_PATH}:/opt/ros/humble /usr/bin/cmake --build /home/hjh/serial_new0122/build/vision_msg -- -j16 -l16
[0.558s] DEBUG:colcon.colcon_core.event_handler.log_command:Invoking command in '/home/hjh/serial_new0122/build/vision_msg': CMAKE_PREFIX_PATH=${CMAKE_PREFIX_PATH}:/opt/ros/humble /usr/bin/cmake --install /home/hjh/serial_new0122/build/vision_msg
[0.559s] DEBUG:colcon.colcon_core.event_handler.log_command:Invoked command in '/home/hjh/serial_new0122/build/def_msg' returned '0': CMAKE_PREFIX_PATH=${CMAKE_PREFIX_PATH}:/opt/ros/humble /usr/bin/cmake --build /home/hjh/serial_new0122/build/def_msg -- -j16 -l16
[0.560s] DEBUG:colcon.colcon_core.event_handler.log_command:Invoking command in '/home/hjh/serial_new0122/build/def_msg': CMAKE_PREFIX_PATH=${CMAKE_PREFIX_PATH}:/opt/ros/humble /usr/bin/cmake --install /home/hjh/serial_new0122/build/def_msg
[0.591s] Level 1:colcon.colcon_core.environment:create_environment_scripts_only(vision_msg)
[0.592s] DEBUG:colcon.colcon_core.event_handler.log_command:Invoked command in '/home/hjh/serial_new0122/build/vision_msg' returned '0': CMAKE_PREFIX_PATH=${CMAKE_PREFIX_PATH}:/opt/ros/humble /usr/bin/cmake --install /home/hjh/serial_new0122/build/vision_msg
[0.593s] Level 1:colcon.colcon_core.environment:checking '/home/hjh/serial_new0122/install/vision_msg' for CMake module files
[0.594s] Level 1:colcon.colcon_core.environment:checking '/home/hjh/serial_new0122/install/vision_msg' for CMake config files
[0.594s] Level 1:colcon.colcon_core.shell:create_environment_hook('vision_msg', 'cmake_prefix_path')
[0.594s] INFO:colcon.colcon_core.shell:Creating environment hook '/home/hjh/serial_new0122/install/vision_msg/share/vision_msg/hook/cmake_prefix_path.ps1'
[0.595s] INFO:colcon.colcon_core.shell:Creating environment descriptor '/home/hjh/serial_new0122/install/vision_msg/share/vision_msg/hook/cmake_prefix_path.dsv'
[0.596s] INFO:colcon.colcon_core.shell:Creating environment hook '/home/hjh/serial_new0122/install/vision_msg/share/vision_msg/hook/cmake_prefix_path.sh'
[0.598s] Level 1:colcon.colcon_core.environment:checking '/home/hjh/serial_new0122/install/vision_msg/lib'
[0.598s] Level 1:colcon.colcon_core.shell:create_environment_hook('vision_msg', 'ld_library_path_lib')
[0.598s] INFO:colcon.colcon_core.shell:Creating environment hook '/home/hjh/serial_new0122/install/vision_msg/share/vision_msg/hook/ld_library_path_lib.ps1'
[0.599s] INFO:colcon.colcon_core.shell:Creating environment descriptor '/home/hjh/serial_new0122/install/vision_msg/share/vision_msg/hook/ld_library_path_lib.dsv'
[0.599s] INFO:colcon.colcon_core.shell:Creating environment hook '/home/hjh/serial_new0122/install/vision_msg/share/vision_msg/hook/ld_library_path_lib.sh'
[0.599s] Level 1:colcon.colcon_core.environment:checking '/home/hjh/serial_new0122/install/vision_msg/bin'
[0.599s] Level 1:colcon.colcon_core.environment:checking '/home/hjh/serial_new0122/install/vision_msg/lib/pkgconfig/vision_msg.pc'
[0.599s] Level 1:colcon.colcon_core.environment:checking '/home/hjh/serial_new0122/install/vision_msg/lib/python3.10/site-packages'
[0.599s] Level 1:colcon.colcon_core.environment:checking '/home/hjh/serial_new0122/install/vision_msg/bin'
[0.599s] INFO:colcon.colcon_core.shell:Creating package script '/home/hjh/serial_new0122/install/vision_msg/share/vision_msg/package.ps1'
[0.600s] INFO:colcon.colcon_core.shell:Creating package descriptor '/home/hjh/serial_new0122/install/vision_msg/share/vision_msg/package.dsv'
[0.600s] INFO:colcon.colcon_core.shell:Creating package script '/home/hjh/serial_new0122/install/vision_msg/share/vision_msg/package.sh'
[0.601s] INFO:colcon.colcon_core.shell:Creating package script '/home/hjh/serial_new0122/install/vision_msg/share/vision_msg/package.bash'
[0.601s] INFO:colcon.colcon_core.shell:Creating package script '/home/hjh/serial_new0122/install/vision_msg/share/vision_msg/package.zsh'
[0.601s] Level 1:colcon.colcon_core.environment:create_file_with_runtime_dependencies(/home/hjh/serial_new0122/install/vision_msg/share/colcon-core/packages/vision_msg)
[0.602s] Level 1:colcon.colcon_core.environment:create_environment_scripts_only(vision_msg)
[0.602s] Level 1:colcon.colcon_core.environment:checking '/home/hjh/serial_new0122/install/vision_msg' for CMake module files
[0.602s] Level 1:colcon.colcon_core.environment:checking '/home/hjh/serial_new0122/install/vision_msg' for CMake config files
[0.603s] Level 1:colcon.colcon_core.shell:create_environment_hook('vision_msg', 'cmake_prefix_path')
[0.603s] INFO:colcon.colcon_core.shell:Creating environment hook '/home/hjh/serial_new0122/install/vision_msg/share/vision_msg/hook/cmake_prefix_path.ps1'
[0.603s] INFO:colcon.colcon_core.shell:Creating environment descriptor '/home/hjh/serial_new0122/install/vision_msg/share/vision_msg/hook/cmake_prefix_path.dsv'
[0.603s] INFO:colcon.colcon_core.shell:Creating environment hook '/home/hjh/serial_new0122/install/vision_msg/share/vision_msg/hook/cmake_prefix_path.sh'
[0.603s] Level 1:colcon.colcon_core.environment:checking '/home/hjh/serial_new0122/install/vision_msg/lib'
[0.603s] Level 1:colcon.colcon_core.shell:create_environment_hook('vision_msg', 'ld_library_path_lib')
[0.604s] INFO:colcon.colcon_core.shell:Creating environment hook '/home/hjh/serial_new0122/install/vision_msg/share/vision_msg/hook/ld_library_path_lib.ps1'
[0.604s] INFO:colcon.colcon_core.shell:Creating environment descriptor '/home/hjh/serial_new0122/install/vision_msg/share/vision_msg/hook/ld_library_path_lib.dsv'
[0.604s] INFO:colcon.colcon_core.shell:Creating environment hook '/home/hjh/serial_new0122/install/vision_msg/share/vision_msg/hook/ld_library_path_lib.sh'
[0.604s] Level 1:colcon.colcon_core.environment:checking '/home/hjh/serial_new0122/install/vision_msg/bin'
[0.604s] Level 1:colcon.colcon_core.environment:checking '/home/hjh/serial_new0122/install/vision_msg/lib/pkgconfig/vision_msg.pc'
[0.604s] Level 1:colcon.colcon_core.environment:checking '/home/hjh/serial_new0122/install/vision_msg/lib/python3.10/site-packages'
[0.604s] Level 1:colcon.colcon_core.environment:checking '/home/hjh/serial_new0122/install/vision_msg/bin'
[0.605s] INFO:colcon.colcon_core.shell:Creating package script '/home/hjh/serial_new0122/install/vision_msg/share/vision_msg/package.ps1'
[0.605s] INFO:colcon.colcon_core.shell:Creating package descriptor '/home/hjh/serial_new0122/install/vision_msg/share/vision_msg/package.dsv'
[0.605s] INFO:colcon.colcon_core.shell:Creating package script '/home/hjh/serial_new0122/install/vision_msg/share/vision_msg/package.sh'
[0.605s] INFO:colcon.colcon_core.shell:Creating package script '/home/hjh/serial_new0122/install/vision_msg/share/vision_msg/package.bash'
[0.605s] INFO:colcon.colcon_core.shell:Creating package script '/home/hjh/serial_new0122/install/vision_msg/share/vision_msg/package.zsh'
[0.606s] Level 1:colcon.colcon_core.environment:create_file_with_runtime_dependencies(/home/hjh/serial_new0122/install/vision_msg/share/colcon-core/packages/vision_msg)
[0.607s] Level 1:colcon.colcon_core.environment:create_environment_scripts_only(def_msg)
[0.607s] DEBUG:colcon.colcon_core.event_handler.log_command:Invoked command in '/home/hjh/serial_new0122/build/def_msg' returned '0': CMAKE_PREFIX_PATH=${CMAKE_PREFIX_PATH}:/opt/ros/humble /usr/bin/cmake --install /home/hjh/serial_new0122/build/def_msg
[0.607s] Level 1:colcon.colcon_core.environment:checking '/home/hjh/serial_new0122/install/def_msg' for CMake module files
[0.608s] Level 1:colcon.colcon_core.environment:checking '/home/hjh/serial_new0122/install/def_msg' for CMake config files
[0.609s] Level 1:colcon.colcon_core.shell:create_environment_hook('def_msg', 'cmake_prefix_path')
[0.609s] INFO:colcon.colcon_core.shell:Creating environment hook '/home/hjh/serial_new0122/install/def_msg/share/def_msg/hook/cmake_prefix_path.ps1'
[0.609s] INFO:colcon.colcon_core.shell:Creating environment descriptor '/home/hjh/serial_new0122/install/def_msg/share/def_msg/hook/cmake_prefix_path.dsv'
[0.610s] INFO:colcon.colcon_core.shell:Creating environment hook '/home/hjh/serial_new0122/install/def_msg/share/def_msg/hook/cmake_prefix_path.sh'
[0.610s] Level 1:colcon.colcon_core.environment:checking '/home/hjh/serial_new0122/install/def_msg/lib'
[0.610s] Level 1:colcon.colcon_core.shell:create_environment_hook('def_msg', 'ld_library_path_lib')
[0.610s] INFO:colcon.colcon_core.shell:Creating environment hook '/home/hjh/serial_new0122/install/def_msg/share/def_msg/hook/ld_library_path_lib.ps1'
[0.610s] INFO:colcon.colcon_core.shell:Creating environment descriptor '/home/hjh/serial_new0122/install/def_msg/share/def_msg/hook/ld_library_path_lib.dsv'
[0.611s] INFO:colcon.colcon_core.shell:Creating environment hook '/home/hjh/serial_new0122/install/def_msg/share/def_msg/hook/ld_library_path_lib.sh'
[0.611s] Level 1:colcon.colcon_core.environment:checking '/home/hjh/serial_new0122/install/def_msg/bin'
[0.611s] Level 1:colcon.colcon_core.environment:checking '/home/hjh/serial_new0122/install/def_msg/lib/pkgconfig/def_msg.pc'
[0.611s] Level 1:colcon.colcon_core.environment:checking '/home/hjh/serial_new0122/install/def_msg/lib/python3.10/site-packages'
[0.611s] Level 1:colcon.colcon_core.environment:checking '/home/hjh/serial_new0122/install/def_msg/bin'
[0.612s] INFO:colcon.colcon_core.shell:Creating package script '/home/hjh/serial_new0122/install/def_msg/share/def_msg/package.ps1'
[0.612s] INFO:colcon.colcon_core.shell:Creating package descriptor '/home/hjh/serial_new0122/install/def_msg/share/def_msg/package.dsv'
[0.612s] INFO:colcon.colcon_core.shell:Creating package script '/home/hjh/serial_new0122/install/def_msg/share/def_msg/package.sh'
[0.612s] INFO:colcon.colcon_core.shell:Creating package script '/home/hjh/serial_new0122/install/def_msg/share/def_msg/package.bash'
[0.613s] INFO:colcon.colcon_core.shell:Creating package script '/home/hjh/serial_new0122/install/def_msg/share/def_msg/package.zsh'
[0.613s] Level 1:colcon.colcon_core.environment:create_file_with_runtime_dependencies(/home/hjh/serial_new0122/install/def_msg/share/colcon-core/packages/def_msg)
[0.613s] Level 1:colcon.colcon_core.environment:create_environment_scripts_only(def_msg)
[0.613s] Level 1:colcon.colcon_core.environment:checking '/home/hjh/serial_new0122/install/def_msg' for CMake module files
[0.614s] Level 1:colcon.colcon_core.environment:checking '/home/hjh/serial_new0122/install/def_msg' for CMake config files
[0.614s] Level 1:colcon.colcon_core.shell:create_environment_hook('def_msg', 'cmake_prefix_path')
[0.614s] INFO:colcon.colcon_core.shell:Creating environment hook '/home/hjh/serial_new0122/install/def_msg/share/def_msg/hook/cmake_prefix_path.ps1'
[0.614s] INFO:colcon.colcon_core.shell:Creating environment descriptor '/home/hjh/serial_new0122/install/def_msg/share/def_msg/hook/cmake_prefix_path.dsv'
[0.615s] INFO:colcon.colcon_core.shell:Creating environment hook '/home/hjh/serial_new0122/install/def_msg/share/def_msg/hook/cmake_prefix_path.sh'
[0.615s] Level 1:colcon.colcon_core.environment:checking '/home/hjh/serial_new0122/install/def_msg/lib'
[0.615s] Level 1:colcon.colcon_core.shell:create_environment_hook('def_msg', 'ld_library_path_lib')
[0.615s] INFO:colcon.colcon_core.shell:Creating environment hook '/home/hjh/serial_new0122/install/def_msg/share/def_msg/hook/ld_library_path_lib.ps1'
[0.615s] INFO:colcon.colcon_core.shell:Creating environment descriptor '/home/hjh/serial_new0122/install/def_msg/share/def_msg/hook/ld_library_path_lib.dsv'
[0.616s] INFO:colcon.colcon_core.shell:Creating environment hook '/home/hjh/serial_new0122/install/def_msg/share/def_msg/hook/ld_library_path_lib.sh'
[0.616s] Level 1:colcon.colcon_core.environment:checking '/home/hjh/serial_new0122/install/def_msg/bin'
[0.616s] Level 1:colcon.colcon_core.environment:checking '/home/hjh/serial_new0122/install/def_msg/lib/pkgconfig/def_msg.pc'
[0.616s] Level 1:colcon.colcon_core.environment:checking '/home/hjh/serial_new0122/install/def_msg/lib/python3.10/site-packages'
[0.616s] Level 1:colcon.colcon_core.environment:checking '/home/hjh/serial_new0122/install/def_msg/bin'
[0.616s] INFO:colcon.colcon_core.shell:Creating package script '/home/hjh/serial_new0122/install/def_msg/share/def_msg/package.ps1'
[0.617s] INFO:colcon.colcon_core.shell:Creating package descriptor '/home/hjh/serial_new0122/install/def_msg/share/def_msg/package.dsv'
[0.617s] INFO:colcon.colcon_core.shell:Creating package script '/home/hjh/serial_new0122/install/def_msg/share/def_msg/package.sh'
[0.617s] INFO:colcon.colcon_core.shell:Creating package script '/home/hjh/serial_new0122/install/def_msg/share/def_msg/package.bash'
[0.617s] INFO:colcon.colcon_core.shell:Creating package script '/home/hjh/serial_new0122/install/def_msg/share/def_msg/package.zsh'
[0.618s] Level 1:colcon.colcon_core.environment:create_file_with_runtime_dependencies(/home/hjh/serial_new0122/install/def_msg/share/colcon-core/packages/def_msg)
[0.618s] INFO:colcon.colcon_ros.task.ament_cmake.build:Building ROS package in '/home/hjh/serial_new0122/serial/serial_def_sdk' with build type 'ament_cmake'
[0.618s] INFO:colcon.colcon_cmake.task.cmake.build:Building CMake package in '/home/hjh/serial_new0122/serial/serial_def_sdk'
[0.618s] INFO:colcon.colcon_core.shell:Skip shell extension 'powershell' for command environment: Not usable outside of PowerShell
[0.618s] DEBUG:colcon.colcon_core.shell:Skip shell extension 'dsv' for command environment
[0.629s] DEBUG:colcon.colcon_core.event_handler.log_command:Invoking command in '/home/hjh/serial_new0122/build/serial_def_sdk': CMAKE_PREFIX_PATH=/home/hjh/serial_new0122/install/vision_msg:/home/hjh/serial_new0122/install/def_msg:/home/hjh/serial_new0122/install/serial_def_sdk:/opt/ros/humble /usr/bin/cmake --build /home/hjh/serial_new0122/build/serial_def_sdk -- -j16 -l16
[13.654s] DEBUG:colcon.colcon_core.event_handler.log_command:Invoked command in '/home/hjh/serial_new0122/build/serial_def_sdk' returned '0': CMAKE_PREFIX_PATH=/home/hjh/serial_new0122/install/vision_msg:/home/hjh/serial_new0122/install/def_msg:/home/hjh/serial_new0122/install/serial_def_sdk:/opt/ros/humble /usr/bin/cmake --build /home/hjh/serial_new0122/build/serial_def_sdk -- -j16 -l16
[13.655s] DEBUG:colcon.colcon_core.event_handler.log_command:Invoking command in '/home/hjh/serial_new0122/build/serial_def_sdk': CMAKE_PREFIX_PATH=/home/hjh/serial_new0122/install/vision_msg:/home/hjh/serial_new0122/install/def_msg:/home/hjh/serial_new0122/install/serial_def_sdk:/opt/ros/humble /usr/bin/cmake --install /home/hjh/serial_new0122/build/serial_def_sdk
[13.671s] Level 1:colcon.colcon_core.environment:create_environment_scripts_only(serial_def_sdk)
[13.672s] Level 1:colcon.colcon_core.environment:checking '/home/hjh/serial_new0122/install/serial_def_sdk' for CMake module files
[13.673s] DEBUG:colcon.colcon_core.event_handler.log_command:Invoked command in '/home/hjh/serial_new0122/build/serial_def_sdk' returned '0': CMAKE_PREFIX_PATH=/home/hjh/serial_new0122/install/vision_msg:/home/hjh/serial_new0122/install/def_msg:/home/hjh/serial_new0122/install/serial_def_sdk:/opt/ros/humble /usr/bin/cmake --install /home/hjh/serial_new0122/build/serial_def_sdk
[13.673s] Level 1:colcon.colcon_core.environment:checking '/home/hjh/serial_new0122/install/serial_def_sdk' for CMake config files
[13.674s] Level 1:colcon.colcon_core.shell:create_environment_hook('serial_def_sdk', 'cmake_prefix_path')
[13.674s] INFO:colcon.colcon_core.shell:Creating environment hook '/home/hjh/serial_new0122/install/serial_def_sdk/share/serial_def_sdk/hook/cmake_prefix_path.ps1'
[13.675s] INFO:colcon.colcon_core.shell:Creating environment descriptor '/home/hjh/serial_new0122/install/serial_def_sdk/share/serial_def_sdk/hook/cmake_prefix_path.dsv'
[13.676s] INFO:colcon.colcon_core.shell:Creating environment hook '/home/hjh/serial_new0122/install/serial_def_sdk/share/serial_def_sdk/hook/cmake_prefix_path.sh'
[13.678s] Level 1:colcon.colcon_core.environment:checking '/home/hjh/serial_new0122/install/serial_def_sdk/lib'
[13.678s] Level 1:colcon.colcon_core.environment:checking '/home/hjh/serial_new0122/install/serial_def_sdk/bin'
[13.678s] Level 1:colcon.colcon_core.environment:checking '/home/hjh/serial_new0122/install/serial_def_sdk/lib/pkgconfig/serial_def_sdk.pc'
[13.679s] Level 1:colcon.colcon_core.environment:checking '/home/hjh/serial_new0122/install/serial_def_sdk/lib/python3.10/site-packages'
[13.680s] Level 1:colcon.colcon_core.environment:checking '/home/hjh/serial_new0122/install/serial_def_sdk/bin'
[13.680s] INFO:colcon.colcon_core.shell:Creating package script '/home/hjh/serial_new0122/install/serial_def_sdk/share/serial_def_sdk/package.ps1'
[13.682s] INFO:colcon.colcon_core.shell:Creating package descriptor '/home/hjh/serial_new0122/install/serial_def_sdk/share/serial_def_sdk/package.dsv'
[13.683s] INFO:colcon.colcon_core.shell:Creating package script '/home/hjh/serial_new0122/install/serial_def_sdk/share/serial_def_sdk/package.sh'
[13.685s] INFO:colcon.colcon_core.shell:Creating package script '/home/hjh/serial_new0122/install/serial_def_sdk/share/serial_def_sdk/package.bash'
[13.686s] INFO:colcon.colcon_core.shell:Creating package script '/home/hjh/serial_new0122/install/serial_def_sdk/share/serial_def_sdk/package.zsh'
[13.687s] Level 1:colcon.colcon_core.environment:create_file_with_runtime_dependencies(/home/hjh/serial_new0122/install/serial_def_sdk/share/colcon-core/packages/serial_def_sdk)
[13.688s] Level 1:colcon.colcon_core.environment:create_environment_scripts_only(serial_def_sdk)
[13.689s] Level 1:colcon.colcon_core.environment:checking '/home/hjh/serial_new0122/install/serial_def_sdk' for CMake module files
[13.690s] Level 1:colcon.colcon_core.environment:checking '/home/hjh/serial_new0122/install/serial_def_sdk' for CMake config files
[13.690s] Level 1:colcon.colcon_core.shell:create_environment_hook('serial_def_sdk', 'cmake_prefix_path')
[13.690s] INFO:colcon.colcon_core.shell:Creating environment hook '/home/hjh/serial_new0122/install/serial_def_sdk/share/serial_def_sdk/hook/cmake_prefix_path.ps1'
[13.691s] INFO:colcon.colcon_core.shell:Creating environment descriptor '/home/hjh/serial_new0122/install/serial_def_sdk/share/serial_def_sdk/hook/cmake_prefix_path.dsv'
[13.692s] INFO:colcon.colcon_core.shell:Creating environment hook '/home/hjh/serial_new0122/install/serial_def_sdk/share/serial_def_sdk/hook/cmake_prefix_path.sh'
[13.692s] Level 1:colcon.colcon_core.environment:checking '/home/hjh/serial_new0122/install/serial_def_sdk/lib'
[13.692s] Level 1:colcon.colcon_core.environment:checking '/home/hjh/serial_new0122/install/serial_def_sdk/bin'
[13.692s] Level 1:colcon.colcon_core.environment:checking '/home/hjh/serial_new0122/install/serial_def_sdk/lib/pkgconfig/serial_def_sdk.pc'
[13.692s] Level 1:colcon.colcon_core.environment:checking '/home/hjh/serial_new0122/install/serial_def_sdk/lib/python3.10/site-packages'
[13.693s] Level 1:colcon.colcon_core.environment:checking '/home/hjh/serial_new0122/install/serial_def_sdk/bin'
[13.693s] INFO:colcon.colcon_core.shell:Creating package script '/home/hjh/serial_new0122/install/serial_def_sdk/share/serial_def_sdk/package.ps1'
[13.694s] INFO:colcon.colcon_core.shell:Creating package descriptor '/home/hjh/serial_new0122/install/serial_def_sdk/share/serial_def_sdk/package.dsv'
[13.694s] INFO:colcon.colcon_core.shell:Creating package script '/home/hjh/serial_new0122/install/serial_def_sdk/share/serial_def_sdk/package.sh'
[13.694s] INFO:colcon.colcon_core.shell:Creating package script '/home/hjh/serial_new0122/install/serial_def_sdk/share/serial_def_sdk/package.bash'
[13.695s] INFO:colcon.colcon_core.shell:Creating package script '/home/hjh/serial_new0122/install/serial_def_sdk/share/serial_def_sdk/package.zsh'
[13.695s] Level 1:colcon.colcon_core.environment:create_file_with_runtime_dependencies(/home/hjh/serial_new0122/install/serial_def_sdk/share/colcon-core/packages/serial_def_sdk)
[13.695s] DEBUG:colcon.colcon_parallel_executor.executor.parallel:closing loop
[13.696s] DEBUG:colcon.colcon_parallel_executor.executor.parallel:loop closed
[13.696s] DEBUG:colcon.colcon_parallel_executor.executor.parallel:run_until_complete finished with '0'
[13.696s] DEBUG:colcon.colcon_core.event_reactor:joining thread
[13.707s] INFO:colcon.colcon_core.plugin_system:Skipping extension 'colcon_notification.desktop_notification.terminal_notifier': Not used on non-Darwin systems
[13.707s] INFO:colcon.colcon_core.plugin_system:Skipping extension 'colcon_notification.desktop_notification.win32': Not used on non-Windows systems
[13.708s] INFO:colcon.colcon_notification.desktop_notification:Sending desktop notification using 'notify2'
[13.727s] DEBUG:colcon.colcon_core.event_reactor:joined thread
[13.728s] INFO:colcon.colcon_core.shell:Creating prefix script '/home/hjh/serial_new0122/install/local_setup.ps1'
[13.729s] INFO:colcon.colcon_core.shell:Creating prefix util module '/home/hjh/serial_new0122/install/_local_setup_util_ps1.py'
[13.731s] INFO:colcon.colcon_core.shell:Creating prefix chain script '/home/hjh/serial_new0122/install/setup.ps1'
[13.732s] INFO:colcon.colcon_core.shell:Creating prefix script '/home/hjh/serial_new0122/install/local_setup.sh'
[13.733s] INFO:colcon.colcon_core.shell:Creating prefix util module '/home/hjh/serial_new0122/install/_local_setup_util_sh.py'
[13.733s] INFO:colcon.colcon_core.shell:Creating prefix chain script '/home/hjh/serial_new0122/install/setup.sh'
[13.734s] INFO:colcon.colcon_core.shell:Creating prefix script '/home/hjh/serial_new0122/install/local_setup.bash'
[13.735s] INFO:colcon.colcon_core.shell:Creating prefix chain script '/home/hjh/serial_new0122/install/setup.bash'
[13.736s] INFO:colcon.colcon_core.shell:Creating prefix script '/home/hjh/serial_new0122/install/local_setup.zsh'
[13.737s] INFO:colcon.colcon_core.shell:Creating prefix chain script '/home/hjh/serial_new0122/install/setup.zsh'
