[0.070s] DEBUG:colcon:Command line arguments: ['/usr/bin/colcon', 'build']
[0.070s] DEBUG:colcon:Parsed command line arguments: Namespace(log_base=None, log_level=None, verb_name='build', build_base='build', install_base='install', merge_install=False, symlink_install=False, test_result_base=None, continue_on_error=False, executor='parallel', parallel_workers=16, event_handlers=None, ignore_user_meta=False, metas=['./colcon.meta'], base_paths=['.'], packages_ignore=None, packages_ignore_regex=None, paths=None, packages_up_to=None, packages_up_to_regex=None, packages_above=None, packages_above_and_dependencies=None, packages_above_depth=None, packages_select_by_dep=None, packages_skip_by_dep=None, packages_skip_up_to=None, packages_select_build_failed=False, packages_skip_build_finished=False, packages_select_test_failures=False, packages_skip_test_passed=False, packages_select=None, packages_skip=None, packages_select_regex=None, packages_skip_regex=None, packages_start=None, packages_end=None, allow_overriding=[], cmake_args=None, cmake_target=None, cmake_target_skip_unavailable=False, cmake_clean_cache=False, cmake_clean_first=False, cmake_force_configure=False, ament_cmake_args=None, catkin_cmake_args=None, catkin_skip_building_tests=False, mixin_files=None, mixin=None, verb_parser=<colcon_mixin.mixin.mixin_argument.MixinArgumentDecorator object at 0x753943b2edd0>, verb_extension=<colcon_core.verb.build.BuildVerb object at 0x753943b2e920>, main=<bound method BuildVerb.main of <colcon_core.verb.build.BuildVerb object at 0x753943b2e920>>, mixin_verb=('build',))
[0.182s] Level 1:colcon.colcon_core.package_discovery:discover_packages(colcon_meta) check parameters
[0.182s] Level 1:colcon.colcon_core.package_discovery:discover_packages(recursive) check parameters
[0.182s] Level 1:colcon.colcon_core.package_discovery:discover_packages(ignore) check parameters
[0.182s] Level 1:colcon.colcon_core.package_discovery:discover_packages(path) check parameters
[0.182s] Level 1:colcon.colcon_core.package_discovery:discover_packages(colcon_meta) discover
[0.182s] Level 1:colcon.colcon_core.package_discovery:discover_packages(recursive) discover
[0.182s] INFO:colcon.colcon_core.package_discovery:Crawling recursively for packages in '/home/hjh/serial_new0122'
[0.182s] Level 1:colcon.colcon_core.package_identification:_identify(.) by extensions ['ignore', 'ignore_ament_install']
[0.182s] Level 1:colcon.colcon_core.package_identification:_identify(.) by extension 'ignore'
[0.182s] Level 1:colcon.colcon_core.package_identification:_identify(.) by extension 'ignore_ament_install'
[0.182s] Level 1:colcon.colcon_core.package_identification:_identify(.) by extensions ['colcon_pkg']
[0.182s] Level 1:colcon.colcon_core.package_identification:_identify(.) by extension 'colcon_pkg'
[0.182s] Level 1:colcon.colcon_core.package_identification:_identify(.) by extensions ['colcon_meta']
[0.182s] Level 1:colcon.colcon_core.package_identification:_identify(.) by extension 'colcon_meta'
[0.182s] Level 1:colcon.colcon_core.package_identification:_identify(.) by extensions ['ros']
[0.182s] Level 1:colcon.colcon_core.package_identification:_identify(.) by extension 'ros'
[0.190s] Level 1:colcon.colcon_core.package_identification:_identify(.) by extensions ['cmake', 'python']
[0.190s] Level 1:colcon.colcon_core.package_identification:_identify(.) by extension 'cmake'
[0.190s] Level 1:colcon.colcon_core.package_identification:_identify(.) by extension 'python'
[0.190s] Level 1:colcon.colcon_core.package_identification:_identify(.) by extensions ['python_setup_py']
[0.190s] Level 1:colcon.colcon_core.package_identification:_identify(.) by extension 'python_setup_py'
[0.190s] Level 1:colcon.colcon_core.package_identification:_identify(build) by extensions ['ignore', 'ignore_ament_install']
[0.190s] Level 1:colcon.colcon_core.package_identification:_identify(build) by extension 'ignore'
[0.190s] Level 1:colcon.colcon_core.package_identification:_identify(build) ignored
[0.190s] Level 1:colcon.colcon_core.package_identification:_identify(install) by extensions ['ignore', 'ignore_ament_install']
[0.190s] Level 1:colcon.colcon_core.package_identification:_identify(install) by extension 'ignore'
[0.190s] Level 1:colcon.colcon_core.package_identification:_identify(install) ignored
[0.190s] Level 1:colcon.colcon_core.package_identification:_identify(log) by extensions ['ignore', 'ignore_ament_install']
[0.190s] Level 1:colcon.colcon_core.package_identification:_identify(log) by extension 'ignore'
[0.190s] Level 1:colcon.colcon_core.package_identification:_identify(log) ignored
[0.190s] Level 1:colcon.colcon_core.package_identification:_identify(serial) by extensions ['ignore', 'ignore_ament_install']
[0.190s] Level 1:colcon.colcon_core.package_identification:_identify(serial) by extension 'ignore'
[0.190s] Level 1:colcon.colcon_core.package_identification:_identify(serial) by extension 'ignore_ament_install'
[0.190s] Level 1:colcon.colcon_core.package_identification:_identify(serial) by extensions ['colcon_pkg']
[0.190s] Level 1:colcon.colcon_core.package_identification:_identify(serial) by extension 'colcon_pkg'
[0.190s] Level 1:colcon.colcon_core.package_identification:_identify(serial) by extensions ['colcon_meta']
[0.190s] Level 1:colcon.colcon_core.package_identification:_identify(serial) by extension 'colcon_meta'
[0.190s] Level 1:colcon.colcon_core.package_identification:_identify(serial) by extensions ['ros']
[0.190s] Level 1:colcon.colcon_core.package_identification:_identify(serial) by extension 'ros'
[0.190s] Level 1:colcon.colcon_core.package_identification:_identify(serial) by extensions ['cmake', 'python']
[0.190s] Level 1:colcon.colcon_core.package_identification:_identify(serial) by extension 'cmake'
[0.191s] Level 1:colcon.colcon_core.package_identification:_identify(serial) by extension 'python'
[0.191s] Level 1:colcon.colcon_core.package_identification:_identify(serial) by extensions ['python_setup_py']
[0.191s] Level 1:colcon.colcon_core.package_identification:_identify(serial) by extension 'python_setup_py'
[0.191s] Level 1:colcon.colcon_core.package_identification:_identify(serial/def_msg) by extensions ['ignore', 'ignore_ament_install']
[0.191s] Level 1:colcon.colcon_core.package_identification:_identify(serial/def_msg) by extension 'ignore'
[0.191s] Level 1:colcon.colcon_core.package_identification:_identify(serial/def_msg) by extension 'ignore_ament_install'
[0.191s] Level 1:colcon.colcon_core.package_identification:_identify(serial/def_msg) by extensions ['colcon_pkg']
[0.191s] Level 1:colcon.colcon_core.package_identification:_identify(serial/def_msg) by extension 'colcon_pkg'
[0.191s] Level 1:colcon.colcon_core.package_identification:_identify(serial/def_msg) by extensions ['colcon_meta']
[0.191s] Level 1:colcon.colcon_core.package_identification:_identify(serial/def_msg) by extension 'colcon_meta'
[0.191s] Level 1:colcon.colcon_core.package_identification:_identify(serial/def_msg) by extensions ['ros']
[0.191s] Level 1:colcon.colcon_core.package_identification:_identify(serial/def_msg) by extension 'ros'
[0.193s] DEBUG:colcon.colcon_core.package_identification:Package 'serial/def_msg' with type 'ros.ament_cmake' and name 'def_msg'
[0.193s] Level 1:colcon.colcon_core.package_identification:_identify(serial/serial_def_sdk) by extensions ['ignore', 'ignore_ament_install']
[0.193s] Level 1:colcon.colcon_core.package_identification:_identify(serial/serial_def_sdk) by extension 'ignore'
[0.193s] Level 1:colcon.colcon_core.package_identification:_identify(serial/serial_def_sdk) by extension 'ignore_ament_install'
[0.193s] Level 1:colcon.colcon_core.package_identification:_identify(serial/serial_def_sdk) by extensions ['colcon_pkg']
[0.193s] Level 1:colcon.colcon_core.package_identification:_identify(serial/serial_def_sdk) by extension 'colcon_pkg'
[0.193s] Level 1:colcon.colcon_core.package_identification:_identify(serial/serial_def_sdk) by extensions ['colcon_meta']
[0.193s] Level 1:colcon.colcon_core.package_identification:_identify(serial/serial_def_sdk) by extension 'colcon_meta'
[0.193s] Level 1:colcon.colcon_core.package_identification:_identify(serial/serial_def_sdk) by extensions ['ros']
[0.193s] Level 1:colcon.colcon_core.package_identification:_identify(serial/serial_def_sdk) by extension 'ros'
[0.194s] DEBUG:colcon.colcon_core.package_identification:Package 'serial/serial_def_sdk' with type 'ros.ament_cmake' and name 'serial_def_sdk'
[0.194s] Level 1:colcon.colcon_core.package_identification:_identify(serial/vision_msg) by extensions ['ignore', 'ignore_ament_install']
[0.194s] Level 1:colcon.colcon_core.package_identification:_identify(serial/vision_msg) by extension 'ignore'
[0.194s] Level 1:colcon.colcon_core.package_identification:_identify(serial/vision_msg) by extension 'ignore_ament_install'
[0.194s] Level 1:colcon.colcon_core.package_identification:_identify(serial/vision_msg) by extensions ['colcon_pkg']
[0.194s] Level 1:colcon.colcon_core.package_identification:_identify(serial/vision_msg) by extension 'colcon_pkg'
[0.194s] Level 1:colcon.colcon_core.package_identification:_identify(serial/vision_msg) by extensions ['colcon_meta']
[0.194s] Level 1:colcon.colcon_core.package_identification:_identify(serial/vision_msg) by extension 'colcon_meta'
[0.194s] Level 1:colcon.colcon_core.package_identification:_identify(serial/vision_msg) by extensions ['ros']
[0.194s] Level 1:colcon.colcon_core.package_identification:_identify(serial/vision_msg) by extension 'ros'
[0.195s] DEBUG:colcon.colcon_core.package_identification:Package 'serial/vision_msg' with type 'ros.ament_cmake' and name 'vision_msg'
[0.195s] Level 1:colcon.colcon_core.package_discovery:discover_packages(recursive) using defaults
[0.195s] Level 1:colcon.colcon_core.package_discovery:discover_packages(ignore) discover
[0.195s] Level 1:colcon.colcon_core.package_discovery:discover_packages(ignore) using defaults
[0.195s] Level 1:colcon.colcon_core.package_discovery:discover_packages(path) discover
[0.195s] Level 1:colcon.colcon_core.package_discovery:discover_packages(path) using defaults
[0.213s] Level 1:colcon.colcon_core.package_discovery:discover_packages(prefix_path) check parameters
[0.213s] Level 1:colcon.colcon_core.package_discovery:discover_packages(prefix_path) discover
[0.215s] DEBUG:colcon.colcon_installed_package_information.package_discovery:Found 478 installed packages in /opt/ros/humble
[0.217s] Level 1:colcon.colcon_core.package_discovery:discover_packages(prefix_path) using defaults
[0.249s] Level 5:colcon.colcon_core.verb:set package 'def_msg' build argument 'cmake_args' from command line to 'None'
[0.249s] Level 5:colcon.colcon_core.verb:set package 'def_msg' build argument 'cmake_target' from command line to 'None'
[0.249s] Level 5:colcon.colcon_core.verb:set package 'def_msg' build argument 'cmake_target_skip_unavailable' from command line to 'False'
[0.249s] Level 5:colcon.colcon_core.verb:set package 'def_msg' build argument 'cmake_clean_cache' from command line to 'False'
[0.249s] Level 5:colcon.colcon_core.verb:set package 'def_msg' build argument 'cmake_clean_first' from command line to 'False'
[0.249s] Level 5:colcon.colcon_core.verb:set package 'def_msg' build argument 'cmake_force_configure' from command line to 'False'
[0.249s] Level 5:colcon.colcon_core.verb:set package 'def_msg' build argument 'ament_cmake_args' from command line to 'None'
[0.249s] Level 5:colcon.colcon_core.verb:set package 'def_msg' build argument 'catkin_cmake_args' from command line to 'None'
[0.249s] Level 5:colcon.colcon_core.verb:set package 'def_msg' build argument 'catkin_skip_building_tests' from command line to 'False'
[0.249s] DEBUG:colcon.colcon_core.verb:Building package 'def_msg' with the following arguments: {'ament_cmake_args': None, 'build_base': '/home/hjh/serial_new0122/build/def_msg', 'catkin_cmake_args': None, 'catkin_skip_building_tests': False, 'cmake_args': None, 'cmake_clean_cache': False, 'cmake_clean_first': False, 'cmake_force_configure': False, 'cmake_target': None, 'cmake_target_skip_unavailable': False, 'install_base': '/home/hjh/serial_new0122/install/def_msg', 'merge_install': False, 'path': '/home/hjh/serial_new0122/serial/def_msg', 'symlink_install': False, 'test_result_base': None}
[0.249s] Level 5:colcon.colcon_core.verb:set package 'vision_msg' build argument 'cmake_args' from command line to 'None'
[0.249s] Level 5:colcon.colcon_core.verb:set package 'vision_msg' build argument 'cmake_target' from command line to 'None'
[0.249s] Level 5:colcon.colcon_core.verb:set package 'vision_msg' build argument 'cmake_target_skip_unavailable' from command line to 'False'
[0.249s] Level 5:colcon.colcon_core.verb:set package 'vision_msg' build argument 'cmake_clean_cache' from command line to 'False'
[0.249s] Level 5:colcon.colcon_core.verb:set package 'vision_msg' build argument 'cmake_clean_first' from command line to 'False'
[0.249s] Level 5:colcon.colcon_core.verb:set package 'vision_msg' build argument 'cmake_force_configure' from command line to 'False'
[0.249s] Level 5:colcon.colcon_core.verb:set package 'vision_msg' build argument 'ament_cmake_args' from command line to 'None'
[0.249s] Level 5:colcon.colcon_core.verb:set package 'vision_msg' build argument 'catkin_cmake_args' from command line to 'None'
[0.249s] Level 5:colcon.colcon_core.verb:set package 'vision_msg' build argument 'catkin_skip_building_tests' from command line to 'False'
[0.249s] DEBUG:colcon.colcon_core.verb:Building package 'vision_msg' with the following arguments: {'ament_cmake_args': None, 'build_base': '/home/hjh/serial_new0122/build/vision_msg', 'catkin_cmake_args': None, 'catkin_skip_building_tests': False, 'cmake_args': None, 'cmake_clean_cache': False, 'cmake_clean_first': False, 'cmake_force_configure': False, 'cmake_target': None, 'cmake_target_skip_unavailable': False, 'install_base': '/home/hjh/serial_new0122/install/vision_msg', 'merge_install': False, 'path': '/home/hjh/serial_new0122/serial/vision_msg', 'symlink_install': False, 'test_result_base': None}
[0.249s] Level 5:colcon.colcon_core.verb:set package 'serial_def_sdk' build argument 'cmake_args' from command line to 'None'
[0.250s] Level 5:colcon.colcon_core.verb:set package 'serial_def_sdk' build argument 'cmake_target' from command line to 'None'
[0.250s] Level 5:colcon.colcon_core.verb:set package 'serial_def_sdk' build argument 'cmake_target_skip_unavailable' from command line to 'False'
[0.250s] Level 5:colcon.colcon_core.verb:set package 'serial_def_sdk' build argument 'cmake_clean_cache' from command line to 'False'
[0.250s] Level 5:colcon.colcon_core.verb:set package 'serial_def_sdk' build argument 'cmake_clean_first' from command line to 'False'
[0.250s] Level 5:colcon.colcon_core.verb:set package 'serial_def_sdk' build argument 'cmake_force_configure' from command line to 'False'
[0.250s] Level 5:colcon.colcon_core.verb:set package 'serial_def_sdk' build argument 'ament_cmake_args' from command line to 'None'
[0.250s] Level 5:colcon.colcon_core.verb:set package 'serial_def_sdk' build argument 'catkin_cmake_args' from command line to 'None'
[0.250s] Level 5:colcon.colcon_core.verb:set package 'serial_def_sdk' build argument 'catkin_skip_building_tests' from command line to 'False'
[0.250s] DEBUG:colcon.colcon_core.verb:Building package 'serial_def_sdk' with the following arguments: {'ament_cmake_args': None, 'build_base': '/home/hjh/serial_new0122/build/serial_def_sdk', 'catkin_cmake_args': None, 'catkin_skip_building_tests': False, 'cmake_args': None, 'cmake_clean_cache': False, 'cmake_clean_first': False, 'cmake_force_configure': False, 'cmake_target': None, 'cmake_target_skip_unavailable': False, 'install_base': '/home/hjh/serial_new0122/install/serial_def_sdk', 'merge_install': False, 'path': '/home/hjh/serial_new0122/serial/serial_def_sdk', 'symlink_install': False, 'test_result_base': None}
[0.250s] INFO:colcon.colcon_core.executor:Executing jobs using 'parallel' executor
[0.250s] DEBUG:colcon.colcon_parallel_executor.executor.parallel:run_until_complete
[0.251s] INFO:colcon.colcon_ros.task.ament_cmake.build:Building ROS package in '/home/hjh/serial_new0122/serial/def_msg' with build type 'ament_cmake'
[0.251s] INFO:colcon.colcon_cmake.task.cmake.build:Building CMake package in '/home/hjh/serial_new0122/serial/def_msg'
[0.252s] INFO:colcon.colcon_core.plugin_system:Skipping extension 'colcon_core.shell.bat': Not used on non-Windows systems
[0.252s] INFO:colcon.colcon_core.shell:Skip shell extension 'powershell' for command environment: Not usable outside of PowerShell
[0.252s] DEBUG:colcon.colcon_core.shell:Skip shell extension 'dsv' for command environment
[0.255s] INFO:colcon.colcon_ros.task.ament_cmake.build:Building ROS package in '/home/hjh/serial_new0122/serial/vision_msg' with build type 'ament_cmake'
[0.255s] INFO:colcon.colcon_cmake.task.cmake.build:Building CMake package in '/home/hjh/serial_new0122/serial/vision_msg'
[0.255s] INFO:colcon.colcon_core.shell:Skip shell extension 'powershell' for command environment: Not usable outside of PowerShell
[0.255s] DEBUG:colcon.colcon_core.shell:Skip shell extension 'dsv' for command environment
[0.259s] DEBUG:colcon.colcon_core.event_handler.log_command:Invoking command in '/home/hjh/serial_new0122/build/def_msg': CMAKE_PREFIX_PATH=/opt/ros/humble /usr/bin/cmake /home/hjh/serial_new0122/serial/def_msg -DCMAKE_INSTALL_PREFIX=/home/hjh/serial_new0122/install/def_msg
[0.262s] DEBUG:colcon.colcon_core.event_handler.log_command:Invoking command in '/home/hjh/serial_new0122/build/vision_msg': CMAKE_PREFIX_PATH=/opt/ros/humble /usr/bin/cmake /home/hjh/serial_new0122/serial/vision_msg -DCMAKE_INSTALL_PREFIX=/home/hjh/serial_new0122/install/vision_msg
[2.140s] DEBUG:colcon.colcon_core.event_handler.log_command:Invoked command in '/home/hjh/serial_new0122/build/vision_msg' returned '0': CMAKE_PREFIX_PATH=/opt/ros/humble /usr/bin/cmake /home/hjh/serial_new0122/serial/vision_msg -DCMAKE_INSTALL_PREFIX=/home/hjh/serial_new0122/install/vision_msg
[2.140s] DEBUG:colcon.colcon_core.event_handler.log_command:Invoking command in '/home/hjh/serial_new0122/build/vision_msg': CMAKE_PREFIX_PATH=/opt/ros/humble /usr/bin/cmake --build /home/hjh/serial_new0122/build/vision_msg -- -j16 -l16
[2.155s] DEBUG:colcon.colcon_core.event_handler.log_command:Invoked command in '/home/hjh/serial_new0122/build/def_msg' returned '0': CMAKE_PREFIX_PATH=/opt/ros/humble /usr/bin/cmake /home/hjh/serial_new0122/serial/def_msg -DCMAKE_INSTALL_PREFIX=/home/hjh/serial_new0122/install/def_msg
[2.157s] DEBUG:colcon.colcon_core.event_handler.log_command:Invoking command in '/home/hjh/serial_new0122/build/def_msg': CMAKE_PREFIX_PATH=/opt/ros/humble /usr/bin/cmake --build /home/hjh/serial_new0122/build/def_msg -- -j16 -l16
[4.690s] DEBUG:colcon.colcon_core.event_handler.log_command:Invoked command in '/home/hjh/serial_new0122/build/vision_msg' returned '0': CMAKE_PREFIX_PATH=/opt/ros/humble /usr/bin/cmake --build /home/hjh/serial_new0122/build/vision_msg -- -j16 -l16
[4.696s] DEBUG:colcon.colcon_core.event_handler.log_command:Invoking command in '/home/hjh/serial_new0122/build/vision_msg': CMAKE_PREFIX_PATH=/opt/ros/humble /usr/bin/cmake --install /home/hjh/serial_new0122/build/vision_msg
[4.759s] Level 1:colcon.colcon_core.environment:create_environment_scripts_only(vision_msg)
[4.760s] DEBUG:colcon.colcon_core.event_handler.log_command:Invoked command in '/home/hjh/serial_new0122/build/vision_msg' returned '0': CMAKE_PREFIX_PATH=/opt/ros/humble /usr/bin/cmake --install /home/hjh/serial_new0122/build/vision_msg
[4.762s] Level 1:colcon.colcon_core.environment:checking '/home/hjh/serial_new0122/install/vision_msg' for CMake module files
[4.763s] Level 1:colcon.colcon_core.environment:checking '/home/hjh/serial_new0122/install/vision_msg' for CMake config files
[4.764s] Level 1:colcon.colcon_core.shell:create_environment_hook('vision_msg', 'cmake_prefix_path')
[4.765s] INFO:colcon.colcon_core.shell:Creating environment hook '/home/hjh/serial_new0122/install/vision_msg/share/vision_msg/hook/cmake_prefix_path.ps1'
[4.765s] INFO:colcon.colcon_core.shell:Creating environment descriptor '/home/hjh/serial_new0122/install/vision_msg/share/vision_msg/hook/cmake_prefix_path.dsv'
[4.766s] INFO:colcon.colcon_core.shell:Creating environment hook '/home/hjh/serial_new0122/install/vision_msg/share/vision_msg/hook/cmake_prefix_path.sh'
[4.766s] Level 1:colcon.colcon_core.environment:checking '/home/hjh/serial_new0122/install/vision_msg/lib'
[4.767s] Level 1:colcon.colcon_core.shell:create_environment_hook('vision_msg', 'ld_library_path_lib')
[4.767s] INFO:colcon.colcon_core.shell:Creating environment hook '/home/hjh/serial_new0122/install/vision_msg/share/vision_msg/hook/ld_library_path_lib.ps1'
[4.767s] INFO:colcon.colcon_core.shell:Creating environment descriptor '/home/hjh/serial_new0122/install/vision_msg/share/vision_msg/hook/ld_library_path_lib.dsv'
[4.767s] INFO:colcon.colcon_core.shell:Creating environment hook '/home/hjh/serial_new0122/install/vision_msg/share/vision_msg/hook/ld_library_path_lib.sh'
[4.768s] Level 1:colcon.colcon_core.environment:checking '/home/hjh/serial_new0122/install/vision_msg/bin'
[4.768s] Level 1:colcon.colcon_core.environment:checking '/home/hjh/serial_new0122/install/vision_msg/lib/pkgconfig/vision_msg.pc'
[4.768s] Level 1:colcon.colcon_core.environment:checking '/home/hjh/serial_new0122/install/vision_msg/lib/python3.10/site-packages'
[4.768s] Level 1:colcon.colcon_core.environment:checking '/home/hjh/serial_new0122/install/vision_msg/bin'
[4.768s] INFO:colcon.colcon_core.shell:Creating package script '/home/hjh/serial_new0122/install/vision_msg/share/vision_msg/package.ps1'
[4.769s] INFO:colcon.colcon_core.shell:Creating package descriptor '/home/hjh/serial_new0122/install/vision_msg/share/vision_msg/package.dsv'
[4.770s] INFO:colcon.colcon_core.shell:Creating package script '/home/hjh/serial_new0122/install/vision_msg/share/vision_msg/package.sh'
[4.771s] INFO:colcon.colcon_core.shell:Creating package script '/home/hjh/serial_new0122/install/vision_msg/share/vision_msg/package.bash'
[4.771s] INFO:colcon.colcon_core.shell:Creating package script '/home/hjh/serial_new0122/install/vision_msg/share/vision_msg/package.zsh'
[4.772s] Level 1:colcon.colcon_core.environment:create_file_with_runtime_dependencies(/home/hjh/serial_new0122/install/vision_msg/share/colcon-core/packages/vision_msg)
[4.772s] Level 1:colcon.colcon_core.environment:create_environment_scripts_only(vision_msg)
[4.773s] Level 1:colcon.colcon_core.environment:checking '/home/hjh/serial_new0122/install/vision_msg' for CMake module files
[4.773s] Level 1:colcon.colcon_core.environment:checking '/home/hjh/serial_new0122/install/vision_msg' for CMake config files
[4.773s] Level 1:colcon.colcon_core.shell:create_environment_hook('vision_msg', 'cmake_prefix_path')
[4.773s] INFO:colcon.colcon_core.shell:Creating environment hook '/home/hjh/serial_new0122/install/vision_msg/share/vision_msg/hook/cmake_prefix_path.ps1'
[4.774s] INFO:colcon.colcon_core.shell:Creating environment descriptor '/home/hjh/serial_new0122/install/vision_msg/share/vision_msg/hook/cmake_prefix_path.dsv'
[4.774s] INFO:colcon.colcon_core.shell:Creating environment hook '/home/hjh/serial_new0122/install/vision_msg/share/vision_msg/hook/cmake_prefix_path.sh'
[4.775s] Level 1:colcon.colcon_core.environment:checking '/home/hjh/serial_new0122/install/vision_msg/lib'
[4.775s] Level 1:colcon.colcon_core.shell:create_environment_hook('vision_msg', 'ld_library_path_lib')
[4.775s] INFO:colcon.colcon_core.shell:Creating environment hook '/home/hjh/serial_new0122/install/vision_msg/share/vision_msg/hook/ld_library_path_lib.ps1'
[4.775s] INFO:colcon.colcon_core.shell:Creating environment descriptor '/home/hjh/serial_new0122/install/vision_msg/share/vision_msg/hook/ld_library_path_lib.dsv'
[4.776s] INFO:colcon.colcon_core.shell:Creating environment hook '/home/hjh/serial_new0122/install/vision_msg/share/vision_msg/hook/ld_library_path_lib.sh'
[4.776s] Level 1:colcon.colcon_core.environment:checking '/home/hjh/serial_new0122/install/vision_msg/bin'
[4.776s] Level 1:colcon.colcon_core.environment:checking '/home/hjh/serial_new0122/install/vision_msg/lib/pkgconfig/vision_msg.pc'
[4.776s] Level 1:colcon.colcon_core.environment:checking '/home/hjh/serial_new0122/install/vision_msg/lib/python3.10/site-packages'
[4.776s] Level 1:colcon.colcon_core.environment:checking '/home/hjh/serial_new0122/install/vision_msg/bin'
[4.777s] INFO:colcon.colcon_core.shell:Creating package script '/home/hjh/serial_new0122/install/vision_msg/share/vision_msg/package.ps1'
[4.777s] INFO:colcon.colcon_core.shell:Creating package descriptor '/home/hjh/serial_new0122/install/vision_msg/share/vision_msg/package.dsv'
[4.778s] INFO:colcon.colcon_core.shell:Creating package script '/home/hjh/serial_new0122/install/vision_msg/share/vision_msg/package.sh'
[4.778s] INFO:colcon.colcon_core.shell:Creating package script '/home/hjh/serial_new0122/install/vision_msg/share/vision_msg/package.bash'
[4.778s] INFO:colcon.colcon_core.shell:Creating package script '/home/hjh/serial_new0122/install/vision_msg/share/vision_msg/package.zsh'
[4.779s] Level 1:colcon.colcon_core.environment:create_file_with_runtime_dependencies(/home/hjh/serial_new0122/install/vision_msg/share/colcon-core/packages/vision_msg)
[6.168s] DEBUG:colcon.colcon_core.event_handler.log_command:Invoked command in '/home/hjh/serial_new0122/build/def_msg' returned '0': CMAKE_PREFIX_PATH=/opt/ros/humble /usr/bin/cmake --build /home/hjh/serial_new0122/build/def_msg -- -j16 -l16
[6.170s] DEBUG:colcon.colcon_core.event_handler.log_command:Invoking command in '/home/hjh/serial_new0122/build/def_msg': CMAKE_PREFIX_PATH=/opt/ros/humble /usr/bin/cmake --install /home/hjh/serial_new0122/build/def_msg
[6.227s] Level 1:colcon.colcon_core.environment:create_environment_scripts_only(def_msg)
[6.227s] Level 1:colcon.colcon_core.environment:checking '/home/hjh/serial_new0122/install/def_msg' for CMake module files
[6.229s] DEBUG:colcon.colcon_core.event_handler.log_command:Invoked command in '/home/hjh/serial_new0122/build/def_msg' returned '0': CMAKE_PREFIX_PATH=/opt/ros/humble /usr/bin/cmake --install /home/hjh/serial_new0122/build/def_msg
[6.229s] Level 1:colcon.colcon_core.environment:checking '/home/hjh/serial_new0122/install/def_msg' for CMake config files
[6.230s] Level 1:colcon.colcon_core.shell:create_environment_hook('def_msg', 'cmake_prefix_path')
[6.230s] INFO:colcon.colcon_core.shell:Creating environment hook '/home/hjh/serial_new0122/install/def_msg/share/def_msg/hook/cmake_prefix_path.ps1'
[6.231s] INFO:colcon.colcon_core.shell:Creating environment descriptor '/home/hjh/serial_new0122/install/def_msg/share/def_msg/hook/cmake_prefix_path.dsv'
[6.231s] INFO:colcon.colcon_core.shell:Creating environment hook '/home/hjh/serial_new0122/install/def_msg/share/def_msg/hook/cmake_prefix_path.sh'
[6.232s] Level 1:colcon.colcon_core.environment:checking '/home/hjh/serial_new0122/install/def_msg/lib'
[6.232s] Level 1:colcon.colcon_core.shell:create_environment_hook('def_msg', 'ld_library_path_lib')
[6.232s] INFO:colcon.colcon_core.shell:Creating environment hook '/home/hjh/serial_new0122/install/def_msg/share/def_msg/hook/ld_library_path_lib.ps1'
[6.232s] INFO:colcon.colcon_core.shell:Creating environment descriptor '/home/hjh/serial_new0122/install/def_msg/share/def_msg/hook/ld_library_path_lib.dsv'
[6.232s] INFO:colcon.colcon_core.shell:Creating environment hook '/home/hjh/serial_new0122/install/def_msg/share/def_msg/hook/ld_library_path_lib.sh'
[6.232s] Level 1:colcon.colcon_core.environment:checking '/home/hjh/serial_new0122/install/def_msg/bin'
[6.232s] Level 1:colcon.colcon_core.environment:checking '/home/hjh/serial_new0122/install/def_msg/lib/pkgconfig/def_msg.pc'
[6.233s] Level 1:colcon.colcon_core.environment:checking '/home/hjh/serial_new0122/install/def_msg/lib/python3.10/site-packages'
[6.233s] Level 1:colcon.colcon_core.environment:checking '/home/hjh/serial_new0122/install/def_msg/bin'
[6.233s] INFO:colcon.colcon_core.shell:Creating package script '/home/hjh/serial_new0122/install/def_msg/share/def_msg/package.ps1'
[6.233s] INFO:colcon.colcon_core.shell:Creating package descriptor '/home/hjh/serial_new0122/install/def_msg/share/def_msg/package.dsv'
[6.233s] INFO:colcon.colcon_core.shell:Creating package script '/home/hjh/serial_new0122/install/def_msg/share/def_msg/package.sh'
[6.234s] INFO:colcon.colcon_core.shell:Creating package script '/home/hjh/serial_new0122/install/def_msg/share/def_msg/package.bash'
[6.234s] INFO:colcon.colcon_core.shell:Creating package script '/home/hjh/serial_new0122/install/def_msg/share/def_msg/package.zsh'
[6.234s] Level 1:colcon.colcon_core.environment:create_file_with_runtime_dependencies(/home/hjh/serial_new0122/install/def_msg/share/colcon-core/packages/def_msg)
[6.234s] Level 1:colcon.colcon_core.environment:create_environment_scripts_only(def_msg)
[6.234s] Level 1:colcon.colcon_core.environment:checking '/home/hjh/serial_new0122/install/def_msg' for CMake module files
[6.235s] Level 1:colcon.colcon_core.environment:checking '/home/hjh/serial_new0122/install/def_msg' for CMake config files
[6.235s] Level 1:colcon.colcon_core.shell:create_environment_hook('def_msg', 'cmake_prefix_path')
[6.235s] INFO:colcon.colcon_core.shell:Creating environment hook '/home/hjh/serial_new0122/install/def_msg/share/def_msg/hook/cmake_prefix_path.ps1'
[6.235s] INFO:colcon.colcon_core.shell:Creating environment descriptor '/home/hjh/serial_new0122/install/def_msg/share/def_msg/hook/cmake_prefix_path.dsv'
[6.236s] INFO:colcon.colcon_core.shell:Creating environment hook '/home/hjh/serial_new0122/install/def_msg/share/def_msg/hook/cmake_prefix_path.sh'
[6.236s] Level 1:colcon.colcon_core.environment:checking '/home/hjh/serial_new0122/install/def_msg/lib'
[6.236s] Level 1:colcon.colcon_core.shell:create_environment_hook('def_msg', 'ld_library_path_lib')
[6.236s] INFO:colcon.colcon_core.shell:Creating environment hook '/home/hjh/serial_new0122/install/def_msg/share/def_msg/hook/ld_library_path_lib.ps1'
[6.236s] INFO:colcon.colcon_core.shell:Creating environment descriptor '/home/hjh/serial_new0122/install/def_msg/share/def_msg/hook/ld_library_path_lib.dsv'
[6.237s] INFO:colcon.colcon_core.shell:Creating environment hook '/home/hjh/serial_new0122/install/def_msg/share/def_msg/hook/ld_library_path_lib.sh'
[6.237s] Level 1:colcon.colcon_core.environment:checking '/home/hjh/serial_new0122/install/def_msg/bin'
[6.237s] Level 1:colcon.colcon_core.environment:checking '/home/hjh/serial_new0122/install/def_msg/lib/pkgconfig/def_msg.pc'
[6.237s] Level 1:colcon.colcon_core.environment:checking '/home/hjh/serial_new0122/install/def_msg/lib/python3.10/site-packages'
[6.237s] Level 1:colcon.colcon_core.environment:checking '/home/hjh/serial_new0122/install/def_msg/bin'
[6.237s] INFO:colcon.colcon_core.shell:Creating package script '/home/hjh/serial_new0122/install/def_msg/share/def_msg/package.ps1'
[6.238s] INFO:colcon.colcon_core.shell:Creating package descriptor '/home/hjh/serial_new0122/install/def_msg/share/def_msg/package.dsv'
[6.238s] INFO:colcon.colcon_core.shell:Creating package script '/home/hjh/serial_new0122/install/def_msg/share/def_msg/package.sh'
[6.238s] INFO:colcon.colcon_core.shell:Creating package script '/home/hjh/serial_new0122/install/def_msg/share/def_msg/package.bash'
[6.239s] INFO:colcon.colcon_core.shell:Creating package script '/home/hjh/serial_new0122/install/def_msg/share/def_msg/package.zsh'
[6.239s] Level 1:colcon.colcon_core.environment:create_file_with_runtime_dependencies(/home/hjh/serial_new0122/install/def_msg/share/colcon-core/packages/def_msg)
[6.239s] INFO:colcon.colcon_ros.task.ament_cmake.build:Building ROS package in '/home/hjh/serial_new0122/serial/serial_def_sdk' with build type 'ament_cmake'
[6.239s] INFO:colcon.colcon_cmake.task.cmake.build:Building CMake package in '/home/hjh/serial_new0122/serial/serial_def_sdk'
[6.239s] INFO:colcon.colcon_core.shell:Skip shell extension 'powershell' for command environment: Not usable outside of PowerShell
[6.239s] DEBUG:colcon.colcon_core.shell:Skip shell extension 'dsv' for command environment
[6.257s] DEBUG:colcon.colcon_core.event_handler.log_command:Invoking command in '/home/hjh/serial_new0122/build/serial_def_sdk': AMENT_PREFIX_PATH=/home/hjh/serial_new0122/install/vision_msg:/home/hjh/serial_new0122/install/def_msg:${AMENT_PREFIX_PATH} CMAKE_PREFIX_PATH=/home/hjh/serial_new0122/install/vision_msg:/home/hjh/serial_new0122/install/def_msg:/opt/ros/humble LD_LIBRARY_PATH=/home/hjh/serial_new0122/install/vision_msg/lib:/home/hjh/serial_new0122/install/def_msg/lib:${LD_LIBRARY_PATH} PYTHONPATH=/home/hjh/serial_new0122/install/vision_msg/local/lib/python3.10/dist-packages:/home/hjh/serial_new0122/install/def_msg/local/lib/python3.10/dist-packages:${PYTHONPATH} /usr/bin/cmake /home/hjh/serial_new0122/serial/serial_def_sdk -DCMAKE_INSTALL_PREFIX=/home/hjh/serial_new0122/install/serial_def_sdk
[7.611s] DEBUG:colcon.colcon_core.event_handler.log_command:Invoked command in '/home/hjh/serial_new0122/build/serial_def_sdk' returned '0': AMENT_PREFIX_PATH=/home/hjh/serial_new0122/install/vision_msg:/home/hjh/serial_new0122/install/def_msg:${AMENT_PREFIX_PATH} CMAKE_PREFIX_PATH=/home/hjh/serial_new0122/install/vision_msg:/home/hjh/serial_new0122/install/def_msg:/opt/ros/humble LD_LIBRARY_PATH=/home/hjh/serial_new0122/install/vision_msg/lib:/home/hjh/serial_new0122/install/def_msg/lib:${LD_LIBRARY_PATH} PYTHONPATH=/home/hjh/serial_new0122/install/vision_msg/local/lib/python3.10/dist-packages:/home/hjh/serial_new0122/install/def_msg/local/lib/python3.10/dist-packages:${PYTHONPATH} /usr/bin/cmake /home/hjh/serial_new0122/serial/serial_def_sdk -DCMAKE_INSTALL_PREFIX=/home/hjh/serial_new0122/install/serial_def_sdk
[7.611s] DEBUG:colcon.colcon_core.event_handler.log_command:Invoking command in '/home/hjh/serial_new0122/build/serial_def_sdk': AMENT_PREFIX_PATH=/home/hjh/serial_new0122/install/vision_msg:/home/hjh/serial_new0122/install/def_msg:${AMENT_PREFIX_PATH} CMAKE_PREFIX_PATH=/home/hjh/serial_new0122/install/vision_msg:/home/hjh/serial_new0122/install/def_msg:/opt/ros/humble LD_LIBRARY_PATH=/home/hjh/serial_new0122/install/vision_msg/lib:/home/hjh/serial_new0122/install/def_msg/lib:${LD_LIBRARY_PATH} PYTHONPATH=/home/hjh/serial_new0122/install/vision_msg/local/lib/python3.10/dist-packages:/home/hjh/serial_new0122/install/def_msg/local/lib/python3.10/dist-packages:${PYTHONPATH} /usr/bin/cmake --build /home/hjh/serial_new0122/build/serial_def_sdk -- -j16 -l16
[20.375s] DEBUG:colcon.colcon_core.event_handler.log_command:Invoked command in '/home/hjh/serial_new0122/build/serial_def_sdk' returned '0': AMENT_PREFIX_PATH=/home/hjh/serial_new0122/install/vision_msg:/home/hjh/serial_new0122/install/def_msg:${AMENT_PREFIX_PATH} CMAKE_PREFIX_PATH=/home/hjh/serial_new0122/install/vision_msg:/home/hjh/serial_new0122/install/def_msg:/opt/ros/humble LD_LIBRARY_PATH=/home/hjh/serial_new0122/install/vision_msg/lib:/home/hjh/serial_new0122/install/def_msg/lib:${LD_LIBRARY_PATH} PYTHONPATH=/home/hjh/serial_new0122/install/vision_msg/local/lib/python3.10/dist-packages:/home/hjh/serial_new0122/install/def_msg/local/lib/python3.10/dist-packages:${PYTHONPATH} /usr/bin/cmake --build /home/hjh/serial_new0122/build/serial_def_sdk -- -j16 -l16
[20.377s] DEBUG:colcon.colcon_core.event_handler.log_command:Invoking command in '/home/hjh/serial_new0122/build/serial_def_sdk': AMENT_PREFIX_PATH=/home/hjh/serial_new0122/install/vision_msg:/home/hjh/serial_new0122/install/def_msg:${AMENT_PREFIX_PATH} CMAKE_PREFIX_PATH=/home/hjh/serial_new0122/install/vision_msg:/home/hjh/serial_new0122/install/def_msg:/opt/ros/humble LD_LIBRARY_PATH=/home/hjh/serial_new0122/install/vision_msg/lib:/home/hjh/serial_new0122/install/def_msg/lib:${LD_LIBRARY_PATH} PYTHONPATH=/home/hjh/serial_new0122/install/vision_msg/local/lib/python3.10/dist-packages:/home/hjh/serial_new0122/install/def_msg/local/lib/python3.10/dist-packages:${PYTHONPATH} /usr/bin/cmake --install /home/hjh/serial_new0122/build/serial_def_sdk
[20.395s] Level 1:colcon.colcon_core.environment:create_environment_scripts_only(serial_def_sdk)
[20.396s] Level 1:colcon.colcon_core.environment:checking '/home/hjh/serial_new0122/install/serial_def_sdk' for CMake module files
[20.397s] DEBUG:colcon.colcon_core.event_handler.log_command:Invoked command in '/home/hjh/serial_new0122/build/serial_def_sdk' returned '0': AMENT_PREFIX_PATH=/home/hjh/serial_new0122/install/vision_msg:/home/hjh/serial_new0122/install/def_msg:${AMENT_PREFIX_PATH} CMAKE_PREFIX_PATH=/home/hjh/serial_new0122/install/vision_msg:/home/hjh/serial_new0122/install/def_msg:/opt/ros/humble LD_LIBRARY_PATH=/home/hjh/serial_new0122/install/vision_msg/lib:/home/hjh/serial_new0122/install/def_msg/lib:${LD_LIBRARY_PATH} PYTHONPATH=/home/hjh/serial_new0122/install/vision_msg/local/lib/python3.10/dist-packages:/home/hjh/serial_new0122/install/def_msg/local/lib/python3.10/dist-packages:${PYTHONPATH} /usr/bin/cmake --install /home/hjh/serial_new0122/build/serial_def_sdk
[20.397s] Level 1:colcon.colcon_core.environment:checking '/home/hjh/serial_new0122/install/serial_def_sdk' for CMake config files
[20.397s] Level 1:colcon.colcon_core.shell:create_environment_hook('serial_def_sdk', 'cmake_prefix_path')
[20.398s] INFO:colcon.colcon_core.shell:Creating environment hook '/home/hjh/serial_new0122/install/serial_def_sdk/share/serial_def_sdk/hook/cmake_prefix_path.ps1'
[20.398s] INFO:colcon.colcon_core.shell:Creating environment descriptor '/home/hjh/serial_new0122/install/serial_def_sdk/share/serial_def_sdk/hook/cmake_prefix_path.dsv'
[20.399s] INFO:colcon.colcon_core.shell:Creating environment hook '/home/hjh/serial_new0122/install/serial_def_sdk/share/serial_def_sdk/hook/cmake_prefix_path.sh'
[20.399s] Level 1:colcon.colcon_core.environment:checking '/home/hjh/serial_new0122/install/serial_def_sdk/lib'
[20.399s] Level 1:colcon.colcon_core.environment:checking '/home/hjh/serial_new0122/install/serial_def_sdk/bin'
[20.399s] Level 1:colcon.colcon_core.environment:checking '/home/hjh/serial_new0122/install/serial_def_sdk/lib/pkgconfig/serial_def_sdk.pc'
[20.399s] Level 1:colcon.colcon_core.environment:checking '/home/hjh/serial_new0122/install/serial_def_sdk/lib/python3.10/site-packages'
[20.400s] Level 1:colcon.colcon_core.environment:checking '/home/hjh/serial_new0122/install/serial_def_sdk/bin'
[20.400s] INFO:colcon.colcon_core.shell:Creating package script '/home/hjh/serial_new0122/install/serial_def_sdk/share/serial_def_sdk/package.ps1'
[20.400s] INFO:colcon.colcon_core.shell:Creating package descriptor '/home/hjh/serial_new0122/install/serial_def_sdk/share/serial_def_sdk/package.dsv'
[20.401s] INFO:colcon.colcon_core.shell:Creating package script '/home/hjh/serial_new0122/install/serial_def_sdk/share/serial_def_sdk/package.sh'
[20.401s] INFO:colcon.colcon_core.shell:Creating package script '/home/hjh/serial_new0122/install/serial_def_sdk/share/serial_def_sdk/package.bash'
[20.401s] INFO:colcon.colcon_core.shell:Creating package script '/home/hjh/serial_new0122/install/serial_def_sdk/share/serial_def_sdk/package.zsh'
[20.402s] Level 1:colcon.colcon_core.environment:create_file_with_runtime_dependencies(/home/hjh/serial_new0122/install/serial_def_sdk/share/colcon-core/packages/serial_def_sdk)
[20.402s] Level 1:colcon.colcon_core.environment:create_environment_scripts_only(serial_def_sdk)
[20.402s] Level 1:colcon.colcon_core.environment:checking '/home/hjh/serial_new0122/install/serial_def_sdk' for CMake module files
[20.403s] Level 1:colcon.colcon_core.environment:checking '/home/hjh/serial_new0122/install/serial_def_sdk' for CMake config files
[20.403s] Level 1:colcon.colcon_core.shell:create_environment_hook('serial_def_sdk', 'cmake_prefix_path')
[20.403s] INFO:colcon.colcon_core.shell:Creating environment hook '/home/hjh/serial_new0122/install/serial_def_sdk/share/serial_def_sdk/hook/cmake_prefix_path.ps1'
[20.403s] INFO:colcon.colcon_core.shell:Creating environment descriptor '/home/hjh/serial_new0122/install/serial_def_sdk/share/serial_def_sdk/hook/cmake_prefix_path.dsv'
[20.403s] INFO:colcon.colcon_core.shell:Creating environment hook '/home/hjh/serial_new0122/install/serial_def_sdk/share/serial_def_sdk/hook/cmake_prefix_path.sh'
[20.404s] Level 1:colcon.colcon_core.environment:checking '/home/hjh/serial_new0122/install/serial_def_sdk/lib'
[20.404s] Level 1:colcon.colcon_core.environment:checking '/home/hjh/serial_new0122/install/serial_def_sdk/bin'
[20.404s] Level 1:colcon.colcon_core.environment:checking '/home/hjh/serial_new0122/install/serial_def_sdk/lib/pkgconfig/serial_def_sdk.pc'
[20.404s] Level 1:colcon.colcon_core.environment:checking '/home/hjh/serial_new0122/install/serial_def_sdk/lib/python3.10/site-packages'
[20.404s] Level 1:colcon.colcon_core.environment:checking '/home/hjh/serial_new0122/install/serial_def_sdk/bin'
[20.404s] INFO:colcon.colcon_core.shell:Creating package script '/home/hjh/serial_new0122/install/serial_def_sdk/share/serial_def_sdk/package.ps1'
[20.405s] INFO:colcon.colcon_core.shell:Creating package descriptor '/home/hjh/serial_new0122/install/serial_def_sdk/share/serial_def_sdk/package.dsv'
[20.405s] INFO:colcon.colcon_core.shell:Creating package script '/home/hjh/serial_new0122/install/serial_def_sdk/share/serial_def_sdk/package.sh'
[20.405s] INFO:colcon.colcon_core.shell:Creating package script '/home/hjh/serial_new0122/install/serial_def_sdk/share/serial_def_sdk/package.bash'
[20.405s] INFO:colcon.colcon_core.shell:Creating package script '/home/hjh/serial_new0122/install/serial_def_sdk/share/serial_def_sdk/package.zsh'
[20.405s] Level 1:colcon.colcon_core.environment:create_file_with_runtime_dependencies(/home/hjh/serial_new0122/install/serial_def_sdk/share/colcon-core/packages/serial_def_sdk)
[20.406s] DEBUG:colcon.colcon_parallel_executor.executor.parallel:closing loop
[20.406s] DEBUG:colcon.colcon_parallel_executor.executor.parallel:loop closed
[20.406s] DEBUG:colcon.colcon_parallel_executor.executor.parallel:run_until_complete finished with '0'
[20.406s] DEBUG:colcon.colcon_core.event_reactor:joining thread
[20.409s] INFO:colcon.colcon_core.plugin_system:Skipping extension 'colcon_notification.desktop_notification.terminal_notifier': Not used on non-Darwin systems
[20.409s] INFO:colcon.colcon_core.plugin_system:Skipping extension 'colcon_notification.desktop_notification.win32': Not used on non-Windows systems
[20.409s] INFO:colcon.colcon_notification.desktop_notification:Sending desktop notification using 'notify2'
[20.421s] DEBUG:colcon.colcon_core.event_reactor:joined thread
[20.422s] INFO:colcon.colcon_core.shell:Creating prefix script '/home/hjh/serial_new0122/install/local_setup.ps1'
[20.423s] INFO:colcon.colcon_core.shell:Creating prefix util module '/home/hjh/serial_new0122/install/_local_setup_util_ps1.py'
[20.425s] INFO:colcon.colcon_core.shell:Creating prefix chain script '/home/hjh/serial_new0122/install/setup.ps1'
[20.426s] INFO:colcon.colcon_core.shell:Creating prefix script '/home/hjh/serial_new0122/install/local_setup.sh'
[20.426s] INFO:colcon.colcon_core.shell:Creating prefix util module '/home/hjh/serial_new0122/install/_local_setup_util_sh.py'
[20.427s] INFO:colcon.colcon_core.shell:Creating prefix chain script '/home/hjh/serial_new0122/install/setup.sh'
[20.428s] INFO:colcon.colcon_core.shell:Creating prefix script '/home/hjh/serial_new0122/install/local_setup.bash'
[20.428s] INFO:colcon.colcon_core.shell:Creating prefix chain script '/home/hjh/serial_new0122/install/setup.bash'
[20.429s] INFO:colcon.colcon_core.shell:Creating prefix script '/home/hjh/serial_new0122/install/local_setup.zsh'
[20.429s] INFO:colcon.colcon_core.shell:Creating prefix chain script '/home/hjh/serial_new0122/install/setup.zsh'
