[  9%] [32mBuilding CXX object CMakeFiles/talker.dir/src/publisher.cpp.o[0m
[ 18%] [32mBuilding CXX object CMakeFiles/uart.dir/src/base_controller.cpp.o[0m
[ 27%] [32mBuilding CXX object CMakeFiles/uart.dir/uart/uart_interface.cpp.o[0m
[ 36%] [32mBuilding CXX object CMakeFiles/uart.dir/uart/SerialDriver.cpp.o[0m
[ 45%] [32mBuilding C object CMakeFiles/uart.dir/uart/DataType.c.o[0m
[ 54%] [32mBuilding C object CMakeFiles/uart.dir/uart/crc16.c.o[0m
[ 63%] [32mBuilding CXX object CMakeFiles/uart.dir/uart/SeaskyProtocol.cpp.o[0m
[ 72%] [32mBuilding C object CMakeFiles/uart.dir/uart/crc8.c.o[0m
[ 81%] [32mBuilding CXX object CMakeFiles/uart.dir/uart/seasky_communicator.cpp.o[0m
[ 90%] [1m[32mLinking CXX executable talker[0m
[ 90%] Built target talker
[100%] [1m[32mLinking CXX executable uart[0m
[100%] Built target uart
-- Install configuration: ""
-- Installing: /home/hjh/serial_new0122/install/serial_def_sdk/lib/serial_def_sdk/uart
-- Set non-toolchain portion of runtime path of "/home/hjh/serial_new0122/install/serial_def_sdk/lib/serial_def_sdk/uart" to ""
-- Installing: /home/hjh/serial_new0122/install/serial_def_sdk/lib/serial_def_sdk/talker
-- Set non-toolchain portion of runtime path of "/home/hjh/serial_new0122/install/serial_def_sdk/lib/serial_def_sdk/talker" to ""
-- Up-to-date: /home/hjh/serial_new0122/install/serial_def_sdk/share/serial_def_sdk/launch
-- Up-to-date: /home/hjh/serial_new0122/install/serial_def_sdk/share/serial_def_sdk/launch/serial.launch.py
-- Up-to-date: /home/hjh/serial_new0122/install/serial_def_sdk/share/ament_index/resource_index/package_run_dependencies/serial_def_sdk
-- Up-to-date: /home/hjh/serial_new0122/install/serial_def_sdk/share/ament_index/resource_index/parent_prefix_path/serial_def_sdk
-- Up-to-date: /home/hjh/serial_new0122/install/serial_def_sdk/share/serial_def_sdk/environment/ament_prefix_path.sh
-- Up-to-date: /home/hjh/serial_new0122/install/serial_def_sdk/share/serial_def_sdk/environment/ament_prefix_path.dsv
-- Up-to-date: /home/hjh/serial_new0122/install/serial_def_sdk/share/serial_def_sdk/environment/path.sh
-- Up-to-date: /home/hjh/serial_new0122/install/serial_def_sdk/share/serial_def_sdk/environment/path.dsv
-- Up-to-date: /home/hjh/serial_new0122/install/serial_def_sdk/share/serial_def_sdk/local_setup.bash
-- Up-to-date: /home/hjh/serial_new0122/install/serial_def_sdk/share/serial_def_sdk/local_setup.sh
-- Up-to-date: /home/hjh/serial_new0122/install/serial_def_sdk/share/serial_def_sdk/local_setup.zsh
-- Up-to-date: /home/hjh/serial_new0122/install/serial_def_sdk/share/serial_def_sdk/local_setup.dsv
-- Installing: /home/hjh/serial_new0122/install/serial_def_sdk/share/serial_def_sdk/package.dsv
-- Up-to-date: /home/hjh/serial_new0122/install/serial_def_sdk/share/ament_index/resource_index/packages/serial_def_sdk
-- Up-to-date: /home/hjh/serial_new0122/install/serial_def_sdk/share/serial_def_sdk/cmake/serial_def_sdkConfig.cmake
-- Up-to-date: /home/hjh/serial_new0122/install/serial_def_sdk/share/serial_def_sdk/cmake/serial_def_sdkConfig-version.cmake
-- Up-to-date: /home/hjh/serial_new0122/install/serial_def_sdk/share/serial_def_sdk/package.xml
