[0.013s] Invoking command in '/home/hjh/RMserial/build/def_msg': CMAKE_PREFIX_PATH=/opt/ros/humble /usr/bin/cmake /home/hjh/RMserial/serial/def_msg -DCMAKE_INSTALL_PREFIX=/home/hjh/RMserial/install/def_msg
[0.019s] [0mCMake Deprecation Warning at CMakeLists.txt:1 (cmake_minimum_required):
[0.019s]   Compatibility with CMake < 3.10 will be removed from a future version of
[0.019s]   CMake.
[0.019s] 
[0.019s]   Update the VERSION argument <min> value.  Or, use the <min>...<max> syntax
[0.019s]   to tell CMake that the project requires at least <min> but has been updated
[0.019s]   to work with policies introduced by <max> or earlier.
[0.019s] 
[0.019s] [0m
[0.078s] -- The C compiler identification is GNU 11.4.0
[0.131s] -- The CXX compiler identification is GNU 11.4.0
[0.137s] -- Detecting C compiler ABI info
[0.190s] -- Detecting C compiler ABI info - done
[0.203s] -- Check for working C compiler: /usr/bin/cc - skipped
[0.204s] -- Detecting C compile features
[0.204s] -- Detecting C compile features - done
[0.215s] -- Detecting CXX compiler ABI info
[0.281s] -- Detecting CXX compiler ABI info - done
[0.293s] -- Check for working CXX compiler: /usr/bin/c++ - skipped
[0.293s] -- Detecting CXX compile features
[0.294s] -- Detecting CXX compile features - done
[0.312s] -- Found ament_cmake: 1.3.11 (/opt/ros/humble/share/ament_cmake/cmake)
[0.420s] -- Found Python3: /usr/bin/python3 (found version "3.10.12") found components: Interpreter
[0.509s] -- Found std_msgs: 4.2.4 (/opt/ros/humble/share/std_msgs/cmake)
[0.556s] -- Found rosidl_generator_c: 3.1.6 (/opt/ros/humble/share/rosidl_generator_c/cmake)
[0.560s] -- Found rosidl_adapter: 3.1.6 (/opt/ros/humble/share/rosidl_adapter/cmake)
[0.568s] -- Found rosidl_generator_cpp: 3.1.6 (/opt/ros/humble/share/rosidl_generator_cpp/cmake)
[0.583s] -- Using all available rosidl_typesupport_c: rosidl_typesupport_fastrtps_c;rosidl_typesupport_introspection_c
[0.596s] -- Using all available rosidl_typesupport_cpp: rosidl_typesupport_fastrtps_cpp;rosidl_typesupport_introspection_cpp
[0.622s] -- Found rosidl_default_generators: 1.2.0 (/opt/ros/humble/share/rosidl_default_generators/cmake)
[0.630s] -- Found ament_lint_auto: 0.12.11 (/opt/ros/humble/share/ament_lint_auto/cmake)
[1.043s] -- Found ament_cmake_ros: 0.10.0 (/opt/ros/humble/share/ament_cmake_ros/cmake)
[1.676s] -- Using all available rosidl_typesupport_c: rosidl_typesupport_fastrtps_c;rosidl_typesupport_introspection_c
[1.914s] -- Using all available rosidl_typesupport_cpp: rosidl_typesupport_fastrtps_cpp;rosidl_typesupport_introspection_cpp
[1.916s] [33mCMake Warning (dev) at /opt/ros/humble/share/rosidl_generator_py/cmake/rosidl_generator_py_generate_interfaces.cmake:20 (find_package):
[1.916s]   Policy CMP0148 is not set: The FindPythonInterp and FindPythonLibs modules
[1.916s]   are removed.  Run "cmake --help-policy CMP0148" for policy details.  Use
[1.916s]   the cmake_policy command to set the policy and suppress this warning.
[1.916s] 
[1.916s] Call Stack (most recent call first):
[1.916s]   /opt/ros/humble/share/ament_cmake_core/cmake/core/ament_execute_extensions.cmake:48 (include)
[1.916s]   /opt/ros/humble/share/rosidl_cmake/cmake/rosidl_generate_interfaces.cmake:286 (ament_execute_extensions)
[1.916s]   CMakeLists.txt:28 (rosidl_generate_interfaces)
[1.916s] This warning is for project developers.  Use -Wno-dev to suppress it.
[1.916s] [0m
[1.934s] -- Found PythonInterp: /usr/bin/python3 (found suitable version "3.10.12", minimum required is "3.6")
[1.935s] -- Found python_cmake_module: 0.10.0 (/opt/ros/humble/share/python_cmake_module/cmake)
[1.936s] [33mCMake Warning (dev) at /opt/ros/humble/share/python_cmake_module/cmake/Modules/FindPythonExtra.cmake:52 (find_package):
[1.936s]   Policy CMP0148 is not set: The FindPythonInterp and FindPythonLibs modules
[1.936s]   are removed.  Run "cmake --help-policy CMP0148" for policy details.  Use
[1.936s]   the cmake_policy command to set the policy and suppress this warning.
[1.936s] 
[1.936s] Call Stack (most recent call first):
[1.936s]   /opt/ros/humble/share/rosidl_generator_py/cmake/rosidl_generator_py_generate_interfaces.cmake:23 (find_package)
[1.936s]   /opt/ros/humble/share/ament_cmake_core/cmake/core/ament_execute_extensions.cmake:48 (include)
[1.936s]   /opt/ros/humble/share/rosidl_cmake/cmake/rosidl_generate_interfaces.cmake:286 (ament_execute_extensions)
[1.936s]   CMakeLists.txt:28 (rosidl_generate_interfaces)
[1.936s] This warning is for project developers.  Use -Wno-dev to suppress it.
[1.936s] [0m
[1.951s] [33mCMake Warning (dev) at /opt/ros/humble/share/python_cmake_module/cmake/Modules/FindPythonExtra.cmake:140 (find_package):
[1.951s]   Policy CMP0148 is not set: The FindPythonInterp and FindPythonLibs modules
[1.951s]   are removed.  Run "cmake --help-policy CMP0148" for policy details.  Use
[1.951s]   the cmake_policy command to set the policy and suppress this warning.
[1.951s] 
[1.951s] Call Stack (most recent call first):
[1.951s]   /opt/ros/humble/share/rosidl_generator_py/cmake/rosidl_generator_py_generate_interfaces.cmake:23 (find_package)
[1.951s]   /opt/ros/humble/share/ament_cmake_core/cmake/core/ament_execute_extensions.cmake:48 (include)
[1.951s]   /opt/ros/humble/share/rosidl_cmake/cmake/rosidl_generate_interfaces.cmake:286 (ament_execute_extensions)
[1.951s]   CMakeLists.txt:28 (rosidl_generate_interfaces)
[1.952s] This warning is for project developers.  Use -Wno-dev to suppress it.
[1.952s] [0m
[1.959s] -- Found PythonLibs: /usr/lib/x86_64-linux-gnu/libpython3.10.so (found suitable version "3.10.12", minimum required is "3.5")
[1.959s] -- Using PYTHON_EXECUTABLE: /usr/bin/python3
[1.959s] -- Using PYTHON_INCLUDE_DIRS: /usr/include/python3.10
[1.959s] -- Using PYTHON_LIBRARIES: /usr/lib/x86_64-linux-gnu/libpython3.10.so
[1.977s] -- Found PythonExtra: .so
[2.018s] -- Added test 'lint_cmake' to check CMake code style
[2.019s] -- Added test 'xmllint' to check XML markup files
[2.021s] -- Configuring done (2.0s)
[2.057s] -- Generating done (0.0s)
[2.076s] -- Build files have been written to: /home/hjh/RMserial/build/def_msg
[2.088s] Invoked command in '/home/hjh/RMserial/build/def_msg' returned '0': CMAKE_PREFIX_PATH=/opt/ros/humble /usr/bin/cmake /home/hjh/RMserial/serial/def_msg -DCMAKE_INSTALL_PREFIX=/home/hjh/RMserial/install/def_msg
[2.090s] Invoking command in '/home/hjh/RMserial/build/def_msg': CMAKE_PREFIX_PATH=/opt/ros/humble /usr/bin/cmake --build /home/hjh/RMserial/build/def_msg -- -j16 -l16
[2.114s] [  1%] [1m[34mGenerating C code for ROS interfaces[0m
[2.119s] [  1%] Built target ament_cmake_python_copy_def_msg
[2.121s] [  2%] [1m[34mGenerating C++ code for ROS interfaces[0m
[2.341s] running egg_info
[2.341s] creating def_msg.egg-info
[2.341s] writing def_msg.egg-info/PKG-INFO
[2.341s] writing dependency_links to def_msg.egg-info/dependency_links.txt
[2.342s] writing top-level names to def_msg.egg-info/top_level.txt
[2.342s] writing manifest file 'def_msg.egg-info/SOURCES.txt'
[2.343s] reading manifest file 'def_msg.egg-info/SOURCES.txt'
[2.343s] writing manifest file 'def_msg.egg-info/SOURCES.txt'
[2.361s] [  2%] Built target ament_cmake_python_build_def_msg_egg
[3.054s] [  2%] Built target def_msg__cpp
[3.067s] [  3%] [1m[34mGenerating C++ introspection for ROS interfaces[0m
[3.067s] [  4%] [1m[34mGenerating C++ type support for eProsima Fast-RTPS[0m
[3.072s] [  5%] [1m[34mGenerating C++ type support dispatch for ROS interfaces[0m
[3.416s] [  6%] [32mBuilding C object CMakeFiles/def_msg__rosidl_generator_c.dir/rosidl_generator_c/def_msg/msg/detail/gobal_information__functions.c.o[0m
[3.417s] [  8%] [32mBuilding C object CMakeFiles/def_msg__rosidl_generator_c.dir/rosidl_generator_c/def_msg/msg/detail/gimble_control__functions.c.o[0m
[3.421s] [  9%] [32mBuilding C object CMakeFiles/def_msg__rosidl_generator_c.dir/rosidl_generator_c/def_msg/msg/detail/common_control__functions.c.o[0m
[3.430s] [ 10%] [32mBuilding C object CMakeFiles/def_msg__rosidl_generator_c.dir/rosidl_generator_c/def_msg/msg/detail/em_control__functions.c.o[0m
[3.430s] [ 11%] [32mBuilding C object CMakeFiles/def_msg__rosidl_generator_c.dir/rosidl_generator_c/def_msg/msg/detail/gimble_position__functions.c.o[0m
[3.441s] [ 12%] [32mBuilding C object CMakeFiles/def_msg__rosidl_generator_c.dir/rosidl_generator_c/def_msg/srv/detail/heart_beat__functions.c.o[0m
[3.446s] [ 13%] [32mBuilding C object CMakeFiles/def_msg__rosidl_generator_c.dir/rosidl_generator_c/def_msg/srv/detail/controller_mode_set__functions.c.o[0m
[3.449s] [ 14%] [32mBuilding C object CMakeFiles/def_msg__rosidl_generator_c.dir/rosidl_generator_c/def_msg/action/detail/nav_pose__functions.c.o[0m
[3.617s] [ 16%] [1m[32mLinking C shared library libdef_msg__rosidl_generator_c.so[0m
[3.653s] [ 16%] Built target def_msg__rosidl_generator_c
[3.665s] [ 17%] [1m[34mGenerating C type support dispatch for ROS interfaces[0m
[3.665s] [ 18%] [1m[34mGenerating C type support for eProsima Fast-RTPS[0m
[3.665s] [ 19%] [1m[34mGenerating C introspection for ROS interfaces[0m
[3.904s] [ 20%] [32mBuilding CXX object CMakeFiles/def_msg__rosidl_typesupport_cpp.dir/rosidl_typesupport_cpp/def_msg/msg/gobal_information__type_support.cpp.o[0m
[3.907s] [ 21%] [32mBuilding CXX object CMakeFiles/def_msg__rosidl_typesupport_cpp.dir/rosidl_typesupport_cpp/def_msg/msg/common_control__type_support.cpp.o[0m
[3.912s] [ 24%] [32mBuilding CXX object CMakeFiles/def_msg__rosidl_typesupport_cpp.dir/rosidl_typesupport_cpp/def_msg/msg/gimble_control__type_support.cpp.o[0m
[3.915s] [ 25%] [32mBuilding CXX object CMakeFiles/def_msg__rosidl_typesupport_cpp.dir/rosidl_typesupport_cpp/def_msg/msg/gimble_position__type_support.cpp.o[0m
[3.916s] [ 26%] [32mBuilding CXX object CMakeFiles/def_msg__rosidl_typesupport_cpp.dir/rosidl_typesupport_cpp/def_msg/srv/controller_mode_set__type_support.cpp.o[0m
[3.919s] [ 26%] [32mBuilding CXX object CMakeFiles/def_msg__rosidl_typesupport_cpp.dir/rosidl_typesupport_cpp/def_msg/msg/em_control__type_support.cpp.o[0m
[3.935s] [ 28%] [32mBuilding CXX object CMakeFiles/def_msg__rosidl_typesupport_cpp.dir/rosidl_typesupport_cpp/def_msg/action/nav_pose__type_support.cpp.o[0m
[3.941s] [ 28%] [32mBuilding CXX object CMakeFiles/def_msg__rosidl_typesupport_cpp.dir/rosidl_typesupport_cpp/def_msg/srv/heart_beat__type_support.cpp.o[0m
[4.216s] [ 29%] [32mBuilding CXX object CMakeFiles/def_msg__rosidl_typesupport_introspection_cpp.dir/rosidl_typesupport_introspection_cpp/def_msg/msg/detail/gobal_information__type_support.cpp.o[0m
[4.220s] [ 31%] [32mBuilding CXX object CMakeFiles/def_msg__rosidl_typesupport_introspection_cpp.dir/rosidl_typesupport_introspection_cpp/def_msg/msg/detail/em_control__type_support.cpp.o[0m
[4.224s] [ 32%] [32mBuilding CXX object CMakeFiles/def_msg__rosidl_typesupport_introspection_cpp.dir/rosidl_typesupport_introspection_cpp/def_msg/msg/detail/common_control__type_support.cpp.o[0m
[4.227s] [ 33%] [32mBuilding CXX object CMakeFiles/def_msg__rosidl_typesupport_introspection_cpp.dir/rosidl_typesupport_introspection_cpp/def_msg/msg/detail/gimble_control__type_support.cpp.o[0m
[4.262s] [ 34%] [32mBuilding CXX object CMakeFiles/def_msg__rosidl_typesupport_introspection_cpp.dir/rosidl_typesupport_introspection_cpp/def_msg/msg/detail/gimble_position__type_support.cpp.o[0m
[4.309s] [ 35%] [32mBuilding CXX object CMakeFiles/def_msg__rosidl_typesupport_fastrtps_cpp.dir/rosidl_typesupport_fastrtps_cpp/def_msg/msg/detail/dds_fastrtps/gobal_information__type_support.cpp.o[0m
[4.311s] [ 36%] [32mBuilding CXX object CMakeFiles/def_msg__rosidl_typesupport_introspection_cpp.dir/rosidl_typesupport_introspection_cpp/def_msg/srv/detail/controller_mode_set__type_support.cpp.o[0m
[4.312s] [ 37%] [32mBuilding CXX object CMakeFiles/def_msg__rosidl_typesupport_introspection_cpp.dir/rosidl_typesupport_introspection_cpp/def_msg/srv/detail/heart_beat__type_support.cpp.o[0m
[4.340s] [ 39%] [32mBuilding CXX object CMakeFiles/def_msg__rosidl_typesupport_introspection_cpp.dir/rosidl_typesupport_introspection_cpp/def_msg/action/detail/nav_pose__type_support.cpp.o[0m
[4.407s] [ 40%] [32mBuilding CXX object CMakeFiles/def_msg__rosidl_typesupport_fastrtps_cpp.dir/rosidl_typesupport_fastrtps_cpp/def_msg/msg/detail/dds_fastrtps/gimble_control__type_support.cpp.o[0m
[4.485s] [ 41%] [32mBuilding CXX object CMakeFiles/def_msg__rosidl_typesupport_fastrtps_cpp.dir/rosidl_typesupport_fastrtps_cpp/def_msg/msg/detail/dds_fastrtps/common_control__type_support.cpp.o[0m
[4.602s] [ 42%] [32mBuilding CXX object CMakeFiles/def_msg__rosidl_typesupport_fastrtps_cpp.dir/rosidl_typesupport_fastrtps_cpp/def_msg/msg/detail/dds_fastrtps/em_control__type_support.cpp.o[0m
[4.717s] [ 43%] [32mBuilding CXX object CMakeFiles/def_msg__rosidl_typesupport_c.dir/rosidl_typesupport_c/def_msg/msg/gobal_information__type_support.cpp.o[0m
[4.743s] [ 44%] [32mBuilding CXX object CMakeFiles/def_msg__rosidl_typesupport_c.dir/rosidl_typesupport_c/def_msg/msg/gimble_control__type_support.cpp.o[0m
[4.764s] [ 45%] [32mBuilding CXX object CMakeFiles/def_msg__rosidl_typesupport_fastrtps_cpp.dir/rosidl_typesupport_fastrtps_cpp/def_msg/msg/detail/dds_fastrtps/gimble_position__type_support.cpp.o[0m
[4.767s] [ 47%] [32mBuilding CXX object CMakeFiles/def_msg__rosidl_typesupport_c.dir/rosidl_typesupport_c/def_msg/msg/common_control__type_support.cpp.o[0m
[4.774s] [ 48%] [32mBuilding CXX object CMakeFiles/def_msg__rosidl_typesupport_c.dir/rosidl_typesupport_c/def_msg/msg/em_control__type_support.cpp.o[0m
[4.790s] [ 49%] [32mBuilding CXX object CMakeFiles/def_msg__rosidl_typesupport_c.dir/rosidl_typesupport_c/def_msg/msg/gimble_position__type_support.cpp.o[0m
[4.799s] [ 50%] [32mBuilding CXX object CMakeFiles/def_msg__rosidl_typesupport_fastrtps_cpp.dir/rosidl_typesupport_fastrtps_cpp/def_msg/srv/detail/dds_fastrtps/controller_mode_set__type_support.cpp.o[0m
[4.800s] [ 51%] [32mBuilding CXX object CMakeFiles/def_msg__rosidl_typesupport_c.dir/rosidl_typesupport_c/def_msg/srv/controller_mode_set__type_support.cpp.o[0m
[4.805s] [ 54%] [32mBuilding CXX object CMakeFiles/def_msg__rosidl_typesupport_c.dir/rosidl_typesupport_c/def_msg/srv/heart_beat__type_support.cpp.o[0m
[4.805s] [ 54%] [32mBuilding CXX object CMakeFiles/def_msg__rosidl_typesupport_fastrtps_cpp.dir/rosidl_typesupport_fastrtps_cpp/def_msg/srv/detail/dds_fastrtps/heart_beat__type_support.cpp.o[0m
[4.813s] [ 55%] [32mBuilding CXX object CMakeFiles/def_msg__rosidl_typesupport_c.dir/rosidl_typesupport_c/def_msg/action/nav_pose__type_support.cpp.o[0m
[4.818s] [ 56%] [1m[32mLinking CXX shared library libdef_msg__rosidl_typesupport_cpp.so[0m
[4.838s] [ 57%] [32mBuilding CXX object CMakeFiles/def_msg__rosidl_typesupport_fastrtps_cpp.dir/rosidl_typesupport_fastrtps_cpp/def_msg/action/detail/dds_fastrtps/nav_pose__type_support.cpp.o[0m
[4.865s] [ 57%] Built target def_msg__rosidl_typesupport_cpp
[4.871s] [ 58%] [1m[32mLinking CXX shared library libdef_msg__rosidl_typesupport_c.so[0m
[4.895s] [ 59%] [32mBuilding CXX object CMakeFiles/def_msg__rosidl_typesupport_fastrtps_c.dir/rosidl_typesupport_fastrtps_c/def_msg/msg/detail/gobal_information__type_support_c.cpp.o[0m
[4.906s] [ 62%] [32mBuilding CXX object CMakeFiles/def_msg__rosidl_typesupport_fastrtps_c.dir/rosidl_typesupport_fastrtps_c/def_msg/msg/detail/common_control__type_support_c.cpp.o[0m
[4.906s] [ 62%] [32mBuilding CXX object CMakeFiles/def_msg__rosidl_typesupport_fastrtps_c.dir/rosidl_typesupport_fastrtps_c/def_msg/msg/detail/gimble_control__type_support_c.cpp.o[0m
[4.906s] [ 63%] [32mBuilding CXX object CMakeFiles/def_msg__rosidl_typesupport_fastrtps_c.dir/rosidl_typesupport_fastrtps_c/def_msg/msg/detail/gimble_position__type_support_c.cpp.o[0m
[4.906s] [ 64%] [32mBuilding CXX object CMakeFiles/def_msg__rosidl_typesupport_fastrtps_c.dir/rosidl_typesupport_fastrtps_c/def_msg/msg/detail/em_control__type_support_c.cpp.o[0m
[4.915s] [ 65%] [32mBuilding CXX object CMakeFiles/def_msg__rosidl_typesupport_fastrtps_c.dir/rosidl_typesupport_fastrtps_c/def_msg/srv/detail/controller_mode_set__type_support_c.cpp.o[0m
[4.920s] [ 65%] Built target def_msg__rosidl_typesupport_c
[4.934s] [ 66%] [32mBuilding CXX object CMakeFiles/def_msg__rosidl_typesupport_fastrtps_c.dir/rosidl_typesupport_fastrtps_c/def_msg/srv/detail/heart_beat__type_support_c.cpp.o[0m
[5.002s] [ 67%] [32mBuilding CXX object CMakeFiles/def_msg__rosidl_typesupport_fastrtps_c.dir/rosidl_typesupport_fastrtps_c/def_msg/action/detail/nav_pose__type_support_c.cpp.o[0m
[5.181s] [ 68%] [32mBuilding C object CMakeFiles/def_msg__rosidl_typesupport_introspection_c.dir/rosidl_typesupport_introspection_c/def_msg/msg/detail/gobal_information__type_support.c.o[0m
[5.184s] [ 70%] [32mBuilding C object CMakeFiles/def_msg__rosidl_typesupport_introspection_c.dir/rosidl_typesupport_introspection_c/def_msg/msg/detail/gimble_control__type_support.c.o[0m
[5.189s] [ 71%] [32mBuilding C object CMakeFiles/def_msg__rosidl_typesupport_introspection_c.dir/rosidl_typesupport_introspection_c/def_msg/msg/detail/common_control__type_support.c.o[0m
[5.249s] [ 72%] [32mBuilding C object CMakeFiles/def_msg__rosidl_typesupport_introspection_c.dir/rosidl_typesupport_introspection_c/def_msg/msg/detail/em_control__type_support.c.o[0m
[5.280s] [ 73%] [32mBuilding C object CMakeFiles/def_msg__rosidl_typesupport_introspection_c.dir/rosidl_typesupport_introspection_c/def_msg/msg/detail/gimble_position__type_support.c.o[0m
[5.283s] [ 74%] [32mBuilding C object CMakeFiles/def_msg__rosidl_typesupport_introspection_c.dir/rosidl_typesupport_introspection_c/def_msg/srv/detail/controller_mode_set__type_support.c.o[0m
[5.286s] [ 75%] [32mBuilding C object CMakeFiles/def_msg__rosidl_typesupport_introspection_c.dir/rosidl_typesupport_introspection_c/def_msg/srv/detail/heart_beat__type_support.c.o[0m
[5.298s] [ 77%] [1m[32mLinking CXX shared library libdef_msg__rosidl_typesupport_introspection_cpp.so[0m
[5.307s] [ 78%] [32mBuilding C object CMakeFiles/def_msg__rosidl_typesupport_introspection_c.dir/rosidl_typesupport_introspection_c/def_msg/action/detail/nav_pose__type_support.c.o[0m
[5.391s] [ 79%] [1m[32mLinking C shared library libdef_msg__rosidl_typesupport_introspection_c.so[0m
[5.418s] [ 79%] Built target def_msg__rosidl_typesupport_introspection_cpp
[5.420s] [ 79%] Built target def_msg__rosidl_typesupport_introspection_c
[5.481s] [ 80%] [1m[32mLinking CXX shared library libdef_msg__rosidl_typesupport_fastrtps_c.so[0m
[5.544s] [ 80%] Built target def_msg__rosidl_typesupport_fastrtps_c
[5.585s] [ 81%] [1m[32mLinking CXX shared library libdef_msg__rosidl_typesupport_fastrtps_cpp.so[0m
[5.648s] [ 81%] Built target def_msg__rosidl_typesupport_fastrtps_cpp
[5.661s] [ 81%] Built target def_msg
[5.673s] [ 82%] [1m[34mGenerating Python code for ROS interfaces[0m
[6.744s] [ 82%] Built target def_msg__py
[6.755s] [ 83%] [32mBuilding C object CMakeFiles/def_msg__rosidl_generator_py.dir/rosidl_generator_py/def_msg/msg/_gimble_control_s.c.o[0m
[6.756s] [ 85%] [32mBuilding C object CMakeFiles/def_msg__rosidl_generator_py.dir/rosidl_generator_py/def_msg/msg/_gobal_information_s.c.o[0m
[6.756s] [ 86%] [32mBuilding C object CMakeFiles/def_msg__rosidl_generator_py.dir/rosidl_generator_py/def_msg/msg/_em_control_s.c.o[0m
[6.756s] [ 87%] [32mBuilding C object CMakeFiles/def_msg__rosidl_generator_py.dir/rosidl_generator_py/def_msg/srv/_heart_beat_s.c.o[0m
[6.756s] [ 89%] [32mBuilding C object CMakeFiles/def_msg__rosidl_generator_py.dir/rosidl_generator_py/def_msg/msg/_gimble_position_s.c.o[0m
[6.756s] [ 89%] [32mBuilding C object CMakeFiles/def_msg__rosidl_generator_py.dir/rosidl_generator_py/def_msg/msg/_common_control_s.c.o[0m
[6.757s] [ 90%] [32mBuilding C object CMakeFiles/def_msg__rosidl_generator_py.dir/rosidl_generator_py/def_msg/srv/_controller_mode_set_s.c.o[0m
[6.758s] [ 91%] [32mBuilding C object CMakeFiles/def_msg__rosidl_generator_py.dir/rosidl_generator_py/def_msg/action/_nav_pose_s.c.o[0m
[6.892s] [ 93%] [1m[32mLinking C shared library rosidl_generator_py/def_msg/libdef_msg__rosidl_generator_py.so[0m
[6.922s] [ 93%] Built target def_msg__rosidl_generator_py
[6.932s] [ 94%] [32mBuilding C object CMakeFiles/def_msg__rosidl_typesupport_c__pyext.dir/rosidl_generator_py/def_msg/_def_msg_s.ep.rosidl_typesupport_c.c.o[0m
[6.932s] [ 95%] [32mBuilding C object CMakeFiles/def_msg__rosidl_typesupport_fastrtps_c__pyext.dir/rosidl_generator_py/def_msg/_def_msg_s.ep.rosidl_typesupport_fastrtps_c.c.o[0m
[6.934s] [ 96%] [32mBuilding C object CMakeFiles/def_msg__rosidl_typesupport_introspection_c__pyext.dir/rosidl_generator_py/def_msg/_def_msg_s.ep.rosidl_typesupport_introspection_c.c.o[0m
[7.035s] [ 97%] [1m[32mLinking C shared library rosidl_generator_py/def_msg/def_msg_s__rosidl_typesupport_introspection_c.cpython-310-x86_64-linux-gnu.so[0m
[7.052s] [ 98%] [1m[32mLinking C shared library rosidl_generator_py/def_msg/def_msg_s__rosidl_typesupport_fastrtps_c.cpython-310-x86_64-linux-gnu.so[0m
[7.074s] [100%] [1m[32mLinking C shared library rosidl_generator_py/def_msg/def_msg_s__rosidl_typesupport_c.cpython-310-x86_64-linux-gnu.so[0m
[7.075s] [100%] Built target def_msg__rosidl_typesupport_introspection_c__pyext
[7.085s] [100%] Built target def_msg__rosidl_typesupport_fastrtps_c__pyext
[7.108s] [100%] Built target def_msg__rosidl_typesupport_c__pyext
[7.114s] Invoked command in '/home/hjh/RMserial/build/def_msg' returned '0': CMAKE_PREFIX_PATH=/opt/ros/humble /usr/bin/cmake --build /home/hjh/RMserial/build/def_msg -- -j16 -l16
[7.115s] Invoking command in '/home/hjh/RMserial/build/def_msg': CMAKE_PREFIX_PATH=/opt/ros/humble /usr/bin/cmake --install /home/hjh/RMserial/build/def_msg
[7.121s] -- Install configuration: ""
[7.121s] -- Installing: /home/hjh/RMserial/install/def_msg/share/ament_index/resource_index/rosidl_interfaces/def_msg
[7.121s] -- Installing: /home/hjh/RMserial/install/def_msg/include/def_msg/def_msg
[7.121s] -- Installing: /home/hjh/RMserial/install/def_msg/include/def_msg/def_msg/srv
[7.121s] -- Installing: /home/hjh/RMserial/install/def_msg/include/def_msg/def_msg/srv/detail
[7.121s] -- Installing: /home/hjh/RMserial/install/def_msg/include/def_msg/def_msg/srv/detail/controller_mode_set__functions.h
[7.121s] -- Installing: /home/hjh/RMserial/install/def_msg/include/def_msg/def_msg/srv/detail/controller_mode_set__struct.h
[7.122s] -- Installing: /home/hjh/RMserial/install/def_msg/include/def_msg/def_msg/srv/detail/heart_beat__functions.h
[7.122s] -- Installing: /home/hjh/RMserial/install/def_msg/include/def_msg/def_msg/srv/detail/controller_mode_set__type_support.h
[7.122s] -- Installing: /home/hjh/RMserial/install/def_msg/include/def_msg/def_msg/srv/detail/controller_mode_set__functions.c
[7.122s] -- Installing: /home/hjh/RMserial/install/def_msg/include/def_msg/def_msg/srv/detail/heart_beat__struct.h
[7.122s] -- Installing: /home/hjh/RMserial/install/def_msg/include/def_msg/def_msg/srv/detail/heart_beat__functions.c
[7.122s] -- Installing: /home/hjh/RMserial/install/def_msg/include/def_msg/def_msg/srv/detail/heart_beat__type_support.h
[7.123s] -- Installing: /home/hjh/RMserial/install/def_msg/include/def_msg/def_msg/srv/controller_mode_set.h
[7.123s] -- Installing: /home/hjh/RMserial/install/def_msg/include/def_msg/def_msg/srv/heart_beat.h
[7.123s] -- Installing: /home/hjh/RMserial/install/def_msg/include/def_msg/def_msg/msg
[7.123s] -- Installing: /home/hjh/RMserial/install/def_msg/include/def_msg/def_msg/msg/rosidl_generator_c__visibility_control.h
[7.123s] -- Installing: /home/hjh/RMserial/install/def_msg/include/def_msg/def_msg/msg/gimble_control.h
[7.123s] -- Installing: /home/hjh/RMserial/install/def_msg/include/def_msg/def_msg/msg/em_control.h
[7.123s] -- Installing: /home/hjh/RMserial/install/def_msg/include/def_msg/def_msg/msg/detail
[7.123s] -- Installing: /home/hjh/RMserial/install/def_msg/include/def_msg/def_msg/msg/detail/common_control__type_support.h
[7.123s] -- Installing: /home/hjh/RMserial/install/def_msg/include/def_msg/def_msg/msg/detail/gimble_position__struct.h
[7.123s] -- Installing: /home/hjh/RMserial/install/def_msg/include/def_msg/def_msg/msg/detail/gobal_information__functions.c
[7.124s] -- Installing: /home/hjh/RMserial/install/def_msg/include/def_msg/def_msg/msg/detail/gimble_position__functions.h
[7.124s] -- Installing: /home/hjh/RMserial/install/def_msg/include/def_msg/def_msg/msg/detail/em_control__functions.h
[7.124s] -- Installing: /home/hjh/RMserial/install/def_msg/include/def_msg/def_msg/msg/detail/common_control__struct.h
[7.124s] -- Installing: /home/hjh/RMserial/install/def_msg/include/def_msg/def_msg/msg/detail/gimble_position__type_support.h
[7.124s] -- Installing: /home/hjh/RMserial/install/def_msg/include/def_msg/def_msg/msg/detail/em_control__type_support.h
[7.124s] -- Installing: /home/hjh/RMserial/install/def_msg/include/def_msg/def_msg/msg/detail/gimble_control__struct.h
[7.124s] -- Installing: /home/hjh/RMserial/install/def_msg/include/def_msg/def_msg/msg/detail/gobal_information__struct.h
[7.124s] -- Installing: /home/hjh/RMserial/install/def_msg/include/def_msg/def_msg/msg/detail/em_control__struct.h
[7.124s] -- Installing: /home/hjh/RMserial/install/def_msg/include/def_msg/def_msg/msg/detail/gimble_control__functions.h
[7.125s] -- Installing: /home/hjh/RMserial/install/def_msg/include/def_msg/def_msg/msg/detail/common_control__functions.h
[7.125s] -- Installing: /home/hjh/RMserial/install/def_msg/include/def_msg/def_msg/msg/detail/em_control__functions.c
[7.125s] -- Installing: /home/hjh/RMserial/install/def_msg/include/def_msg/def_msg/msg/detail/gobal_information__functions.h
[7.125s] -- Installing: /home/hjh/RMserial/install/def_msg/include/def_msg/def_msg/msg/detail/gimble_control__functions.c
[7.125s] -- Installing: /home/hjh/RMserial/install/def_msg/include/def_msg/def_msg/msg/detail/gimble_control__type_support.h
[7.125s] -- Installing: /home/hjh/RMserial/install/def_msg/include/def_msg/def_msg/msg/detail/gobal_information__type_support.h
[7.125s] -- Installing: /home/hjh/RMserial/install/def_msg/include/def_msg/def_msg/msg/detail/common_control__functions.c
[7.125s] -- Installing: /home/hjh/RMserial/install/def_msg/include/def_msg/def_msg/msg/detail/gimble_position__functions.c
[7.125s] -- Installing: /home/hjh/RMserial/install/def_msg/include/def_msg/def_msg/msg/common_control.h
[7.125s] -- Installing: /home/hjh/RMserial/install/def_msg/include/def_msg/def_msg/msg/gobal_information.h
[7.126s] -- Installing: /home/hjh/RMserial/install/def_msg/include/def_msg/def_msg/msg/gimble_position.h
[7.126s] -- Installing: /home/hjh/RMserial/install/def_msg/include/def_msg/def_msg/action
[7.126s] -- Installing: /home/hjh/RMserial/install/def_msg/include/def_msg/def_msg/action/detail
[7.126s] -- Installing: /home/hjh/RMserial/install/def_msg/include/def_msg/def_msg/action/detail/nav_pose__type_support.h
[7.126s] -- Installing: /home/hjh/RMserial/install/def_msg/include/def_msg/def_msg/action/detail/nav_pose__struct.h
[7.126s] -- Installing: /home/hjh/RMserial/install/def_msg/include/def_msg/def_msg/action/detail/nav_pose__functions.h
[7.126s] -- Installing: /home/hjh/RMserial/install/def_msg/include/def_msg/def_msg/action/detail/nav_pose__functions.c
[7.126s] -- Installing: /home/hjh/RMserial/install/def_msg/include/def_msg/def_msg/action/nav_pose.h
[7.126s] -- Installing: /home/hjh/RMserial/install/def_msg/share/def_msg/environment/library_path.sh
[7.127s] -- Installing: /home/hjh/RMserial/install/def_msg/share/def_msg/environment/library_path.dsv
[7.127s] -- Installing: /home/hjh/RMserial/install/def_msg/lib/libdef_msg__rosidl_generator_c.so
[7.127s] -- Set non-toolchain portion of runtime path of "/home/hjh/RMserial/install/def_msg/lib/libdef_msg__rosidl_generator_c.so" to ""
[7.127s] -- Up-to-date: /home/hjh/RMserial/install/def_msg/include/def_msg/def_msg
[7.127s] -- Up-to-date: /home/hjh/RMserial/install/def_msg/include/def_msg/def_msg/srv
[7.127s] -- Up-to-date: /home/hjh/RMserial/install/def_msg/include/def_msg/def_msg/srv/detail
[7.127s] -- Installing: /home/hjh/RMserial/install/def_msg/include/def_msg/def_msg/srv/detail/controller_mode_set__rosidl_typesupport_fastrtps_c.h
[7.127s] -- Installing: /home/hjh/RMserial/install/def_msg/include/def_msg/def_msg/srv/detail/heart_beat__rosidl_typesupport_fastrtps_c.h
[7.127s] -- Up-to-date: /home/hjh/RMserial/install/def_msg/include/def_msg/def_msg/msg
[7.127s] -- Up-to-date: /home/hjh/RMserial/install/def_msg/include/def_msg/def_msg/msg/detail
[7.128s] -- Installing: /home/hjh/RMserial/install/def_msg/include/def_msg/def_msg/msg/detail/gimble_control__rosidl_typesupport_fastrtps_c.h
[7.128s] -- Installing: /home/hjh/RMserial/install/def_msg/include/def_msg/def_msg/msg/detail/gimble_position__rosidl_typesupport_fastrtps_c.h
[7.128s] -- Installing: /home/hjh/RMserial/install/def_msg/include/def_msg/def_msg/msg/detail/em_control__rosidl_typesupport_fastrtps_c.h
[7.128s] -- Installing: /home/hjh/RMserial/install/def_msg/include/def_msg/def_msg/msg/detail/gobal_information__rosidl_typesupport_fastrtps_c.h
[7.128s] -- Installing: /home/hjh/RMserial/install/def_msg/include/def_msg/def_msg/msg/detail/common_control__rosidl_typesupport_fastrtps_c.h
[7.128s] -- Installing: /home/hjh/RMserial/install/def_msg/include/def_msg/def_msg/msg/rosidl_typesupport_fastrtps_c__visibility_control.h
[7.128s] -- Up-to-date: /home/hjh/RMserial/install/def_msg/include/def_msg/def_msg/action
[7.128s] -- Up-to-date: /home/hjh/RMserial/install/def_msg/include/def_msg/def_msg/action/detail
[7.128s] -- Installing: /home/hjh/RMserial/install/def_msg/include/def_msg/def_msg/action/detail/nav_pose__rosidl_typesupport_fastrtps_c.h
[7.128s] -- Installing: /home/hjh/RMserial/install/def_msg/lib/libdef_msg__rosidl_typesupport_fastrtps_c.so
[7.128s] -- Set non-toolchain portion of runtime path of "/home/hjh/RMserial/install/def_msg/lib/libdef_msg__rosidl_typesupport_fastrtps_c.so" to ""
[7.128s] -- Up-to-date: /home/hjh/RMserial/install/def_msg/include/def_msg/def_msg
[7.128s] -- Up-to-date: /home/hjh/RMserial/install/def_msg/include/def_msg/def_msg/srv
[7.128s] -- Installing: /home/hjh/RMserial/install/def_msg/include/def_msg/def_msg/srv/heart_beat.hpp
[7.128s] -- Up-to-date: /home/hjh/RMserial/install/def_msg/include/def_msg/def_msg/srv/detail
[7.128s] -- Installing: /home/hjh/RMserial/install/def_msg/include/def_msg/def_msg/srv/detail/controller_mode_set__traits.hpp
[7.128s] -- Installing: /home/hjh/RMserial/install/def_msg/include/def_msg/def_msg/srv/detail/controller_mode_set__type_support.hpp
[7.128s] -- Installing: /home/hjh/RMserial/install/def_msg/include/def_msg/def_msg/srv/detail/heart_beat__type_support.hpp
[7.128s] -- Installing: /home/hjh/RMserial/install/def_msg/include/def_msg/def_msg/srv/detail/heart_beat__struct.hpp
[7.128s] -- Installing: /home/hjh/RMserial/install/def_msg/include/def_msg/def_msg/srv/detail/heart_beat__traits.hpp
[7.128s] -- Installing: /home/hjh/RMserial/install/def_msg/include/def_msg/def_msg/srv/detail/heart_beat__builder.hpp
[7.128s] -- Installing: /home/hjh/RMserial/install/def_msg/include/def_msg/def_msg/srv/detail/controller_mode_set__builder.hpp
[7.128s] -- Installing: /home/hjh/RMserial/install/def_msg/include/def_msg/def_msg/srv/detail/controller_mode_set__struct.hpp
[7.128s] -- Installing: /home/hjh/RMserial/install/def_msg/include/def_msg/def_msg/srv/controller_mode_set.hpp
[7.128s] -- Up-to-date: /home/hjh/RMserial/install/def_msg/include/def_msg/def_msg/msg
[7.129s] -- Installing: /home/hjh/RMserial/install/def_msg/include/def_msg/def_msg/msg/gimble_position.hpp
[7.129s] -- Up-to-date: /home/hjh/RMserial/install/def_msg/include/def_msg/def_msg/msg/detail
[7.129s] -- Installing: /home/hjh/RMserial/install/def_msg/include/def_msg/def_msg/msg/detail/common_control__builder.hpp
[7.129s] -- Installing: /home/hjh/RMserial/install/def_msg/include/def_msg/def_msg/msg/detail/common_control__type_support.hpp
[7.129s] -- Installing: /home/hjh/RMserial/install/def_msg/include/def_msg/def_msg/msg/detail/gobal_information__type_support.hpp
[7.129s] -- Installing: /home/hjh/RMserial/install/def_msg/include/def_msg/def_msg/msg/detail/gimble_control__builder.hpp
[7.129s] -- Installing: /home/hjh/RMserial/install/def_msg/include/def_msg/def_msg/msg/detail/gobal_information__struct.hpp
[7.129s] -- Installing: /home/hjh/RMserial/install/def_msg/include/def_msg/def_msg/msg/detail/em_control__builder.hpp
[7.129s] -- Installing: /home/hjh/RMserial/install/def_msg/include/def_msg/def_msg/msg/detail/em_control__type_support.hpp
[7.129s] -- Installing: /home/hjh/RMserial/install/def_msg/include/def_msg/def_msg/msg/detail/gimble_position__struct.hpp
[7.129s] -- Installing: /home/hjh/RMserial/install/def_msg/include/def_msg/def_msg/msg/detail/em_control__traits.hpp
[7.129s] -- Installing: /home/hjh/RMserial/install/def_msg/include/def_msg/def_msg/msg/detail/gimble_control__struct.hpp
[7.129s] -- Installing: /home/hjh/RMserial/install/def_msg/include/def_msg/def_msg/msg/detail/gimble_control__traits.hpp
[7.129s] -- Installing: /home/hjh/RMserial/install/def_msg/include/def_msg/def_msg/msg/detail/gimble_position__type_support.hpp
[7.129s] -- Installing: /home/hjh/RMserial/install/def_msg/include/def_msg/def_msg/msg/detail/gobal_information__traits.hpp
[7.129s] -- Installing: /home/hjh/RMserial/install/def_msg/include/def_msg/def_msg/msg/detail/gobal_information__builder.hpp
[7.129s] -- Installing: /home/hjh/RMserial/install/def_msg/include/def_msg/def_msg/msg/detail/common_control__struct.hpp
[7.129s] -- Installing: /home/hjh/RMserial/install/def_msg/include/def_msg/def_msg/msg/detail/gimble_position__traits.hpp
[7.129s] -- Installing: /home/hjh/RMserial/install/def_msg/include/def_msg/def_msg/msg/detail/gimble_position__builder.hpp
[7.129s] -- Installing: /home/hjh/RMserial/install/def_msg/include/def_msg/def_msg/msg/detail/gimble_control__type_support.hpp
[7.129s] -- Installing: /home/hjh/RMserial/install/def_msg/include/def_msg/def_msg/msg/detail/em_control__struct.hpp
[7.129s] -- Installing: /home/hjh/RMserial/install/def_msg/include/def_msg/def_msg/msg/detail/common_control__traits.hpp
[7.129s] -- Installing: /home/hjh/RMserial/install/def_msg/include/def_msg/def_msg/msg/em_control.hpp
[7.129s] -- Installing: /home/hjh/RMserial/install/def_msg/include/def_msg/def_msg/msg/gobal_information.hpp
[7.129s] -- Installing: /home/hjh/RMserial/install/def_msg/include/def_msg/def_msg/msg/rosidl_generator_cpp__visibility_control.hpp
[7.129s] -- Installing: /home/hjh/RMserial/install/def_msg/include/def_msg/def_msg/msg/gimble_control.hpp
[7.130s] -- Installing: /home/hjh/RMserial/install/def_msg/include/def_msg/def_msg/msg/common_control.hpp
[7.130s] -- Up-to-date: /home/hjh/RMserial/install/def_msg/include/def_msg/def_msg/action
[7.130s] -- Up-to-date: /home/hjh/RMserial/install/def_msg/include/def_msg/def_msg/action/detail
[7.130s] -- Installing: /home/hjh/RMserial/install/def_msg/include/def_msg/def_msg/action/detail/nav_pose__type_support.hpp
[7.130s] -- Installing: /home/hjh/RMserial/install/def_msg/include/def_msg/def_msg/action/detail/nav_pose__struct.hpp
[7.130s] -- Installing: /home/hjh/RMserial/install/def_msg/include/def_msg/def_msg/action/detail/nav_pose__traits.hpp
[7.130s] -- Installing: /home/hjh/RMserial/install/def_msg/include/def_msg/def_msg/action/detail/nav_pose__builder.hpp
[7.130s] -- Installing: /home/hjh/RMserial/install/def_msg/include/def_msg/def_msg/action/nav_pose.hpp
[7.130s] -- Up-to-date: /home/hjh/RMserial/install/def_msg/include/def_msg/def_msg
[7.130s] -- Up-to-date: /home/hjh/RMserial/install/def_msg/include/def_msg/def_msg/srv
[7.130s] -- Up-to-date: /home/hjh/RMserial/install/def_msg/include/def_msg/def_msg/srv/detail
[7.130s] -- Installing: /home/hjh/RMserial/install/def_msg/include/def_msg/def_msg/srv/detail/dds_fastrtps
[7.130s] -- Installing: /home/hjh/RMserial/install/def_msg/include/def_msg/def_msg/srv/detail/controller_mode_set__rosidl_typesupport_fastrtps_cpp.hpp
[7.130s] -- Installing: /home/hjh/RMserial/install/def_msg/include/def_msg/def_msg/srv/detail/heart_beat__rosidl_typesupport_fastrtps_cpp.hpp
[7.130s] -- Up-to-date: /home/hjh/RMserial/install/def_msg/include/def_msg/def_msg/msg
[7.130s] -- Up-to-date: /home/hjh/RMserial/install/def_msg/include/def_msg/def_msg/msg/detail
[7.130s] -- Installing: /home/hjh/RMserial/install/def_msg/include/def_msg/def_msg/msg/detail/dds_fastrtps
[7.130s] -- Installing: /home/hjh/RMserial/install/def_msg/include/def_msg/def_msg/msg/detail/em_control__rosidl_typesupport_fastrtps_cpp.hpp
[7.130s] -- Installing: /home/hjh/RMserial/install/def_msg/include/def_msg/def_msg/msg/detail/gobal_information__rosidl_typesupport_fastrtps_cpp.hpp
[7.130s] -- Installing: /home/hjh/RMserial/install/def_msg/include/def_msg/def_msg/msg/detail/gimble_position__rosidl_typesupport_fastrtps_cpp.hpp
[7.130s] -- Installing: /home/hjh/RMserial/install/def_msg/include/def_msg/def_msg/msg/detail/common_control__rosidl_typesupport_fastrtps_cpp.hpp
[7.130s] -- Installing: /home/hjh/RMserial/install/def_msg/include/def_msg/def_msg/msg/detail/gimble_control__rosidl_typesupport_fastrtps_cpp.hpp
[7.130s] -- Installing: /home/hjh/RMserial/install/def_msg/include/def_msg/def_msg/msg/rosidl_typesupport_fastrtps_cpp__visibility_control.h
[7.130s] -- Up-to-date: /home/hjh/RMserial/install/def_msg/include/def_msg/def_msg/action
[7.130s] -- Up-to-date: /home/hjh/RMserial/install/def_msg/include/def_msg/def_msg/action/detail
[7.130s] -- Installing: /home/hjh/RMserial/install/def_msg/include/def_msg/def_msg/action/detail/dds_fastrtps
[7.130s] -- Installing: /home/hjh/RMserial/install/def_msg/include/def_msg/def_msg/action/detail/nav_pose__rosidl_typesupport_fastrtps_cpp.hpp
[7.131s] -- Installing: /home/hjh/RMserial/install/def_msg/lib/libdef_msg__rosidl_typesupport_fastrtps_cpp.so
[7.131s] -- Set non-toolchain portion of runtime path of "/home/hjh/RMserial/install/def_msg/lib/libdef_msg__rosidl_typesupport_fastrtps_cpp.so" to ""
[7.131s] -- Up-to-date: /home/hjh/RMserial/install/def_msg/include/def_msg/def_msg
[7.131s] -- Up-to-date: /home/hjh/RMserial/install/def_msg/include/def_msg/def_msg/srv
[7.131s] -- Up-to-date: /home/hjh/RMserial/install/def_msg/include/def_msg/def_msg/srv/detail
[7.131s] -- Installing: /home/hjh/RMserial/install/def_msg/include/def_msg/def_msg/srv/detail/heart_beat__type_support.c
[7.131s] -- Installing: /home/hjh/RMserial/install/def_msg/include/def_msg/def_msg/srv/detail/controller_mode_set__rosidl_typesupport_introspection_c.h
[7.131s] -- Installing: /home/hjh/RMserial/install/def_msg/include/def_msg/def_msg/srv/detail/controller_mode_set__type_support.c
[7.131s] -- Installing: /home/hjh/RMserial/install/def_msg/include/def_msg/def_msg/srv/detail/heart_beat__rosidl_typesupport_introspection_c.h
[7.131s] -- Up-to-date: /home/hjh/RMserial/install/def_msg/include/def_msg/def_msg/msg
[7.131s] -- Up-to-date: /home/hjh/RMserial/install/def_msg/include/def_msg/def_msg/msg/detail
[7.131s] -- Installing: /home/hjh/RMserial/install/def_msg/include/def_msg/def_msg/msg/detail/common_control__rosidl_typesupport_introspection_c.h
[7.131s] -- Installing: /home/hjh/RMserial/install/def_msg/include/def_msg/def_msg/msg/detail/gobal_information__type_support.c
[7.131s] -- Installing: /home/hjh/RMserial/install/def_msg/include/def_msg/def_msg/msg/detail/common_control__type_support.c
[7.131s] -- Installing: /home/hjh/RMserial/install/def_msg/include/def_msg/def_msg/msg/detail/gimble_control__type_support.c
[7.131s] -- Installing: /home/hjh/RMserial/install/def_msg/include/def_msg/def_msg/msg/detail/gobal_information__rosidl_typesupport_introspection_c.h
[7.131s] -- Installing: /home/hjh/RMserial/install/def_msg/include/def_msg/def_msg/msg/detail/gimble_position__rosidl_typesupport_introspection_c.h
[7.131s] -- Installing: /home/hjh/RMserial/install/def_msg/include/def_msg/def_msg/msg/detail/em_control__type_support.c
[7.131s] -- Installing: /home/hjh/RMserial/install/def_msg/include/def_msg/def_msg/msg/detail/em_control__rosidl_typesupport_introspection_c.h
[7.131s] -- Installing: /home/hjh/RMserial/install/def_msg/include/def_msg/def_msg/msg/detail/gimble_control__rosidl_typesupport_introspection_c.h
[7.131s] -- Installing: /home/hjh/RMserial/install/def_msg/include/def_msg/def_msg/msg/detail/gimble_position__type_support.c
[7.131s] -- Installing: /home/hjh/RMserial/install/def_msg/include/def_msg/def_msg/msg/rosidl_typesupport_introspection_c__visibility_control.h
[7.131s] -- Up-to-date: /home/hjh/RMserial/install/def_msg/include/def_msg/def_msg/action
[7.131s] -- Up-to-date: /home/hjh/RMserial/install/def_msg/include/def_msg/def_msg/action/detail
[7.131s] -- Installing: /home/hjh/RMserial/install/def_msg/include/def_msg/def_msg/action/detail/nav_pose__type_support.c
[7.131s] -- Installing: /home/hjh/RMserial/install/def_msg/include/def_msg/def_msg/action/detail/nav_pose__rosidl_typesupport_introspection_c.h
[7.131s] -- Installing: /home/hjh/RMserial/install/def_msg/lib/libdef_msg__rosidl_typesupport_introspection_c.so
[7.131s] -- Set non-toolchain portion of runtime path of "/home/hjh/RMserial/install/def_msg/lib/libdef_msg__rosidl_typesupport_introspection_c.so" to ""
[7.131s] -- Installing: /home/hjh/RMserial/install/def_msg/lib/libdef_msg__rosidl_typesupport_c.so
[7.131s] -- Set non-toolchain portion of runtime path of "/home/hjh/RMserial/install/def_msg/lib/libdef_msg__rosidl_typesupport_c.so" to ""
[7.131s] -- Up-to-date: /home/hjh/RMserial/install/def_msg/include/def_msg/def_msg
[7.132s] -- Up-to-date: /home/hjh/RMserial/install/def_msg/include/def_msg/def_msg/srv
[7.132s] -- Up-to-date: /home/hjh/RMserial/install/def_msg/include/def_msg/def_msg/srv/detail
[7.132s] -- Installing: /home/hjh/RMserial/install/def_msg/include/def_msg/def_msg/srv/detail/controller_mode_set__rosidl_typesupport_introspection_cpp.hpp
[7.132s] -- Installing: /home/hjh/RMserial/install/def_msg/include/def_msg/def_msg/srv/detail/heart_beat__type_support.cpp
[7.132s] -- Installing: /home/hjh/RMserial/install/def_msg/include/def_msg/def_msg/srv/detail/heart_beat__rosidl_typesupport_introspection_cpp.hpp
[7.132s] -- Installing: /home/hjh/RMserial/install/def_msg/include/def_msg/def_msg/srv/detail/controller_mode_set__type_support.cpp
[7.132s] -- Up-to-date: /home/hjh/RMserial/install/def_msg/include/def_msg/def_msg/msg
[7.132s] -- Up-to-date: /home/hjh/RMserial/install/def_msg/include/def_msg/def_msg/msg/detail
[7.132s] -- Installing: /home/hjh/RMserial/install/def_msg/include/def_msg/def_msg/msg/detail/gobal_information__rosidl_typesupport_introspection_cpp.hpp
[7.132s] -- Installing: /home/hjh/RMserial/install/def_msg/include/def_msg/def_msg/msg/detail/gimble_position__type_support.cpp
[7.132s] -- Installing: /home/hjh/RMserial/install/def_msg/include/def_msg/def_msg/msg/detail/gimble_control__rosidl_typesupport_introspection_cpp.hpp
[7.132s] -- Installing: /home/hjh/RMserial/install/def_msg/include/def_msg/def_msg/msg/detail/common_control__type_support.cpp
[7.132s] -- Installing: /home/hjh/RMserial/install/def_msg/include/def_msg/def_msg/msg/detail/gobal_information__type_support.cpp
[7.132s] -- Installing: /home/hjh/RMserial/install/def_msg/include/def_msg/def_msg/msg/detail/em_control__type_support.cpp
[7.132s] -- Installing: /home/hjh/RMserial/install/def_msg/include/def_msg/def_msg/msg/detail/em_control__rosidl_typesupport_introspection_cpp.hpp
[7.132s] -- Installing: /home/hjh/RMserial/install/def_msg/include/def_msg/def_msg/msg/detail/gimble_position__rosidl_typesupport_introspection_cpp.hpp
[7.132s] -- Installing: /home/hjh/RMserial/install/def_msg/include/def_msg/def_msg/msg/detail/gimble_control__type_support.cpp
[7.132s] -- Installing: /home/hjh/RMserial/install/def_msg/include/def_msg/def_msg/msg/detail/common_control__rosidl_typesupport_introspection_cpp.hpp
[7.132s] -- Up-to-date: /home/hjh/RMserial/install/def_msg/include/def_msg/def_msg/action
[7.132s] -- Up-to-date: /home/hjh/RMserial/install/def_msg/include/def_msg/def_msg/action/detail
[7.132s] -- Installing: /home/hjh/RMserial/install/def_msg/include/def_msg/def_msg/action/detail/nav_pose__rosidl_typesupport_introspection_cpp.hpp
[7.132s] -- Installing: /home/hjh/RMserial/install/def_msg/include/def_msg/def_msg/action/detail/nav_pose__type_support.cpp
[7.132s] -- Installing: /home/hjh/RMserial/install/def_msg/lib/libdef_msg__rosidl_typesupport_introspection_cpp.so
[7.132s] -- Set non-toolchain portion of runtime path of "/home/hjh/RMserial/install/def_msg/lib/libdef_msg__rosidl_typesupport_introspection_cpp.so" to ""
[7.132s] -- Installing: /home/hjh/RMserial/install/def_msg/lib/libdef_msg__rosidl_typesupport_cpp.so
[7.132s] -- Set non-toolchain portion of runtime path of "/home/hjh/RMserial/install/def_msg/lib/libdef_msg__rosidl_typesupport_cpp.so" to ""
[7.132s] -- Installing: /home/hjh/RMserial/install/def_msg/share/def_msg/environment/pythonpath.sh
[7.133s] -- Installing: /home/hjh/RMserial/install/def_msg/share/def_msg/environment/pythonpath.dsv
[7.133s] -- Installing: /home/hjh/RMserial/install/def_msg/local/lib/python3.10/dist-packages/def_msg-0.0.0-py3.10.egg-info
[7.133s] -- Installing: /home/hjh/RMserial/install/def_msg/local/lib/python3.10/dist-packages/def_msg-0.0.0-py3.10.egg-info/dependency_links.txt
[7.133s] -- Installing: /home/hjh/RMserial/install/def_msg/local/lib/python3.10/dist-packages/def_msg-0.0.0-py3.10.egg-info/PKG-INFO
[7.133s] -- Installing: /home/hjh/RMserial/install/def_msg/local/lib/python3.10/dist-packages/def_msg-0.0.0-py3.10.egg-info/SOURCES.txt
[7.133s] -- Installing: /home/hjh/RMserial/install/def_msg/local/lib/python3.10/dist-packages/def_msg-0.0.0-py3.10.egg-info/top_level.txt
[7.133s] -- Installing: /home/hjh/RMserial/install/def_msg/local/lib/python3.10/dist-packages/def_msg
[7.133s] -- Installing: /home/hjh/RMserial/install/def_msg/local/lib/python3.10/dist-packages/def_msg/_def_msg_s.ep.rosidl_typesupport_c.c
[7.133s] -- Installing: /home/hjh/RMserial/install/def_msg/local/lib/python3.10/dist-packages/def_msg/def_msg_s__rosidl_typesupport_introspection_c.cpython-310-x86_64-linux-gnu.so
[7.133s] -- Installing: /home/hjh/RMserial/install/def_msg/local/lib/python3.10/dist-packages/def_msg/def_msg_s__rosidl_typesupport_fastrtps_c.cpython-310-x86_64-linux-gnu.so
[7.133s] -- Installing: /home/hjh/RMserial/install/def_msg/local/lib/python3.10/dist-packages/def_msg/_def_msg_s.ep.rosidl_typesupport_introspection_c.c
[7.133s] -- Installing: /home/hjh/RMserial/install/def_msg/local/lib/python3.10/dist-packages/def_msg/__init__.py
[7.133s] -- Installing: /home/hjh/RMserial/install/def_msg/local/lib/python3.10/dist-packages/def_msg/srv
[7.133s] -- Installing: /home/hjh/RMserial/install/def_msg/local/lib/python3.10/dist-packages/def_msg/srv/_heart_beat.py
[7.133s] -- Installing: /home/hjh/RMserial/install/def_msg/local/lib/python3.10/dist-packages/def_msg/srv/_controller_mode_set.py
[7.133s] -- Installing: /home/hjh/RMserial/install/def_msg/local/lib/python3.10/dist-packages/def_msg/srv/_heart_beat_s.c
[7.133s] -- Installing: /home/hjh/RMserial/install/def_msg/local/lib/python3.10/dist-packages/def_msg/srv/_controller_mode_set_s.c
[7.133s] -- Installing: /home/hjh/RMserial/install/def_msg/local/lib/python3.10/dist-packages/def_msg/srv/__init__.py
[7.133s] -- Installing: /home/hjh/RMserial/install/def_msg/local/lib/python3.10/dist-packages/def_msg/_def_msg_s.ep.rosidl_typesupport_fastrtps_c.c
[7.133s] -- Installing: /home/hjh/RMserial/install/def_msg/local/lib/python3.10/dist-packages/def_msg/def_msg_s__rosidl_typesupport_c.cpython-310-x86_64-linux-gnu.so
[7.133s] -- Installing: /home/hjh/RMserial/install/def_msg/local/lib/python3.10/dist-packages/def_msg/libdef_msg__rosidl_generator_py.so
[7.133s] -- Installing: /home/hjh/RMserial/install/def_msg/local/lib/python3.10/dist-packages/def_msg/msg
[7.133s] -- Installing: /home/hjh/RMserial/install/def_msg/local/lib/python3.10/dist-packages/def_msg/msg/_gobal_information_s.c
[7.133s] -- Installing: /home/hjh/RMserial/install/def_msg/local/lib/python3.10/dist-packages/def_msg/msg/_common_control.py
[7.133s] -- Installing: /home/hjh/RMserial/install/def_msg/local/lib/python3.10/dist-packages/def_msg/msg/_gimble_control_s.c
[7.133s] -- Installing: /home/hjh/RMserial/install/def_msg/local/lib/python3.10/dist-packages/def_msg/msg/_gimble_position_s.c
[7.133s] -- Installing: /home/hjh/RMserial/install/def_msg/local/lib/python3.10/dist-packages/def_msg/msg/__init__.py
[7.133s] -- Installing: /home/hjh/RMserial/install/def_msg/local/lib/python3.10/dist-packages/def_msg/msg/_common_control_s.c
[7.134s] -- Installing: /home/hjh/RMserial/install/def_msg/local/lib/python3.10/dist-packages/def_msg/msg/_gobal_information.py
[7.134s] -- Installing: /home/hjh/RMserial/install/def_msg/local/lib/python3.10/dist-packages/def_msg/msg/_gimble_position.py
[7.134s] -- Installing: /home/hjh/RMserial/install/def_msg/local/lib/python3.10/dist-packages/def_msg/msg/_em_control.py
[7.134s] -- Installing: /home/hjh/RMserial/install/def_msg/local/lib/python3.10/dist-packages/def_msg/msg/_em_control_s.c
[7.134s] -- Installing: /home/hjh/RMserial/install/def_msg/local/lib/python3.10/dist-packages/def_msg/msg/_gimble_control.py
[7.134s] -- Installing: /home/hjh/RMserial/install/def_msg/local/lib/python3.10/dist-packages/def_msg/action
[7.134s] -- Installing: /home/hjh/RMserial/install/def_msg/local/lib/python3.10/dist-packages/def_msg/action/__init__.py
[7.134s] -- Installing: /home/hjh/RMserial/install/def_msg/local/lib/python3.10/dist-packages/def_msg/action/_nav_pose_s.c
[7.134s] -- Installing: /home/hjh/RMserial/install/def_msg/local/lib/python3.10/dist-packages/def_msg/action/_nav_pose.py
[7.168s] Listing '/home/hjh/RMserial/install/def_msg/local/lib/python3.10/dist-packages/def_msg'...
[7.168s] Compiling '/home/hjh/RMserial/install/def_msg/local/lib/python3.10/dist-packages/def_msg/__init__.py'...
[7.168s] Listing '/home/hjh/RMserial/install/def_msg/local/lib/python3.10/dist-packages/def_msg/action'...
[7.168s] Compiling '/home/hjh/RMserial/install/def_msg/local/lib/python3.10/dist-packages/def_msg/action/__init__.py'...
[7.168s] Compiling '/home/hjh/RMserial/install/def_msg/local/lib/python3.10/dist-packages/def_msg/action/_nav_pose.py'...
[7.168s] Listing '/home/hjh/RMserial/install/def_msg/local/lib/python3.10/dist-packages/def_msg/msg'...
[7.168s] Compiling '/home/hjh/RMserial/install/def_msg/local/lib/python3.10/dist-packages/def_msg/msg/__init__.py'...
[7.168s] Compiling '/home/hjh/RMserial/install/def_msg/local/lib/python3.10/dist-packages/def_msg/msg/_common_control.py'...
[7.168s] Compiling '/home/hjh/RMserial/install/def_msg/local/lib/python3.10/dist-packages/def_msg/msg/_em_control.py'...
[7.168s] Compiling '/home/hjh/RMserial/install/def_msg/local/lib/python3.10/dist-packages/def_msg/msg/_gimble_control.py'...
[7.168s] Compiling '/home/hjh/RMserial/install/def_msg/local/lib/python3.10/dist-packages/def_msg/msg/_gimble_position.py'...
[7.168s] Compiling '/home/hjh/RMserial/install/def_msg/local/lib/python3.10/dist-packages/def_msg/msg/_gobal_information.py'...
[7.168s] Listing '/home/hjh/RMserial/install/def_msg/local/lib/python3.10/dist-packages/def_msg/srv'...
[7.168s] Compiling '/home/hjh/RMserial/install/def_msg/local/lib/python3.10/dist-packages/def_msg/srv/__init__.py'...
[7.168s] Compiling '/home/hjh/RMserial/install/def_msg/local/lib/python3.10/dist-packages/def_msg/srv/_controller_mode_set.py'...
[7.168s] Compiling '/home/hjh/RMserial/install/def_msg/local/lib/python3.10/dist-packages/def_msg/srv/_heart_beat.py'...
[7.171s] -- Installing: /home/hjh/RMserial/install/def_msg/local/lib/python3.10/dist-packages/def_msg/def_msg_s__rosidl_typesupport_fastrtps_c.cpython-310-x86_64-linux-gnu.so
[7.172s] -- Set non-toolchain portion of runtime path of "/home/hjh/RMserial/install/def_msg/local/lib/python3.10/dist-packages/def_msg/def_msg_s__rosidl_typesupport_fastrtps_c.cpython-310-x86_64-linux-gnu.so" to ""
[7.172s] -- Installing: /home/hjh/RMserial/install/def_msg/local/lib/python3.10/dist-packages/def_msg/def_msg_s__rosidl_typesupport_introspection_c.cpython-310-x86_64-linux-gnu.so
[7.172s] -- Set non-toolchain portion of runtime path of "/home/hjh/RMserial/install/def_msg/local/lib/python3.10/dist-packages/def_msg/def_msg_s__rosidl_typesupport_introspection_c.cpython-310-x86_64-linux-gnu.so" to ""
[7.173s] -- Installing: /home/hjh/RMserial/install/def_msg/local/lib/python3.10/dist-packages/def_msg/def_msg_s__rosidl_typesupport_c.cpython-310-x86_64-linux-gnu.so
[7.173s] -- Set non-toolchain portion of runtime path of "/home/hjh/RMserial/install/def_msg/local/lib/python3.10/dist-packages/def_msg/def_msg_s__rosidl_typesupport_c.cpython-310-x86_64-linux-gnu.so" to ""
[7.173s] -- Installing: /home/hjh/RMserial/install/def_msg/lib/libdef_msg__rosidl_generator_py.so
[7.174s] -- Set non-toolchain portion of runtime path of "/home/hjh/RMserial/install/def_msg/lib/libdef_msg__rosidl_generator_py.so" to ""
[7.174s] -- Installing: /home/hjh/RMserial/install/def_msg/share/def_msg/msg/GobalInformation.idl
[7.174s] -- Installing: /home/hjh/RMserial/install/def_msg/share/def_msg/msg/GimbleControl.idl
[7.174s] -- Installing: /home/hjh/RMserial/install/def_msg/share/def_msg/msg/CommonControl.idl
[7.174s] -- Installing: /home/hjh/RMserial/install/def_msg/share/def_msg/msg/EmControl.idl
[7.174s] -- Installing: /home/hjh/RMserial/install/def_msg/share/def_msg/msg/GimblePosition.idl
[7.174s] -- Installing: /home/hjh/RMserial/install/def_msg/share/def_msg/srv/ControllerModeSet.idl
[7.175s] -- Installing: /home/hjh/RMserial/install/def_msg/share/def_msg/srv/HeartBeat.idl
[7.175s] -- Installing: /home/hjh/RMserial/install/def_msg/share/def_msg/action/NavPose.idl
[7.175s] -- Installing: /home/hjh/RMserial/install/def_msg/share/def_msg/msg/GobalInformation.msg
[7.175s] -- Installing: /home/hjh/RMserial/install/def_msg/share/def_msg/msg/GimbleControl.msg
[7.175s] -- Installing: /home/hjh/RMserial/install/def_msg/share/def_msg/msg/CommonControl.msg
[7.175s] -- Installing: /home/hjh/RMserial/install/def_msg/share/def_msg/msg/EmControl.msg
[7.175s] -- Installing: /home/hjh/RMserial/install/def_msg/share/def_msg/msg/GimblePosition.msg
[7.176s] -- Installing: /home/hjh/RMserial/install/def_msg/share/def_msg/srv/ControllerModeSet.srv
[7.176s] -- Installing: /home/hjh/RMserial/install/def_msg/share/def_msg/srv/ControllerModeSet_Request.msg
[7.176s] -- Installing: /home/hjh/RMserial/install/def_msg/share/def_msg/srv/ControllerModeSet_Response.msg
[7.176s] -- Installing: /home/hjh/RMserial/install/def_msg/share/def_msg/srv/HeartBeat.srv
[7.176s] -- Installing: /home/hjh/RMserial/install/def_msg/share/def_msg/srv/HeartBeat_Request.msg
[7.176s] -- Installing: /home/hjh/RMserial/install/def_msg/share/def_msg/srv/HeartBeat_Response.msg
[7.176s] -- Installing: /home/hjh/RMserial/install/def_msg/share/def_msg/action/NavPose.action
[7.176s] -- Installing: /home/hjh/RMserial/install/def_msg/share/ament_index/resource_index/package_run_dependencies/def_msg
[7.176s] -- Installing: /home/hjh/RMserial/install/def_msg/share/ament_index/resource_index/parent_prefix_path/def_msg
[7.176s] -- Installing: /home/hjh/RMserial/install/def_msg/share/def_msg/environment/ament_prefix_path.sh
[7.176s] -- Installing: /home/hjh/RMserial/install/def_msg/share/def_msg/environment/ament_prefix_path.dsv
[7.177s] -- Installing: /home/hjh/RMserial/install/def_msg/share/def_msg/environment/path.sh
[7.177s] -- Installing: /home/hjh/RMserial/install/def_msg/share/def_msg/environment/path.dsv
[7.177s] -- Installing: /home/hjh/RMserial/install/def_msg/share/def_msg/local_setup.bash
[7.177s] -- Installing: /home/hjh/RMserial/install/def_msg/share/def_msg/local_setup.sh
[7.177s] -- Installing: /home/hjh/RMserial/install/def_msg/share/def_msg/local_setup.zsh
[7.177s] -- Installing: /home/hjh/RMserial/install/def_msg/share/def_msg/local_setup.dsv
[7.177s] -- Installing: /home/hjh/RMserial/install/def_msg/share/def_msg/package.dsv
[7.177s] -- Installing: /home/hjh/RMserial/install/def_msg/share/ament_index/resource_index/packages/def_msg
[7.178s] -- Installing: /home/hjh/RMserial/install/def_msg/share/def_msg/cmake/export_def_msg__rosidl_generator_cExport.cmake
[7.178s] -- Installing: /home/hjh/RMserial/install/def_msg/share/def_msg/cmake/export_def_msg__rosidl_generator_cExport-noconfig.cmake
[7.178s] -- Installing: /home/hjh/RMserial/install/def_msg/share/def_msg/cmake/export_def_msg__rosidl_typesupport_fastrtps_cExport.cmake
[7.178s] -- Installing: /home/hjh/RMserial/install/def_msg/share/def_msg/cmake/export_def_msg__rosidl_typesupport_fastrtps_cExport-noconfig.cmake
[7.178s] -- Installing: /home/hjh/RMserial/install/def_msg/share/def_msg/cmake/export_def_msg__rosidl_generator_cppExport.cmake
[7.178s] -- Installing: /home/hjh/RMserial/install/def_msg/share/def_msg/cmake/export_def_msg__rosidl_typesupport_fastrtps_cppExport.cmake
[7.178s] -- Installing: /home/hjh/RMserial/install/def_msg/share/def_msg/cmake/export_def_msg__rosidl_typesupport_fastrtps_cppExport-noconfig.cmake
[7.178s] -- Installing: /home/hjh/RMserial/install/def_msg/share/def_msg/cmake/def_msg__rosidl_typesupport_introspection_cExport.cmake
[7.178s] -- Installing: /home/hjh/RMserial/install/def_msg/share/def_msg/cmake/def_msg__rosidl_typesupport_introspection_cExport-noconfig.cmake
[7.179s] -- Installing: /home/hjh/RMserial/install/def_msg/share/def_msg/cmake/def_msg__rosidl_typesupport_cExport.cmake
[7.179s] -- Installing: /home/hjh/RMserial/install/def_msg/share/def_msg/cmake/def_msg__rosidl_typesupport_cExport-noconfig.cmake
[7.179s] -- Installing: /home/hjh/RMserial/install/def_msg/share/def_msg/cmake/def_msg__rosidl_typesupport_introspection_cppExport.cmake
[7.179s] -- Installing: /home/hjh/RMserial/install/def_msg/share/def_msg/cmake/def_msg__rosidl_typesupport_introspection_cppExport-noconfig.cmake
[7.179s] -- Installing: /home/hjh/RMserial/install/def_msg/share/def_msg/cmake/def_msg__rosidl_typesupport_cppExport.cmake
[7.179s] -- Installing: /home/hjh/RMserial/install/def_msg/share/def_msg/cmake/def_msg__rosidl_typesupport_cppExport-noconfig.cmake
[7.179s] -- Installing: /home/hjh/RMserial/install/def_msg/share/def_msg/cmake/export_def_msg__rosidl_generator_pyExport.cmake
[7.179s] -- Installing: /home/hjh/RMserial/install/def_msg/share/def_msg/cmake/export_def_msg__rosidl_generator_pyExport-noconfig.cmake
[7.179s] -- Installing: /home/hjh/RMserial/install/def_msg/share/def_msg/cmake/rosidl_cmake-extras.cmake
[7.180s] -- Installing: /home/hjh/RMserial/install/def_msg/share/def_msg/cmake/ament_cmake_export_dependencies-extras.cmake
[7.180s] -- Installing: /home/hjh/RMserial/install/def_msg/share/def_msg/cmake/ament_cmake_export_include_directories-extras.cmake
[7.180s] -- Installing: /home/hjh/RMserial/install/def_msg/share/def_msg/cmake/ament_cmake_export_libraries-extras.cmake
[7.180s] -- Installing: /home/hjh/RMserial/install/def_msg/share/def_msg/cmake/ament_cmake_export_targets-extras.cmake
[7.180s] -- Installing: /home/hjh/RMserial/install/def_msg/share/def_msg/cmake/rosidl_cmake_export_typesupport_targets-extras.cmake
[7.180s] -- Installing: /home/hjh/RMserial/install/def_msg/share/def_msg/cmake/rosidl_cmake_export_typesupport_libraries-extras.cmake
[7.180s] -- Installing: /home/hjh/RMserial/install/def_msg/share/def_msg/cmake/def_msgConfig.cmake
[7.180s] -- Installing: /home/hjh/RMserial/install/def_msg/share/def_msg/cmake/def_msgConfig-version.cmake
[7.180s] -- Installing: /home/hjh/RMserial/install/def_msg/share/def_msg/package.xml
[7.181s] Invoked command in '/home/hjh/RMserial/build/def_msg' returned '0': CMAKE_PREFIX_PATH=/opt/ros/humble /usr/bin/cmake --install /home/hjh/RMserial/build/def_msg
