[  1%] Built target def_msg__cpp
[ 12%] Built target def_msg__rosidl_generator_c
[ 12%] Built target ament_cmake_python_copy_def_msg
[ 34%] Built target def_msg__rosidl_typesupport_introspection_c
[ 35%] Built target def_msg__rosidl_typesupport_c
[ 71%] Built target def_msg__rosidl_typesupport_cpp
[ 71%] Built target def_msg__rosidl_typesupport_introspection_cpp
[ 80%] Built target def_msg__rosidl_typesupport_fastrtps_c
[ 81%] Built target def_msg__rosidl_typesupport_fastrtps_cpp
[ 81%] Built target def_msg
[ 82%] Built target def_msg__py
[ 93%] Built target def_msg__rosidl_generator_py
[ 97%] Built target def_msg__rosidl_typesupport_fastrtps_c__pyext
[ 97%] Built target def_msg__rosidl_typesupport_introspection_c__pyext
[100%] Built target def_msg__rosidl_typesupport_c__pyext
running egg_info
writing def_msg.egg-info/PKG-INFO
writing dependency_links to def_msg.egg-info/dependency_links.txt
writing top-level names to def_msg.egg-info/top_level.txt
reading manifest file 'def_msg.egg-info/SOURCES.txt'
writing manifest file 'def_msg.egg-info/SOURCES.txt'
[100%] Built target ament_cmake_python_build_def_msg_egg
-- Install configuration: ""
-- Up-to-date: /home/hjh/RMserial/install/def_msg/share/ament_index/resource_index/rosidl_interfaces/def_msg
-- Up-to-date: /home/hjh/RMserial/install/def_msg/include/def_msg/def_msg
-- Up-to-date: /home/hjh/RMserial/install/def_msg/include/def_msg/def_msg/srv
-- Up-to-date: /home/hjh/RMserial/install/def_msg/include/def_msg/def_msg/srv/detail
-- Up-to-date: /home/hjh/RMserial/install/def_msg/include/def_msg/def_msg/srv/detail/controller_mode_set__functions.h
-- Up-to-date: /home/hjh/RMserial/install/def_msg/include/def_msg/def_msg/srv/detail/controller_mode_set__struct.h
-- Up-to-date: /home/hjh/RMserial/install/def_msg/include/def_msg/def_msg/srv/detail/heart_beat__functions.h
-- Up-to-date: /home/hjh/RMserial/install/def_msg/include/def_msg/def_msg/srv/detail/controller_mode_set__type_support.h
-- Up-to-date: /home/hjh/RMserial/install/def_msg/include/def_msg/def_msg/srv/detail/controller_mode_set__functions.c
-- Up-to-date: /home/hjh/RMserial/install/def_msg/include/def_msg/def_msg/srv/detail/heart_beat__struct.h
-- Up-to-date: /home/hjh/RMserial/install/def_msg/include/def_msg/def_msg/srv/detail/heart_beat__functions.c
-- Up-to-date: /home/hjh/RMserial/install/def_msg/include/def_msg/def_msg/srv/detail/heart_beat__type_support.h
-- Up-to-date: /home/hjh/RMserial/install/def_msg/include/def_msg/def_msg/srv/controller_mode_set.h
-- Up-to-date: /home/hjh/RMserial/install/def_msg/include/def_msg/def_msg/srv/heart_beat.h
-- Up-to-date: /home/hjh/RMserial/install/def_msg/include/def_msg/def_msg/msg
-- Up-to-date: /home/hjh/RMserial/install/def_msg/include/def_msg/def_msg/msg/rosidl_generator_c__visibility_control.h
-- Up-to-date: /home/hjh/RMserial/install/def_msg/include/def_msg/def_msg/msg/gimble_control.h
-- Up-to-date: /home/hjh/RMserial/install/def_msg/include/def_msg/def_msg/msg/em_control.h
-- Up-to-date: /home/hjh/RMserial/install/def_msg/include/def_msg/def_msg/msg/detail
-- Up-to-date: /home/hjh/RMserial/install/def_msg/include/def_msg/def_msg/msg/detail/common_control__type_support.h
-- Up-to-date: /home/hjh/RMserial/install/def_msg/include/def_msg/def_msg/msg/detail/gimble_position__struct.h
-- Up-to-date: /home/hjh/RMserial/install/def_msg/include/def_msg/def_msg/msg/detail/gobal_information__functions.c
-- Up-to-date: /home/hjh/RMserial/install/def_msg/include/def_msg/def_msg/msg/detail/gimble_position__functions.h
-- Up-to-date: /home/hjh/RMserial/install/def_msg/include/def_msg/def_msg/msg/detail/em_control__functions.h
-- Up-to-date: /home/hjh/RMserial/install/def_msg/include/def_msg/def_msg/msg/detail/common_control__struct.h
-- Up-to-date: /home/hjh/RMserial/install/def_msg/include/def_msg/def_msg/msg/detail/gimble_position__type_support.h
-- Up-to-date: /home/hjh/RMserial/install/def_msg/include/def_msg/def_msg/msg/detail/em_control__type_support.h
-- Up-to-date: /home/hjh/RMserial/install/def_msg/include/def_msg/def_msg/msg/detail/gimble_control__struct.h
-- Up-to-date: /home/hjh/RMserial/install/def_msg/include/def_msg/def_msg/msg/detail/gobal_information__struct.h
-- Up-to-date: /home/hjh/RMserial/install/def_msg/include/def_msg/def_msg/msg/detail/em_control__struct.h
-- Up-to-date: /home/hjh/RMserial/install/def_msg/include/def_msg/def_msg/msg/detail/gimble_control__functions.h
-- Up-to-date: /home/hjh/RMserial/install/def_msg/include/def_msg/def_msg/msg/detail/common_control__functions.h
-- Up-to-date: /home/hjh/RMserial/install/def_msg/include/def_msg/def_msg/msg/detail/em_control__functions.c
-- Up-to-date: /home/hjh/RMserial/install/def_msg/include/def_msg/def_msg/msg/detail/gobal_information__functions.h
-- Up-to-date: /home/hjh/RMserial/install/def_msg/include/def_msg/def_msg/msg/detail/gimble_control__functions.c
-- Up-to-date: /home/hjh/RMserial/install/def_msg/include/def_msg/def_msg/msg/detail/gimble_control__type_support.h
-- Up-to-date: /home/hjh/RMserial/install/def_msg/include/def_msg/def_msg/msg/detail/gobal_information__type_support.h
-- Up-to-date: /home/hjh/RMserial/install/def_msg/include/def_msg/def_msg/msg/detail/common_control__functions.c
-- Up-to-date: /home/hjh/RMserial/install/def_msg/include/def_msg/def_msg/msg/detail/gimble_position__functions.c
-- Up-to-date: /home/hjh/RMserial/install/def_msg/include/def_msg/def_msg/msg/common_control.h
-- Up-to-date: /home/hjh/RMserial/install/def_msg/include/def_msg/def_msg/msg/gobal_information.h
-- Up-to-date: /home/hjh/RMserial/install/def_msg/include/def_msg/def_msg/msg/gimble_position.h
-- Up-to-date: /home/hjh/RMserial/install/def_msg/include/def_msg/def_msg/action
-- Up-to-date: /home/hjh/RMserial/install/def_msg/include/def_msg/def_msg/action/detail
-- Up-to-date: /home/hjh/RMserial/install/def_msg/include/def_msg/def_msg/action/detail/nav_pose__type_support.h
-- Up-to-date: /home/hjh/RMserial/install/def_msg/include/def_msg/def_msg/action/detail/nav_pose__struct.h
-- Up-to-date: /home/hjh/RMserial/install/def_msg/include/def_msg/def_msg/action/detail/nav_pose__functions.h
-- Up-to-date: /home/hjh/RMserial/install/def_msg/include/def_msg/def_msg/action/detail/nav_pose__functions.c
-- Up-to-date: /home/hjh/RMserial/install/def_msg/include/def_msg/def_msg/action/nav_pose.h
-- Up-to-date: /home/hjh/RMserial/install/def_msg/share/def_msg/environment/library_path.sh
-- Up-to-date: /home/hjh/RMserial/install/def_msg/share/def_msg/environment/library_path.dsv
-- Up-to-date: /home/hjh/RMserial/install/def_msg/lib/libdef_msg__rosidl_generator_c.so
-- Up-to-date: /home/hjh/RMserial/install/def_msg/include/def_msg/def_msg
-- Up-to-date: /home/hjh/RMserial/install/def_msg/include/def_msg/def_msg/srv
-- Up-to-date: /home/hjh/RMserial/install/def_msg/include/def_msg/def_msg/srv/detail
-- Up-to-date: /home/hjh/RMserial/install/def_msg/include/def_msg/def_msg/srv/detail/controller_mode_set__rosidl_typesupport_fastrtps_c.h
-- Up-to-date: /home/hjh/RMserial/install/def_msg/include/def_msg/def_msg/srv/detail/heart_beat__rosidl_typesupport_fastrtps_c.h
-- Up-to-date: /home/hjh/RMserial/install/def_msg/include/def_msg/def_msg/msg
-- Up-to-date: /home/hjh/RMserial/install/def_msg/include/def_msg/def_msg/msg/detail
-- Up-to-date: /home/hjh/RMserial/install/def_msg/include/def_msg/def_msg/msg/detail/gimble_control__rosidl_typesupport_fastrtps_c.h
-- Up-to-date: /home/hjh/RMserial/install/def_msg/include/def_msg/def_msg/msg/detail/gimble_position__rosidl_typesupport_fastrtps_c.h
-- Up-to-date: /home/hjh/RMserial/install/def_msg/include/def_msg/def_msg/msg/detail/em_control__rosidl_typesupport_fastrtps_c.h
-- Up-to-date: /home/hjh/RMserial/install/def_msg/include/def_msg/def_msg/msg/detail/gobal_information__rosidl_typesupport_fastrtps_c.h
-- Up-to-date: /home/hjh/RMserial/install/def_msg/include/def_msg/def_msg/msg/detail/common_control__rosidl_typesupport_fastrtps_c.h
-- Up-to-date: /home/hjh/RMserial/install/def_msg/include/def_msg/def_msg/msg/rosidl_typesupport_fastrtps_c__visibility_control.h
-- Up-to-date: /home/hjh/RMserial/install/def_msg/include/def_msg/def_msg/action
-- Up-to-date: /home/hjh/RMserial/install/def_msg/include/def_msg/def_msg/action/detail
-- Up-to-date: /home/hjh/RMserial/install/def_msg/include/def_msg/def_msg/action/detail/nav_pose__rosidl_typesupport_fastrtps_c.h
-- Up-to-date: /home/hjh/RMserial/install/def_msg/lib/libdef_msg__rosidl_typesupport_fastrtps_c.so
-- Up-to-date: /home/hjh/RMserial/install/def_msg/include/def_msg/def_msg
-- Up-to-date: /home/hjh/RMserial/install/def_msg/include/def_msg/def_msg/srv
-- Up-to-date: /home/hjh/RMserial/install/def_msg/include/def_msg/def_msg/srv/heart_beat.hpp
-- Up-to-date: /home/hjh/RMserial/install/def_msg/include/def_msg/def_msg/srv/detail
-- Up-to-date: /home/hjh/RMserial/install/def_msg/include/def_msg/def_msg/srv/detail/controller_mode_set__traits.hpp
-- Up-to-date: /home/hjh/RMserial/install/def_msg/include/def_msg/def_msg/srv/detail/controller_mode_set__type_support.hpp
-- Up-to-date: /home/hjh/RMserial/install/def_msg/include/def_msg/def_msg/srv/detail/heart_beat__type_support.hpp
-- Up-to-date: /home/hjh/RMserial/install/def_msg/include/def_msg/def_msg/srv/detail/heart_beat__struct.hpp
-- Up-to-date: /home/hjh/RMserial/install/def_msg/include/def_msg/def_msg/srv/detail/heart_beat__traits.hpp
-- Up-to-date: /home/hjh/RMserial/install/def_msg/include/def_msg/def_msg/srv/detail/heart_beat__builder.hpp
-- Up-to-date: /home/hjh/RMserial/install/def_msg/include/def_msg/def_msg/srv/detail/controller_mode_set__builder.hpp
-- Up-to-date: /home/hjh/RMserial/install/def_msg/include/def_msg/def_msg/srv/detail/controller_mode_set__struct.hpp
-- Up-to-date: /home/hjh/RMserial/install/def_msg/include/def_msg/def_msg/srv/controller_mode_set.hpp
-- Up-to-date: /home/hjh/RMserial/install/def_msg/include/def_msg/def_msg/msg
-- Up-to-date: /home/hjh/RMserial/install/def_msg/include/def_msg/def_msg/msg/gimble_position.hpp
-- Up-to-date: /home/hjh/RMserial/install/def_msg/include/def_msg/def_msg/msg/detail
-- Up-to-date: /home/hjh/RMserial/install/def_msg/include/def_msg/def_msg/msg/detail/common_control__builder.hpp
-- Up-to-date: /home/hjh/RMserial/install/def_msg/include/def_msg/def_msg/msg/detail/common_control__type_support.hpp
-- Up-to-date: /home/hjh/RMserial/install/def_msg/include/def_msg/def_msg/msg/detail/gobal_information__type_support.hpp
-- Up-to-date: /home/hjh/RMserial/install/def_msg/include/def_msg/def_msg/msg/detail/gimble_control__builder.hpp
-- Up-to-date: /home/hjh/RMserial/install/def_msg/include/def_msg/def_msg/msg/detail/gobal_information__struct.hpp
-- Up-to-date: /home/hjh/RMserial/install/def_msg/include/def_msg/def_msg/msg/detail/em_control__builder.hpp
-- Up-to-date: /home/hjh/RMserial/install/def_msg/include/def_msg/def_msg/msg/detail/em_control__type_support.hpp
-- Up-to-date: /home/hjh/RMserial/install/def_msg/include/def_msg/def_msg/msg/detail/gimble_position__struct.hpp
-- Up-to-date: /home/hjh/RMserial/install/def_msg/include/def_msg/def_msg/msg/detail/em_control__traits.hpp
-- Up-to-date: /home/hjh/RMserial/install/def_msg/include/def_msg/def_msg/msg/detail/gimble_control__struct.hpp
-- Up-to-date: /home/hjh/RMserial/install/def_msg/include/def_msg/def_msg/msg/detail/gimble_control__traits.hpp
-- Up-to-date: /home/hjh/RMserial/install/def_msg/include/def_msg/def_msg/msg/detail/gimble_position__type_support.hpp
-- Up-to-date: /home/hjh/RMserial/install/def_msg/include/def_msg/def_msg/msg/detail/gobal_information__traits.hpp
-- Up-to-date: /home/hjh/RMserial/install/def_msg/include/def_msg/def_msg/msg/detail/gobal_information__builder.hpp
-- Up-to-date: /home/hjh/RMserial/install/def_msg/include/def_msg/def_msg/msg/detail/common_control__struct.hpp
-- Up-to-date: /home/hjh/RMserial/install/def_msg/include/def_msg/def_msg/msg/detail/gimble_position__traits.hpp
-- Up-to-date: /home/hjh/RMserial/install/def_msg/include/def_msg/def_msg/msg/detail/gimble_position__builder.hpp
-- Up-to-date: /home/hjh/RMserial/install/def_msg/include/def_msg/def_msg/msg/detail/gimble_control__type_support.hpp
-- Up-to-date: /home/hjh/RMserial/install/def_msg/include/def_msg/def_msg/msg/detail/em_control__struct.hpp
-- Up-to-date: /home/hjh/RMserial/install/def_msg/include/def_msg/def_msg/msg/detail/common_control__traits.hpp
-- Up-to-date: /home/hjh/RMserial/install/def_msg/include/def_msg/def_msg/msg/em_control.hpp
-- Up-to-date: /home/hjh/RMserial/install/def_msg/include/def_msg/def_msg/msg/gobal_information.hpp
-- Up-to-date: /home/hjh/RMserial/install/def_msg/include/def_msg/def_msg/msg/rosidl_generator_cpp__visibility_control.hpp
-- Up-to-date: /home/hjh/RMserial/install/def_msg/include/def_msg/def_msg/msg/gimble_control.hpp
-- Up-to-date: /home/hjh/RMserial/install/def_msg/include/def_msg/def_msg/msg/common_control.hpp
-- Up-to-date: /home/hjh/RMserial/install/def_msg/include/def_msg/def_msg/action
-- Up-to-date: /home/hjh/RMserial/install/def_msg/include/def_msg/def_msg/action/detail
-- Up-to-date: /home/hjh/RMserial/install/def_msg/include/def_msg/def_msg/action/detail/nav_pose__type_support.hpp
-- Up-to-date: /home/hjh/RMserial/install/def_msg/include/def_msg/def_msg/action/detail/nav_pose__struct.hpp
-- Up-to-date: /home/hjh/RMserial/install/def_msg/include/def_msg/def_msg/action/detail/nav_pose__traits.hpp
-- Up-to-date: /home/hjh/RMserial/install/def_msg/include/def_msg/def_msg/action/detail/nav_pose__builder.hpp
-- Up-to-date: /home/hjh/RMserial/install/def_msg/include/def_msg/def_msg/action/nav_pose.hpp
-- Up-to-date: /home/hjh/RMserial/install/def_msg/include/def_msg/def_msg
-- Up-to-date: /home/hjh/RMserial/install/def_msg/include/def_msg/def_msg/srv
-- Up-to-date: /home/hjh/RMserial/install/def_msg/include/def_msg/def_msg/srv/detail
-- Up-to-date: /home/hjh/RMserial/install/def_msg/include/def_msg/def_msg/srv/detail/dds_fastrtps
-- Up-to-date: /home/hjh/RMserial/install/def_msg/include/def_msg/def_msg/srv/detail/controller_mode_set__rosidl_typesupport_fastrtps_cpp.hpp
-- Up-to-date: /home/hjh/RMserial/install/def_msg/include/def_msg/def_msg/srv/detail/heart_beat__rosidl_typesupport_fastrtps_cpp.hpp
-- Up-to-date: /home/hjh/RMserial/install/def_msg/include/def_msg/def_msg/msg
-- Up-to-date: /home/hjh/RMserial/install/def_msg/include/def_msg/def_msg/msg/detail
-- Up-to-date: /home/hjh/RMserial/install/def_msg/include/def_msg/def_msg/msg/detail/dds_fastrtps
-- Up-to-date: /home/hjh/RMserial/install/def_msg/include/def_msg/def_msg/msg/detail/em_control__rosidl_typesupport_fastrtps_cpp.hpp
-- Up-to-date: /home/hjh/RMserial/install/def_msg/include/def_msg/def_msg/msg/detail/gobal_information__rosidl_typesupport_fastrtps_cpp.hpp
-- Up-to-date: /home/hjh/RMserial/install/def_msg/include/def_msg/def_msg/msg/detail/gimble_position__rosidl_typesupport_fastrtps_cpp.hpp
-- Up-to-date: /home/hjh/RMserial/install/def_msg/include/def_msg/def_msg/msg/detail/common_control__rosidl_typesupport_fastrtps_cpp.hpp
-- Up-to-date: /home/hjh/RMserial/install/def_msg/include/def_msg/def_msg/msg/detail/gimble_control__rosidl_typesupport_fastrtps_cpp.hpp
-- Up-to-date: /home/hjh/RMserial/install/def_msg/include/def_msg/def_msg/msg/rosidl_typesupport_fastrtps_cpp__visibility_control.h
-- Up-to-date: /home/hjh/RMserial/install/def_msg/include/def_msg/def_msg/action
-- Up-to-date: /home/hjh/RMserial/install/def_msg/include/def_msg/def_msg/action/detail
-- Up-to-date: /home/hjh/RMserial/install/def_msg/include/def_msg/def_msg/action/detail/dds_fastrtps
-- Up-to-date: /home/hjh/RMserial/install/def_msg/include/def_msg/def_msg/action/detail/nav_pose__rosidl_typesupport_fastrtps_cpp.hpp
-- Up-to-date: /home/hjh/RMserial/install/def_msg/lib/libdef_msg__rosidl_typesupport_fastrtps_cpp.so
-- Up-to-date: /home/hjh/RMserial/install/def_msg/include/def_msg/def_msg
-- Up-to-date: /home/hjh/RMserial/install/def_msg/include/def_msg/def_msg/srv
-- Up-to-date: /home/hjh/RMserial/install/def_msg/include/def_msg/def_msg/srv/detail
-- Up-to-date: /home/hjh/RMserial/install/def_msg/include/def_msg/def_msg/srv/detail/heart_beat__type_support.c
-- Up-to-date: /home/hjh/RMserial/install/def_msg/include/def_msg/def_msg/srv/detail/controller_mode_set__rosidl_typesupport_introspection_c.h
-- Up-to-date: /home/hjh/RMserial/install/def_msg/include/def_msg/def_msg/srv/detail/controller_mode_set__type_support.c
-- Up-to-date: /home/hjh/RMserial/install/def_msg/include/def_msg/def_msg/srv/detail/heart_beat__rosidl_typesupport_introspection_c.h
-- Up-to-date: /home/hjh/RMserial/install/def_msg/include/def_msg/def_msg/msg
-- Up-to-date: /home/hjh/RMserial/install/def_msg/include/def_msg/def_msg/msg/detail
-- Up-to-date: /home/hjh/RMserial/install/def_msg/include/def_msg/def_msg/msg/detail/common_control__rosidl_typesupport_introspection_c.h
-- Up-to-date: /home/hjh/RMserial/install/def_msg/include/def_msg/def_msg/msg/detail/gobal_information__type_support.c
-- Up-to-date: /home/hjh/RMserial/install/def_msg/include/def_msg/def_msg/msg/detail/common_control__type_support.c
-- Up-to-date: /home/hjh/RMserial/install/def_msg/include/def_msg/def_msg/msg/detail/gimble_control__type_support.c
-- Up-to-date: /home/hjh/RMserial/install/def_msg/include/def_msg/def_msg/msg/detail/gobal_information__rosidl_typesupport_introspection_c.h
-- Up-to-date: /home/hjh/RMserial/install/def_msg/include/def_msg/def_msg/msg/detail/gimble_position__rosidl_typesupport_introspection_c.h
-- Up-to-date: /home/hjh/RMserial/install/def_msg/include/def_msg/def_msg/msg/detail/em_control__type_support.c
-- Up-to-date: /home/hjh/RMserial/install/def_msg/include/def_msg/def_msg/msg/detail/em_control__rosidl_typesupport_introspection_c.h
-- Up-to-date: /home/hjh/RMserial/install/def_msg/include/def_msg/def_msg/msg/detail/gimble_control__rosidl_typesupport_introspection_c.h
-- Up-to-date: /home/hjh/RMserial/install/def_msg/include/def_msg/def_msg/msg/detail/gimble_position__type_support.c
-- Up-to-date: /home/hjh/RMserial/install/def_msg/include/def_msg/def_msg/msg/rosidl_typesupport_introspection_c__visibility_control.h
-- Up-to-date: /home/hjh/RMserial/install/def_msg/include/def_msg/def_msg/action
-- Up-to-date: /home/hjh/RMserial/install/def_msg/include/def_msg/def_msg/action/detail
-- Up-to-date: /home/hjh/RMserial/install/def_msg/include/def_msg/def_msg/action/detail/nav_pose__type_support.c
-- Up-to-date: /home/hjh/RMserial/install/def_msg/include/def_msg/def_msg/action/detail/nav_pose__rosidl_typesupport_introspection_c.h
-- Up-to-date: /home/hjh/RMserial/install/def_msg/lib/libdef_msg__rosidl_typesupport_introspection_c.so
-- Up-to-date: /home/hjh/RMserial/install/def_msg/lib/libdef_msg__rosidl_typesupport_c.so
-- Up-to-date: /home/hjh/RMserial/install/def_msg/include/def_msg/def_msg
-- Up-to-date: /home/hjh/RMserial/install/def_msg/include/def_msg/def_msg/srv
-- Up-to-date: /home/hjh/RMserial/install/def_msg/include/def_msg/def_msg/srv/detail
-- Up-to-date: /home/hjh/RMserial/install/def_msg/include/def_msg/def_msg/srv/detail/controller_mode_set__rosidl_typesupport_introspection_cpp.hpp
-- Up-to-date: /home/hjh/RMserial/install/def_msg/include/def_msg/def_msg/srv/detail/heart_beat__type_support.cpp
-- Up-to-date: /home/hjh/RMserial/install/def_msg/include/def_msg/def_msg/srv/detail/heart_beat__rosidl_typesupport_introspection_cpp.hpp
-- Up-to-date: /home/hjh/RMserial/install/def_msg/include/def_msg/def_msg/srv/detail/controller_mode_set__type_support.cpp
-- Up-to-date: /home/hjh/RMserial/install/def_msg/include/def_msg/def_msg/msg
-- Up-to-date: /home/hjh/RMserial/install/def_msg/include/def_msg/def_msg/msg/detail
-- Up-to-date: /home/hjh/RMserial/install/def_msg/include/def_msg/def_msg/msg/detail/gobal_information__rosidl_typesupport_introspection_cpp.hpp
-- Up-to-date: /home/hjh/RMserial/install/def_msg/include/def_msg/def_msg/msg/detail/gimble_position__type_support.cpp
-- Up-to-date: /home/hjh/RMserial/install/def_msg/include/def_msg/def_msg/msg/detail/gimble_control__rosidl_typesupport_introspection_cpp.hpp
-- Up-to-date: /home/hjh/RMserial/install/def_msg/include/def_msg/def_msg/msg/detail/common_control__type_support.cpp
-- Up-to-date: /home/hjh/RMserial/install/def_msg/include/def_msg/def_msg/msg/detail/gobal_information__type_support.cpp
-- Up-to-date: /home/hjh/RMserial/install/def_msg/include/def_msg/def_msg/msg/detail/em_control__type_support.cpp
-- Up-to-date: /home/hjh/RMserial/install/def_msg/include/def_msg/def_msg/msg/detail/em_control__rosidl_typesupport_introspection_cpp.hpp
-- Up-to-date: /home/hjh/RMserial/install/def_msg/include/def_msg/def_msg/msg/detail/gimble_position__rosidl_typesupport_introspection_cpp.hpp
-- Up-to-date: /home/hjh/RMserial/install/def_msg/include/def_msg/def_msg/msg/detail/gimble_control__type_support.cpp
-- Up-to-date: /home/hjh/RMserial/install/def_msg/include/def_msg/def_msg/msg/detail/common_control__rosidl_typesupport_introspection_cpp.hpp
-- Up-to-date: /home/hjh/RMserial/install/def_msg/include/def_msg/def_msg/action
-- Up-to-date: /home/hjh/RMserial/install/def_msg/include/def_msg/def_msg/action/detail
-- Up-to-date: /home/hjh/RMserial/install/def_msg/include/def_msg/def_msg/action/detail/nav_pose__rosidl_typesupport_introspection_cpp.hpp
-- Up-to-date: /home/hjh/RMserial/install/def_msg/include/def_msg/def_msg/action/detail/nav_pose__type_support.cpp
-- Up-to-date: /home/hjh/RMserial/install/def_msg/lib/libdef_msg__rosidl_typesupport_introspection_cpp.so
-- Up-to-date: /home/hjh/RMserial/install/def_msg/lib/libdef_msg__rosidl_typesupport_cpp.so
-- Up-to-date: /home/hjh/RMserial/install/def_msg/share/def_msg/environment/pythonpath.sh
-- Up-to-date: /home/hjh/RMserial/install/def_msg/share/def_msg/environment/pythonpath.dsv
-- Up-to-date: /home/hjh/RMserial/install/def_msg/local/lib/python3.10/dist-packages/def_msg-0.0.0-py3.10.egg-info
-- Installing: /home/hjh/RMserial/install/def_msg/local/lib/python3.10/dist-packages/def_msg-0.0.0-py3.10.egg-info/dependency_links.txt
-- Installing: /home/hjh/RMserial/install/def_msg/local/lib/python3.10/dist-packages/def_msg-0.0.0-py3.10.egg-info/PKG-INFO
-- Installing: /home/hjh/RMserial/install/def_msg/local/lib/python3.10/dist-packages/def_msg-0.0.0-py3.10.egg-info/SOURCES.txt
-- Installing: /home/hjh/RMserial/install/def_msg/local/lib/python3.10/dist-packages/def_msg-0.0.0-py3.10.egg-info/top_level.txt
-- Up-to-date: /home/hjh/RMserial/install/def_msg/local/lib/python3.10/dist-packages/def_msg
-- Up-to-date: /home/hjh/RMserial/install/def_msg/local/lib/python3.10/dist-packages/def_msg/_def_msg_s.ep.rosidl_typesupport_c.c
-- Up-to-date: /home/hjh/RMserial/install/def_msg/local/lib/python3.10/dist-packages/def_msg/def_msg_s__rosidl_typesupport_introspection_c.cpython-310-x86_64-linux-gnu.so
-- Up-to-date: /home/hjh/RMserial/install/def_msg/local/lib/python3.10/dist-packages/def_msg/def_msg_s__rosidl_typesupport_fastrtps_c.cpython-310-x86_64-linux-gnu.so
-- Up-to-date: /home/hjh/RMserial/install/def_msg/local/lib/python3.10/dist-packages/def_msg/_def_msg_s.ep.rosidl_typesupport_introspection_c.c
-- Up-to-date: /home/hjh/RMserial/install/def_msg/local/lib/python3.10/dist-packages/def_msg/__init__.py
-- Up-to-date: /home/hjh/RMserial/install/def_msg/local/lib/python3.10/dist-packages/def_msg/srv
-- Up-to-date: /home/hjh/RMserial/install/def_msg/local/lib/python3.10/dist-packages/def_msg/srv/_heart_beat.py
-- Up-to-date: /home/hjh/RMserial/install/def_msg/local/lib/python3.10/dist-packages/def_msg/srv/_controller_mode_set.py
-- Up-to-date: /home/hjh/RMserial/install/def_msg/local/lib/python3.10/dist-packages/def_msg/srv/_heart_beat_s.c
-- Up-to-date: /home/hjh/RMserial/install/def_msg/local/lib/python3.10/dist-packages/def_msg/srv/_controller_mode_set_s.c
-- Up-to-date: /home/hjh/RMserial/install/def_msg/local/lib/python3.10/dist-packages/def_msg/srv/__init__.py
-- Up-to-date: /home/hjh/RMserial/install/def_msg/local/lib/python3.10/dist-packages/def_msg/_def_msg_s.ep.rosidl_typesupport_fastrtps_c.c
-- Up-to-date: /home/hjh/RMserial/install/def_msg/local/lib/python3.10/dist-packages/def_msg/def_msg_s__rosidl_typesupport_c.cpython-310-x86_64-linux-gnu.so
-- Up-to-date: /home/hjh/RMserial/install/def_msg/local/lib/python3.10/dist-packages/def_msg/libdef_msg__rosidl_generator_py.so
-- Up-to-date: /home/hjh/RMserial/install/def_msg/local/lib/python3.10/dist-packages/def_msg/msg
-- Up-to-date: /home/hjh/RMserial/install/def_msg/local/lib/python3.10/dist-packages/def_msg/msg/_gobal_information_s.c
-- Up-to-date: /home/hjh/RMserial/install/def_msg/local/lib/python3.10/dist-packages/def_msg/msg/_common_control.py
-- Up-to-date: /home/hjh/RMserial/install/def_msg/local/lib/python3.10/dist-packages/def_msg/msg/_gimble_control_s.c
-- Up-to-date: /home/hjh/RMserial/install/def_msg/local/lib/python3.10/dist-packages/def_msg/msg/_gimble_position_s.c
-- Up-to-date: /home/hjh/RMserial/install/def_msg/local/lib/python3.10/dist-packages/def_msg/msg/__init__.py
-- Up-to-date: /home/hjh/RMserial/install/def_msg/local/lib/python3.10/dist-packages/def_msg/msg/_common_control_s.c
-- Up-to-date: /home/hjh/RMserial/install/def_msg/local/lib/python3.10/dist-packages/def_msg/msg/_gobal_information.py
-- Up-to-date: /home/hjh/RMserial/install/def_msg/local/lib/python3.10/dist-packages/def_msg/msg/_gimble_position.py
-- Up-to-date: /home/hjh/RMserial/install/def_msg/local/lib/python3.10/dist-packages/def_msg/msg/_em_control.py
-- Up-to-date: /home/hjh/RMserial/install/def_msg/local/lib/python3.10/dist-packages/def_msg/msg/_em_control_s.c
-- Up-to-date: /home/hjh/RMserial/install/def_msg/local/lib/python3.10/dist-packages/def_msg/msg/_gimble_control.py
-- Up-to-date: /home/hjh/RMserial/install/def_msg/local/lib/python3.10/dist-packages/def_msg/action
-- Up-to-date: /home/hjh/RMserial/install/def_msg/local/lib/python3.10/dist-packages/def_msg/action/__init__.py
-- Up-to-date: /home/hjh/RMserial/install/def_msg/local/lib/python3.10/dist-packages/def_msg/action/_nav_pose_s.c
-- Up-to-date: /home/hjh/RMserial/install/def_msg/local/lib/python3.10/dist-packages/def_msg/action/_nav_pose.py
Listing '/home/hjh/RMserial/install/def_msg/local/lib/python3.10/dist-packages/def_msg'...
Listing '/home/hjh/RMserial/install/def_msg/local/lib/python3.10/dist-packages/def_msg/action'...
Listing '/home/hjh/RMserial/install/def_msg/local/lib/python3.10/dist-packages/def_msg/msg'...
Listing '/home/hjh/RMserial/install/def_msg/local/lib/python3.10/dist-packages/def_msg/srv'...
-- Up-to-date: /home/hjh/RMserial/install/def_msg/local/lib/python3.10/dist-packages/def_msg/def_msg_s__rosidl_typesupport_fastrtps_c.cpython-310-x86_64-linux-gnu.so
-- Up-to-date: /home/hjh/RMserial/install/def_msg/local/lib/python3.10/dist-packages/def_msg/def_msg_s__rosidl_typesupport_introspection_c.cpython-310-x86_64-linux-gnu.so
-- Up-to-date: /home/hjh/RMserial/install/def_msg/local/lib/python3.10/dist-packages/def_msg/def_msg_s__rosidl_typesupport_c.cpython-310-x86_64-linux-gnu.so
-- Up-to-date: /home/hjh/RMserial/install/def_msg/lib/libdef_msg__rosidl_generator_py.so
-- Up-to-date: /home/hjh/RMserial/install/def_msg/share/def_msg/msg/GobalInformation.idl
-- Up-to-date: /home/hjh/RMserial/install/def_msg/share/def_msg/msg/GimbleControl.idl
-- Up-to-date: /home/hjh/RMserial/install/def_msg/share/def_msg/msg/CommonControl.idl
-- Up-to-date: /home/hjh/RMserial/install/def_msg/share/def_msg/msg/EmControl.idl
-- Up-to-date: /home/hjh/RMserial/install/def_msg/share/def_msg/msg/GimblePosition.idl
-- Up-to-date: /home/hjh/RMserial/install/def_msg/share/def_msg/srv/ControllerModeSet.idl
-- Up-to-date: /home/hjh/RMserial/install/def_msg/share/def_msg/srv/HeartBeat.idl
-- Up-to-date: /home/hjh/RMserial/install/def_msg/share/def_msg/action/NavPose.idl
-- Up-to-date: /home/hjh/RMserial/install/def_msg/share/def_msg/msg/GobalInformation.msg
-- Up-to-date: /home/hjh/RMserial/install/def_msg/share/def_msg/msg/GimbleControl.msg
-- Up-to-date: /home/hjh/RMserial/install/def_msg/share/def_msg/msg/CommonControl.msg
-- Up-to-date: /home/hjh/RMserial/install/def_msg/share/def_msg/msg/EmControl.msg
-- Up-to-date: /home/hjh/RMserial/install/def_msg/share/def_msg/msg/GimblePosition.msg
-- Up-to-date: /home/hjh/RMserial/install/def_msg/share/def_msg/srv/ControllerModeSet.srv
-- Up-to-date: /home/hjh/RMserial/install/def_msg/share/def_msg/srv/ControllerModeSet_Request.msg
-- Up-to-date: /home/hjh/RMserial/install/def_msg/share/def_msg/srv/ControllerModeSet_Response.msg
-- Up-to-date: /home/hjh/RMserial/install/def_msg/share/def_msg/srv/HeartBeat.srv
-- Up-to-date: /home/hjh/RMserial/install/def_msg/share/def_msg/srv/HeartBeat_Request.msg
-- Up-to-date: /home/hjh/RMserial/install/def_msg/share/def_msg/srv/HeartBeat_Response.msg
-- Up-to-date: /home/hjh/RMserial/install/def_msg/share/def_msg/action/NavPose.action
-- Up-to-date: /home/hjh/RMserial/install/def_msg/share/ament_index/resource_index/package_run_dependencies/def_msg
-- Up-to-date: /home/hjh/RMserial/install/def_msg/share/ament_index/resource_index/parent_prefix_path/def_msg
-- Up-to-date: /home/hjh/RMserial/install/def_msg/share/def_msg/environment/ament_prefix_path.sh
-- Up-to-date: /home/hjh/RMserial/install/def_msg/share/def_msg/environment/ament_prefix_path.dsv
-- Up-to-date: /home/hjh/RMserial/install/def_msg/share/def_msg/environment/path.sh
-- Up-to-date: /home/hjh/RMserial/install/def_msg/share/def_msg/environment/path.dsv
-- Up-to-date: /home/hjh/RMserial/install/def_msg/share/def_msg/local_setup.bash
-- Up-to-date: /home/hjh/RMserial/install/def_msg/share/def_msg/local_setup.sh
-- Up-to-date: /home/hjh/RMserial/install/def_msg/share/def_msg/local_setup.zsh
-- Up-to-date: /home/hjh/RMserial/install/def_msg/share/def_msg/local_setup.dsv
-- Installing: /home/hjh/RMserial/install/def_msg/share/def_msg/package.dsv
-- Up-to-date: /home/hjh/RMserial/install/def_msg/share/ament_index/resource_index/packages/def_msg
-- Up-to-date: /home/hjh/RMserial/install/def_msg/share/def_msg/cmake/export_def_msg__rosidl_generator_cExport.cmake
-- Up-to-date: /home/hjh/RMserial/install/def_msg/share/def_msg/cmake/export_def_msg__rosidl_generator_cExport-noconfig.cmake
-- Up-to-date: /home/hjh/RMserial/install/def_msg/share/def_msg/cmake/export_def_msg__rosidl_typesupport_fastrtps_cExport.cmake
-- Up-to-date: /home/hjh/RMserial/install/def_msg/share/def_msg/cmake/export_def_msg__rosidl_typesupport_fastrtps_cExport-noconfig.cmake
-- Up-to-date: /home/hjh/RMserial/install/def_msg/share/def_msg/cmake/export_def_msg__rosidl_generator_cppExport.cmake
-- Up-to-date: /home/hjh/RMserial/install/def_msg/share/def_msg/cmake/export_def_msg__rosidl_typesupport_fastrtps_cppExport.cmake
-- Up-to-date: /home/hjh/RMserial/install/def_msg/share/def_msg/cmake/export_def_msg__rosidl_typesupport_fastrtps_cppExport-noconfig.cmake
-- Up-to-date: /home/hjh/RMserial/install/def_msg/share/def_msg/cmake/def_msg__rosidl_typesupport_introspection_cExport.cmake
-- Up-to-date: /home/hjh/RMserial/install/def_msg/share/def_msg/cmake/def_msg__rosidl_typesupport_introspection_cExport-noconfig.cmake
-- Up-to-date: /home/hjh/RMserial/install/def_msg/share/def_msg/cmake/def_msg__rosidl_typesupport_cExport.cmake
-- Up-to-date: /home/hjh/RMserial/install/def_msg/share/def_msg/cmake/def_msg__rosidl_typesupport_cExport-noconfig.cmake
-- Up-to-date: /home/hjh/RMserial/install/def_msg/share/def_msg/cmake/def_msg__rosidl_typesupport_introspection_cppExport.cmake
-- Up-to-date: /home/hjh/RMserial/install/def_msg/share/def_msg/cmake/def_msg__rosidl_typesupport_introspection_cppExport-noconfig.cmake
-- Up-to-date: /home/hjh/RMserial/install/def_msg/share/def_msg/cmake/def_msg__rosidl_typesupport_cppExport.cmake
-- Up-to-date: /home/hjh/RMserial/install/def_msg/share/def_msg/cmake/def_msg__rosidl_typesupport_cppExport-noconfig.cmake
-- Up-to-date: /home/hjh/RMserial/install/def_msg/share/def_msg/cmake/export_def_msg__rosidl_generator_pyExport.cmake
-- Up-to-date: /home/hjh/RMserial/install/def_msg/share/def_msg/cmake/export_def_msg__rosidl_generator_pyExport-noconfig.cmake
-- Up-to-date: /home/hjh/RMserial/install/def_msg/share/def_msg/cmake/rosidl_cmake-extras.cmake
-- Up-to-date: /home/hjh/RMserial/install/def_msg/share/def_msg/cmake/ament_cmake_export_dependencies-extras.cmake
-- Up-to-date: /home/hjh/RMserial/install/def_msg/share/def_msg/cmake/ament_cmake_export_include_directories-extras.cmake
-- Up-to-date: /home/hjh/RMserial/install/def_msg/share/def_msg/cmake/ament_cmake_export_libraries-extras.cmake
-- Up-to-date: /home/hjh/RMserial/install/def_msg/share/def_msg/cmake/ament_cmake_export_targets-extras.cmake
-- Up-to-date: /home/hjh/RMserial/install/def_msg/share/def_msg/cmake/rosidl_cmake_export_typesupport_targets-extras.cmake
-- Up-to-date: /home/hjh/RMserial/install/def_msg/share/def_msg/cmake/rosidl_cmake_export_typesupport_libraries-extras.cmake
-- Up-to-date: /home/hjh/RMserial/install/def_msg/share/def_msg/cmake/def_msgConfig.cmake
-- Up-to-date: /home/hjh/RMserial/install/def_msg/share/def_msg/cmake/def_msgConfig-version.cmake
-- Up-to-date: /home/hjh/RMserial/install/def_msg/share/def_msg/package.xml
