[0.010s] Invoking command in '/home/hjh/RMserial/build/def_msg': CMAKE_PREFIX_PATH=/opt/ros/humble /usr/bin/cmake --build /home/hjh/RMserial/build/def_msg -- -j16 -l16
[0.045s] [  1%] Built target def_msg__cpp
[0.046s] [ 12%] Built target def_msg__rosidl_generator_c
[0.051s] [ 12%] Built target ament_cmake_python_copy_def_msg
[0.079s] [ 34%] Built target def_msg__rosidl_typesupport_introspection_c
[0.079s] [ 35%] Built target def_msg__rosidl_typesupport_c
[0.083s] [ 71%] Built target def_msg__rosidl_typesupport_cpp
[0.083s] [ 71%] Built target def_msg__rosidl_typesupport_introspection_cpp
[0.083s] [ 80%] Built target def_msg__rosidl_typesupport_fastrtps_c
[0.083s] [ 81%] Built target def_msg__rosidl_typesupport_fastrtps_cpp
[0.097s] [ 81%] Built target def_msg
[0.110s] [ 82%] Built target def_msg__py
[0.124s] [ 93%] Built target def_msg__rosidl_generator_py
[0.135s] [ 97%] Built target def_msg__rosidl_typesupport_fastrtps_c__pyext
[0.135s] [ 97%] Built target def_msg__rosidl_typesupport_introspection_c__pyext
[0.136s] [100%] Built target def_msg__rosidl_typesupport_c__pyext
[0.241s] running egg_info
[0.241s] writing def_msg.egg-info/PKG-INFO
[0.241s] writing dependency_links to def_msg.egg-info/dependency_links.txt
[0.242s] writing top-level names to def_msg.egg-info/top_level.txt
[0.243s] reading manifest file 'def_msg.egg-info/SOURCES.txt'
[0.244s] writing manifest file 'def_msg.egg-info/SOURCES.txt'
[0.260s] [100%] Built target ament_cmake_python_build_def_msg_egg
[0.267s] Invoked command in '/home/hjh/RMserial/build/def_msg' returned '0': CMAKE_PREFIX_PATH=/opt/ros/humble /usr/bin/cmake --build /home/hjh/RMserial/build/def_msg -- -j16 -l16
[0.273s] Invoking command in '/home/hjh/RMserial/build/def_msg': CMAKE_PREFIX_PATH=/opt/ros/humble /usr/bin/cmake --install /home/hjh/RMserial/build/def_msg
[0.276s] -- Install configuration: ""
[0.276s] -- Up-to-date: /home/hjh/RMserial/install/def_msg/share/ament_index/resource_index/rosidl_interfaces/def_msg
[0.276s] -- Up-to-date: /home/hjh/RMserial/install/def_msg/include/def_msg/def_msg
[0.276s] -- Up-to-date: /home/hjh/RMserial/install/def_msg/include/def_msg/def_msg/srv
[0.276s] -- Up-to-date: /home/hjh/RMserial/install/def_msg/include/def_msg/def_msg/srv/detail
[0.277s] -- Up-to-date: /home/hjh/RMserial/install/def_msg/include/def_msg/def_msg/srv/detail/controller_mode_set__functions.h
[0.277s] -- Up-to-date: /home/hjh/RMserial/install/def_msg/include/def_msg/def_msg/srv/detail/controller_mode_set__struct.h
[0.277s] -- Up-to-date: /home/hjh/RMserial/install/def_msg/include/def_msg/def_msg/srv/detail/heart_beat__functions.h
[0.277s] -- Up-to-date: /home/hjh/RMserial/install/def_msg/include/def_msg/def_msg/srv/detail/controller_mode_set__type_support.h
[0.277s] -- Up-to-date: /home/hjh/RMserial/install/def_msg/include/def_msg/def_msg/srv/detail/controller_mode_set__functions.c
[0.277s] -- Up-to-date: /home/hjh/RMserial/install/def_msg/include/def_msg/def_msg/srv/detail/heart_beat__struct.h
[0.277s] -- Up-to-date: /home/hjh/RMserial/install/def_msg/include/def_msg/def_msg/srv/detail/heart_beat__functions.c
[0.277s] -- Up-to-date: /home/hjh/RMserial/install/def_msg/include/def_msg/def_msg/srv/detail/heart_beat__type_support.h
[0.277s] -- Up-to-date: /home/hjh/RMserial/install/def_msg/include/def_msg/def_msg/srv/controller_mode_set.h
[0.278s] -- Up-to-date: /home/hjh/RMserial/install/def_msg/include/def_msg/def_msg/srv/heart_beat.h
[0.278s] -- Up-to-date: /home/hjh/RMserial/install/def_msg/include/def_msg/def_msg/msg
[0.278s] -- Up-to-date: /home/hjh/RMserial/install/def_msg/include/def_msg/def_msg/msg/rosidl_generator_c__visibility_control.h
[0.278s] -- Up-to-date: /home/hjh/RMserial/install/def_msg/include/def_msg/def_msg/msg/gimble_control.h
[0.278s] -- Up-to-date: /home/hjh/RMserial/install/def_msg/include/def_msg/def_msg/msg/em_control.h
[0.278s] -- Up-to-date: /home/hjh/RMserial/install/def_msg/include/def_msg/def_msg/msg/detail
[0.279s] -- Up-to-date: /home/hjh/RMserial/install/def_msg/include/def_msg/def_msg/msg/detail/common_control__type_support.h
[0.279s] -- Up-to-date: /home/hjh/RMserial/install/def_msg/include/def_msg/def_msg/msg/detail/gimble_position__struct.h
[0.279s] -- Up-to-date: /home/hjh/RMserial/install/def_msg/include/def_msg/def_msg/msg/detail/gobal_information__functions.c
[0.279s] -- Up-to-date: /home/hjh/RMserial/install/def_msg/include/def_msg/def_msg/msg/detail/gimble_position__functions.h
[0.279s] -- Up-to-date: /home/hjh/RMserial/install/def_msg/include/def_msg/def_msg/msg/detail/em_control__functions.h
[0.279s] -- Up-to-date: /home/hjh/RMserial/install/def_msg/include/def_msg/def_msg/msg/detail/common_control__struct.h
[0.279s] -- Up-to-date: /home/hjh/RMserial/install/def_msg/include/def_msg/def_msg/msg/detail/gimble_position__type_support.h
[0.280s] -- Up-to-date: /home/hjh/RMserial/install/def_msg/include/def_msg/def_msg/msg/detail/em_control__type_support.h
[0.280s] -- Up-to-date: /home/hjh/RMserial/install/def_msg/include/def_msg/def_msg/msg/detail/gimble_control__struct.h
[0.280s] -- Up-to-date: /home/hjh/RMserial/install/def_msg/include/def_msg/def_msg/msg/detail/gobal_information__struct.h
[0.280s] -- Up-to-date: /home/hjh/RMserial/install/def_msg/include/def_msg/def_msg/msg/detail/em_control__struct.h
[0.280s] -- Up-to-date: /home/hjh/RMserial/install/def_msg/include/def_msg/def_msg/msg/detail/gimble_control__functions.h
[0.280s] -- Up-to-date: /home/hjh/RMserial/install/def_msg/include/def_msg/def_msg/msg/detail/common_control__functions.h
[0.280s] -- Up-to-date: /home/hjh/RMserial/install/def_msg/include/def_msg/def_msg/msg/detail/em_control__functions.c
[0.280s] -- Up-to-date: /home/hjh/RMserial/install/def_msg/include/def_msg/def_msg/msg/detail/gobal_information__functions.h
[0.280s] -- Up-to-date: /home/hjh/RMserial/install/def_msg/include/def_msg/def_msg/msg/detail/gimble_control__functions.c
[0.280s] -- Up-to-date: /home/hjh/RMserial/install/def_msg/include/def_msg/def_msg/msg/detail/gimble_control__type_support.h
[0.281s] -- Up-to-date: /home/hjh/RMserial/install/def_msg/include/def_msg/def_msg/msg/detail/gobal_information__type_support.h
[0.281s] -- Up-to-date: /home/hjh/RMserial/install/def_msg/include/def_msg/def_msg/msg/detail/common_control__functions.c
[0.281s] -- Up-to-date: /home/hjh/RMserial/install/def_msg/include/def_msg/def_msg/msg/detail/gimble_position__functions.c
[0.281s] -- Up-to-date: /home/hjh/RMserial/install/def_msg/include/def_msg/def_msg/msg/common_control.h
[0.281s] -- Up-to-date: /home/hjh/RMserial/install/def_msg/include/def_msg/def_msg/msg/gobal_information.h
[0.281s] -- Up-to-date: /home/hjh/RMserial/install/def_msg/include/def_msg/def_msg/msg/gimble_position.h
[0.281s] -- Up-to-date: /home/hjh/RMserial/install/def_msg/include/def_msg/def_msg/action
[0.281s] -- Up-to-date: /home/hjh/RMserial/install/def_msg/include/def_msg/def_msg/action/detail
[0.281s] -- Up-to-date: /home/hjh/RMserial/install/def_msg/include/def_msg/def_msg/action/detail/nav_pose__type_support.h
[0.281s] -- Up-to-date: /home/hjh/RMserial/install/def_msg/include/def_msg/def_msg/action/detail/nav_pose__struct.h
[0.281s] -- Up-to-date: /home/hjh/RMserial/install/def_msg/include/def_msg/def_msg/action/detail/nav_pose__functions.h
[0.281s] -- Up-to-date: /home/hjh/RMserial/install/def_msg/include/def_msg/def_msg/action/detail/nav_pose__functions.c
[0.281s] -- Up-to-date: /home/hjh/RMserial/install/def_msg/include/def_msg/def_msg/action/nav_pose.h
[0.282s] -- Up-to-date: /home/hjh/RMserial/install/def_msg/share/def_msg/environment/library_path.sh
[0.282s] -- Up-to-date: /home/hjh/RMserial/install/def_msg/share/def_msg/environment/library_path.dsv
[0.282s] -- Up-to-date: /home/hjh/RMserial/install/def_msg/lib/libdef_msg__rosidl_generator_c.so
[0.282s] -- Up-to-date: /home/hjh/RMserial/install/def_msg/include/def_msg/def_msg
[0.282s] -- Up-to-date: /home/hjh/RMserial/install/def_msg/include/def_msg/def_msg/srv
[0.282s] -- Up-to-date: /home/hjh/RMserial/install/def_msg/include/def_msg/def_msg/srv/detail
[0.282s] -- Up-to-date: /home/hjh/RMserial/install/def_msg/include/def_msg/def_msg/srv/detail/controller_mode_set__rosidl_typesupport_fastrtps_c.h
[0.282s] -- Up-to-date: /home/hjh/RMserial/install/def_msg/include/def_msg/def_msg/srv/detail/heart_beat__rosidl_typesupport_fastrtps_c.h
[0.282s] -- Up-to-date: /home/hjh/RMserial/install/def_msg/include/def_msg/def_msg/msg
[0.282s] -- Up-to-date: /home/hjh/RMserial/install/def_msg/include/def_msg/def_msg/msg/detail
[0.282s] -- Up-to-date: /home/hjh/RMserial/install/def_msg/include/def_msg/def_msg/msg/detail/gimble_control__rosidl_typesupport_fastrtps_c.h
[0.282s] -- Up-to-date: /home/hjh/RMserial/install/def_msg/include/def_msg/def_msg/msg/detail/gimble_position__rosidl_typesupport_fastrtps_c.h
[0.283s] -- Up-to-date: /home/hjh/RMserial/install/def_msg/include/def_msg/def_msg/msg/detail/em_control__rosidl_typesupport_fastrtps_c.h
[0.283s] -- Up-to-date: /home/hjh/RMserial/install/def_msg/include/def_msg/def_msg/msg/detail/gobal_information__rosidl_typesupport_fastrtps_c.h
[0.283s] -- Up-to-date: /home/hjh/RMserial/install/def_msg/include/def_msg/def_msg/msg/detail/common_control__rosidl_typesupport_fastrtps_c.h
[0.283s] -- Up-to-date: /home/hjh/RMserial/install/def_msg/include/def_msg/def_msg/msg/rosidl_typesupport_fastrtps_c__visibility_control.h
[0.283s] -- Up-to-date: /home/hjh/RMserial/install/def_msg/include/def_msg/def_msg/action
[0.283s] -- Up-to-date: /home/hjh/RMserial/install/def_msg/include/def_msg/def_msg/action/detail
[0.283s] -- Up-to-date: /home/hjh/RMserial/install/def_msg/include/def_msg/def_msg/action/detail/nav_pose__rosidl_typesupport_fastrtps_c.h
[0.283s] -- Up-to-date: /home/hjh/RMserial/install/def_msg/lib/libdef_msg__rosidl_typesupport_fastrtps_c.so
[0.283s] -- Up-to-date: /home/hjh/RMserial/install/def_msg/include/def_msg/def_msg
[0.283s] -- Up-to-date: /home/hjh/RMserial/install/def_msg/include/def_msg/def_msg/srv
[0.283s] -- Up-to-date: /home/hjh/RMserial/install/def_msg/include/def_msg/def_msg/srv/heart_beat.hpp
[0.283s] -- Up-to-date: /home/hjh/RMserial/install/def_msg/include/def_msg/def_msg/srv/detail
[0.283s] -- Up-to-date: /home/hjh/RMserial/install/def_msg/include/def_msg/def_msg/srv/detail/controller_mode_set__traits.hpp
[0.284s] -- Up-to-date: /home/hjh/RMserial/install/def_msg/include/def_msg/def_msg/srv/detail/controller_mode_set__type_support.hpp
[0.284s] -- Up-to-date: /home/hjh/RMserial/install/def_msg/include/def_msg/def_msg/srv/detail/heart_beat__type_support.hpp
[0.284s] -- Up-to-date: /home/hjh/RMserial/install/def_msg/include/def_msg/def_msg/srv/detail/heart_beat__struct.hpp
[0.284s] -- Up-to-date: /home/hjh/RMserial/install/def_msg/include/def_msg/def_msg/srv/detail/heart_beat__traits.hpp
[0.284s] -- Up-to-date: /home/hjh/RMserial/install/def_msg/include/def_msg/def_msg/srv/detail/heart_beat__builder.hpp
[0.284s] -- Up-to-date: /home/hjh/RMserial/install/def_msg/include/def_msg/def_msg/srv/detail/controller_mode_set__builder.hpp
[0.284s] -- Up-to-date: /home/hjh/RMserial/install/def_msg/include/def_msg/def_msg/srv/detail/controller_mode_set__struct.hpp
[0.284s] -- Up-to-date: /home/hjh/RMserial/install/def_msg/include/def_msg/def_msg/srv/controller_mode_set.hpp
[0.284s] -- Up-to-date: /home/hjh/RMserial/install/def_msg/include/def_msg/def_msg/msg
[0.284s] -- Up-to-date: /home/hjh/RMserial/install/def_msg/include/def_msg/def_msg/msg/gimble_position.hpp
[0.284s] -- Up-to-date: /home/hjh/RMserial/install/def_msg/include/def_msg/def_msg/msg/detail
[0.285s] -- Up-to-date: /home/hjh/RMserial/install/def_msg/include/def_msg/def_msg/msg/detail/common_control__builder.hpp
[0.285s] -- Up-to-date: /home/hjh/RMserial/install/def_msg/include/def_msg/def_msg/msg/detail/common_control__type_support.hpp
[0.285s] -- Up-to-date: /home/hjh/RMserial/install/def_msg/include/def_msg/def_msg/msg/detail/gobal_information__type_support.hpp
[0.285s] -- Up-to-date: /home/hjh/RMserial/install/def_msg/include/def_msg/def_msg/msg/detail/gimble_control__builder.hpp
[0.285s] -- Up-to-date: /home/hjh/RMserial/install/def_msg/include/def_msg/def_msg/msg/detail/gobal_information__struct.hpp
[0.285s] -- Up-to-date: /home/hjh/RMserial/install/def_msg/include/def_msg/def_msg/msg/detail/em_control__builder.hpp
[0.285s] -- Up-to-date: /home/hjh/RMserial/install/def_msg/include/def_msg/def_msg/msg/detail/em_control__type_support.hpp
[0.285s] -- Up-to-date: /home/hjh/RMserial/install/def_msg/include/def_msg/def_msg/msg/detail/gimble_position__struct.hpp
[0.285s] -- Up-to-date: /home/hjh/RMserial/install/def_msg/include/def_msg/def_msg/msg/detail/em_control__traits.hpp
[0.285s] -- Up-to-date: /home/hjh/RMserial/install/def_msg/include/def_msg/def_msg/msg/detail/gimble_control__struct.hpp
[0.285s] -- Up-to-date: /home/hjh/RMserial/install/def_msg/include/def_msg/def_msg/msg/detail/gimble_control__traits.hpp
[0.285s] -- Up-to-date: /home/hjh/RMserial/install/def_msg/include/def_msg/def_msg/msg/detail/gimble_position__type_support.hpp
[0.285s] -- Up-to-date: /home/hjh/RMserial/install/def_msg/include/def_msg/def_msg/msg/detail/gobal_information__traits.hpp
[0.286s] -- Up-to-date: /home/hjh/RMserial/install/def_msg/include/def_msg/def_msg/msg/detail/gobal_information__builder.hpp
[0.286s] -- Up-to-date: /home/hjh/RMserial/install/def_msg/include/def_msg/def_msg/msg/detail/common_control__struct.hpp
[0.286s] -- Up-to-date: /home/hjh/RMserial/install/def_msg/include/def_msg/def_msg/msg/detail/gimble_position__traits.hpp
[0.286s] -- Up-to-date: /home/hjh/RMserial/install/def_msg/include/def_msg/def_msg/msg/detail/gimble_position__builder.hpp
[0.286s] -- Up-to-date: /home/hjh/RMserial/install/def_msg/include/def_msg/def_msg/msg/detail/gimble_control__type_support.hpp
[0.286s] -- Up-to-date: /home/hjh/RMserial/install/def_msg/include/def_msg/def_msg/msg/detail/em_control__struct.hpp
[0.286s] -- Up-to-date: /home/hjh/RMserial/install/def_msg/include/def_msg/def_msg/msg/detail/common_control__traits.hpp
[0.286s] -- Up-to-date: /home/hjh/RMserial/install/def_msg/include/def_msg/def_msg/msg/em_control.hpp
[0.286s] -- Up-to-date: /home/hjh/RMserial/install/def_msg/include/def_msg/def_msg/msg/gobal_information.hpp
[0.286s] -- Up-to-date: /home/hjh/RMserial/install/def_msg/include/def_msg/def_msg/msg/rosidl_generator_cpp__visibility_control.hpp
[0.286s] -- Up-to-date: /home/hjh/RMserial/install/def_msg/include/def_msg/def_msg/msg/gimble_control.hpp
[0.286s] -- Up-to-date: /home/hjh/RMserial/install/def_msg/include/def_msg/def_msg/msg/common_control.hpp
[0.286s] -- Up-to-date: /home/hjh/RMserial/install/def_msg/include/def_msg/def_msg/action
[0.287s] -- Up-to-date: /home/hjh/RMserial/install/def_msg/include/def_msg/def_msg/action/detail
[0.287s] -- Up-to-date: /home/hjh/RMserial/install/def_msg/include/def_msg/def_msg/action/detail/nav_pose__type_support.hpp
[0.287s] -- Up-to-date: /home/hjh/RMserial/install/def_msg/include/def_msg/def_msg/action/detail/nav_pose__struct.hpp
[0.287s] -- Up-to-date: /home/hjh/RMserial/install/def_msg/include/def_msg/def_msg/action/detail/nav_pose__traits.hpp
[0.287s] -- Up-to-date: /home/hjh/RMserial/install/def_msg/include/def_msg/def_msg/action/detail/nav_pose__builder.hpp
[0.287s] -- Up-to-date: /home/hjh/RMserial/install/def_msg/include/def_msg/def_msg/action/nav_pose.hpp
[0.287s] -- Up-to-date: /home/hjh/RMserial/install/def_msg/include/def_msg/def_msg
[0.287s] -- Up-to-date: /home/hjh/RMserial/install/def_msg/include/def_msg/def_msg/srv
[0.287s] -- Up-to-date: /home/hjh/RMserial/install/def_msg/include/def_msg/def_msg/srv/detail
[0.287s] -- Up-to-date: /home/hjh/RMserial/install/def_msg/include/def_msg/def_msg/srv/detail/dds_fastrtps
[0.287s] -- Up-to-date: /home/hjh/RMserial/install/def_msg/include/def_msg/def_msg/srv/detail/controller_mode_set__rosidl_typesupport_fastrtps_cpp.hpp
[0.287s] -- Up-to-date: /home/hjh/RMserial/install/def_msg/include/def_msg/def_msg/srv/detail/heart_beat__rosidl_typesupport_fastrtps_cpp.hpp
[0.287s] -- Up-to-date: /home/hjh/RMserial/install/def_msg/include/def_msg/def_msg/msg
[0.288s] -- Up-to-date: /home/hjh/RMserial/install/def_msg/include/def_msg/def_msg/msg/detail
[0.288s] -- Up-to-date: /home/hjh/RMserial/install/def_msg/include/def_msg/def_msg/msg/detail/dds_fastrtps
[0.288s] -- Up-to-date: /home/hjh/RMserial/install/def_msg/include/def_msg/def_msg/msg/detail/em_control__rosidl_typesupport_fastrtps_cpp.hpp
[0.288s] -- Up-to-date: /home/hjh/RMserial/install/def_msg/include/def_msg/def_msg/msg/detail/gobal_information__rosidl_typesupport_fastrtps_cpp.hpp
[0.288s] -- Up-to-date: /home/hjh/RMserial/install/def_msg/include/def_msg/def_msg/msg/detail/gimble_position__rosidl_typesupport_fastrtps_cpp.hpp
[0.288s] -- Up-to-date: /home/hjh/RMserial/install/def_msg/include/def_msg/def_msg/msg/detail/common_control__rosidl_typesupport_fastrtps_cpp.hpp
[0.288s] -- Up-to-date: /home/hjh/RMserial/install/def_msg/include/def_msg/def_msg/msg/detail/gimble_control__rosidl_typesupport_fastrtps_cpp.hpp
[0.288s] -- Up-to-date: /home/hjh/RMserial/install/def_msg/include/def_msg/def_msg/msg/rosidl_typesupport_fastrtps_cpp__visibility_control.h
[0.288s] -- Up-to-date: /home/hjh/RMserial/install/def_msg/include/def_msg/def_msg/action
[0.288s] -- Up-to-date: /home/hjh/RMserial/install/def_msg/include/def_msg/def_msg/action/detail
[0.288s] -- Up-to-date: /home/hjh/RMserial/install/def_msg/include/def_msg/def_msg/action/detail/dds_fastrtps
[0.288s] -- Up-to-date: /home/hjh/RMserial/install/def_msg/include/def_msg/def_msg/action/detail/nav_pose__rosidl_typesupport_fastrtps_cpp.hpp
[0.289s] -- Up-to-date: /home/hjh/RMserial/install/def_msg/lib/libdef_msg__rosidl_typesupport_fastrtps_cpp.so
[0.289s] -- Up-to-date: /home/hjh/RMserial/install/def_msg/include/def_msg/def_msg
[0.289s] -- Up-to-date: /home/hjh/RMserial/install/def_msg/include/def_msg/def_msg/srv
[0.289s] -- Up-to-date: /home/hjh/RMserial/install/def_msg/include/def_msg/def_msg/srv/detail
[0.289s] -- Up-to-date: /home/hjh/RMserial/install/def_msg/include/def_msg/def_msg/srv/detail/heart_beat__type_support.c
[0.289s] -- Up-to-date: /home/hjh/RMserial/install/def_msg/include/def_msg/def_msg/srv/detail/controller_mode_set__rosidl_typesupport_introspection_c.h
[0.289s] -- Up-to-date: /home/hjh/RMserial/install/def_msg/include/def_msg/def_msg/srv/detail/controller_mode_set__type_support.c
[0.289s] -- Up-to-date: /home/hjh/RMserial/install/def_msg/include/def_msg/def_msg/srv/detail/heart_beat__rosidl_typesupport_introspection_c.h
[0.289s] -- Up-to-date: /home/hjh/RMserial/install/def_msg/include/def_msg/def_msg/msg
[0.289s] -- Up-to-date: /home/hjh/RMserial/install/def_msg/include/def_msg/def_msg/msg/detail
[0.289s] -- Up-to-date: /home/hjh/RMserial/install/def_msg/include/def_msg/def_msg/msg/detail/common_control__rosidl_typesupport_introspection_c.h
[0.289s] -- Up-to-date: /home/hjh/RMserial/install/def_msg/include/def_msg/def_msg/msg/detail/gobal_information__type_support.c
[0.289s] -- Up-to-date: /home/hjh/RMserial/install/def_msg/include/def_msg/def_msg/msg/detail/common_control__type_support.c
[0.290s] -- Up-to-date: /home/hjh/RMserial/install/def_msg/include/def_msg/def_msg/msg/detail/gimble_control__type_support.c
[0.290s] -- Up-to-date: /home/hjh/RMserial/install/def_msg/include/def_msg/def_msg/msg/detail/gobal_information__rosidl_typesupport_introspection_c.h
[0.290s] -- Up-to-date: /home/hjh/RMserial/install/def_msg/include/def_msg/def_msg/msg/detail/gimble_position__rosidl_typesupport_introspection_c.h
[0.290s] -- Up-to-date: /home/hjh/RMserial/install/def_msg/include/def_msg/def_msg/msg/detail/em_control__type_support.c
[0.290s] -- Up-to-date: /home/hjh/RMserial/install/def_msg/include/def_msg/def_msg/msg/detail/em_control__rosidl_typesupport_introspection_c.h
[0.290s] -- Up-to-date: /home/hjh/RMserial/install/def_msg/include/def_msg/def_msg/msg/detail/gimble_control__rosidl_typesupport_introspection_c.h
[0.290s] -- Up-to-date: /home/hjh/RMserial/install/def_msg/include/def_msg/def_msg/msg/detail/gimble_position__type_support.c
[0.290s] -- Up-to-date: /home/hjh/RMserial/install/def_msg/include/def_msg/def_msg/msg/rosidl_typesupport_introspection_c__visibility_control.h
[0.290s] -- Up-to-date: /home/hjh/RMserial/install/def_msg/include/def_msg/def_msg/action
[0.290s] -- Up-to-date: /home/hjh/RMserial/install/def_msg/include/def_msg/def_msg/action/detail
[0.290s] -- Up-to-date: /home/hjh/RMserial/install/def_msg/include/def_msg/def_msg/action/detail/nav_pose__type_support.c
[0.290s] -- Up-to-date: /home/hjh/RMserial/install/def_msg/include/def_msg/def_msg/action/detail/nav_pose__rosidl_typesupport_introspection_c.h
[0.291s] -- Up-to-date: /home/hjh/RMserial/install/def_msg/lib/libdef_msg__rosidl_typesupport_introspection_c.so
[0.291s] -- Up-to-date: /home/hjh/RMserial/install/def_msg/lib/libdef_msg__rosidl_typesupport_c.so
[0.291s] -- Up-to-date: /home/hjh/RMserial/install/def_msg/include/def_msg/def_msg
[0.291s] -- Up-to-date: /home/hjh/RMserial/install/def_msg/include/def_msg/def_msg/srv
[0.291s] -- Up-to-date: /home/hjh/RMserial/install/def_msg/include/def_msg/def_msg/srv/detail
[0.291s] -- Up-to-date: /home/hjh/RMserial/install/def_msg/include/def_msg/def_msg/srv/detail/controller_mode_set__rosidl_typesupport_introspection_cpp.hpp
[0.291s] -- Up-to-date: /home/hjh/RMserial/install/def_msg/include/def_msg/def_msg/srv/detail/heart_beat__type_support.cpp
[0.291s] -- Up-to-date: /home/hjh/RMserial/install/def_msg/include/def_msg/def_msg/srv/detail/heart_beat__rosidl_typesupport_introspection_cpp.hpp
[0.291s] -- Up-to-date: /home/hjh/RMserial/install/def_msg/include/def_msg/def_msg/srv/detail/controller_mode_set__type_support.cpp
[0.291s] -- Up-to-date: /home/hjh/RMserial/install/def_msg/include/def_msg/def_msg/msg
[0.291s] -- Up-to-date: /home/hjh/RMserial/install/def_msg/include/def_msg/def_msg/msg/detail
[0.291s] -- Up-to-date: /home/hjh/RMserial/install/def_msg/include/def_msg/def_msg/msg/detail/gobal_information__rosidl_typesupport_introspection_cpp.hpp
[0.291s] -- Up-to-date: /home/hjh/RMserial/install/def_msg/include/def_msg/def_msg/msg/detail/gimble_position__type_support.cpp
[0.291s] -- Up-to-date: /home/hjh/RMserial/install/def_msg/include/def_msg/def_msg/msg/detail/gimble_control__rosidl_typesupport_introspection_cpp.hpp
[0.291s] -- Up-to-date: /home/hjh/RMserial/install/def_msg/include/def_msg/def_msg/msg/detail/common_control__type_support.cpp
[0.291s] -- Up-to-date: /home/hjh/RMserial/install/def_msg/include/def_msg/def_msg/msg/detail/gobal_information__type_support.cpp
[0.291s] -- Up-to-date: /home/hjh/RMserial/install/def_msg/include/def_msg/def_msg/msg/detail/em_control__type_support.cpp
[0.291s] -- Up-to-date: /home/hjh/RMserial/install/def_msg/include/def_msg/def_msg/msg/detail/em_control__rosidl_typesupport_introspection_cpp.hpp
[0.291s] -- Up-to-date: /home/hjh/RMserial/install/def_msg/include/def_msg/def_msg/msg/detail/gimble_position__rosidl_typesupport_introspection_cpp.hpp
[0.291s] -- Up-to-date: /home/hjh/RMserial/install/def_msg/include/def_msg/def_msg/msg/detail/gimble_control__type_support.cpp
[0.291s] -- Up-to-date: /home/hjh/RMserial/install/def_msg/include/def_msg/def_msg/msg/detail/common_control__rosidl_typesupport_introspection_cpp.hpp
[0.291s] -- Up-to-date: /home/hjh/RMserial/install/def_msg/include/def_msg/def_msg/action
[0.291s] -- Up-to-date: /home/hjh/RMserial/install/def_msg/include/def_msg/def_msg/action/detail
[0.291s] -- Up-to-date: /home/hjh/RMserial/install/def_msg/include/def_msg/def_msg/action/detail/nav_pose__rosidl_typesupport_introspection_cpp.hpp
[0.291s] -- Up-to-date: /home/hjh/RMserial/install/def_msg/include/def_msg/def_msg/action/detail/nav_pose__type_support.cpp
[0.291s] -- Up-to-date: /home/hjh/RMserial/install/def_msg/lib/libdef_msg__rosidl_typesupport_introspection_cpp.so
[0.291s] -- Up-to-date: /home/hjh/RMserial/install/def_msg/lib/libdef_msg__rosidl_typesupport_cpp.so
[0.291s] -- Up-to-date: /home/hjh/RMserial/install/def_msg/share/def_msg/environment/pythonpath.sh
[0.291s] -- Up-to-date: /home/hjh/RMserial/install/def_msg/share/def_msg/environment/pythonpath.dsv
[0.291s] -- Up-to-date: /home/hjh/RMserial/install/def_msg/local/lib/python3.10/dist-packages/def_msg-0.0.0-py3.10.egg-info
[0.292s] -- Installing: /home/hjh/RMserial/install/def_msg/local/lib/python3.10/dist-packages/def_msg-0.0.0-py3.10.egg-info/dependency_links.txt
[0.292s] -- Installing: /home/hjh/RMserial/install/def_msg/local/lib/python3.10/dist-packages/def_msg-0.0.0-py3.10.egg-info/PKG-INFO
[0.292s] -- Installing: /home/hjh/RMserial/install/def_msg/local/lib/python3.10/dist-packages/def_msg-0.0.0-py3.10.egg-info/SOURCES.txt
[0.292s] -- Installing: /home/hjh/RMserial/install/def_msg/local/lib/python3.10/dist-packages/def_msg-0.0.0-py3.10.egg-info/top_level.txt
[0.292s] -- Up-to-date: /home/hjh/RMserial/install/def_msg/local/lib/python3.10/dist-packages/def_msg
[0.292s] -- Up-to-date: /home/hjh/RMserial/install/def_msg/local/lib/python3.10/dist-packages/def_msg/_def_msg_s.ep.rosidl_typesupport_c.c
[0.292s] -- Up-to-date: /home/hjh/RMserial/install/def_msg/local/lib/python3.10/dist-packages/def_msg/def_msg_s__rosidl_typesupport_introspection_c.cpython-310-x86_64-linux-gnu.so
[0.292s] -- Up-to-date: /home/hjh/RMserial/install/def_msg/local/lib/python3.10/dist-packages/def_msg/def_msg_s__rosidl_typesupport_fastrtps_c.cpython-310-x86_64-linux-gnu.so
[0.292s] -- Up-to-date: /home/hjh/RMserial/install/def_msg/local/lib/python3.10/dist-packages/def_msg/_def_msg_s.ep.rosidl_typesupport_introspection_c.c
[0.292s] -- Up-to-date: /home/hjh/RMserial/install/def_msg/local/lib/python3.10/dist-packages/def_msg/__init__.py
[0.292s] -- Up-to-date: /home/hjh/RMserial/install/def_msg/local/lib/python3.10/dist-packages/def_msg/srv
[0.292s] -- Up-to-date: /home/hjh/RMserial/install/def_msg/local/lib/python3.10/dist-packages/def_msg/srv/_heart_beat.py
[0.292s] -- Up-to-date: /home/hjh/RMserial/install/def_msg/local/lib/python3.10/dist-packages/def_msg/srv/_controller_mode_set.py
[0.292s] -- Up-to-date: /home/hjh/RMserial/install/def_msg/local/lib/python3.10/dist-packages/def_msg/srv/_heart_beat_s.c
[0.292s] -- Up-to-date: /home/hjh/RMserial/install/def_msg/local/lib/python3.10/dist-packages/def_msg/srv/_controller_mode_set_s.c
[0.292s] -- Up-to-date: /home/hjh/RMserial/install/def_msg/local/lib/python3.10/dist-packages/def_msg/srv/__init__.py
[0.292s] -- Up-to-date: /home/hjh/RMserial/install/def_msg/local/lib/python3.10/dist-packages/def_msg/_def_msg_s.ep.rosidl_typesupport_fastrtps_c.c
[0.292s] -- Up-to-date: /home/hjh/RMserial/install/def_msg/local/lib/python3.10/dist-packages/def_msg/def_msg_s__rosidl_typesupport_c.cpython-310-x86_64-linux-gnu.so
[0.292s] -- Up-to-date: /home/hjh/RMserial/install/def_msg/local/lib/python3.10/dist-packages/def_msg/libdef_msg__rosidl_generator_py.so
[0.292s] -- Up-to-date: /home/hjh/RMserial/install/def_msg/local/lib/python3.10/dist-packages/def_msg/msg
[0.292s] -- Up-to-date: /home/hjh/RMserial/install/def_msg/local/lib/python3.10/dist-packages/def_msg/msg/_gobal_information_s.c
[0.292s] -- Up-to-date: /home/hjh/RMserial/install/def_msg/local/lib/python3.10/dist-packages/def_msg/msg/_common_control.py
[0.292s] -- Up-to-date: /home/hjh/RMserial/install/def_msg/local/lib/python3.10/dist-packages/def_msg/msg/_gimble_control_s.c
[0.292s] -- Up-to-date: /home/hjh/RMserial/install/def_msg/local/lib/python3.10/dist-packages/def_msg/msg/_gimble_position_s.c
[0.292s] -- Up-to-date: /home/hjh/RMserial/install/def_msg/local/lib/python3.10/dist-packages/def_msg/msg/__init__.py
[0.292s] -- Up-to-date: /home/hjh/RMserial/install/def_msg/local/lib/python3.10/dist-packages/def_msg/msg/_common_control_s.c
[0.292s] -- Up-to-date: /home/hjh/RMserial/install/def_msg/local/lib/python3.10/dist-packages/def_msg/msg/_gobal_information.py
[0.292s] -- Up-to-date: /home/hjh/RMserial/install/def_msg/local/lib/python3.10/dist-packages/def_msg/msg/_gimble_position.py
[0.292s] -- Up-to-date: /home/hjh/RMserial/install/def_msg/local/lib/python3.10/dist-packages/def_msg/msg/_em_control.py
[0.292s] -- Up-to-date: /home/hjh/RMserial/install/def_msg/local/lib/python3.10/dist-packages/def_msg/msg/_em_control_s.c
[0.293s] -- Up-to-date: /home/hjh/RMserial/install/def_msg/local/lib/python3.10/dist-packages/def_msg/msg/_gimble_control.py
[0.293s] -- Up-to-date: /home/hjh/RMserial/install/def_msg/local/lib/python3.10/dist-packages/def_msg/action
[0.293s] -- Up-to-date: /home/hjh/RMserial/install/def_msg/local/lib/python3.10/dist-packages/def_msg/action/__init__.py
[0.293s] -- Up-to-date: /home/hjh/RMserial/install/def_msg/local/lib/python3.10/dist-packages/def_msg/action/_nav_pose_s.c
[0.293s] -- Up-to-date: /home/hjh/RMserial/install/def_msg/local/lib/python3.10/dist-packages/def_msg/action/_nav_pose.py
[0.315s] Listing '/home/hjh/RMserial/install/def_msg/local/lib/python3.10/dist-packages/def_msg'...
[0.315s] Listing '/home/hjh/RMserial/install/def_msg/local/lib/python3.10/dist-packages/def_msg/action'...
[0.315s] Listing '/home/hjh/RMserial/install/def_msg/local/lib/python3.10/dist-packages/def_msg/msg'...
[0.315s] Listing '/home/hjh/RMserial/install/def_msg/local/lib/python3.10/dist-packages/def_msg/srv'...
[0.318s] -- Up-to-date: /home/hjh/RMserial/install/def_msg/local/lib/python3.10/dist-packages/def_msg/def_msg_s__rosidl_typesupport_fastrtps_c.cpython-310-x86_64-linux-gnu.so
[0.318s] -- Up-to-date: /home/hjh/RMserial/install/def_msg/local/lib/python3.10/dist-packages/def_msg/def_msg_s__rosidl_typesupport_introspection_c.cpython-310-x86_64-linux-gnu.so
[0.318s] -- Up-to-date: /home/hjh/RMserial/install/def_msg/local/lib/python3.10/dist-packages/def_msg/def_msg_s__rosidl_typesupport_c.cpython-310-x86_64-linux-gnu.so
[0.319s] -- Up-to-date: /home/hjh/RMserial/install/def_msg/lib/libdef_msg__rosidl_generator_py.so
[0.319s] -- Up-to-date: /home/hjh/RMserial/install/def_msg/share/def_msg/msg/GobalInformation.idl
[0.319s] -- Up-to-date: /home/hjh/RMserial/install/def_msg/share/def_msg/msg/GimbleControl.idl
[0.319s] -- Up-to-date: /home/hjh/RMserial/install/def_msg/share/def_msg/msg/CommonControl.idl
[0.319s] -- Up-to-date: /home/hjh/RMserial/install/def_msg/share/def_msg/msg/EmControl.idl
[0.319s] -- Up-to-date: /home/hjh/RMserial/install/def_msg/share/def_msg/msg/GimblePosition.idl
[0.320s] -- Up-to-date: /home/hjh/RMserial/install/def_msg/share/def_msg/srv/ControllerModeSet.idl
[0.320s] -- Up-to-date: /home/hjh/RMserial/install/def_msg/share/def_msg/srv/HeartBeat.idl
[0.320s] -- Up-to-date: /home/hjh/RMserial/install/def_msg/share/def_msg/action/NavPose.idl
[0.320s] -- Up-to-date: /home/hjh/RMserial/install/def_msg/share/def_msg/msg/GobalInformation.msg
[0.320s] -- Up-to-date: /home/hjh/RMserial/install/def_msg/share/def_msg/msg/GimbleControl.msg
[0.320s] -- Up-to-date: /home/hjh/RMserial/install/def_msg/share/def_msg/msg/CommonControl.msg
[0.320s] -- Up-to-date: /home/hjh/RMserial/install/def_msg/share/def_msg/msg/EmControl.msg
[0.320s] -- Up-to-date: /home/hjh/RMserial/install/def_msg/share/def_msg/msg/GimblePosition.msg
[0.320s] -- Up-to-date: /home/hjh/RMserial/install/def_msg/share/def_msg/srv/ControllerModeSet.srv
[0.320s] -- Up-to-date: /home/hjh/RMserial/install/def_msg/share/def_msg/srv/ControllerModeSet_Request.msg
[0.321s] -- Up-to-date: /home/hjh/RMserial/install/def_msg/share/def_msg/srv/ControllerModeSet_Response.msg
[0.321s] -- Up-to-date: /home/hjh/RMserial/install/def_msg/share/def_msg/srv/HeartBeat.srv
[0.321s] -- Up-to-date: /home/hjh/RMserial/install/def_msg/share/def_msg/srv/HeartBeat_Request.msg
[0.321s] -- Up-to-date: /home/hjh/RMserial/install/def_msg/share/def_msg/srv/HeartBeat_Response.msg
[0.321s] -- Up-to-date: /home/hjh/RMserial/install/def_msg/share/def_msg/action/NavPose.action
[0.321s] -- Up-to-date: /home/hjh/RMserial/install/def_msg/share/ament_index/resource_index/package_run_dependencies/def_msg
[0.321s] -- Up-to-date: /home/hjh/RMserial/install/def_msg/share/ament_index/resource_index/parent_prefix_path/def_msg
[0.321s] -- Up-to-date: /home/hjh/RMserial/install/def_msg/share/def_msg/environment/ament_prefix_path.sh
[0.321s] -- Up-to-date: /home/hjh/RMserial/install/def_msg/share/def_msg/environment/ament_prefix_path.dsv
[0.322s] -- Up-to-date: /home/hjh/RMserial/install/def_msg/share/def_msg/environment/path.sh
[0.322s] -- Up-to-date: /home/hjh/RMserial/install/def_msg/share/def_msg/environment/path.dsv
[0.322s] -- Up-to-date: /home/hjh/RMserial/install/def_msg/share/def_msg/local_setup.bash
[0.322s] -- Up-to-date: /home/hjh/RMserial/install/def_msg/share/def_msg/local_setup.sh
[0.322s] -- Up-to-date: /home/hjh/RMserial/install/def_msg/share/def_msg/local_setup.zsh
[0.322s] -- Up-to-date: /home/hjh/RMserial/install/def_msg/share/def_msg/local_setup.dsv
[0.322s] -- Installing: /home/hjh/RMserial/install/def_msg/share/def_msg/package.dsv
[0.322s] -- Up-to-date: /home/hjh/RMserial/install/def_msg/share/ament_index/resource_index/packages/def_msg
[0.322s] -- Up-to-date: /home/hjh/RMserial/install/def_msg/share/def_msg/cmake/export_def_msg__rosidl_generator_cExport.cmake
[0.322s] -- Up-to-date: /home/hjh/RMserial/install/def_msg/share/def_msg/cmake/export_def_msg__rosidl_generator_cExport-noconfig.cmake
[0.322s] -- Up-to-date: /home/hjh/RMserial/install/def_msg/share/def_msg/cmake/export_def_msg__rosidl_typesupport_fastrtps_cExport.cmake
[0.322s] -- Up-to-date: /home/hjh/RMserial/install/def_msg/share/def_msg/cmake/export_def_msg__rosidl_typesupport_fastrtps_cExport-noconfig.cmake
[0.322s] -- Up-to-date: /home/hjh/RMserial/install/def_msg/share/def_msg/cmake/export_def_msg__rosidl_generator_cppExport.cmake
[0.322s] -- Up-to-date: /home/hjh/RMserial/install/def_msg/share/def_msg/cmake/export_def_msg__rosidl_typesupport_fastrtps_cppExport.cmake
[0.322s] -- Up-to-date: /home/hjh/RMserial/install/def_msg/share/def_msg/cmake/export_def_msg__rosidl_typesupport_fastrtps_cppExport-noconfig.cmake
[0.322s] -- Up-to-date: /home/hjh/RMserial/install/def_msg/share/def_msg/cmake/def_msg__rosidl_typesupport_introspection_cExport.cmake
[0.322s] -- Up-to-date: /home/hjh/RMserial/install/def_msg/share/def_msg/cmake/def_msg__rosidl_typesupport_introspection_cExport-noconfig.cmake
[0.322s] -- Up-to-date: /home/hjh/RMserial/install/def_msg/share/def_msg/cmake/def_msg__rosidl_typesupport_cExport.cmake
[0.322s] -- Up-to-date: /home/hjh/RMserial/install/def_msg/share/def_msg/cmake/def_msg__rosidl_typesupport_cExport-noconfig.cmake
[0.322s] -- Up-to-date: /home/hjh/RMserial/install/def_msg/share/def_msg/cmake/def_msg__rosidl_typesupport_introspection_cppExport.cmake
[0.322s] -- Up-to-date: /home/hjh/RMserial/install/def_msg/share/def_msg/cmake/def_msg__rosidl_typesupport_introspection_cppExport-noconfig.cmake
[0.323s] -- Up-to-date: /home/hjh/RMserial/install/def_msg/share/def_msg/cmake/def_msg__rosidl_typesupport_cppExport.cmake
[0.323s] -- Up-to-date: /home/hjh/RMserial/install/def_msg/share/def_msg/cmake/def_msg__rosidl_typesupport_cppExport-noconfig.cmake
[0.323s] -- Up-to-date: /home/hjh/RMserial/install/def_msg/share/def_msg/cmake/export_def_msg__rosidl_generator_pyExport.cmake
[0.323s] -- Up-to-date: /home/hjh/RMserial/install/def_msg/share/def_msg/cmake/export_def_msg__rosidl_generator_pyExport-noconfig.cmake
[0.323s] -- Up-to-date: /home/hjh/RMserial/install/def_msg/share/def_msg/cmake/rosidl_cmake-extras.cmake
[0.323s] -- Up-to-date: /home/hjh/RMserial/install/def_msg/share/def_msg/cmake/ament_cmake_export_dependencies-extras.cmake
[0.323s] -- Up-to-date: /home/hjh/RMserial/install/def_msg/share/def_msg/cmake/ament_cmake_export_include_directories-extras.cmake
[0.323s] -- Up-to-date: /home/hjh/RMserial/install/def_msg/share/def_msg/cmake/ament_cmake_export_libraries-extras.cmake
[0.323s] -- Up-to-date: /home/hjh/RMserial/install/def_msg/share/def_msg/cmake/ament_cmake_export_targets-extras.cmake
[0.323s] -- Up-to-date: /home/hjh/RMserial/install/def_msg/share/def_msg/cmake/rosidl_cmake_export_typesupport_targets-extras.cmake
[0.323s] -- Up-to-date: /home/hjh/RMserial/install/def_msg/share/def_msg/cmake/rosidl_cmake_export_typesupport_libraries-extras.cmake
[0.323s] -- Up-to-date: /home/hjh/RMserial/install/def_msg/share/def_msg/cmake/def_msgConfig.cmake
[0.323s] -- Up-to-date: /home/hjh/RMserial/install/def_msg/share/def_msg/cmake/def_msgConfig-version.cmake
[0.323s] -- Up-to-date: /home/hjh/RMserial/install/def_msg/share/def_msg/package.xml
[0.324s] Invoked command in '/home/hjh/RMserial/build/def_msg' returned '0': CMAKE_PREFIX_PATH=/opt/ros/humble /usr/bin/cmake --install /home/hjh/RMserial/build/def_msg
