[  1%] Built target def_msg__cpp
[  3%] [32mBuilding C object CMakeFiles/def_msg__rosidl_generator_c.dir/rosidl_generator_c/def_msg/msg/detail/gimble_control__functions.c.o[0m
[  3%] [32mBuilding C object CMakeFiles/def_msg__rosidl_generator_c.dir/rosidl_generator_c/def_msg/msg/detail/gobal_information__functions.c.o[0m
[  4%] [32mBuilding C object CMakeFiles/def_msg__rosidl_generator_c.dir/rosidl_generator_c/def_msg/msg/detail/em_control__functions.c.o[0m
[  5%] [32mBuilding C object CMakeFiles/def_msg__rosidl_generator_c.dir/rosidl_generator_c/def_msg/msg/detail/common_control__functions.c.o[0m
[  6%] [32mBuilding C object CMakeFiles/def_msg__rosidl_generator_c.dir/rosidl_generator_c/def_msg/msg/detail/gimble_position__functions.c.o[0m
[  8%] [32mBuilding C object CMakeFiles/def_msg__rosidl_generator_c.dir/rosidl_generator_c/def_msg/srv/detail/controller_mode_set__functions.c.o[0m
[  9%] [32mBuilding C object CMakeFiles/def_msg__rosidl_generator_c.dir/rosidl_generator_c/def_msg/srv/detail/heart_beat__functions.c.o[0m
[  9%] Built target ament_cmake_python_copy_def_msg
[ 10%] [32mBuilding C object CMakeFiles/def_msg__rosidl_generator_c.dir/rosidl_generator_c/def_msg/action/detail/nav_pose__functions.c.o[0m
[ 11%] [32mBuilding CXX object CMakeFiles/def_msg__rosidl_typesupport_cpp.dir/rosidl_typesupport_cpp/def_msg/msg/gobal_information__type_support.cpp.o[0m
[ 12%] [32mBuilding CXX object CMakeFiles/def_msg__rosidl_typesupport_introspection_cpp.dir/rosidl_typesupport_introspection_cpp/def_msg/msg/detail/gobal_information__type_support.cpp.o[0m
[ 13%] [32mBuilding CXX object CMakeFiles/def_msg__rosidl_typesupport_cpp.dir/rosidl_typesupport_cpp/def_msg/msg/common_control__type_support.cpp.o[0m
[ 14%] [32mBuilding CXX object CMakeFiles/def_msg__rosidl_typesupport_cpp.dir/rosidl_typesupport_cpp/def_msg/msg/em_control__type_support.cpp.o[0m
[ 16%] [32mBuilding CXX object CMakeFiles/def_msg__rosidl_typesupport_introspection_cpp.dir/rosidl_typesupport_introspection_cpp/def_msg/msg/detail/gimble_control__type_support.cpp.o[0m
[ 17%] [32mBuilding CXX object CMakeFiles/def_msg__rosidl_typesupport_fastrtps_cpp.dir/rosidl_typesupport_fastrtps_cpp/def_msg/msg/detail/dds_fastrtps/gobal_information__type_support.cpp.o[0m
[ 18%] [32mBuilding CXX object CMakeFiles/def_msg__rosidl_typesupport_cpp.dir/rosidl_typesupport_cpp/def_msg/msg/gimble_control__type_support.cpp.o[0m
[ 19%] [32mBuilding CXX object CMakeFiles/def_msg__rosidl_typesupport_introspection_cpp.dir/rosidl_typesupport_introspection_cpp/def_msg/msg/detail/common_control__type_support.cpp.o[0m
[ 20%] [32mBuilding CXX object CMakeFiles/def_msg__rosidl_typesupport_fastrtps_cpp.dir/rosidl_typesupport_fastrtps_cpp/def_msg/msg/detail/dds_fastrtps/gimble_control__type_support.cpp.o[0m
[ 21%] [32mBuilding CXX object CMakeFiles/def_msg__rosidl_typesupport_fastrtps_cpp.dir/rosidl_typesupport_fastrtps_cpp/def_msg/msg/detail/dds_fastrtps/common_control__type_support.cpp.o[0m
[ 22%] [32mBuilding CXX object CMakeFiles/def_msg__rosidl_typesupport_cpp.dir/rosidl_typesupport_cpp/def_msg/msg/gimble_position__type_support.cpp.o[0m
[ 24%] [32mBuilding CXX object CMakeFiles/def_msg__rosidl_typesupport_fastrtps_cpp.dir/rosidl_typesupport_fastrtps_cpp/def_msg/msg/detail/dds_fastrtps/em_control__type_support.cpp.o[0m
[ 25%] [32mBuilding CXX object CMakeFiles/def_msg__rosidl_typesupport_cpp.dir/rosidl_typesupport_cpp/def_msg/srv/controller_mode_set__type_support.cpp.o[0m
[ 26%] [32mBuilding CXX object CMakeFiles/def_msg__rosidl_typesupport_cpp.dir/rosidl_typesupport_cpp/def_msg/srv/heart_beat__type_support.cpp.o[0m
[ 27%] [1m[32mLinking C shared library libdef_msg__rosidl_generator_c.so[0m
running egg_info
writing def_msg.egg-info/PKG-INFO
writing dependency_links to def_msg.egg-info/dependency_links.txt
writing top-level names to def_msg.egg-info/top_level.txt
reading manifest file 'def_msg.egg-info/SOURCES.txt'
writing manifest file 'def_msg.egg-info/SOURCES.txt'
[ 28%] Built target def_msg__rosidl_generator_c
[ 29%] [32mBuilding CXX object CMakeFiles/def_msg__rosidl_typesupport_fastrtps_c.dir/rosidl_typesupport_fastrtps_c/def_msg/msg/detail/gobal_information__type_support_c.cpp.o[0m
[ 29%] Built target ament_cmake_python_build_def_msg_egg
[ 31%] [32mBuilding CXX object CMakeFiles/def_msg__rosidl_typesupport_fastrtps_c.dir/rosidl_typesupport_fastrtps_c/def_msg/msg/detail/gimble_control__type_support_c.cpp.o[0m
[ 32%] [32mBuilding CXX object CMakeFiles/def_msg__rosidl_typesupport_fastrtps_c.dir/rosidl_typesupport_fastrtps_c/def_msg/msg/detail/common_control__type_support_c.cpp.o[0m
[ 33%] [32mBuilding C object CMakeFiles/def_msg__rosidl_typesupport_introspection_c.dir/rosidl_typesupport_introspection_c/def_msg/msg/detail/gobal_information__type_support.c.o[0m
[ 34%] [32mBuilding CXX object CMakeFiles/def_msg__rosidl_typesupport_introspection_cpp.dir/rosidl_typesupport_introspection_cpp/def_msg/msg/detail/em_control__type_support.cpp.o[0m
[ 35%] [32mBuilding C object CMakeFiles/def_msg__rosidl_typesupport_introspection_c.dir/rosidl_typesupport_introspection_c/def_msg/msg/detail/gimble_control__type_support.c.o[0m
[ 36%] [32mBuilding CXX object CMakeFiles/def_msg__rosidl_typesupport_introspection_cpp.dir/rosidl_typesupport_introspection_cpp/def_msg/msg/detail/gimble_position__type_support.cpp.o[0m
[ 37%] [32mBuilding C object CMakeFiles/def_msg__rosidl_typesupport_introspection_c.dir/rosidl_typesupport_introspection_c/def_msg/msg/detail/common_control__type_support.c.o[0m
[ 39%] [32mBuilding CXX object CMakeFiles/def_msg__rosidl_typesupport_introspection_cpp.dir/rosidl_typesupport_introspection_cpp/def_msg/srv/detail/controller_mode_set__type_support.cpp.o[0m
[ 40%] [32mBuilding C object CMakeFiles/def_msg__rosidl_typesupport_introspection_c.dir/rosidl_typesupport_introspection_c/def_msg/msg/detail/em_control__type_support.c.o[0m
[ 41%] [32mBuilding CXX object CMakeFiles/def_msg__rosidl_typesupport_introspection_cpp.dir/rosidl_typesupport_introspection_cpp/def_msg/srv/detail/heart_beat__type_support.cpp.o[0m
[ 42%] [32mBuilding C object CMakeFiles/def_msg__rosidl_typesupport_introspection_c.dir/rosidl_typesupport_introspection_c/def_msg/msg/detail/gimble_position__type_support.c.o[0m
[ 43%] [32mBuilding CXX object CMakeFiles/def_msg__rosidl_typesupport_cpp.dir/rosidl_typesupport_cpp/def_msg/action/nav_pose__type_support.cpp.o[0m
[ 44%] [32mBuilding C object CMakeFiles/def_msg__rosidl_typesupport_introspection_c.dir/rosidl_typesupport_introspection_c/def_msg/srv/detail/controller_mode_set__type_support.c.o[0m
[ 45%] [32mBuilding CXX object CMakeFiles/def_msg__rosidl_typesupport_introspection_cpp.dir/rosidl_typesupport_introspection_cpp/def_msg/action/detail/nav_pose__type_support.cpp.o[0m
[ 47%] [32mBuilding CXX object CMakeFiles/def_msg__rosidl_typesupport_fastrtps_c.dir/rosidl_typesupport_fastrtps_c/def_msg/msg/detail/em_control__type_support_c.cpp.o[0m
[ 48%] [32mBuilding CXX object CMakeFiles/def_msg__rosidl_typesupport_c.dir/rosidl_typesupport_c/def_msg/msg/gobal_information__type_support.cpp.o[0m
[ 49%] [32mBuilding CXX object CMakeFiles/def_msg__rosidl_typesupport_c.dir/rosidl_typesupport_c/def_msg/msg/gimble_control__type_support.cpp.o[0m
[ 50%] [32mBuilding C object CMakeFiles/def_msg__rosidl_typesupport_introspection_c.dir/rosidl_typesupport_introspection_c/def_msg/srv/detail/heart_beat__type_support.c.o[0m
[ 51%] [32mBuilding CXX object CMakeFiles/def_msg__rosidl_typesupport_c.dir/rosidl_typesupport_c/def_msg/msg/common_control__type_support.cpp.o[0m
[ 52%] [32mBuilding CXX object CMakeFiles/def_msg__rosidl_typesupport_fastrtps_cpp.dir/rosidl_typesupport_fastrtps_cpp/def_msg/msg/detail/dds_fastrtps/gimble_position__type_support.cpp.o[0m
[ 54%] [32mBuilding CXX object CMakeFiles/def_msg__rosidl_typesupport_c.dir/rosidl_typesupport_c/def_msg/msg/em_control__type_support.cpp.o[0m
[ 55%] [32mBuilding CXX object CMakeFiles/def_msg__rosidl_typesupport_fastrtps_c.dir/rosidl_typesupport_fastrtps_c/def_msg/msg/detail/gimble_position__type_support_c.cpp.o[0m
[ 56%] [32mBuilding C object CMakeFiles/def_msg__rosidl_typesupport_introspection_c.dir/rosidl_typesupport_introspection_c/def_msg/action/detail/nav_pose__type_support.c.o[0m
[ 57%] [32mBuilding CXX object CMakeFiles/def_msg__rosidl_typesupport_c.dir/rosidl_typesupport_c/def_msg/msg/gimble_position__type_support.cpp.o[0m
[ 58%] [32mBuilding CXX object CMakeFiles/def_msg__rosidl_typesupport_fastrtps_c.dir/rosidl_typesupport_fastrtps_c/def_msg/srv/detail/controller_mode_set__type_support_c.cpp.o[0m
[ 60%] [32mBuilding CXX object CMakeFiles/def_msg__rosidl_typesupport_fastrtps_c.dir/rosidl_typesupport_fastrtps_c/def_msg/srv/detail/heart_beat__type_support_c.cpp.o[0m
[ 60%] [32mBuilding CXX object CMakeFiles/def_msg__rosidl_typesupport_c.dir/rosidl_typesupport_c/def_msg/srv/controller_mode_set__type_support.cpp.o[0m
[ 62%] [32mBuilding CXX object CMakeFiles/def_msg__rosidl_typesupport_fastrtps_cpp.dir/rosidl_typesupport_fastrtps_cpp/def_msg/srv/detail/dds_fastrtps/controller_mode_set__type_support.cpp.o[0m
[ 63%] [1m[32mLinking C shared library libdef_msg__rosidl_typesupport_introspection_c.so[0m
[ 64%] [32mBuilding CXX object CMakeFiles/def_msg__rosidl_typesupport_fastrtps_c.dir/rosidl_typesupport_fastrtps_c/def_msg/action/detail/nav_pose__type_support_c.cpp.o[0m
[ 65%] [32mBuilding CXX object CMakeFiles/def_msg__rosidl_typesupport_c.dir/rosidl_typesupport_c/def_msg/srv/heart_beat__type_support.cpp.o[0m
[ 66%] Built target def_msg__rosidl_typesupport_introspection_c
[ 67%] [32mBuilding CXX object CMakeFiles/def_msg__rosidl_typesupport_fastrtps_cpp.dir/rosidl_typesupport_fastrtps_cpp/def_msg/srv/detail/dds_fastrtps/heart_beat__type_support.cpp.o[0m
[ 68%] [32mBuilding CXX object CMakeFiles/def_msg__rosidl_typesupport_c.dir/rosidl_typesupport_c/def_msg/action/nav_pose__type_support.cpp.o[0m
[ 70%] [32mBuilding CXX object CMakeFiles/def_msg__rosidl_typesupport_fastrtps_cpp.dir/rosidl_typesupport_fastrtps_cpp/def_msg/action/detail/dds_fastrtps/nav_pose__type_support.cpp.o[0m
[ 71%] [1m[32mLinking CXX shared library libdef_msg__rosidl_typesupport_c.so[0m
[ 72%] Built target def_msg__rosidl_typesupport_c
[ 73%] [1m[32mLinking CXX shared library libdef_msg__rosidl_typesupport_cpp.so[0m
[ 74%] Built target def_msg__rosidl_typesupport_cpp
[ 75%] [1m[32mLinking CXX shared library libdef_msg__rosidl_typesupport_fastrtps_c.so[0m
[ 77%] [1m[32mLinking CXX shared library libdef_msg__rosidl_typesupport_introspection_cpp.so[0m
[ 78%] Built target def_msg__rosidl_typesupport_introspection_cpp
[ 79%] Built target def_msg__rosidl_typesupport_fastrtps_c
[ 80%] [1m[32mLinking CXX shared library libdef_msg__rosidl_typesupport_fastrtps_cpp.so[0m
[ 81%] Built target def_msg__rosidl_typesupport_fastrtps_cpp
[ 81%] Built target def_msg
[ 82%] Built target def_msg__py
[ 83%] [32mBuilding C object CMakeFiles/def_msg__rosidl_generator_py.dir/rosidl_generator_py/def_msg/msg/_common_control_s.c.o[0m
[ 85%] [32mBuilding C object CMakeFiles/def_msg__rosidl_generator_py.dir/rosidl_generator_py/def_msg/msg/_gobal_information_s.c.o[0m
[ 86%] [32mBuilding C object CMakeFiles/def_msg__rosidl_generator_py.dir/rosidl_generator_py/def_msg/msg/_gimble_control_s.c.o[0m
[ 87%] [32mBuilding C object CMakeFiles/def_msg__rosidl_generator_py.dir/rosidl_generator_py/def_msg/srv/_controller_mode_set_s.c.o[0m
[ 89%] [32mBuilding C object CMakeFiles/def_msg__rosidl_generator_py.dir/rosidl_generator_py/def_msg/srv/_heart_beat_s.c.o[0m
[ 89%] [32mBuilding C object CMakeFiles/def_msg__rosidl_generator_py.dir/rosidl_generator_py/def_msg/msg/_em_control_s.c.o[0m
[ 90%] [32mBuilding C object CMakeFiles/def_msg__rosidl_generator_py.dir/rosidl_generator_py/def_msg/msg/_gimble_position_s.c.o[0m
[ 91%] [32mBuilding C object CMakeFiles/def_msg__rosidl_generator_py.dir/rosidl_generator_py/def_msg/action/_nav_pose_s.c.o[0m
[ 93%] [1m[32mLinking C shared library rosidl_generator_py/def_msg/libdef_msg__rosidl_generator_py.so[0m
[ 93%] Built target def_msg__rosidl_generator_py
[ 96%] [32mBuilding C object CMakeFiles/def_msg__rosidl_typesupport_fastrtps_c__pyext.dir/rosidl_generator_py/def_msg/_def_msg_s.ep.rosidl_typesupport_fastrtps_c.c.o[0m
[ 96%] [32mBuilding C object CMakeFiles/def_msg__rosidl_typesupport_c__pyext.dir/rosidl_generator_py/def_msg/_def_msg_s.ep.rosidl_typesupport_c.c.o[0m
[ 96%] [32mBuilding C object CMakeFiles/def_msg__rosidl_typesupport_introspection_c__pyext.dir/rosidl_generator_py/def_msg/_def_msg_s.ep.rosidl_typesupport_introspection_c.c.o[0m
[ 98%] [1m[32mLinking C shared library rosidl_generator_py/def_msg/def_msg_s__rosidl_typesupport_fastrtps_c.cpython-310-x86_64-linux-gnu.so[0m
[ 98%] [1m[32mLinking C shared library rosidl_generator_py/def_msg/def_msg_s__rosidl_typesupport_c.cpython-310-x86_64-linux-gnu.so[0m
[100%] [1m[32mLinking C shared library rosidl_generator_py/def_msg/def_msg_s__rosidl_typesupport_introspection_c.cpython-310-x86_64-linux-gnu.so[0m
[100%] Built target def_msg__rosidl_typesupport_fastrtps_c__pyext
[100%] Built target def_msg__rosidl_typesupport_introspection_c__pyext
[100%] Built target def_msg__rosidl_typesupport_c__pyext
-- Install configuration: ""
-- Up-to-date: /home/hjh/serial_new0122/install/def_msg/share/ament_index/resource_index/rosidl_interfaces/def_msg
-- Up-to-date: /home/hjh/serial_new0122/install/def_msg/include/def_msg/def_msg
-- Up-to-date: /home/hjh/serial_new0122/install/def_msg/include/def_msg/def_msg/srv
-- Up-to-date: /home/hjh/serial_new0122/install/def_msg/include/def_msg/def_msg/srv/detail
-- Up-to-date: /home/hjh/serial_new0122/install/def_msg/include/def_msg/def_msg/srv/detail/controller_mode_set__functions.h
-- Up-to-date: /home/hjh/serial_new0122/install/def_msg/include/def_msg/def_msg/srv/detail/controller_mode_set__struct.h
-- Up-to-date: /home/hjh/serial_new0122/install/def_msg/include/def_msg/def_msg/srv/detail/heart_beat__functions.h
-- Up-to-date: /home/hjh/serial_new0122/install/def_msg/include/def_msg/def_msg/srv/detail/controller_mode_set__type_support.h
-- Up-to-date: /home/hjh/serial_new0122/install/def_msg/include/def_msg/def_msg/srv/detail/controller_mode_set__functions.c
-- Up-to-date: /home/hjh/serial_new0122/install/def_msg/include/def_msg/def_msg/srv/detail/heart_beat__struct.h
-- Up-to-date: /home/hjh/serial_new0122/install/def_msg/include/def_msg/def_msg/srv/detail/heart_beat__functions.c
-- Up-to-date: /home/hjh/serial_new0122/install/def_msg/include/def_msg/def_msg/srv/detail/heart_beat__type_support.h
-- Up-to-date: /home/hjh/serial_new0122/install/def_msg/include/def_msg/def_msg/srv/controller_mode_set.h
-- Up-to-date: /home/hjh/serial_new0122/install/def_msg/include/def_msg/def_msg/srv/heart_beat.h
-- Up-to-date: /home/hjh/serial_new0122/install/def_msg/include/def_msg/def_msg/msg
-- Up-to-date: /home/hjh/serial_new0122/install/def_msg/include/def_msg/def_msg/msg/rosidl_generator_c__visibility_control.h
-- Up-to-date: /home/hjh/serial_new0122/install/def_msg/include/def_msg/def_msg/msg/gimble_control.h
-- Up-to-date: /home/hjh/serial_new0122/install/def_msg/include/def_msg/def_msg/msg/em_control.h
-- Up-to-date: /home/hjh/serial_new0122/install/def_msg/include/def_msg/def_msg/msg/detail
-- Up-to-date: /home/hjh/serial_new0122/install/def_msg/include/def_msg/def_msg/msg/detail/common_control__type_support.h
-- Up-to-date: /home/hjh/serial_new0122/install/def_msg/include/def_msg/def_msg/msg/detail/gimble_position__struct.h
-- Up-to-date: /home/hjh/serial_new0122/install/def_msg/include/def_msg/def_msg/msg/detail/gobal_information__functions.c
-- Up-to-date: /home/hjh/serial_new0122/install/def_msg/include/def_msg/def_msg/msg/detail/gimble_position__functions.h
-- Up-to-date: /home/hjh/serial_new0122/install/def_msg/include/def_msg/def_msg/msg/detail/em_control__functions.h
-- Up-to-date: /home/hjh/serial_new0122/install/def_msg/include/def_msg/def_msg/msg/detail/common_control__struct.h
-- Up-to-date: /home/hjh/serial_new0122/install/def_msg/include/def_msg/def_msg/msg/detail/gimble_position__type_support.h
-- Up-to-date: /home/hjh/serial_new0122/install/def_msg/include/def_msg/def_msg/msg/detail/em_control__type_support.h
-- Up-to-date: /home/hjh/serial_new0122/install/def_msg/include/def_msg/def_msg/msg/detail/gimble_control__struct.h
-- Up-to-date: /home/hjh/serial_new0122/install/def_msg/include/def_msg/def_msg/msg/detail/gobal_information__struct.h
-- Up-to-date: /home/hjh/serial_new0122/install/def_msg/include/def_msg/def_msg/msg/detail/em_control__struct.h
-- Up-to-date: /home/hjh/serial_new0122/install/def_msg/include/def_msg/def_msg/msg/detail/gimble_control__functions.h
-- Up-to-date: /home/hjh/serial_new0122/install/def_msg/include/def_msg/def_msg/msg/detail/common_control__functions.h
-- Up-to-date: /home/hjh/serial_new0122/install/def_msg/include/def_msg/def_msg/msg/detail/em_control__functions.c
-- Up-to-date: /home/hjh/serial_new0122/install/def_msg/include/def_msg/def_msg/msg/detail/gobal_information__functions.h
-- Up-to-date: /home/hjh/serial_new0122/install/def_msg/include/def_msg/def_msg/msg/detail/gimble_control__functions.c
-- Up-to-date: /home/hjh/serial_new0122/install/def_msg/include/def_msg/def_msg/msg/detail/gimble_control__type_support.h
-- Up-to-date: /home/hjh/serial_new0122/install/def_msg/include/def_msg/def_msg/msg/detail/gobal_information__type_support.h
-- Up-to-date: /home/hjh/serial_new0122/install/def_msg/include/def_msg/def_msg/msg/detail/common_control__functions.c
-- Up-to-date: /home/hjh/serial_new0122/install/def_msg/include/def_msg/def_msg/msg/detail/gimble_position__functions.c
-- Up-to-date: /home/hjh/serial_new0122/install/def_msg/include/def_msg/def_msg/msg/common_control.h
-- Up-to-date: /home/hjh/serial_new0122/install/def_msg/include/def_msg/def_msg/msg/gobal_information.h
-- Up-to-date: /home/hjh/serial_new0122/install/def_msg/include/def_msg/def_msg/msg/gimble_position.h
-- Up-to-date: /home/hjh/serial_new0122/install/def_msg/include/def_msg/def_msg/action
-- Up-to-date: /home/hjh/serial_new0122/install/def_msg/include/def_msg/def_msg/action/detail
-- Up-to-date: /home/hjh/serial_new0122/install/def_msg/include/def_msg/def_msg/action/detail/nav_pose__type_support.h
-- Up-to-date: /home/hjh/serial_new0122/install/def_msg/include/def_msg/def_msg/action/detail/nav_pose__struct.h
-- Up-to-date: /home/hjh/serial_new0122/install/def_msg/include/def_msg/def_msg/action/detail/nav_pose__functions.h
-- Up-to-date: /home/hjh/serial_new0122/install/def_msg/include/def_msg/def_msg/action/detail/nav_pose__functions.c
-- Up-to-date: /home/hjh/serial_new0122/install/def_msg/include/def_msg/def_msg/action/nav_pose.h
-- Up-to-date: /home/hjh/serial_new0122/install/def_msg/share/def_msg/environment/library_path.sh
-- Up-to-date: /home/hjh/serial_new0122/install/def_msg/share/def_msg/environment/library_path.dsv
-- Installing: /home/hjh/serial_new0122/install/def_msg/lib/libdef_msg__rosidl_generator_c.so
-- Set non-toolchain portion of runtime path of "/home/hjh/serial_new0122/install/def_msg/lib/libdef_msg__rosidl_generator_c.so" to ""
-- Up-to-date: /home/hjh/serial_new0122/install/def_msg/include/def_msg/def_msg
-- Up-to-date: /home/hjh/serial_new0122/install/def_msg/include/def_msg/def_msg/srv
-- Up-to-date: /home/hjh/serial_new0122/install/def_msg/include/def_msg/def_msg/srv/detail
-- Up-to-date: /home/hjh/serial_new0122/install/def_msg/include/def_msg/def_msg/srv/detail/controller_mode_set__rosidl_typesupport_fastrtps_c.h
-- Up-to-date: /home/hjh/serial_new0122/install/def_msg/include/def_msg/def_msg/srv/detail/heart_beat__rosidl_typesupport_fastrtps_c.h
-- Up-to-date: /home/hjh/serial_new0122/install/def_msg/include/def_msg/def_msg/msg
-- Up-to-date: /home/hjh/serial_new0122/install/def_msg/include/def_msg/def_msg/msg/detail
-- Up-to-date: /home/hjh/serial_new0122/install/def_msg/include/def_msg/def_msg/msg/detail/gimble_control__rosidl_typesupport_fastrtps_c.h
-- Up-to-date: /home/hjh/serial_new0122/install/def_msg/include/def_msg/def_msg/msg/detail/gimble_position__rosidl_typesupport_fastrtps_c.h
-- Up-to-date: /home/hjh/serial_new0122/install/def_msg/include/def_msg/def_msg/msg/detail/em_control__rosidl_typesupport_fastrtps_c.h
-- Up-to-date: /home/hjh/serial_new0122/install/def_msg/include/def_msg/def_msg/msg/detail/gobal_information__rosidl_typesupport_fastrtps_c.h
-- Up-to-date: /home/hjh/serial_new0122/install/def_msg/include/def_msg/def_msg/msg/detail/common_control__rosidl_typesupport_fastrtps_c.h
-- Up-to-date: /home/hjh/serial_new0122/install/def_msg/include/def_msg/def_msg/msg/rosidl_typesupport_fastrtps_c__visibility_control.h
-- Up-to-date: /home/hjh/serial_new0122/install/def_msg/include/def_msg/def_msg/action
-- Up-to-date: /home/hjh/serial_new0122/install/def_msg/include/def_msg/def_msg/action/detail
-- Up-to-date: /home/hjh/serial_new0122/install/def_msg/include/def_msg/def_msg/action/detail/nav_pose__rosidl_typesupport_fastrtps_c.h
-- Installing: /home/hjh/serial_new0122/install/def_msg/lib/libdef_msg__rosidl_typesupport_fastrtps_c.so
-- Set non-toolchain portion of runtime path of "/home/hjh/serial_new0122/install/def_msg/lib/libdef_msg__rosidl_typesupport_fastrtps_c.so" to ""
-- Up-to-date: /home/hjh/serial_new0122/install/def_msg/include/def_msg/def_msg
-- Up-to-date: /home/hjh/serial_new0122/install/def_msg/include/def_msg/def_msg/srv
-- Up-to-date: /home/hjh/serial_new0122/install/def_msg/include/def_msg/def_msg/srv/heart_beat.hpp
-- Up-to-date: /home/hjh/serial_new0122/install/def_msg/include/def_msg/def_msg/srv/detail
-- Up-to-date: /home/hjh/serial_new0122/install/def_msg/include/def_msg/def_msg/srv/detail/controller_mode_set__traits.hpp
-- Up-to-date: /home/hjh/serial_new0122/install/def_msg/include/def_msg/def_msg/srv/detail/controller_mode_set__type_support.hpp
-- Up-to-date: /home/hjh/serial_new0122/install/def_msg/include/def_msg/def_msg/srv/detail/heart_beat__type_support.hpp
-- Up-to-date: /home/hjh/serial_new0122/install/def_msg/include/def_msg/def_msg/srv/detail/heart_beat__struct.hpp
-- Up-to-date: /home/hjh/serial_new0122/install/def_msg/include/def_msg/def_msg/srv/detail/heart_beat__traits.hpp
-- Up-to-date: /home/hjh/serial_new0122/install/def_msg/include/def_msg/def_msg/srv/detail/heart_beat__builder.hpp
-- Up-to-date: /home/hjh/serial_new0122/install/def_msg/include/def_msg/def_msg/srv/detail/controller_mode_set__builder.hpp
-- Up-to-date: /home/hjh/serial_new0122/install/def_msg/include/def_msg/def_msg/srv/detail/controller_mode_set__struct.hpp
-- Up-to-date: /home/hjh/serial_new0122/install/def_msg/include/def_msg/def_msg/srv/controller_mode_set.hpp
-- Up-to-date: /home/hjh/serial_new0122/install/def_msg/include/def_msg/def_msg/msg
-- Up-to-date: /home/hjh/serial_new0122/install/def_msg/include/def_msg/def_msg/msg/gimble_position.hpp
-- Up-to-date: /home/hjh/serial_new0122/install/def_msg/include/def_msg/def_msg/msg/detail
-- Up-to-date: /home/hjh/serial_new0122/install/def_msg/include/def_msg/def_msg/msg/detail/common_control__builder.hpp
-- Up-to-date: /home/hjh/serial_new0122/install/def_msg/include/def_msg/def_msg/msg/detail/common_control__type_support.hpp
-- Up-to-date: /home/hjh/serial_new0122/install/def_msg/include/def_msg/def_msg/msg/detail/gobal_information__type_support.hpp
-- Up-to-date: /home/hjh/serial_new0122/install/def_msg/include/def_msg/def_msg/msg/detail/gimble_control__builder.hpp
-- Up-to-date: /home/hjh/serial_new0122/install/def_msg/include/def_msg/def_msg/msg/detail/gobal_information__struct.hpp
-- Up-to-date: /home/hjh/serial_new0122/install/def_msg/include/def_msg/def_msg/msg/detail/em_control__builder.hpp
-- Up-to-date: /home/hjh/serial_new0122/install/def_msg/include/def_msg/def_msg/msg/detail/em_control__type_support.hpp
-- Up-to-date: /home/hjh/serial_new0122/install/def_msg/include/def_msg/def_msg/msg/detail/gimble_position__struct.hpp
-- Up-to-date: /home/hjh/serial_new0122/install/def_msg/include/def_msg/def_msg/msg/detail/em_control__traits.hpp
-- Up-to-date: /home/hjh/serial_new0122/install/def_msg/include/def_msg/def_msg/msg/detail/gimble_control__struct.hpp
-- Up-to-date: /home/hjh/serial_new0122/install/def_msg/include/def_msg/def_msg/msg/detail/gimble_control__traits.hpp
-- Up-to-date: /home/hjh/serial_new0122/install/def_msg/include/def_msg/def_msg/msg/detail/gimble_position__type_support.hpp
-- Up-to-date: /home/hjh/serial_new0122/install/def_msg/include/def_msg/def_msg/msg/detail/gobal_information__traits.hpp
-- Up-to-date: /home/hjh/serial_new0122/install/def_msg/include/def_msg/def_msg/msg/detail/gobal_information__builder.hpp
-- Up-to-date: /home/hjh/serial_new0122/install/def_msg/include/def_msg/def_msg/msg/detail/common_control__struct.hpp
-- Up-to-date: /home/hjh/serial_new0122/install/def_msg/include/def_msg/def_msg/msg/detail/gimble_position__traits.hpp
-- Up-to-date: /home/hjh/serial_new0122/install/def_msg/include/def_msg/def_msg/msg/detail/gimble_position__builder.hpp
-- Up-to-date: /home/hjh/serial_new0122/install/def_msg/include/def_msg/def_msg/msg/detail/gimble_control__type_support.hpp
-- Up-to-date: /home/hjh/serial_new0122/install/def_msg/include/def_msg/def_msg/msg/detail/em_control__struct.hpp
-- Up-to-date: /home/hjh/serial_new0122/install/def_msg/include/def_msg/def_msg/msg/detail/common_control__traits.hpp
-- Up-to-date: /home/hjh/serial_new0122/install/def_msg/include/def_msg/def_msg/msg/em_control.hpp
-- Up-to-date: /home/hjh/serial_new0122/install/def_msg/include/def_msg/def_msg/msg/gobal_information.hpp
-- Up-to-date: /home/hjh/serial_new0122/install/def_msg/include/def_msg/def_msg/msg/rosidl_generator_cpp__visibility_control.hpp
-- Up-to-date: /home/hjh/serial_new0122/install/def_msg/include/def_msg/def_msg/msg/gimble_control.hpp
-- Up-to-date: /home/hjh/serial_new0122/install/def_msg/include/def_msg/def_msg/msg/common_control.hpp
-- Up-to-date: /home/hjh/serial_new0122/install/def_msg/include/def_msg/def_msg/action
-- Up-to-date: /home/hjh/serial_new0122/install/def_msg/include/def_msg/def_msg/action/detail
-- Up-to-date: /home/hjh/serial_new0122/install/def_msg/include/def_msg/def_msg/action/detail/nav_pose__type_support.hpp
-- Up-to-date: /home/hjh/serial_new0122/install/def_msg/include/def_msg/def_msg/action/detail/nav_pose__struct.hpp
-- Up-to-date: /home/hjh/serial_new0122/install/def_msg/include/def_msg/def_msg/action/detail/nav_pose__traits.hpp
-- Up-to-date: /home/hjh/serial_new0122/install/def_msg/include/def_msg/def_msg/action/detail/nav_pose__builder.hpp
-- Up-to-date: /home/hjh/serial_new0122/install/def_msg/include/def_msg/def_msg/action/nav_pose.hpp
-- Up-to-date: /home/hjh/serial_new0122/install/def_msg/include/def_msg/def_msg
-- Up-to-date: /home/hjh/serial_new0122/install/def_msg/include/def_msg/def_msg/srv
-- Up-to-date: /home/hjh/serial_new0122/install/def_msg/include/def_msg/def_msg/srv/detail
-- Up-to-date: /home/hjh/serial_new0122/install/def_msg/include/def_msg/def_msg/srv/detail/dds_fastrtps
-- Up-to-date: /home/hjh/serial_new0122/install/def_msg/include/def_msg/def_msg/srv/detail/controller_mode_set__rosidl_typesupport_fastrtps_cpp.hpp
-- Up-to-date: /home/hjh/serial_new0122/install/def_msg/include/def_msg/def_msg/srv/detail/heart_beat__rosidl_typesupport_fastrtps_cpp.hpp
-- Up-to-date: /home/hjh/serial_new0122/install/def_msg/include/def_msg/def_msg/msg
-- Up-to-date: /home/hjh/serial_new0122/install/def_msg/include/def_msg/def_msg/msg/detail
-- Up-to-date: /home/hjh/serial_new0122/install/def_msg/include/def_msg/def_msg/msg/detail/dds_fastrtps
-- Up-to-date: /home/hjh/serial_new0122/install/def_msg/include/def_msg/def_msg/msg/detail/em_control__rosidl_typesupport_fastrtps_cpp.hpp
-- Up-to-date: /home/hjh/serial_new0122/install/def_msg/include/def_msg/def_msg/msg/detail/gobal_information__rosidl_typesupport_fastrtps_cpp.hpp
-- Up-to-date: /home/hjh/serial_new0122/install/def_msg/include/def_msg/def_msg/msg/detail/gimble_position__rosidl_typesupport_fastrtps_cpp.hpp
-- Up-to-date: /home/hjh/serial_new0122/install/def_msg/include/def_msg/def_msg/msg/detail/common_control__rosidl_typesupport_fastrtps_cpp.hpp
-- Up-to-date: /home/hjh/serial_new0122/install/def_msg/include/def_msg/def_msg/msg/detail/gimble_control__rosidl_typesupport_fastrtps_cpp.hpp
-- Up-to-date: /home/hjh/serial_new0122/install/def_msg/include/def_msg/def_msg/msg/rosidl_typesupport_fastrtps_cpp__visibility_control.h
-- Up-to-date: /home/hjh/serial_new0122/install/def_msg/include/def_msg/def_msg/action
-- Up-to-date: /home/hjh/serial_new0122/install/def_msg/include/def_msg/def_msg/action/detail
-- Up-to-date: /home/hjh/serial_new0122/install/def_msg/include/def_msg/def_msg/action/detail/dds_fastrtps
-- Up-to-date: /home/hjh/serial_new0122/install/def_msg/include/def_msg/def_msg/action/detail/nav_pose__rosidl_typesupport_fastrtps_cpp.hpp
-- Installing: /home/hjh/serial_new0122/install/def_msg/lib/libdef_msg__rosidl_typesupport_fastrtps_cpp.so
-- Set non-toolchain portion of runtime path of "/home/hjh/serial_new0122/install/def_msg/lib/libdef_msg__rosidl_typesupport_fastrtps_cpp.so" to ""
-- Up-to-date: /home/hjh/serial_new0122/install/def_msg/include/def_msg/def_msg
-- Up-to-date: /home/hjh/serial_new0122/install/def_msg/include/def_msg/def_msg/srv
-- Up-to-date: /home/hjh/serial_new0122/install/def_msg/include/def_msg/def_msg/srv/detail
-- Up-to-date: /home/hjh/serial_new0122/install/def_msg/include/def_msg/def_msg/srv/detail/heart_beat__type_support.c
-- Up-to-date: /home/hjh/serial_new0122/install/def_msg/include/def_msg/def_msg/srv/detail/controller_mode_set__rosidl_typesupport_introspection_c.h
-- Up-to-date: /home/hjh/serial_new0122/install/def_msg/include/def_msg/def_msg/srv/detail/controller_mode_set__type_support.c
-- Up-to-date: /home/hjh/serial_new0122/install/def_msg/include/def_msg/def_msg/srv/detail/heart_beat__rosidl_typesupport_introspection_c.h
-- Up-to-date: /home/hjh/serial_new0122/install/def_msg/include/def_msg/def_msg/msg
-- Up-to-date: /home/hjh/serial_new0122/install/def_msg/include/def_msg/def_msg/msg/detail
-- Up-to-date: /home/hjh/serial_new0122/install/def_msg/include/def_msg/def_msg/msg/detail/common_control__rosidl_typesupport_introspection_c.h
-- Up-to-date: /home/hjh/serial_new0122/install/def_msg/include/def_msg/def_msg/msg/detail/gobal_information__type_support.c
-- Up-to-date: /home/hjh/serial_new0122/install/def_msg/include/def_msg/def_msg/msg/detail/common_control__type_support.c
-- Up-to-date: /home/hjh/serial_new0122/install/def_msg/include/def_msg/def_msg/msg/detail/gimble_control__type_support.c
-- Up-to-date: /home/hjh/serial_new0122/install/def_msg/include/def_msg/def_msg/msg/detail/gobal_information__rosidl_typesupport_introspection_c.h
-- Up-to-date: /home/hjh/serial_new0122/install/def_msg/include/def_msg/def_msg/msg/detail/gimble_position__rosidl_typesupport_introspection_c.h
-- Up-to-date: /home/hjh/serial_new0122/install/def_msg/include/def_msg/def_msg/msg/detail/em_control__type_support.c
-- Up-to-date: /home/hjh/serial_new0122/install/def_msg/include/def_msg/def_msg/msg/detail/em_control__rosidl_typesupport_introspection_c.h
-- Up-to-date: /home/hjh/serial_new0122/install/def_msg/include/def_msg/def_msg/msg/detail/gimble_control__rosidl_typesupport_introspection_c.h
-- Up-to-date: /home/hjh/serial_new0122/install/def_msg/include/def_msg/def_msg/msg/detail/gimble_position__type_support.c
-- Up-to-date: /home/hjh/serial_new0122/install/def_msg/include/def_msg/def_msg/msg/rosidl_typesupport_introspection_c__visibility_control.h
-- Up-to-date: /home/hjh/serial_new0122/install/def_msg/include/def_msg/def_msg/action
-- Up-to-date: /home/hjh/serial_new0122/install/def_msg/include/def_msg/def_msg/action/detail
-- Up-to-date: /home/hjh/serial_new0122/install/def_msg/include/def_msg/def_msg/action/detail/nav_pose__type_support.c
-- Up-to-date: /home/hjh/serial_new0122/install/def_msg/include/def_msg/def_msg/action/detail/nav_pose__rosidl_typesupport_introspection_c.h
-- Installing: /home/hjh/serial_new0122/install/def_msg/lib/libdef_msg__rosidl_typesupport_introspection_c.so
-- Set non-toolchain portion of runtime path of "/home/hjh/serial_new0122/install/def_msg/lib/libdef_msg__rosidl_typesupport_introspection_c.so" to ""
-- Installing: /home/hjh/serial_new0122/install/def_msg/lib/libdef_msg__rosidl_typesupport_c.so
-- Set non-toolchain portion of runtime path of "/home/hjh/serial_new0122/install/def_msg/lib/libdef_msg__rosidl_typesupport_c.so" to ""
-- Up-to-date: /home/hjh/serial_new0122/install/def_msg/include/def_msg/def_msg
-- Up-to-date: /home/hjh/serial_new0122/install/def_msg/include/def_msg/def_msg/srv
-- Up-to-date: /home/hjh/serial_new0122/install/def_msg/include/def_msg/def_msg/srv/detail
-- Up-to-date: /home/hjh/serial_new0122/install/def_msg/include/def_msg/def_msg/srv/detail/controller_mode_set__rosidl_typesupport_introspection_cpp.hpp
-- Up-to-date: /home/hjh/serial_new0122/install/def_msg/include/def_msg/def_msg/srv/detail/heart_beat__type_support.cpp
-- Up-to-date: /home/hjh/serial_new0122/install/def_msg/include/def_msg/def_msg/srv/detail/heart_beat__rosidl_typesupport_introspection_cpp.hpp
-- Up-to-date: /home/hjh/serial_new0122/install/def_msg/include/def_msg/def_msg/srv/detail/controller_mode_set__type_support.cpp
-- Up-to-date: /home/hjh/serial_new0122/install/def_msg/include/def_msg/def_msg/msg
-- Up-to-date: /home/hjh/serial_new0122/install/def_msg/include/def_msg/def_msg/msg/detail
-- Up-to-date: /home/hjh/serial_new0122/install/def_msg/include/def_msg/def_msg/msg/detail/gobal_information__rosidl_typesupport_introspection_cpp.hpp
-- Up-to-date: /home/hjh/serial_new0122/install/def_msg/include/def_msg/def_msg/msg/detail/gimble_position__type_support.cpp
-- Up-to-date: /home/hjh/serial_new0122/install/def_msg/include/def_msg/def_msg/msg/detail/gimble_control__rosidl_typesupport_introspection_cpp.hpp
-- Up-to-date: /home/hjh/serial_new0122/install/def_msg/include/def_msg/def_msg/msg/detail/common_control__type_support.cpp
-- Up-to-date: /home/hjh/serial_new0122/install/def_msg/include/def_msg/def_msg/msg/detail/gobal_information__type_support.cpp
-- Up-to-date: /home/hjh/serial_new0122/install/def_msg/include/def_msg/def_msg/msg/detail/em_control__type_support.cpp
-- Up-to-date: /home/hjh/serial_new0122/install/def_msg/include/def_msg/def_msg/msg/detail/em_control__rosidl_typesupport_introspection_cpp.hpp
-- Up-to-date: /home/hjh/serial_new0122/install/def_msg/include/def_msg/def_msg/msg/detail/gimble_position__rosidl_typesupport_introspection_cpp.hpp
-- Up-to-date: /home/hjh/serial_new0122/install/def_msg/include/def_msg/def_msg/msg/detail/gimble_control__type_support.cpp
-- Up-to-date: /home/hjh/serial_new0122/install/def_msg/include/def_msg/def_msg/msg/detail/common_control__rosidl_typesupport_introspection_cpp.hpp
-- Up-to-date: /home/hjh/serial_new0122/install/def_msg/include/def_msg/def_msg/action
-- Up-to-date: /home/hjh/serial_new0122/install/def_msg/include/def_msg/def_msg/action/detail
-- Up-to-date: /home/hjh/serial_new0122/install/def_msg/include/def_msg/def_msg/action/detail/nav_pose__rosidl_typesupport_introspection_cpp.hpp
-- Up-to-date: /home/hjh/serial_new0122/install/def_msg/include/def_msg/def_msg/action/detail/nav_pose__type_support.cpp
-- Installing: /home/hjh/serial_new0122/install/def_msg/lib/libdef_msg__rosidl_typesupport_introspection_cpp.so
-- Set non-toolchain portion of runtime path of "/home/hjh/serial_new0122/install/def_msg/lib/libdef_msg__rosidl_typesupport_introspection_cpp.so" to ""
-- Installing: /home/hjh/serial_new0122/install/def_msg/lib/libdef_msg__rosidl_typesupport_cpp.so
-- Set non-toolchain portion of runtime path of "/home/hjh/serial_new0122/install/def_msg/lib/libdef_msg__rosidl_typesupport_cpp.so" to ""
-- Up-to-date: /home/hjh/serial_new0122/install/def_msg/share/def_msg/environment/pythonpath.sh
-- Up-to-date: /home/hjh/serial_new0122/install/def_msg/share/def_msg/environment/pythonpath.dsv
-- Up-to-date: /home/hjh/serial_new0122/install/def_msg/local/lib/python3.10/dist-packages/def_msg-0.0.0-py3.10.egg-info
-- Installing: /home/hjh/serial_new0122/install/def_msg/local/lib/python3.10/dist-packages/def_msg-0.0.0-py3.10.egg-info/dependency_links.txt
-- Installing: /home/hjh/serial_new0122/install/def_msg/local/lib/python3.10/dist-packages/def_msg-0.0.0-py3.10.egg-info/PKG-INFO
-- Installing: /home/hjh/serial_new0122/install/def_msg/local/lib/python3.10/dist-packages/def_msg-0.0.0-py3.10.egg-info/SOURCES.txt
-- Installing: /home/hjh/serial_new0122/install/def_msg/local/lib/python3.10/dist-packages/def_msg-0.0.0-py3.10.egg-info/top_level.txt
-- Up-to-date: /home/hjh/serial_new0122/install/def_msg/local/lib/python3.10/dist-packages/def_msg
-- Up-to-date: /home/hjh/serial_new0122/install/def_msg/local/lib/python3.10/dist-packages/def_msg/_def_msg_s.ep.rosidl_typesupport_c.c
-- Installing: /home/hjh/serial_new0122/install/def_msg/local/lib/python3.10/dist-packages/def_msg/def_msg_s__rosidl_typesupport_introspection_c.cpython-310-x86_64-linux-gnu.so
-- Installing: /home/hjh/serial_new0122/install/def_msg/local/lib/python3.10/dist-packages/def_msg/def_msg_s__rosidl_typesupport_fastrtps_c.cpython-310-x86_64-linux-gnu.so
-- Up-to-date: /home/hjh/serial_new0122/install/def_msg/local/lib/python3.10/dist-packages/def_msg/_def_msg_s.ep.rosidl_typesupport_introspection_c.c
-- Up-to-date: /home/hjh/serial_new0122/install/def_msg/local/lib/python3.10/dist-packages/def_msg/__init__.py
-- Up-to-date: /home/hjh/serial_new0122/install/def_msg/local/lib/python3.10/dist-packages/def_msg/srv
-- Up-to-date: /home/hjh/serial_new0122/install/def_msg/local/lib/python3.10/dist-packages/def_msg/srv/_heart_beat.py
-- Up-to-date: /home/hjh/serial_new0122/install/def_msg/local/lib/python3.10/dist-packages/def_msg/srv/_controller_mode_set.py
-- Up-to-date: /home/hjh/serial_new0122/install/def_msg/local/lib/python3.10/dist-packages/def_msg/srv/_heart_beat_s.c
-- Up-to-date: /home/hjh/serial_new0122/install/def_msg/local/lib/python3.10/dist-packages/def_msg/srv/_controller_mode_set_s.c
-- Up-to-date: /home/hjh/serial_new0122/install/def_msg/local/lib/python3.10/dist-packages/def_msg/srv/__init__.py
-- Up-to-date: /home/hjh/serial_new0122/install/def_msg/local/lib/python3.10/dist-packages/def_msg/_def_msg_s.ep.rosidl_typesupport_fastrtps_c.c
-- Installing: /home/hjh/serial_new0122/install/def_msg/local/lib/python3.10/dist-packages/def_msg/def_msg_s__rosidl_typesupport_c.cpython-310-x86_64-linux-gnu.so
-- Installing: /home/hjh/serial_new0122/install/def_msg/local/lib/python3.10/dist-packages/def_msg/libdef_msg__rosidl_generator_py.so
-- Up-to-date: /home/hjh/serial_new0122/install/def_msg/local/lib/python3.10/dist-packages/def_msg/msg
-- Up-to-date: /home/hjh/serial_new0122/install/def_msg/local/lib/python3.10/dist-packages/def_msg/msg/_gobal_information_s.c
-- Up-to-date: /home/hjh/serial_new0122/install/def_msg/local/lib/python3.10/dist-packages/def_msg/msg/_common_control.py
-- Up-to-date: /home/hjh/serial_new0122/install/def_msg/local/lib/python3.10/dist-packages/def_msg/msg/_gimble_control_s.c
-- Up-to-date: /home/hjh/serial_new0122/install/def_msg/local/lib/python3.10/dist-packages/def_msg/msg/_gimble_position_s.c
-- Up-to-date: /home/hjh/serial_new0122/install/def_msg/local/lib/python3.10/dist-packages/def_msg/msg/__init__.py
-- Up-to-date: /home/hjh/serial_new0122/install/def_msg/local/lib/python3.10/dist-packages/def_msg/msg/_common_control_s.c
-- Up-to-date: /home/hjh/serial_new0122/install/def_msg/local/lib/python3.10/dist-packages/def_msg/msg/_gobal_information.py
-- Up-to-date: /home/hjh/serial_new0122/install/def_msg/local/lib/python3.10/dist-packages/def_msg/msg/_gimble_position.py
-- Up-to-date: /home/hjh/serial_new0122/install/def_msg/local/lib/python3.10/dist-packages/def_msg/msg/_em_control.py
-- Up-to-date: /home/hjh/serial_new0122/install/def_msg/local/lib/python3.10/dist-packages/def_msg/msg/_em_control_s.c
-- Up-to-date: /home/hjh/serial_new0122/install/def_msg/local/lib/python3.10/dist-packages/def_msg/msg/_gimble_control.py
-- Up-to-date: /home/hjh/serial_new0122/install/def_msg/local/lib/python3.10/dist-packages/def_msg/action
-- Up-to-date: /home/hjh/serial_new0122/install/def_msg/local/lib/python3.10/dist-packages/def_msg/action/__init__.py
-- Up-to-date: /home/hjh/serial_new0122/install/def_msg/local/lib/python3.10/dist-packages/def_msg/action/_nav_pose_s.c
-- Up-to-date: /home/hjh/serial_new0122/install/def_msg/local/lib/python3.10/dist-packages/def_msg/action/_nav_pose.py
Listing '/home/hjh/serial_new0122/install/def_msg/local/lib/python3.10/dist-packages/def_msg'...
Listing '/home/hjh/serial_new0122/install/def_msg/local/lib/python3.10/dist-packages/def_msg/action'...
Listing '/home/hjh/serial_new0122/install/def_msg/local/lib/python3.10/dist-packages/def_msg/msg'...
Listing '/home/hjh/serial_new0122/install/def_msg/local/lib/python3.10/dist-packages/def_msg/srv'...
-- Installing: /home/hjh/serial_new0122/install/def_msg/local/lib/python3.10/dist-packages/def_msg/def_msg_s__rosidl_typesupport_fastrtps_c.cpython-310-x86_64-linux-gnu.so
-- Set non-toolchain portion of runtime path of "/home/hjh/serial_new0122/install/def_msg/local/lib/python3.10/dist-packages/def_msg/def_msg_s__rosidl_typesupport_fastrtps_c.cpython-310-x86_64-linux-gnu.so" to ""
-- Installing: /home/hjh/serial_new0122/install/def_msg/local/lib/python3.10/dist-packages/def_msg/def_msg_s__rosidl_typesupport_introspection_c.cpython-310-x86_64-linux-gnu.so
-- Set non-toolchain portion of runtime path of "/home/hjh/serial_new0122/install/def_msg/local/lib/python3.10/dist-packages/def_msg/def_msg_s__rosidl_typesupport_introspection_c.cpython-310-x86_64-linux-gnu.so" to ""
-- Installing: /home/hjh/serial_new0122/install/def_msg/local/lib/python3.10/dist-packages/def_msg/def_msg_s__rosidl_typesupport_c.cpython-310-x86_64-linux-gnu.so
-- Set non-toolchain portion of runtime path of "/home/hjh/serial_new0122/install/def_msg/local/lib/python3.10/dist-packages/def_msg/def_msg_s__rosidl_typesupport_c.cpython-310-x86_64-linux-gnu.so" to ""
-- Installing: /home/hjh/serial_new0122/install/def_msg/lib/libdef_msg__rosidl_generator_py.so
-- Set non-toolchain portion of runtime path of "/home/hjh/serial_new0122/install/def_msg/lib/libdef_msg__rosidl_generator_py.so" to ""
-- Up-to-date: /home/hjh/serial_new0122/install/def_msg/share/def_msg/msg/GobalInformation.idl
-- Up-to-date: /home/hjh/serial_new0122/install/def_msg/share/def_msg/msg/GimbleControl.idl
-- Up-to-date: /home/hjh/serial_new0122/install/def_msg/share/def_msg/msg/CommonControl.idl
-- Up-to-date: /home/hjh/serial_new0122/install/def_msg/share/def_msg/msg/EmControl.idl
-- Up-to-date: /home/hjh/serial_new0122/install/def_msg/share/def_msg/msg/GimblePosition.idl
-- Up-to-date: /home/hjh/serial_new0122/install/def_msg/share/def_msg/srv/ControllerModeSet.idl
-- Up-to-date: /home/hjh/serial_new0122/install/def_msg/share/def_msg/srv/HeartBeat.idl
-- Up-to-date: /home/hjh/serial_new0122/install/def_msg/share/def_msg/action/NavPose.idl
-- Up-to-date: /home/hjh/serial_new0122/install/def_msg/share/def_msg/msg/GobalInformation.msg
-- Up-to-date: /home/hjh/serial_new0122/install/def_msg/share/def_msg/msg/GimbleControl.msg
-- Up-to-date: /home/hjh/serial_new0122/install/def_msg/share/def_msg/msg/CommonControl.msg
-- Up-to-date: /home/hjh/serial_new0122/install/def_msg/share/def_msg/msg/EmControl.msg
-- Up-to-date: /home/hjh/serial_new0122/install/def_msg/share/def_msg/msg/GimblePosition.msg
-- Up-to-date: /home/hjh/serial_new0122/install/def_msg/share/def_msg/srv/ControllerModeSet.srv
-- Up-to-date: /home/hjh/serial_new0122/install/def_msg/share/def_msg/srv/ControllerModeSet_Request.msg
-- Up-to-date: /home/hjh/serial_new0122/install/def_msg/share/def_msg/srv/ControllerModeSet_Response.msg
-- Up-to-date: /home/hjh/serial_new0122/install/def_msg/share/def_msg/srv/HeartBeat.srv
-- Up-to-date: /home/hjh/serial_new0122/install/def_msg/share/def_msg/srv/HeartBeat_Request.msg
-- Up-to-date: /home/hjh/serial_new0122/install/def_msg/share/def_msg/srv/HeartBeat_Response.msg
-- Up-to-date: /home/hjh/serial_new0122/install/def_msg/share/def_msg/action/NavPose.action
-- Up-to-date: /home/hjh/serial_new0122/install/def_msg/share/ament_index/resource_index/package_run_dependencies/def_msg
-- Up-to-date: /home/hjh/serial_new0122/install/def_msg/share/ament_index/resource_index/parent_prefix_path/def_msg
-- Up-to-date: /home/hjh/serial_new0122/install/def_msg/share/def_msg/environment/ament_prefix_path.sh
-- Up-to-date: /home/hjh/serial_new0122/install/def_msg/share/def_msg/environment/ament_prefix_path.dsv
-- Up-to-date: /home/hjh/serial_new0122/install/def_msg/share/def_msg/environment/path.sh
-- Up-to-date: /home/hjh/serial_new0122/install/def_msg/share/def_msg/environment/path.dsv
-- Up-to-date: /home/hjh/serial_new0122/install/def_msg/share/def_msg/local_setup.bash
-- Up-to-date: /home/hjh/serial_new0122/install/def_msg/share/def_msg/local_setup.sh
-- Up-to-date: /home/hjh/serial_new0122/install/def_msg/share/def_msg/local_setup.zsh
-- Up-to-date: /home/hjh/serial_new0122/install/def_msg/share/def_msg/local_setup.dsv
-- Installing: /home/hjh/serial_new0122/install/def_msg/share/def_msg/package.dsv
-- Up-to-date: /home/hjh/serial_new0122/install/def_msg/share/ament_index/resource_index/packages/def_msg
-- Up-to-date: /home/hjh/serial_new0122/install/def_msg/share/def_msg/cmake/export_def_msg__rosidl_generator_cExport.cmake
-- Up-to-date: /home/hjh/serial_new0122/install/def_msg/share/def_msg/cmake/export_def_msg__rosidl_generator_cExport-noconfig.cmake
-- Up-to-date: /home/hjh/serial_new0122/install/def_msg/share/def_msg/cmake/export_def_msg__rosidl_typesupport_fastrtps_cExport.cmake
-- Up-to-date: /home/hjh/serial_new0122/install/def_msg/share/def_msg/cmake/export_def_msg__rosidl_typesupport_fastrtps_cExport-noconfig.cmake
-- Up-to-date: /home/hjh/serial_new0122/install/def_msg/share/def_msg/cmake/export_def_msg__rosidl_generator_cppExport.cmake
-- Up-to-date: /home/hjh/serial_new0122/install/def_msg/share/def_msg/cmake/export_def_msg__rosidl_typesupport_fastrtps_cppExport.cmake
-- Up-to-date: /home/hjh/serial_new0122/install/def_msg/share/def_msg/cmake/export_def_msg__rosidl_typesupport_fastrtps_cppExport-noconfig.cmake
-- Up-to-date: /home/hjh/serial_new0122/install/def_msg/share/def_msg/cmake/def_msg__rosidl_typesupport_introspection_cExport.cmake
-- Up-to-date: /home/hjh/serial_new0122/install/def_msg/share/def_msg/cmake/def_msg__rosidl_typesupport_introspection_cExport-noconfig.cmake
-- Up-to-date: /home/hjh/serial_new0122/install/def_msg/share/def_msg/cmake/def_msg__rosidl_typesupport_cExport.cmake
-- Up-to-date: /home/hjh/serial_new0122/install/def_msg/share/def_msg/cmake/def_msg__rosidl_typesupport_cExport-noconfig.cmake
-- Up-to-date: /home/hjh/serial_new0122/install/def_msg/share/def_msg/cmake/def_msg__rosidl_typesupport_introspection_cppExport.cmake
-- Up-to-date: /home/hjh/serial_new0122/install/def_msg/share/def_msg/cmake/def_msg__rosidl_typesupport_introspection_cppExport-noconfig.cmake
-- Up-to-date: /home/hjh/serial_new0122/install/def_msg/share/def_msg/cmake/def_msg__rosidl_typesupport_cppExport.cmake
-- Up-to-date: /home/hjh/serial_new0122/install/def_msg/share/def_msg/cmake/def_msg__rosidl_typesupport_cppExport-noconfig.cmake
-- Up-to-date: /home/hjh/serial_new0122/install/def_msg/share/def_msg/cmake/export_def_msg__rosidl_generator_pyExport.cmake
-- Up-to-date: /home/hjh/serial_new0122/install/def_msg/share/def_msg/cmake/export_def_msg__rosidl_generator_pyExport-noconfig.cmake
-- Up-to-date: /home/hjh/serial_new0122/install/def_msg/share/def_msg/cmake/rosidl_cmake-extras.cmake
-- Up-to-date: /home/hjh/serial_new0122/install/def_msg/share/def_msg/cmake/ament_cmake_export_dependencies-extras.cmake
-- Up-to-date: /home/hjh/serial_new0122/install/def_msg/share/def_msg/cmake/ament_cmake_export_include_directories-extras.cmake
-- Up-to-date: /home/hjh/serial_new0122/install/def_msg/share/def_msg/cmake/ament_cmake_export_libraries-extras.cmake
-- Up-to-date: /home/hjh/serial_new0122/install/def_msg/share/def_msg/cmake/ament_cmake_export_targets-extras.cmake
-- Up-to-date: /home/hjh/serial_new0122/install/def_msg/share/def_msg/cmake/rosidl_cmake_export_typesupport_targets-extras.cmake
-- Up-to-date: /home/hjh/serial_new0122/install/def_msg/share/def_msg/cmake/rosidl_cmake_export_typesupport_libraries-extras.cmake
-- Up-to-date: /home/hjh/serial_new0122/install/def_msg/share/def_msg/cmake/def_msgConfig.cmake
-- Up-to-date: /home/hjh/serial_new0122/install/def_msg/share/def_msg/cmake/def_msgConfig-version.cmake
-- Up-to-date: /home/hjh/serial_new0122/install/def_msg/share/def_msg/package.xml
