[0.011s] Invoking command in '/home/hjh/serial_new0122/build/def_msg': CMAKE_PREFIX_PATH=/opt/ros/humble /usr/bin/cmake --build /home/hjh/serial_new0122/build/def_msg -- -j16 -l16
[0.085s] [  1%] Built target def_msg__cpp
[0.097s] [  3%] [32mBuilding C object CMakeFiles/def_msg__rosidl_generator_c.dir/rosidl_generator_c/def_msg/msg/detail/gimble_control__functions.c.o[0m
[0.098s] [  3%] [32mBuilding C object CMakeFiles/def_msg__rosidl_generator_c.dir/rosidl_generator_c/def_msg/msg/detail/gobal_information__functions.c.o[0m
[0.099s] [  4%] [32mBuilding C object CMakeFiles/def_msg__rosidl_generator_c.dir/rosidl_generator_c/def_msg/msg/detail/em_control__functions.c.o[0m
[0.099s] [  5%] [32mBuilding C object CMakeFiles/def_msg__rosidl_generator_c.dir/rosidl_generator_c/def_msg/msg/detail/common_control__functions.c.o[0m
[0.100s] [  6%] [32mBuilding C object CMakeFiles/def_msg__rosidl_generator_c.dir/rosidl_generator_c/def_msg/msg/detail/gimble_position__functions.c.o[0m
[0.100s] [  8%] [32mBuilding C object CMakeFiles/def_msg__rosidl_generator_c.dir/rosidl_generator_c/def_msg/srv/detail/controller_mode_set__functions.c.o[0m
[0.104s] [  9%] [32mBuilding C object CMakeFiles/def_msg__rosidl_generator_c.dir/rosidl_generator_c/def_msg/srv/detail/heart_beat__functions.c.o[0m
[0.104s] [  9%] Built target ament_cmake_python_copy_def_msg
[0.106s] [ 10%] [32mBuilding C object CMakeFiles/def_msg__rosidl_generator_c.dir/rosidl_generator_c/def_msg/action/detail/nav_pose__functions.c.o[0m
[0.139s] [ 11%] [32mBuilding CXX object CMakeFiles/def_msg__rosidl_typesupport_cpp.dir/rosidl_typesupport_cpp/def_msg/msg/gobal_information__type_support.cpp.o[0m
[0.141s] [ 12%] [32mBuilding CXX object CMakeFiles/def_msg__rosidl_typesupport_introspection_cpp.dir/rosidl_typesupport_introspection_cpp/def_msg/msg/detail/gobal_information__type_support.cpp.o[0m
[0.142s] [ 13%] [32mBuilding CXX object CMakeFiles/def_msg__rosidl_typesupport_cpp.dir/rosidl_typesupport_cpp/def_msg/msg/common_control__type_support.cpp.o[0m
[0.145s] [ 14%] [32mBuilding CXX object CMakeFiles/def_msg__rosidl_typesupport_cpp.dir/rosidl_typesupport_cpp/def_msg/msg/em_control__type_support.cpp.o[0m
[0.145s] [ 16%] [32mBuilding CXX object CMakeFiles/def_msg__rosidl_typesupport_introspection_cpp.dir/rosidl_typesupport_introspection_cpp/def_msg/msg/detail/gimble_control__type_support.cpp.o[0m
[0.148s] [ 17%] [32mBuilding CXX object CMakeFiles/def_msg__rosidl_typesupport_fastrtps_cpp.dir/rosidl_typesupport_fastrtps_cpp/def_msg/msg/detail/dds_fastrtps/gobal_information__type_support.cpp.o[0m
[0.148s] [ 18%] [32mBuilding CXX object CMakeFiles/def_msg__rosidl_typesupport_cpp.dir/rosidl_typesupport_cpp/def_msg/msg/gimble_control__type_support.cpp.o[0m
[0.215s] [ 19%] [32mBuilding CXX object CMakeFiles/def_msg__rosidl_typesupport_introspection_cpp.dir/rosidl_typesupport_introspection_cpp/def_msg/msg/detail/common_control__type_support.cpp.o[0m
[0.216s] [ 20%] [32mBuilding CXX object CMakeFiles/def_msg__rosidl_typesupport_fastrtps_cpp.dir/rosidl_typesupport_fastrtps_cpp/def_msg/msg/detail/dds_fastrtps/gimble_control__type_support.cpp.o[0m
[0.217s] [ 21%] [32mBuilding CXX object CMakeFiles/def_msg__rosidl_typesupport_fastrtps_cpp.dir/rosidl_typesupport_fastrtps_cpp/def_msg/msg/detail/dds_fastrtps/common_control__type_support.cpp.o[0m
[0.219s] [ 22%] [32mBuilding CXX object CMakeFiles/def_msg__rosidl_typesupport_cpp.dir/rosidl_typesupport_cpp/def_msg/msg/gimble_position__type_support.cpp.o[0m
[0.220s] [ 24%] [32mBuilding CXX object CMakeFiles/def_msg__rosidl_typesupport_fastrtps_cpp.dir/rosidl_typesupport_fastrtps_cpp/def_msg/msg/detail/dds_fastrtps/em_control__type_support.cpp.o[0m
[0.228s] [ 25%] [32mBuilding CXX object CMakeFiles/def_msg__rosidl_typesupport_cpp.dir/rosidl_typesupport_cpp/def_msg/srv/controller_mode_set__type_support.cpp.o[0m
[0.239s] [ 26%] [32mBuilding CXX object CMakeFiles/def_msg__rosidl_typesupport_cpp.dir/rosidl_typesupport_cpp/def_msg/srv/heart_beat__type_support.cpp.o[0m
[0.411s] [ 27%] [1m[32mLinking C shared library libdef_msg__rosidl_generator_c.so[0m
[0.460s] running egg_info
[0.461s] writing def_msg.egg-info/PKG-INFO
[0.461s] writing dependency_links to def_msg.egg-info/dependency_links.txt
[0.461s] writing top-level names to def_msg.egg-info/top_level.txt
[0.472s] reading manifest file 'def_msg.egg-info/SOURCES.txt'
[0.473s] writing manifest file 'def_msg.egg-info/SOURCES.txt'
[0.486s] [ 28%] Built target def_msg__rosidl_generator_c
[0.543s] [ 29%] [32mBuilding CXX object CMakeFiles/def_msg__rosidl_typesupport_fastrtps_c.dir/rosidl_typesupport_fastrtps_c/def_msg/msg/detail/gobal_information__type_support_c.cpp.o[0m
[0.547s] [ 29%] Built target ament_cmake_python_build_def_msg_egg
[0.551s] [ 31%] [32mBuilding CXX object CMakeFiles/def_msg__rosidl_typesupport_fastrtps_c.dir/rosidl_typesupport_fastrtps_c/def_msg/msg/detail/gimble_control__type_support_c.cpp.o[0m
[0.689s] [ 32%] [32mBuilding CXX object CMakeFiles/def_msg__rosidl_typesupport_fastrtps_c.dir/rosidl_typesupport_fastrtps_c/def_msg/msg/detail/common_control__type_support_c.cpp.o[0m
[0.732s] [ 33%] [32mBuilding C object CMakeFiles/def_msg__rosidl_typesupport_introspection_c.dir/rosidl_typesupport_introspection_c/def_msg/msg/detail/gobal_information__type_support.c.o[0m
[0.733s] [ 34%] [32mBuilding CXX object CMakeFiles/def_msg__rosidl_typesupport_introspection_cpp.dir/rosidl_typesupport_introspection_cpp/def_msg/msg/detail/em_control__type_support.cpp.o[0m
[0.742s] [ 35%] [32mBuilding C object CMakeFiles/def_msg__rosidl_typesupport_introspection_c.dir/rosidl_typesupport_introspection_c/def_msg/msg/detail/gimble_control__type_support.c.o[0m
[0.810s] [ 36%] [32mBuilding CXX object CMakeFiles/def_msg__rosidl_typesupport_introspection_cpp.dir/rosidl_typesupport_introspection_cpp/def_msg/msg/detail/gimble_position__type_support.cpp.o[0m
[0.821s] [ 37%] [32mBuilding C object CMakeFiles/def_msg__rosidl_typesupport_introspection_c.dir/rosidl_typesupport_introspection_c/def_msg/msg/detail/common_control__type_support.c.o[0m
[0.832s] [ 39%] [32mBuilding CXX object CMakeFiles/def_msg__rosidl_typesupport_introspection_cpp.dir/rosidl_typesupport_introspection_cpp/def_msg/srv/detail/controller_mode_set__type_support.cpp.o[0m
[0.881s] [ 40%] [32mBuilding C object CMakeFiles/def_msg__rosidl_typesupport_introspection_c.dir/rosidl_typesupport_introspection_c/def_msg/msg/detail/em_control__type_support.c.o[0m
[0.886s] [ 41%] [32mBuilding CXX object CMakeFiles/def_msg__rosidl_typesupport_introspection_cpp.dir/rosidl_typesupport_introspection_cpp/def_msg/srv/detail/heart_beat__type_support.cpp.o[0m
[0.886s] [ 42%] [32mBuilding C object CMakeFiles/def_msg__rosidl_typesupport_introspection_c.dir/rosidl_typesupport_introspection_c/def_msg/msg/detail/gimble_position__type_support.c.o[0m
[0.906s] [ 43%] [32mBuilding CXX object CMakeFiles/def_msg__rosidl_typesupport_cpp.dir/rosidl_typesupport_cpp/def_msg/action/nav_pose__type_support.cpp.o[0m
[0.945s] [ 44%] [32mBuilding C object CMakeFiles/def_msg__rosidl_typesupport_introspection_c.dir/rosidl_typesupport_introspection_c/def_msg/srv/detail/controller_mode_set__type_support.c.o[0m
[0.957s] [ 45%] [32mBuilding CXX object CMakeFiles/def_msg__rosidl_typesupport_introspection_cpp.dir/rosidl_typesupport_introspection_cpp/def_msg/action/detail/nav_pose__type_support.cpp.o[0m
[0.966s] [ 47%] [32mBuilding CXX object CMakeFiles/def_msg__rosidl_typesupport_fastrtps_c.dir/rosidl_typesupport_fastrtps_c/def_msg/msg/detail/em_control__type_support_c.cpp.o[0m
[0.969s] [ 48%] [32mBuilding CXX object CMakeFiles/def_msg__rosidl_typesupport_c.dir/rosidl_typesupport_c/def_msg/msg/gobal_information__type_support.cpp.o[0m
[0.972s] [ 49%] [32mBuilding CXX object CMakeFiles/def_msg__rosidl_typesupport_c.dir/rosidl_typesupport_c/def_msg/msg/gimble_control__type_support.cpp.o[0m
[0.983s] [ 50%] [32mBuilding C object CMakeFiles/def_msg__rosidl_typesupport_introspection_c.dir/rosidl_typesupport_introspection_c/def_msg/srv/detail/heart_beat__type_support.c.o[0m
[1.006s] [ 51%] [32mBuilding CXX object CMakeFiles/def_msg__rosidl_typesupport_c.dir/rosidl_typesupport_c/def_msg/msg/common_control__type_support.cpp.o[0m
[1.006s] [ 52%] [32mBuilding CXX object CMakeFiles/def_msg__rosidl_typesupport_fastrtps_cpp.dir/rosidl_typesupport_fastrtps_cpp/def_msg/msg/detail/dds_fastrtps/gimble_position__type_support.cpp.o[0m
[1.010s] [ 54%] [32mBuilding CXX object CMakeFiles/def_msg__rosidl_typesupport_c.dir/rosidl_typesupport_c/def_msg/msg/em_control__type_support.cpp.o[0m
[1.025s] [ 55%] [32mBuilding CXX object CMakeFiles/def_msg__rosidl_typesupport_fastrtps_c.dir/rosidl_typesupport_fastrtps_c/def_msg/msg/detail/gimble_position__type_support_c.cpp.o[0m
[1.037s] [ 56%] [32mBuilding C object CMakeFiles/def_msg__rosidl_typesupport_introspection_c.dir/rosidl_typesupport_introspection_c/def_msg/action/detail/nav_pose__type_support.c.o[0m
[1.040s] [ 57%] [32mBuilding CXX object CMakeFiles/def_msg__rosidl_typesupport_c.dir/rosidl_typesupport_c/def_msg/msg/gimble_position__type_support.cpp.o[0m
[1.067s] [ 58%] [32mBuilding CXX object CMakeFiles/def_msg__rosidl_typesupport_fastrtps_c.dir/rosidl_typesupport_fastrtps_c/def_msg/srv/detail/controller_mode_set__type_support_c.cpp.o[0m
[1.103s] [ 60%] [32mBuilding CXX object CMakeFiles/def_msg__rosidl_typesupport_fastrtps_c.dir/rosidl_typesupport_fastrtps_c/def_msg/srv/detail/heart_beat__type_support_c.cpp.o[0m
[1.104s] [ 60%] [32mBuilding CXX object CMakeFiles/def_msg__rosidl_typesupport_c.dir/rosidl_typesupport_c/def_msg/srv/controller_mode_set__type_support.cpp.o[0m
[1.115s] [ 62%] [32mBuilding CXX object CMakeFiles/def_msg__rosidl_typesupport_fastrtps_cpp.dir/rosidl_typesupport_fastrtps_cpp/def_msg/srv/detail/dds_fastrtps/controller_mode_set__type_support.cpp.o[0m
[1.117s] [ 63%] [1m[32mLinking C shared library libdef_msg__rosidl_typesupport_introspection_c.so[0m
[1.138s] [ 64%] [32mBuilding CXX object CMakeFiles/def_msg__rosidl_typesupport_fastrtps_c.dir/rosidl_typesupport_fastrtps_c/def_msg/action/detail/nav_pose__type_support_c.cpp.o[0m
[1.158s] [ 65%] [32mBuilding CXX object CMakeFiles/def_msg__rosidl_typesupport_c.dir/rosidl_typesupport_c/def_msg/srv/heart_beat__type_support.cpp.o[0m
[1.163s] [ 66%] Built target def_msg__rosidl_typesupport_introspection_c
[1.175s] [ 67%] [32mBuilding CXX object CMakeFiles/def_msg__rosidl_typesupport_fastrtps_cpp.dir/rosidl_typesupport_fastrtps_cpp/def_msg/srv/detail/dds_fastrtps/heart_beat__type_support.cpp.o[0m
[1.198s] [ 68%] [32mBuilding CXX object CMakeFiles/def_msg__rosidl_typesupport_c.dir/rosidl_typesupport_c/def_msg/action/nav_pose__type_support.cpp.o[0m
[1.224s] [ 70%] [32mBuilding CXX object CMakeFiles/def_msg__rosidl_typesupport_fastrtps_cpp.dir/rosidl_typesupport_fastrtps_cpp/def_msg/action/detail/dds_fastrtps/nav_pose__type_support.cpp.o[0m
[1.267s] [ 71%] [1m[32mLinking CXX shared library libdef_msg__rosidl_typesupport_c.so[0m
[1.306s] [ 72%] Built target def_msg__rosidl_typesupport_c
[1.452s] [ 73%] [1m[32mLinking CXX shared library libdef_msg__rosidl_typesupport_cpp.so[0m
[1.492s] [ 74%] Built target def_msg__rosidl_typesupport_cpp
[1.588s] [ 75%] [1m[32mLinking CXX shared library libdef_msg__rosidl_typesupport_fastrtps_c.so[0m
[1.588s] [ 77%] [1m[32mLinking CXX shared library libdef_msg__rosidl_typesupport_introspection_cpp.so[0m
[1.660s] [ 78%] Built target def_msg__rosidl_typesupport_introspection_cpp
[1.661s] [ 79%] Built target def_msg__rosidl_typesupport_fastrtps_c
[1.790s] [ 80%] [1m[32mLinking CXX shared library libdef_msg__rosidl_typesupport_fastrtps_cpp.so[0m
[1.841s] [ 81%] Built target def_msg__rosidl_typesupport_fastrtps_cpp
[1.852s] [ 81%] Built target def_msg
[1.868s] [ 82%] Built target def_msg__py
[1.897s] [ 83%] [32mBuilding C object CMakeFiles/def_msg__rosidl_generator_py.dir/rosidl_generator_py/def_msg/msg/_common_control_s.c.o[0m
[1.898s] [ 85%] [32mBuilding C object CMakeFiles/def_msg__rosidl_generator_py.dir/rosidl_generator_py/def_msg/msg/_gobal_information_s.c.o[0m
[1.898s] [ 86%] [32mBuilding C object CMakeFiles/def_msg__rosidl_generator_py.dir/rosidl_generator_py/def_msg/msg/_gimble_control_s.c.o[0m
[1.898s] [ 87%] [32mBuilding C object CMakeFiles/def_msg__rosidl_generator_py.dir/rosidl_generator_py/def_msg/srv/_controller_mode_set_s.c.o[0m
[1.898s] [ 89%] [32mBuilding C object CMakeFiles/def_msg__rosidl_generator_py.dir/rosidl_generator_py/def_msg/srv/_heart_beat_s.c.o[0m
[1.899s] [ 89%] [32mBuilding C object CMakeFiles/def_msg__rosidl_generator_py.dir/rosidl_generator_py/def_msg/msg/_em_control_s.c.o[0m
[1.899s] [ 90%] [32mBuilding C object CMakeFiles/def_msg__rosidl_generator_py.dir/rosidl_generator_py/def_msg/msg/_gimble_position_s.c.o[0m
[1.899s] [ 91%] [32mBuilding C object CMakeFiles/def_msg__rosidl_generator_py.dir/rosidl_generator_py/def_msg/action/_nav_pose_s.c.o[0m
[2.055s] [ 93%] [1m[32mLinking C shared library rosidl_generator_py/def_msg/libdef_msg__rosidl_generator_py.so[0m
[2.095s] [ 93%] Built target def_msg__rosidl_generator_py
[2.113s] [ 96%] [32mBuilding C object CMakeFiles/def_msg__rosidl_typesupport_fastrtps_c__pyext.dir/rosidl_generator_py/def_msg/_def_msg_s.ep.rosidl_typesupport_fastrtps_c.c.o[0m
[2.113s] [ 96%] [32mBuilding C object CMakeFiles/def_msg__rosidl_typesupport_c__pyext.dir/rosidl_generator_py/def_msg/_def_msg_s.ep.rosidl_typesupport_c.c.o[0m
[2.113s] [ 96%] [32mBuilding C object CMakeFiles/def_msg__rosidl_typesupport_introspection_c__pyext.dir/rosidl_generator_py/def_msg/_def_msg_s.ep.rosidl_typesupport_introspection_c.c.o[0m
[2.209s] [ 98%] [1m[32mLinking C shared library rosidl_generator_py/def_msg/def_msg_s__rosidl_typesupport_fastrtps_c.cpython-310-x86_64-linux-gnu.so[0m
[2.209s] [ 98%] [1m[32mLinking C shared library rosidl_generator_py/def_msg/def_msg_s__rosidl_typesupport_c.cpython-310-x86_64-linux-gnu.so[0m
[2.212s] [100%] [1m[32mLinking C shared library rosidl_generator_py/def_msg/def_msg_s__rosidl_typesupport_introspection_c.cpython-310-x86_64-linux-gnu.so[0m
[2.235s] [100%] Built target def_msg__rosidl_typesupport_fastrtps_c__pyext
[2.238s] [100%] Built target def_msg__rosidl_typesupport_introspection_c__pyext
[2.240s] [100%] Built target def_msg__rosidl_typesupport_c__pyext
[2.247s] Invoked command in '/home/hjh/serial_new0122/build/def_msg' returned '0': CMAKE_PREFIX_PATH=/opt/ros/humble /usr/bin/cmake --build /home/hjh/serial_new0122/build/def_msg -- -j16 -l16
[2.249s] Invoking command in '/home/hjh/serial_new0122/build/def_msg': CMAKE_PREFIX_PATH=/opt/ros/humble /usr/bin/cmake --install /home/hjh/serial_new0122/build/def_msg
[2.253s] -- Install configuration: ""
[2.254s] -- Up-to-date: /home/hjh/serial_new0122/install/def_msg/share/ament_index/resource_index/rosidl_interfaces/def_msg
[2.254s] -- Up-to-date: /home/hjh/serial_new0122/install/def_msg/include/def_msg/def_msg
[2.254s] -- Up-to-date: /home/hjh/serial_new0122/install/def_msg/include/def_msg/def_msg/srv
[2.254s] -- Up-to-date: /home/hjh/serial_new0122/install/def_msg/include/def_msg/def_msg/srv/detail
[2.254s] -- Up-to-date: /home/hjh/serial_new0122/install/def_msg/include/def_msg/def_msg/srv/detail/controller_mode_set__functions.h
[2.254s] -- Up-to-date: /home/hjh/serial_new0122/install/def_msg/include/def_msg/def_msg/srv/detail/controller_mode_set__struct.h
[2.254s] -- Up-to-date: /home/hjh/serial_new0122/install/def_msg/include/def_msg/def_msg/srv/detail/heart_beat__functions.h
[2.254s] -- Up-to-date: /home/hjh/serial_new0122/install/def_msg/include/def_msg/def_msg/srv/detail/controller_mode_set__type_support.h
[2.254s] -- Up-to-date: /home/hjh/serial_new0122/install/def_msg/include/def_msg/def_msg/srv/detail/controller_mode_set__functions.c
[2.255s] -- Up-to-date: /home/hjh/serial_new0122/install/def_msg/include/def_msg/def_msg/srv/detail/heart_beat__struct.h
[2.255s] -- Up-to-date: /home/hjh/serial_new0122/install/def_msg/include/def_msg/def_msg/srv/detail/heart_beat__functions.c
[2.255s] -- Up-to-date: /home/hjh/serial_new0122/install/def_msg/include/def_msg/def_msg/srv/detail/heart_beat__type_support.h
[2.255s] -- Up-to-date: /home/hjh/serial_new0122/install/def_msg/include/def_msg/def_msg/srv/controller_mode_set.h
[2.255s] -- Up-to-date: /home/hjh/serial_new0122/install/def_msg/include/def_msg/def_msg/srv/heart_beat.h
[2.255s] -- Up-to-date: /home/hjh/serial_new0122/install/def_msg/include/def_msg/def_msg/msg
[2.255s] -- Up-to-date: /home/hjh/serial_new0122/install/def_msg/include/def_msg/def_msg/msg/rosidl_generator_c__visibility_control.h
[2.255s] -- Up-to-date: /home/hjh/serial_new0122/install/def_msg/include/def_msg/def_msg/msg/gimble_control.h
[2.255s] -- Up-to-date: /home/hjh/serial_new0122/install/def_msg/include/def_msg/def_msg/msg/em_control.h
[2.255s] -- Up-to-date: /home/hjh/serial_new0122/install/def_msg/include/def_msg/def_msg/msg/detail
[2.255s] -- Up-to-date: /home/hjh/serial_new0122/install/def_msg/include/def_msg/def_msg/msg/detail/common_control__type_support.h
[2.255s] -- Up-to-date: /home/hjh/serial_new0122/install/def_msg/include/def_msg/def_msg/msg/detail/gimble_position__struct.h
[2.256s] -- Up-to-date: /home/hjh/serial_new0122/install/def_msg/include/def_msg/def_msg/msg/detail/gobal_information__functions.c
[2.256s] -- Up-to-date: /home/hjh/serial_new0122/install/def_msg/include/def_msg/def_msg/msg/detail/gimble_position__functions.h
[2.256s] -- Up-to-date: /home/hjh/serial_new0122/install/def_msg/include/def_msg/def_msg/msg/detail/em_control__functions.h
[2.256s] -- Up-to-date: /home/hjh/serial_new0122/install/def_msg/include/def_msg/def_msg/msg/detail/common_control__struct.h
[2.256s] -- Up-to-date: /home/hjh/serial_new0122/install/def_msg/include/def_msg/def_msg/msg/detail/gimble_position__type_support.h
[2.256s] -- Up-to-date: /home/hjh/serial_new0122/install/def_msg/include/def_msg/def_msg/msg/detail/em_control__type_support.h
[2.256s] -- Up-to-date: /home/hjh/serial_new0122/install/def_msg/include/def_msg/def_msg/msg/detail/gimble_control__struct.h
[2.256s] -- Up-to-date: /home/hjh/serial_new0122/install/def_msg/include/def_msg/def_msg/msg/detail/gobal_information__struct.h
[2.257s] -- Up-to-date: /home/hjh/serial_new0122/install/def_msg/include/def_msg/def_msg/msg/detail/em_control__struct.h
[2.257s] -- Up-to-date: /home/hjh/serial_new0122/install/def_msg/include/def_msg/def_msg/msg/detail/gimble_control__functions.h
[2.257s] -- Up-to-date: /home/hjh/serial_new0122/install/def_msg/include/def_msg/def_msg/msg/detail/common_control__functions.h
[2.257s] -- Up-to-date: /home/hjh/serial_new0122/install/def_msg/include/def_msg/def_msg/msg/detail/em_control__functions.c
[2.257s] -- Up-to-date: /home/hjh/serial_new0122/install/def_msg/include/def_msg/def_msg/msg/detail/gobal_information__functions.h
[2.257s] -- Up-to-date: /home/hjh/serial_new0122/install/def_msg/include/def_msg/def_msg/msg/detail/gimble_control__functions.c
[2.257s] -- Up-to-date: /home/hjh/serial_new0122/install/def_msg/include/def_msg/def_msg/msg/detail/gimble_control__type_support.h
[2.257s] -- Up-to-date: /home/hjh/serial_new0122/install/def_msg/include/def_msg/def_msg/msg/detail/gobal_information__type_support.h
[2.257s] -- Up-to-date: /home/hjh/serial_new0122/install/def_msg/include/def_msg/def_msg/msg/detail/common_control__functions.c
[2.257s] -- Up-to-date: /home/hjh/serial_new0122/install/def_msg/include/def_msg/def_msg/msg/detail/gimble_position__functions.c
[2.258s] -- Up-to-date: /home/hjh/serial_new0122/install/def_msg/include/def_msg/def_msg/msg/common_control.h
[2.258s] -- Up-to-date: /home/hjh/serial_new0122/install/def_msg/include/def_msg/def_msg/msg/gobal_information.h
[2.258s] -- Up-to-date: /home/hjh/serial_new0122/install/def_msg/include/def_msg/def_msg/msg/gimble_position.h
[2.258s] -- Up-to-date: /home/hjh/serial_new0122/install/def_msg/include/def_msg/def_msg/action
[2.258s] -- Up-to-date: /home/hjh/serial_new0122/install/def_msg/include/def_msg/def_msg/action/detail
[2.258s] -- Up-to-date: /home/hjh/serial_new0122/install/def_msg/include/def_msg/def_msg/action/detail/nav_pose__type_support.h
[2.258s] -- Up-to-date: /home/hjh/serial_new0122/install/def_msg/include/def_msg/def_msg/action/detail/nav_pose__struct.h
[2.258s] -- Up-to-date: /home/hjh/serial_new0122/install/def_msg/include/def_msg/def_msg/action/detail/nav_pose__functions.h
[2.258s] -- Up-to-date: /home/hjh/serial_new0122/install/def_msg/include/def_msg/def_msg/action/detail/nav_pose__functions.c
[2.259s] -- Up-to-date: /home/hjh/serial_new0122/install/def_msg/include/def_msg/def_msg/action/nav_pose.h
[2.259s] -- Up-to-date: /home/hjh/serial_new0122/install/def_msg/share/def_msg/environment/library_path.sh
[2.259s] -- Up-to-date: /home/hjh/serial_new0122/install/def_msg/share/def_msg/environment/library_path.dsv
[2.259s] -- Installing: /home/hjh/serial_new0122/install/def_msg/lib/libdef_msg__rosidl_generator_c.so
[2.259s] -- Set non-toolchain portion of runtime path of "/home/hjh/serial_new0122/install/def_msg/lib/libdef_msg__rosidl_generator_c.so" to ""
[2.259s] -- Up-to-date: /home/hjh/serial_new0122/install/def_msg/include/def_msg/def_msg
[2.259s] -- Up-to-date: /home/hjh/serial_new0122/install/def_msg/include/def_msg/def_msg/srv
[2.259s] -- Up-to-date: /home/hjh/serial_new0122/install/def_msg/include/def_msg/def_msg/srv/detail
[2.259s] -- Up-to-date: /home/hjh/serial_new0122/install/def_msg/include/def_msg/def_msg/srv/detail/controller_mode_set__rosidl_typesupport_fastrtps_c.h
[2.259s] -- Up-to-date: /home/hjh/serial_new0122/install/def_msg/include/def_msg/def_msg/srv/detail/heart_beat__rosidl_typesupport_fastrtps_c.h
[2.259s] -- Up-to-date: /home/hjh/serial_new0122/install/def_msg/include/def_msg/def_msg/msg
[2.260s] -- Up-to-date: /home/hjh/serial_new0122/install/def_msg/include/def_msg/def_msg/msg/detail
[2.260s] -- Up-to-date: /home/hjh/serial_new0122/install/def_msg/include/def_msg/def_msg/msg/detail/gimble_control__rosidl_typesupport_fastrtps_c.h
[2.260s] -- Up-to-date: /home/hjh/serial_new0122/install/def_msg/include/def_msg/def_msg/msg/detail/gimble_position__rosidl_typesupport_fastrtps_c.h
[2.260s] -- Up-to-date: /home/hjh/serial_new0122/install/def_msg/include/def_msg/def_msg/msg/detail/em_control__rosidl_typesupport_fastrtps_c.h
[2.260s] -- Up-to-date: /home/hjh/serial_new0122/install/def_msg/include/def_msg/def_msg/msg/detail/gobal_information__rosidl_typesupport_fastrtps_c.h
[2.260s] -- Up-to-date: /home/hjh/serial_new0122/install/def_msg/include/def_msg/def_msg/msg/detail/common_control__rosidl_typesupport_fastrtps_c.h
[2.260s] -- Up-to-date: /home/hjh/serial_new0122/install/def_msg/include/def_msg/def_msg/msg/rosidl_typesupport_fastrtps_c__visibility_control.h
[2.260s] -- Up-to-date: /home/hjh/serial_new0122/install/def_msg/include/def_msg/def_msg/action
[2.260s] -- Up-to-date: /home/hjh/serial_new0122/install/def_msg/include/def_msg/def_msg/action/detail
[2.260s] -- Up-to-date: /home/hjh/serial_new0122/install/def_msg/include/def_msg/def_msg/action/detail/nav_pose__rosidl_typesupport_fastrtps_c.h
[2.260s] -- Installing: /home/hjh/serial_new0122/install/def_msg/lib/libdef_msg__rosidl_typesupport_fastrtps_c.so
[2.260s] -- Set non-toolchain portion of runtime path of "/home/hjh/serial_new0122/install/def_msg/lib/libdef_msg__rosidl_typesupport_fastrtps_c.so" to ""
[2.260s] -- Up-to-date: /home/hjh/serial_new0122/install/def_msg/include/def_msg/def_msg
[2.260s] -- Up-to-date: /home/hjh/serial_new0122/install/def_msg/include/def_msg/def_msg/srv
[2.260s] -- Up-to-date: /home/hjh/serial_new0122/install/def_msg/include/def_msg/def_msg/srv/heart_beat.hpp
[2.261s] -- Up-to-date: /home/hjh/serial_new0122/install/def_msg/include/def_msg/def_msg/srv/detail
[2.261s] -- Up-to-date: /home/hjh/serial_new0122/install/def_msg/include/def_msg/def_msg/srv/detail/controller_mode_set__traits.hpp
[2.261s] -- Up-to-date: /home/hjh/serial_new0122/install/def_msg/include/def_msg/def_msg/srv/detail/controller_mode_set__type_support.hpp
[2.261s] -- Up-to-date: /home/hjh/serial_new0122/install/def_msg/include/def_msg/def_msg/srv/detail/heart_beat__type_support.hpp
[2.261s] -- Up-to-date: /home/hjh/serial_new0122/install/def_msg/include/def_msg/def_msg/srv/detail/heart_beat__struct.hpp
[2.261s] -- Up-to-date: /home/hjh/serial_new0122/install/def_msg/include/def_msg/def_msg/srv/detail/heart_beat__traits.hpp
[2.261s] -- Up-to-date: /home/hjh/serial_new0122/install/def_msg/include/def_msg/def_msg/srv/detail/heart_beat__builder.hpp
[2.261s] -- Up-to-date: /home/hjh/serial_new0122/install/def_msg/include/def_msg/def_msg/srv/detail/controller_mode_set__builder.hpp
[2.261s] -- Up-to-date: /home/hjh/serial_new0122/install/def_msg/include/def_msg/def_msg/srv/detail/controller_mode_set__struct.hpp
[2.261s] -- Up-to-date: /home/hjh/serial_new0122/install/def_msg/include/def_msg/def_msg/srv/controller_mode_set.hpp
[2.261s] -- Up-to-date: /home/hjh/serial_new0122/install/def_msg/include/def_msg/def_msg/msg
[2.261s] -- Up-to-date: /home/hjh/serial_new0122/install/def_msg/include/def_msg/def_msg/msg/gimble_position.hpp
[2.261s] -- Up-to-date: /home/hjh/serial_new0122/install/def_msg/include/def_msg/def_msg/msg/detail
[2.261s] -- Up-to-date: /home/hjh/serial_new0122/install/def_msg/include/def_msg/def_msg/msg/detail/common_control__builder.hpp
[2.261s] -- Up-to-date: /home/hjh/serial_new0122/install/def_msg/include/def_msg/def_msg/msg/detail/common_control__type_support.hpp
[2.261s] -- Up-to-date: /home/hjh/serial_new0122/install/def_msg/include/def_msg/def_msg/msg/detail/gobal_information__type_support.hpp
[2.261s] -- Up-to-date: /home/hjh/serial_new0122/install/def_msg/include/def_msg/def_msg/msg/detail/gimble_control__builder.hpp
[2.261s] -- Up-to-date: /home/hjh/serial_new0122/install/def_msg/include/def_msg/def_msg/msg/detail/gobal_information__struct.hpp
[2.261s] -- Up-to-date: /home/hjh/serial_new0122/install/def_msg/include/def_msg/def_msg/msg/detail/em_control__builder.hpp
[2.261s] -- Up-to-date: /home/hjh/serial_new0122/install/def_msg/include/def_msg/def_msg/msg/detail/em_control__type_support.hpp
[2.261s] -- Up-to-date: /home/hjh/serial_new0122/install/def_msg/include/def_msg/def_msg/msg/detail/gimble_position__struct.hpp
[2.261s] -- Up-to-date: /home/hjh/serial_new0122/install/def_msg/include/def_msg/def_msg/msg/detail/em_control__traits.hpp
[2.261s] -- Up-to-date: /home/hjh/serial_new0122/install/def_msg/include/def_msg/def_msg/msg/detail/gimble_control__struct.hpp
[2.261s] -- Up-to-date: /home/hjh/serial_new0122/install/def_msg/include/def_msg/def_msg/msg/detail/gimble_control__traits.hpp
[2.261s] -- Up-to-date: /home/hjh/serial_new0122/install/def_msg/include/def_msg/def_msg/msg/detail/gimble_position__type_support.hpp
[2.261s] -- Up-to-date: /home/hjh/serial_new0122/install/def_msg/include/def_msg/def_msg/msg/detail/gobal_information__traits.hpp
[2.261s] -- Up-to-date: /home/hjh/serial_new0122/install/def_msg/include/def_msg/def_msg/msg/detail/gobal_information__builder.hpp
[2.261s] -- Up-to-date: /home/hjh/serial_new0122/install/def_msg/include/def_msg/def_msg/msg/detail/common_control__struct.hpp
[2.261s] -- Up-to-date: /home/hjh/serial_new0122/install/def_msg/include/def_msg/def_msg/msg/detail/gimble_position__traits.hpp
[2.261s] -- Up-to-date: /home/hjh/serial_new0122/install/def_msg/include/def_msg/def_msg/msg/detail/gimble_position__builder.hpp
[2.261s] -- Up-to-date: /home/hjh/serial_new0122/install/def_msg/include/def_msg/def_msg/msg/detail/gimble_control__type_support.hpp
[2.261s] -- Up-to-date: /home/hjh/serial_new0122/install/def_msg/include/def_msg/def_msg/msg/detail/em_control__struct.hpp
[2.261s] -- Up-to-date: /home/hjh/serial_new0122/install/def_msg/include/def_msg/def_msg/msg/detail/common_control__traits.hpp
[2.261s] -- Up-to-date: /home/hjh/serial_new0122/install/def_msg/include/def_msg/def_msg/msg/em_control.hpp
[2.261s] -- Up-to-date: /home/hjh/serial_new0122/install/def_msg/include/def_msg/def_msg/msg/gobal_information.hpp
[2.261s] -- Up-to-date: /home/hjh/serial_new0122/install/def_msg/include/def_msg/def_msg/msg/rosidl_generator_cpp__visibility_control.hpp
[2.261s] -- Up-to-date: /home/hjh/serial_new0122/install/def_msg/include/def_msg/def_msg/msg/gimble_control.hpp
[2.262s] -- Up-to-date: /home/hjh/serial_new0122/install/def_msg/include/def_msg/def_msg/msg/common_control.hpp
[2.262s] -- Up-to-date: /home/hjh/serial_new0122/install/def_msg/include/def_msg/def_msg/action
[2.262s] -- Up-to-date: /home/hjh/serial_new0122/install/def_msg/include/def_msg/def_msg/action/detail
[2.262s] -- Up-to-date: /home/hjh/serial_new0122/install/def_msg/include/def_msg/def_msg/action/detail/nav_pose__type_support.hpp
[2.262s] -- Up-to-date: /home/hjh/serial_new0122/install/def_msg/include/def_msg/def_msg/action/detail/nav_pose__struct.hpp
[2.262s] -- Up-to-date: /home/hjh/serial_new0122/install/def_msg/include/def_msg/def_msg/action/detail/nav_pose__traits.hpp
[2.262s] -- Up-to-date: /home/hjh/serial_new0122/install/def_msg/include/def_msg/def_msg/action/detail/nav_pose__builder.hpp
[2.262s] -- Up-to-date: /home/hjh/serial_new0122/install/def_msg/include/def_msg/def_msg/action/nav_pose.hpp
[2.262s] -- Up-to-date: /home/hjh/serial_new0122/install/def_msg/include/def_msg/def_msg
[2.262s] -- Up-to-date: /home/hjh/serial_new0122/install/def_msg/include/def_msg/def_msg/srv
[2.262s] -- Up-to-date: /home/hjh/serial_new0122/install/def_msg/include/def_msg/def_msg/srv/detail
[2.262s] -- Up-to-date: /home/hjh/serial_new0122/install/def_msg/include/def_msg/def_msg/srv/detail/dds_fastrtps
[2.262s] -- Up-to-date: /home/hjh/serial_new0122/install/def_msg/include/def_msg/def_msg/srv/detail/controller_mode_set__rosidl_typesupport_fastrtps_cpp.hpp
[2.262s] -- Up-to-date: /home/hjh/serial_new0122/install/def_msg/include/def_msg/def_msg/srv/detail/heart_beat__rosidl_typesupport_fastrtps_cpp.hpp
[2.262s] -- Up-to-date: /home/hjh/serial_new0122/install/def_msg/include/def_msg/def_msg/msg
[2.262s] -- Up-to-date: /home/hjh/serial_new0122/install/def_msg/include/def_msg/def_msg/msg/detail
[2.262s] -- Up-to-date: /home/hjh/serial_new0122/install/def_msg/include/def_msg/def_msg/msg/detail/dds_fastrtps
[2.262s] -- Up-to-date: /home/hjh/serial_new0122/install/def_msg/include/def_msg/def_msg/msg/detail/em_control__rosidl_typesupport_fastrtps_cpp.hpp
[2.262s] -- Up-to-date: /home/hjh/serial_new0122/install/def_msg/include/def_msg/def_msg/msg/detail/gobal_information__rosidl_typesupport_fastrtps_cpp.hpp
[2.262s] -- Up-to-date: /home/hjh/serial_new0122/install/def_msg/include/def_msg/def_msg/msg/detail/gimble_position__rosidl_typesupport_fastrtps_cpp.hpp
[2.262s] -- Up-to-date: /home/hjh/serial_new0122/install/def_msg/include/def_msg/def_msg/msg/detail/common_control__rosidl_typesupport_fastrtps_cpp.hpp
[2.262s] -- Up-to-date: /home/hjh/serial_new0122/install/def_msg/include/def_msg/def_msg/msg/detail/gimble_control__rosidl_typesupport_fastrtps_cpp.hpp
[2.262s] -- Up-to-date: /home/hjh/serial_new0122/install/def_msg/include/def_msg/def_msg/msg/rosidl_typesupport_fastrtps_cpp__visibility_control.h
[2.262s] -- Up-to-date: /home/hjh/serial_new0122/install/def_msg/include/def_msg/def_msg/action
[2.262s] -- Up-to-date: /home/hjh/serial_new0122/install/def_msg/include/def_msg/def_msg/action/detail
[2.262s] -- Up-to-date: /home/hjh/serial_new0122/install/def_msg/include/def_msg/def_msg/action/detail/dds_fastrtps
[2.262s] -- Up-to-date: /home/hjh/serial_new0122/install/def_msg/include/def_msg/def_msg/action/detail/nav_pose__rosidl_typesupport_fastrtps_cpp.hpp
[2.262s] -- Installing: /home/hjh/serial_new0122/install/def_msg/lib/libdef_msg__rosidl_typesupport_fastrtps_cpp.so
[2.262s] -- Set non-toolchain portion of runtime path of "/home/hjh/serial_new0122/install/def_msg/lib/libdef_msg__rosidl_typesupport_fastrtps_cpp.so" to ""
[2.262s] -- Up-to-date: /home/hjh/serial_new0122/install/def_msg/include/def_msg/def_msg
[2.262s] -- Up-to-date: /home/hjh/serial_new0122/install/def_msg/include/def_msg/def_msg/srv
[2.262s] -- Up-to-date: /home/hjh/serial_new0122/install/def_msg/include/def_msg/def_msg/srv/detail
[2.262s] -- Up-to-date: /home/hjh/serial_new0122/install/def_msg/include/def_msg/def_msg/srv/detail/heart_beat__type_support.c
[2.262s] -- Up-to-date: /home/hjh/serial_new0122/install/def_msg/include/def_msg/def_msg/srv/detail/controller_mode_set__rosidl_typesupport_introspection_c.h
[2.262s] -- Up-to-date: /home/hjh/serial_new0122/install/def_msg/include/def_msg/def_msg/srv/detail/controller_mode_set__type_support.c
[2.262s] -- Up-to-date: /home/hjh/serial_new0122/install/def_msg/include/def_msg/def_msg/srv/detail/heart_beat__rosidl_typesupport_introspection_c.h
[2.262s] -- Up-to-date: /home/hjh/serial_new0122/install/def_msg/include/def_msg/def_msg/msg
[2.262s] -- Up-to-date: /home/hjh/serial_new0122/install/def_msg/include/def_msg/def_msg/msg/detail
[2.262s] -- Up-to-date: /home/hjh/serial_new0122/install/def_msg/include/def_msg/def_msg/msg/detail/common_control__rosidl_typesupport_introspection_c.h
[2.263s] -- Up-to-date: /home/hjh/serial_new0122/install/def_msg/include/def_msg/def_msg/msg/detail/gobal_information__type_support.c
[2.263s] -- Up-to-date: /home/hjh/serial_new0122/install/def_msg/include/def_msg/def_msg/msg/detail/common_control__type_support.c
[2.263s] -- Up-to-date: /home/hjh/serial_new0122/install/def_msg/include/def_msg/def_msg/msg/detail/gimble_control__type_support.c
[2.263s] -- Up-to-date: /home/hjh/serial_new0122/install/def_msg/include/def_msg/def_msg/msg/detail/gobal_information__rosidl_typesupport_introspection_c.h
[2.263s] -- Up-to-date: /home/hjh/serial_new0122/install/def_msg/include/def_msg/def_msg/msg/detail/gimble_position__rosidl_typesupport_introspection_c.h
[2.263s] -- Up-to-date: /home/hjh/serial_new0122/install/def_msg/include/def_msg/def_msg/msg/detail/em_control__type_support.c
[2.263s] -- Up-to-date: /home/hjh/serial_new0122/install/def_msg/include/def_msg/def_msg/msg/detail/em_control__rosidl_typesupport_introspection_c.h
[2.263s] -- Up-to-date: /home/hjh/serial_new0122/install/def_msg/include/def_msg/def_msg/msg/detail/gimble_control__rosidl_typesupport_introspection_c.h
[2.263s] -- Up-to-date: /home/hjh/serial_new0122/install/def_msg/include/def_msg/def_msg/msg/detail/gimble_position__type_support.c
[2.263s] -- Up-to-date: /home/hjh/serial_new0122/install/def_msg/include/def_msg/def_msg/msg/rosidl_typesupport_introspection_c__visibility_control.h
[2.263s] -- Up-to-date: /home/hjh/serial_new0122/install/def_msg/include/def_msg/def_msg/action
[2.263s] -- Up-to-date: /home/hjh/serial_new0122/install/def_msg/include/def_msg/def_msg/action/detail
[2.263s] -- Up-to-date: /home/hjh/serial_new0122/install/def_msg/include/def_msg/def_msg/action/detail/nav_pose__type_support.c
[2.263s] -- Up-to-date: /home/hjh/serial_new0122/install/def_msg/include/def_msg/def_msg/action/detail/nav_pose__rosidl_typesupport_introspection_c.h
[2.263s] -- Installing: /home/hjh/serial_new0122/install/def_msg/lib/libdef_msg__rosidl_typesupport_introspection_c.so
[2.263s] -- Set non-toolchain portion of runtime path of "/home/hjh/serial_new0122/install/def_msg/lib/libdef_msg__rosidl_typesupport_introspection_c.so" to ""
[2.263s] -- Installing: /home/hjh/serial_new0122/install/def_msg/lib/libdef_msg__rosidl_typesupport_c.so
[2.263s] -- Set non-toolchain portion of runtime path of "/home/hjh/serial_new0122/install/def_msg/lib/libdef_msg__rosidl_typesupport_c.so" to ""
[2.263s] -- Up-to-date: /home/hjh/serial_new0122/install/def_msg/include/def_msg/def_msg
[2.263s] -- Up-to-date: /home/hjh/serial_new0122/install/def_msg/include/def_msg/def_msg/srv
[2.263s] -- Up-to-date: /home/hjh/serial_new0122/install/def_msg/include/def_msg/def_msg/srv/detail
[2.263s] -- Up-to-date: /home/hjh/serial_new0122/install/def_msg/include/def_msg/def_msg/srv/detail/controller_mode_set__rosidl_typesupport_introspection_cpp.hpp
[2.263s] -- Up-to-date: /home/hjh/serial_new0122/install/def_msg/include/def_msg/def_msg/srv/detail/heart_beat__type_support.cpp
[2.263s] -- Up-to-date: /home/hjh/serial_new0122/install/def_msg/include/def_msg/def_msg/srv/detail/heart_beat__rosidl_typesupport_introspection_cpp.hpp
[2.263s] -- Up-to-date: /home/hjh/serial_new0122/install/def_msg/include/def_msg/def_msg/srv/detail/controller_mode_set__type_support.cpp
[2.263s] -- Up-to-date: /home/hjh/serial_new0122/install/def_msg/include/def_msg/def_msg/msg
[2.263s] -- Up-to-date: /home/hjh/serial_new0122/install/def_msg/include/def_msg/def_msg/msg/detail
[2.263s] -- Up-to-date: /home/hjh/serial_new0122/install/def_msg/include/def_msg/def_msg/msg/detail/gobal_information__rosidl_typesupport_introspection_cpp.hpp
[2.263s] -- Up-to-date: /home/hjh/serial_new0122/install/def_msg/include/def_msg/def_msg/msg/detail/gimble_position__type_support.cpp
[2.263s] -- Up-to-date: /home/hjh/serial_new0122/install/def_msg/include/def_msg/def_msg/msg/detail/gimble_control__rosidl_typesupport_introspection_cpp.hpp
[2.263s] -- Up-to-date: /home/hjh/serial_new0122/install/def_msg/include/def_msg/def_msg/msg/detail/common_control__type_support.cpp
[2.263s] -- Up-to-date: /home/hjh/serial_new0122/install/def_msg/include/def_msg/def_msg/msg/detail/gobal_information__type_support.cpp
[2.263s] -- Up-to-date: /home/hjh/serial_new0122/install/def_msg/include/def_msg/def_msg/msg/detail/em_control__type_support.cpp
[2.263s] -- Up-to-date: /home/hjh/serial_new0122/install/def_msg/include/def_msg/def_msg/msg/detail/em_control__rosidl_typesupport_introspection_cpp.hpp
[2.263s] -- Up-to-date: /home/hjh/serial_new0122/install/def_msg/include/def_msg/def_msg/msg/detail/gimble_position__rosidl_typesupport_introspection_cpp.hpp
[2.263s] -- Up-to-date: /home/hjh/serial_new0122/install/def_msg/include/def_msg/def_msg/msg/detail/gimble_control__type_support.cpp
[2.263s] -- Up-to-date: /home/hjh/serial_new0122/install/def_msg/include/def_msg/def_msg/msg/detail/common_control__rosidl_typesupport_introspection_cpp.hpp
[2.263s] -- Up-to-date: /home/hjh/serial_new0122/install/def_msg/include/def_msg/def_msg/action
[2.263s] -- Up-to-date: /home/hjh/serial_new0122/install/def_msg/include/def_msg/def_msg/action/detail
[2.263s] -- Up-to-date: /home/hjh/serial_new0122/install/def_msg/include/def_msg/def_msg/action/detail/nav_pose__rosidl_typesupport_introspection_cpp.hpp
[2.264s] -- Up-to-date: /home/hjh/serial_new0122/install/def_msg/include/def_msg/def_msg/action/detail/nav_pose__type_support.cpp
[2.264s] -- Installing: /home/hjh/serial_new0122/install/def_msg/lib/libdef_msg__rosidl_typesupport_introspection_cpp.so
[2.264s] -- Set non-toolchain portion of runtime path of "/home/hjh/serial_new0122/install/def_msg/lib/libdef_msg__rosidl_typesupport_introspection_cpp.so" to ""
[2.264s] -- Installing: /home/hjh/serial_new0122/install/def_msg/lib/libdef_msg__rosidl_typesupport_cpp.so
[2.264s] -- Set non-toolchain portion of runtime path of "/home/hjh/serial_new0122/install/def_msg/lib/libdef_msg__rosidl_typesupport_cpp.so" to ""
[2.264s] -- Up-to-date: /home/hjh/serial_new0122/install/def_msg/share/def_msg/environment/pythonpath.sh
[2.264s] -- Up-to-date: /home/hjh/serial_new0122/install/def_msg/share/def_msg/environment/pythonpath.dsv
[2.264s] -- Up-to-date: /home/hjh/serial_new0122/install/def_msg/local/lib/python3.10/dist-packages/def_msg-0.0.0-py3.10.egg-info
[2.264s] -- Installing: /home/hjh/serial_new0122/install/def_msg/local/lib/python3.10/dist-packages/def_msg-0.0.0-py3.10.egg-info/dependency_links.txt
[2.264s] -- Installing: /home/hjh/serial_new0122/install/def_msg/local/lib/python3.10/dist-packages/def_msg-0.0.0-py3.10.egg-info/PKG-INFO
[2.264s] -- Installing: /home/hjh/serial_new0122/install/def_msg/local/lib/python3.10/dist-packages/def_msg-0.0.0-py3.10.egg-info/SOURCES.txt
[2.264s] -- Installing: /home/hjh/serial_new0122/install/def_msg/local/lib/python3.10/dist-packages/def_msg-0.0.0-py3.10.egg-info/top_level.txt
[2.264s] -- Up-to-date: /home/hjh/serial_new0122/install/def_msg/local/lib/python3.10/dist-packages/def_msg
[2.264s] -- Up-to-date: /home/hjh/serial_new0122/install/def_msg/local/lib/python3.10/dist-packages/def_msg/_def_msg_s.ep.rosidl_typesupport_c.c
[2.264s] -- Installing: /home/hjh/serial_new0122/install/def_msg/local/lib/python3.10/dist-packages/def_msg/def_msg_s__rosidl_typesupport_introspection_c.cpython-310-x86_64-linux-gnu.so
[2.264s] -- Installing: /home/hjh/serial_new0122/install/def_msg/local/lib/python3.10/dist-packages/def_msg/def_msg_s__rosidl_typesupport_fastrtps_c.cpython-310-x86_64-linux-gnu.so
[2.264s] -- Up-to-date: /home/hjh/serial_new0122/install/def_msg/local/lib/python3.10/dist-packages/def_msg/_def_msg_s.ep.rosidl_typesupport_introspection_c.c
[2.264s] -- Up-to-date: /home/hjh/serial_new0122/install/def_msg/local/lib/python3.10/dist-packages/def_msg/__init__.py
[2.264s] -- Up-to-date: /home/hjh/serial_new0122/install/def_msg/local/lib/python3.10/dist-packages/def_msg/srv
[2.264s] -- Up-to-date: /home/hjh/serial_new0122/install/def_msg/local/lib/python3.10/dist-packages/def_msg/srv/_heart_beat.py
[2.264s] -- Up-to-date: /home/hjh/serial_new0122/install/def_msg/local/lib/python3.10/dist-packages/def_msg/srv/_controller_mode_set.py
[2.264s] -- Up-to-date: /home/hjh/serial_new0122/install/def_msg/local/lib/python3.10/dist-packages/def_msg/srv/_heart_beat_s.c
[2.264s] -- Up-to-date: /home/hjh/serial_new0122/install/def_msg/local/lib/python3.10/dist-packages/def_msg/srv/_controller_mode_set_s.c
[2.264s] -- Up-to-date: /home/hjh/serial_new0122/install/def_msg/local/lib/python3.10/dist-packages/def_msg/srv/__init__.py
[2.264s] -- Up-to-date: /home/hjh/serial_new0122/install/def_msg/local/lib/python3.10/dist-packages/def_msg/_def_msg_s.ep.rosidl_typesupport_fastrtps_c.c
[2.264s] -- Installing: /home/hjh/serial_new0122/install/def_msg/local/lib/python3.10/dist-packages/def_msg/def_msg_s__rosidl_typesupport_c.cpython-310-x86_64-linux-gnu.so
[2.264s] -- Installing: /home/hjh/serial_new0122/install/def_msg/local/lib/python3.10/dist-packages/def_msg/libdef_msg__rosidl_generator_py.so
[2.264s] -- Up-to-date: /home/hjh/serial_new0122/install/def_msg/local/lib/python3.10/dist-packages/def_msg/msg
[2.264s] -- Up-to-date: /home/hjh/serial_new0122/install/def_msg/local/lib/python3.10/dist-packages/def_msg/msg/_gobal_information_s.c
[2.264s] -- Up-to-date: /home/hjh/serial_new0122/install/def_msg/local/lib/python3.10/dist-packages/def_msg/msg/_common_control.py
[2.264s] -- Up-to-date: /home/hjh/serial_new0122/install/def_msg/local/lib/python3.10/dist-packages/def_msg/msg/_gimble_control_s.c
[2.264s] -- Up-to-date: /home/hjh/serial_new0122/install/def_msg/local/lib/python3.10/dist-packages/def_msg/msg/_gimble_position_s.c
[2.264s] -- Up-to-date: /home/hjh/serial_new0122/install/def_msg/local/lib/python3.10/dist-packages/def_msg/msg/__init__.py
[2.264s] -- Up-to-date: /home/hjh/serial_new0122/install/def_msg/local/lib/python3.10/dist-packages/def_msg/msg/_common_control_s.c
[2.264s] -- Up-to-date: /home/hjh/serial_new0122/install/def_msg/local/lib/python3.10/dist-packages/def_msg/msg/_gobal_information.py
[2.264s] -- Up-to-date: /home/hjh/serial_new0122/install/def_msg/local/lib/python3.10/dist-packages/def_msg/msg/_gimble_position.py
[2.264s] -- Up-to-date: /home/hjh/serial_new0122/install/def_msg/local/lib/python3.10/dist-packages/def_msg/msg/_em_control.py
[2.264s] -- Up-to-date: /home/hjh/serial_new0122/install/def_msg/local/lib/python3.10/dist-packages/def_msg/msg/_em_control_s.c
[2.264s] -- Up-to-date: /home/hjh/serial_new0122/install/def_msg/local/lib/python3.10/dist-packages/def_msg/msg/_gimble_control.py
[2.265s] -- Up-to-date: /home/hjh/serial_new0122/install/def_msg/local/lib/python3.10/dist-packages/def_msg/action
[2.265s] -- Up-to-date: /home/hjh/serial_new0122/install/def_msg/local/lib/python3.10/dist-packages/def_msg/action/__init__.py
[2.265s] -- Up-to-date: /home/hjh/serial_new0122/install/def_msg/local/lib/python3.10/dist-packages/def_msg/action/_nav_pose_s.c
[2.265s] -- Up-to-date: /home/hjh/serial_new0122/install/def_msg/local/lib/python3.10/dist-packages/def_msg/action/_nav_pose.py
[2.285s] Listing '/home/hjh/serial_new0122/install/def_msg/local/lib/python3.10/dist-packages/def_msg'...
[2.285s] Listing '/home/hjh/serial_new0122/install/def_msg/local/lib/python3.10/dist-packages/def_msg/action'...
[2.285s] Listing '/home/hjh/serial_new0122/install/def_msg/local/lib/python3.10/dist-packages/def_msg/msg'...
[2.285s] Listing '/home/hjh/serial_new0122/install/def_msg/local/lib/python3.10/dist-packages/def_msg/srv'...
[2.288s] -- Installing: /home/hjh/serial_new0122/install/def_msg/local/lib/python3.10/dist-packages/def_msg/def_msg_s__rosidl_typesupport_fastrtps_c.cpython-310-x86_64-linux-gnu.so
[2.288s] -- Set non-toolchain portion of runtime path of "/home/hjh/serial_new0122/install/def_msg/local/lib/python3.10/dist-packages/def_msg/def_msg_s__rosidl_typesupport_fastrtps_c.cpython-310-x86_64-linux-gnu.so" to ""
[2.288s] -- Installing: /home/hjh/serial_new0122/install/def_msg/local/lib/python3.10/dist-packages/def_msg/def_msg_s__rosidl_typesupport_introspection_c.cpython-310-x86_64-linux-gnu.so
[2.289s] -- Set non-toolchain portion of runtime path of "/home/hjh/serial_new0122/install/def_msg/local/lib/python3.10/dist-packages/def_msg/def_msg_s__rosidl_typesupport_introspection_c.cpython-310-x86_64-linux-gnu.so" to ""
[2.289s] -- Installing: /home/hjh/serial_new0122/install/def_msg/local/lib/python3.10/dist-packages/def_msg/def_msg_s__rosidl_typesupport_c.cpython-310-x86_64-linux-gnu.so
[2.289s] -- Set non-toolchain portion of runtime path of "/home/hjh/serial_new0122/install/def_msg/local/lib/python3.10/dist-packages/def_msg/def_msg_s__rosidl_typesupport_c.cpython-310-x86_64-linux-gnu.so" to ""
[2.289s] -- Installing: /home/hjh/serial_new0122/install/def_msg/lib/libdef_msg__rosidl_generator_py.so
[2.289s] -- Set non-toolchain portion of runtime path of "/home/hjh/serial_new0122/install/def_msg/lib/libdef_msg__rosidl_generator_py.so" to ""
[2.289s] -- Up-to-date: /home/hjh/serial_new0122/install/def_msg/share/def_msg/msg/GobalInformation.idl
[2.289s] -- Up-to-date: /home/hjh/serial_new0122/install/def_msg/share/def_msg/msg/GimbleControl.idl
[2.289s] -- Up-to-date: /home/hjh/serial_new0122/install/def_msg/share/def_msg/msg/CommonControl.idl
[2.290s] -- Up-to-date: /home/hjh/serial_new0122/install/def_msg/share/def_msg/msg/EmControl.idl
[2.290s] -- Up-to-date: /home/hjh/serial_new0122/install/def_msg/share/def_msg/msg/GimblePosition.idl
[2.290s] -- Up-to-date: /home/hjh/serial_new0122/install/def_msg/share/def_msg/srv/ControllerModeSet.idl
[2.290s] -- Up-to-date: /home/hjh/serial_new0122/install/def_msg/share/def_msg/srv/HeartBeat.idl
[2.290s] -- Up-to-date: /home/hjh/serial_new0122/install/def_msg/share/def_msg/action/NavPose.idl
[2.290s] -- Up-to-date: /home/hjh/serial_new0122/install/def_msg/share/def_msg/msg/GobalInformation.msg
[2.290s] -- Up-to-date: /home/hjh/serial_new0122/install/def_msg/share/def_msg/msg/GimbleControl.msg
[2.290s] -- Up-to-date: /home/hjh/serial_new0122/install/def_msg/share/def_msg/msg/CommonControl.msg
[2.290s] -- Up-to-date: /home/hjh/serial_new0122/install/def_msg/share/def_msg/msg/EmControl.msg
[2.290s] -- Up-to-date: /home/hjh/serial_new0122/install/def_msg/share/def_msg/msg/GimblePosition.msg
[2.290s] -- Up-to-date: /home/hjh/serial_new0122/install/def_msg/share/def_msg/srv/ControllerModeSet.srv
[2.290s] -- Up-to-date: /home/hjh/serial_new0122/install/def_msg/share/def_msg/srv/ControllerModeSet_Request.msg
[2.290s] -- Up-to-date: /home/hjh/serial_new0122/install/def_msg/share/def_msg/srv/ControllerModeSet_Response.msg
[2.290s] -- Up-to-date: /home/hjh/serial_new0122/install/def_msg/share/def_msg/srv/HeartBeat.srv
[2.290s] -- Up-to-date: /home/hjh/serial_new0122/install/def_msg/share/def_msg/srv/HeartBeat_Request.msg
[2.290s] -- Up-to-date: /home/hjh/serial_new0122/install/def_msg/share/def_msg/srv/HeartBeat_Response.msg
[2.290s] -- Up-to-date: /home/hjh/serial_new0122/install/def_msg/share/def_msg/action/NavPose.action
[2.290s] -- Up-to-date: /home/hjh/serial_new0122/install/def_msg/share/ament_index/resource_index/package_run_dependencies/def_msg
[2.290s] -- Up-to-date: /home/hjh/serial_new0122/install/def_msg/share/ament_index/resource_index/parent_prefix_path/def_msg
[2.290s] -- Up-to-date: /home/hjh/serial_new0122/install/def_msg/share/def_msg/environment/ament_prefix_path.sh
[2.290s] -- Up-to-date: /home/hjh/serial_new0122/install/def_msg/share/def_msg/environment/ament_prefix_path.dsv
[2.290s] -- Up-to-date: /home/hjh/serial_new0122/install/def_msg/share/def_msg/environment/path.sh
[2.290s] -- Up-to-date: /home/hjh/serial_new0122/install/def_msg/share/def_msg/environment/path.dsv
[2.290s] -- Up-to-date: /home/hjh/serial_new0122/install/def_msg/share/def_msg/local_setup.bash
[2.290s] -- Up-to-date: /home/hjh/serial_new0122/install/def_msg/share/def_msg/local_setup.sh
[2.290s] -- Up-to-date: /home/hjh/serial_new0122/install/def_msg/share/def_msg/local_setup.zsh
[2.290s] -- Up-to-date: /home/hjh/serial_new0122/install/def_msg/share/def_msg/local_setup.dsv
[2.290s] -- Installing: /home/hjh/serial_new0122/install/def_msg/share/def_msg/package.dsv
[2.290s] -- Up-to-date: /home/hjh/serial_new0122/install/def_msg/share/ament_index/resource_index/packages/def_msg
[2.290s] -- Up-to-date: /home/hjh/serial_new0122/install/def_msg/share/def_msg/cmake/export_def_msg__rosidl_generator_cExport.cmake
[2.290s] -- Up-to-date: /home/hjh/serial_new0122/install/def_msg/share/def_msg/cmake/export_def_msg__rosidl_generator_cExport-noconfig.cmake
[2.291s] -- Up-to-date: /home/hjh/serial_new0122/install/def_msg/share/def_msg/cmake/export_def_msg__rosidl_typesupport_fastrtps_cExport.cmake
[2.291s] -- Up-to-date: /home/hjh/serial_new0122/install/def_msg/share/def_msg/cmake/export_def_msg__rosidl_typesupport_fastrtps_cExport-noconfig.cmake
[2.291s] -- Up-to-date: /home/hjh/serial_new0122/install/def_msg/share/def_msg/cmake/export_def_msg__rosidl_generator_cppExport.cmake
[2.291s] -- Up-to-date: /home/hjh/serial_new0122/install/def_msg/share/def_msg/cmake/export_def_msg__rosidl_typesupport_fastrtps_cppExport.cmake
[2.291s] -- Up-to-date: /home/hjh/serial_new0122/install/def_msg/share/def_msg/cmake/export_def_msg__rosidl_typesupport_fastrtps_cppExport-noconfig.cmake
[2.291s] -- Up-to-date: /home/hjh/serial_new0122/install/def_msg/share/def_msg/cmake/def_msg__rosidl_typesupport_introspection_cExport.cmake
[2.291s] -- Up-to-date: /home/hjh/serial_new0122/install/def_msg/share/def_msg/cmake/def_msg__rosidl_typesupport_introspection_cExport-noconfig.cmake
[2.291s] -- Up-to-date: /home/hjh/serial_new0122/install/def_msg/share/def_msg/cmake/def_msg__rosidl_typesupport_cExport.cmake
[2.291s] -- Up-to-date: /home/hjh/serial_new0122/install/def_msg/share/def_msg/cmake/def_msg__rosidl_typesupport_cExport-noconfig.cmake
[2.292s] -- Up-to-date: /home/hjh/serial_new0122/install/def_msg/share/def_msg/cmake/def_msg__rosidl_typesupport_introspection_cppExport.cmake
[2.292s] -- Up-to-date: /home/hjh/serial_new0122/install/def_msg/share/def_msg/cmake/def_msg__rosidl_typesupport_introspection_cppExport-noconfig.cmake
[2.292s] -- Up-to-date: /home/hjh/serial_new0122/install/def_msg/share/def_msg/cmake/def_msg__rosidl_typesupport_cppExport.cmake
[2.292s] -- Up-to-date: /home/hjh/serial_new0122/install/def_msg/share/def_msg/cmake/def_msg__rosidl_typesupport_cppExport-noconfig.cmake
[2.292s] -- Up-to-date: /home/hjh/serial_new0122/install/def_msg/share/def_msg/cmake/export_def_msg__rosidl_generator_pyExport.cmake
[2.292s] -- Up-to-date: /home/hjh/serial_new0122/install/def_msg/share/def_msg/cmake/export_def_msg__rosidl_generator_pyExport-noconfig.cmake
[2.292s] -- Up-to-date: /home/hjh/serial_new0122/install/def_msg/share/def_msg/cmake/rosidl_cmake-extras.cmake
[2.292s] -- Up-to-date: /home/hjh/serial_new0122/install/def_msg/share/def_msg/cmake/ament_cmake_export_dependencies-extras.cmake
[2.292s] -- Up-to-date: /home/hjh/serial_new0122/install/def_msg/share/def_msg/cmake/ament_cmake_export_include_directories-extras.cmake
[2.292s] -- Up-to-date: /home/hjh/serial_new0122/install/def_msg/share/def_msg/cmake/ament_cmake_export_libraries-extras.cmake
[2.292s] -- Up-to-date: /home/hjh/serial_new0122/install/def_msg/share/def_msg/cmake/ament_cmake_export_targets-extras.cmake
[2.292s] -- Up-to-date: /home/hjh/serial_new0122/install/def_msg/share/def_msg/cmake/rosidl_cmake_export_typesupport_targets-extras.cmake
[2.292s] -- Up-to-date: /home/hjh/serial_new0122/install/def_msg/share/def_msg/cmake/rosidl_cmake_export_typesupport_libraries-extras.cmake
[2.292s] -- Up-to-date: /home/hjh/serial_new0122/install/def_msg/share/def_msg/cmake/def_msgConfig.cmake
[2.292s] -- Up-to-date: /home/hjh/serial_new0122/install/def_msg/share/def_msg/cmake/def_msgConfig-version.cmake
[2.292s] -- Up-to-date: /home/hjh/serial_new0122/install/def_msg/share/def_msg/package.xml
[2.294s] Invoked command in '/home/hjh/serial_new0122/build/def_msg' returned '0': CMAKE_PREFIX_PATH=/opt/ros/humble /usr/bin/cmake --install /home/hjh/serial_new0122/build/def_msg
