-- The C compiler identification is GNU 11.4.0
-- The CXX compiler identification is GNU 11.4.0
-- Detecting C compiler ABI info
-- Detecting C compiler ABI info - done
-- Check for working C compiler: /usr/bin/cc - skipped
-- Detecting C compile features
-- Detecting C compile features - done
-- Detecting CXX compiler ABI info
-- Detecting CXX compiler ABI info - done
-- Check for working CXX compiler: /usr/bin/c++ - skipped
-- Detecting CXX compile features
-- Detecting CXX compile features - done
-- Found ament_cmake: 1.3.11 (/opt/ros/humble/share/ament_cmake/cmake)
-- Found Python3: /usr/bin/python3 (found version "3.10.12") found components: Interpreter
-- Found rclcpp: 16.0.12 (/opt/ros/humble/share/rclcpp/cmake)
-- Found rosidl_generator_c: 3.1.6 (/opt/ros/humble/share/rosidl_generator_c/cmake)
-- Found rosidl_adapter: 3.1.6 (/opt/ros/humble/share/rosidl_adapter/cmake)
-- Found rosidl_generator_cpp: 3.1.6 (/opt/ros/humble/share/rosidl_generator_cpp/cmake)
-- Using all available rosidl_typesupport_c: rosidl_typesupport_fastrtps_c;rosidl_typesupport_introspection_c
-- Using all available rosidl_typesupport_cpp: rosidl_typesupport_fastrtps_cpp;rosidl_typesupport_introspection_cpp
-- Found rmw_implementation_cmake: 6.1.2 (/opt/ros/humble/share/rmw_implementation_cmake/cmake)
-- Found rmw_fastrtps_cpp: 6.2.7 (/opt/ros/humble/share/rmw_fastrtps_cpp/cmake)
-- Found OpenSSL: /usr/lib/x86_64-linux-gnu/libcrypto.so (found version "3.0.2")
-- Found FastRTPS: /opt/ros/humble/include
-- Using RMW implementation 'rmw_fastrtps_cpp' as default
-- Performing Test CMAKE_HAVE_LIBC_PTHREAD
-- Performing Test CMAKE_HAVE_LIBC_PTHREAD - Success
-- Found Threads: TRUE
-- Found def_msg: 0.0.0 (/home/hjh/serial_new0122/install/def_msg/share/def_msg/cmake)
-- Found vision_msg: 0.0.0 (/home/hjh/serial_new0122/install/vision_msg/share/vision_msg/cmake)
-- Found rclcpp_action: 16.0.12 (/opt/ros/humble/share/rclcpp_action/cmake)
-- Found geometry_msgs: 4.8.0 (/opt/ros/humble/share/geometry_msgs/cmake)
-- Found nav_msgs: 4.2.4 (/opt/ros/humble/share/nav_msgs/cmake)
-- Found tf2: 0.25.11 (/opt/ros/humble/share/tf2/cmake)
-- Found tf2_ros: 0.25.12 (/opt/ros/humble/share/tf2_ros/cmake)
-- Found sensor_msgs: 4.8.0 (/opt/ros/humble/share/sensor_msgs/cmake)
-- Found example_interfaces: 0.9.3 (/opt/ros/humble/share/example_interfaces/cmake)
-- Found ament_lint_auto: 0.12.11 (/opt/ros/humble/share/ament_lint_auto/cmake)
-- Added test 'copyright' to check source files copyright and LICENSE
-- Added test 'cppcheck' to perform static code analysis on C / C++ code
-- Configured cppcheck include dirs: /home/hjh/serial_new0122/serial/serial_def_sdk/./include/serial;/home/hjh/serial_new0122/serial/serial_def_sdk/./uart
-- Configured cppcheck exclude dirs and/or files: 
-- Added test 'cpplint' to check C / C++ code against the Google style
-- Configured cpplint exclude dirs and/or files: 
-- Added test 'flake8' to check Python code syntax and style conventions
-- Added test 'lint_cmake' to check CMake code style
-- Added test 'pep257' to check Python code against some of the docstring style conventions in PEP 257
-- Added test 'uncrustify' to check C / C++ code style
-- Configured uncrustify additional arguments: 
-- Added test 'xmllint' to check XML markup files
-- Configuring done (1.3s)
-- Generating done (0.0s)
-- Build files have been written to: /home/hjh/serial_new0122/build/serial_def_sdk
[  9%] [32mBuilding C object CMakeFiles/uart.dir/uart/DataType.c.o[0m
[ 18%] [32mBuilding C object CMakeFiles/uart.dir/uart/crc16.c.o[0m
[ 27%] [32mBuilding CXX object CMakeFiles/uart.dir/src/base_controller.cpp.o[0m
[ 36%] [32mBuilding CXX object CMakeFiles/uart.dir/uart/SerialDriver.cpp.o[0m
[ 45%] [32mBuilding CXX object CMakeFiles/uart.dir/uart/uart_interface.cpp.o[0m
[ 54%] [32mBuilding CXX object CMakeFiles/uart.dir/uart/SeaskyProtocol.cpp.o[0m
[ 63%] [32mBuilding CXX object CMakeFiles/talker.dir/src/publisher.cpp.o[0m
[ 72%] [32mBuilding C object CMakeFiles/uart.dir/uart/crc8.c.o[0m
[ 81%] [32mBuilding CXX object CMakeFiles/uart.dir/uart/seasky_communicator.cpp.o[0m
[ 90%] [1m[32mLinking CXX executable talker[0m
[ 90%] Built target talker
[100%] [1m[32mLinking CXX executable uart[0m
[100%] Built target uart
-- Install configuration: ""
-- Installing: /home/hjh/serial_new0122/install/serial_def_sdk/lib/serial_def_sdk/uart
-- Set non-toolchain portion of runtime path of "/home/hjh/serial_new0122/install/serial_def_sdk/lib/serial_def_sdk/uart" to ""
-- Installing: /home/hjh/serial_new0122/install/serial_def_sdk/lib/serial_def_sdk/talker
-- Set non-toolchain portion of runtime path of "/home/hjh/serial_new0122/install/serial_def_sdk/lib/serial_def_sdk/talker" to ""
-- Installing: /home/hjh/serial_new0122/install/serial_def_sdk/share/serial_def_sdk/launch
-- Installing: /home/hjh/serial_new0122/install/serial_def_sdk/share/serial_def_sdk/launch/serial.launch.py
-- Installing: /home/hjh/serial_new0122/install/serial_def_sdk/share/ament_index/resource_index/package_run_dependencies/serial_def_sdk
-- Installing: /home/hjh/serial_new0122/install/serial_def_sdk/share/ament_index/resource_index/parent_prefix_path/serial_def_sdk
-- Installing: /home/hjh/serial_new0122/install/serial_def_sdk/share/serial_def_sdk/environment/ament_prefix_path.sh
-- Installing: /home/hjh/serial_new0122/install/serial_def_sdk/share/serial_def_sdk/environment/ament_prefix_path.dsv
-- Installing: /home/hjh/serial_new0122/install/serial_def_sdk/share/serial_def_sdk/environment/path.sh
-- Installing: /home/hjh/serial_new0122/install/serial_def_sdk/share/serial_def_sdk/environment/path.dsv
-- Installing: /home/hjh/serial_new0122/install/serial_def_sdk/share/serial_def_sdk/local_setup.bash
-- Installing: /home/hjh/serial_new0122/install/serial_def_sdk/share/serial_def_sdk/local_setup.sh
-- Installing: /home/hjh/serial_new0122/install/serial_def_sdk/share/serial_def_sdk/local_setup.zsh
-- Installing: /home/hjh/serial_new0122/install/serial_def_sdk/share/serial_def_sdk/local_setup.dsv
-- Installing: /home/hjh/serial_new0122/install/serial_def_sdk/share/serial_def_sdk/package.dsv
-- Installing: /home/hjh/serial_new0122/install/serial_def_sdk/share/ament_index/resource_index/packages/serial_def_sdk
-- Installing: /home/hjh/serial_new0122/install/serial_def_sdk/share/serial_def_sdk/cmake/serial_def_sdkConfig.cmake
-- Installing: /home/hjh/serial_new0122/install/serial_def_sdk/share/serial_def_sdk/cmake/serial_def_sdkConfig-version.cmake
-- Installing: /home/hjh/serial_new0122/install/serial_def_sdk/share/serial_def_sdk/package.xml
