[0.072s] DEBUG:colcon:Command line arguments: ['/usr/bin/colcon', 'build']
[0.072s] DEBUG:colcon:Parsed command line arguments: Namespace(log_base=None, log_level=None, verb_name='build', build_base='build', install_base='install', merge_install=False, symlink_install=False, test_result_base=None, continue_on_error=False, executor='parallel', parallel_workers=16, event_handlers=None, ignore_user_meta=False, metas=['./colcon.meta'], base_paths=['.'], packages_ignore=None, packages_ignore_regex=None, paths=None, packages_up_to=None, packages_up_to_regex=None, packages_above=None, packages_above_and_dependencies=None, packages_above_depth=None, packages_select_by_dep=None, packages_skip_by_dep=None, packages_skip_up_to=None, packages_select_build_failed=False, packages_skip_build_finished=False, packages_select_test_failures=False, packages_skip_test_passed=False, packages_select=None, packages_skip=None, packages_select_regex=None, packages_skip_regex=None, packages_start=None, packages_end=None, allow_overriding=[], cmake_args=None, cmake_target=None, cmake_target_skip_unavailable=False, cmake_clean_cache=False, cmake_clean_first=False, cmake_force_configure=False, ament_cmake_args=None, catkin_cmake_args=None, catkin_skip_building_tests=False, mixin_files=None, mixin=None, verb_parser=<colcon_mixin.mixin.mixin_argument.MixinArgumentDecorator object at 0x7ccecafcae30>, verb_extension=<colcon_core.verb.build.BuildVerb object at 0x7ccecafca980>, main=<bound method BuildVerb.main of <colcon_core.verb.build.BuildVerb object at 0x7ccecafca980>>, mixin_verb=('build',))
[0.185s] Level 1:colcon.colcon_core.package_discovery:discover_packages(colcon_meta) check parameters
[0.185s] Level 1:colcon.colcon_core.package_discovery:discover_packages(recursive) check parameters
[0.185s] Level 1:colcon.colcon_core.package_discovery:discover_packages(ignore) check parameters
[0.185s] Level 1:colcon.colcon_core.package_discovery:discover_packages(path) check parameters
[0.185s] Level 1:colcon.colcon_core.package_discovery:discover_packages(colcon_meta) discover
[0.185s] Level 1:colcon.colcon_core.package_discovery:discover_packages(recursive) discover
[0.185s] INFO:colcon.colcon_core.package_discovery:Crawling recursively for packages in '/home/hjh/RMserial'
[0.185s] Level 1:colcon.colcon_core.package_identification:_identify(.) by extensions ['ignore', 'ignore_ament_install']
[0.185s] Level 1:colcon.colcon_core.package_identification:_identify(.) by extension 'ignore'
[0.185s] Level 1:colcon.colcon_core.package_identification:_identify(.) by extension 'ignore_ament_install'
[0.185s] Level 1:colcon.colcon_core.package_identification:_identify(.) by extensions ['colcon_pkg']
[0.185s] Level 1:colcon.colcon_core.package_identification:_identify(.) by extension 'colcon_pkg'
[0.185s] Level 1:colcon.colcon_core.package_identification:_identify(.) by extensions ['colcon_meta']
[0.185s] Level 1:colcon.colcon_core.package_identification:_identify(.) by extension 'colcon_meta'
[0.185s] Level 1:colcon.colcon_core.package_identification:_identify(.) by extensions ['ros']
[0.185s] Level 1:colcon.colcon_core.package_identification:_identify(.) by extension 'ros'
[0.193s] Level 1:colcon.colcon_core.package_identification:_identify(.) by extensions ['cmake', 'python']
[0.193s] Level 1:colcon.colcon_core.package_identification:_identify(.) by extension 'cmake'
[0.193s] Level 1:colcon.colcon_core.package_identification:_identify(.) by extension 'python'
[0.193s] Level 1:colcon.colcon_core.package_identification:_identify(.) by extensions ['python_setup_py']
[0.193s] Level 1:colcon.colcon_core.package_identification:_identify(.) by extension 'python_setup_py'
[0.194s] Level 1:colcon.colcon_core.package_identification:_identify(build) by extensions ['ignore', 'ignore_ament_install']
[0.194s] Level 1:colcon.colcon_core.package_identification:_identify(build) by extension 'ignore'
[0.194s] Level 1:colcon.colcon_core.package_identification:_identify(build) ignored
[0.194s] Level 1:colcon.colcon_core.package_identification:_identify(install) by extensions ['ignore', 'ignore_ament_install']
[0.194s] Level 1:colcon.colcon_core.package_identification:_identify(install) by extension 'ignore'
[0.194s] Level 1:colcon.colcon_core.package_identification:_identify(install) ignored
[0.194s] Level 1:colcon.colcon_core.package_identification:_identify(log) by extensions ['ignore', 'ignore_ament_install']
[0.194s] Level 1:colcon.colcon_core.package_identification:_identify(log) by extension 'ignore'
[0.194s] Level 1:colcon.colcon_core.package_identification:_identify(log) ignored
[0.194s] Level 1:colcon.colcon_core.package_identification:_identify(serial) by extensions ['ignore', 'ignore_ament_install']
[0.194s] Level 1:colcon.colcon_core.package_identification:_identify(serial) by extension 'ignore'
[0.194s] Level 1:colcon.colcon_core.package_identification:_identify(serial) by extension 'ignore_ament_install'
[0.194s] Level 1:colcon.colcon_core.package_identification:_identify(serial) by extensions ['colcon_pkg']
[0.194s] Level 1:colcon.colcon_core.package_identification:_identify(serial) by extension 'colcon_pkg'
[0.194s] Level 1:colcon.colcon_core.package_identification:_identify(serial) by extensions ['colcon_meta']
[0.194s] Level 1:colcon.colcon_core.package_identification:_identify(serial) by extension 'colcon_meta'
[0.194s] Level 1:colcon.colcon_core.package_identification:_identify(serial) by extensions ['ros']
[0.194s] Level 1:colcon.colcon_core.package_identification:_identify(serial) by extension 'ros'
[0.194s] Level 1:colcon.colcon_core.package_identification:_identify(serial) by extensions ['cmake', 'python']
[0.194s] Level 1:colcon.colcon_core.package_identification:_identify(serial) by extension 'cmake'
[0.194s] Level 1:colcon.colcon_core.package_identification:_identify(serial) by extension 'python'
[0.194s] Level 1:colcon.colcon_core.package_identification:_identify(serial) by extensions ['python_setup_py']
[0.194s] Level 1:colcon.colcon_core.package_identification:_identify(serial) by extension 'python_setup_py'
[0.194s] Level 1:colcon.colcon_core.package_identification:_identify(serial/def_msg) by extensions ['ignore', 'ignore_ament_install']
[0.194s] Level 1:colcon.colcon_core.package_identification:_identify(serial/def_msg) by extension 'ignore'
[0.194s] Level 1:colcon.colcon_core.package_identification:_identify(serial/def_msg) by extension 'ignore_ament_install'
[0.194s] Level 1:colcon.colcon_core.package_identification:_identify(serial/def_msg) by extensions ['colcon_pkg']
[0.194s] Level 1:colcon.colcon_core.package_identification:_identify(serial/def_msg) by extension 'colcon_pkg'
[0.195s] Level 1:colcon.colcon_core.package_identification:_identify(serial/def_msg) by extensions ['colcon_meta']
[0.195s] Level 1:colcon.colcon_core.package_identification:_identify(serial/def_msg) by extension 'colcon_meta'
[0.195s] Level 1:colcon.colcon_core.package_identification:_identify(serial/def_msg) by extensions ['ros']
[0.195s] Level 1:colcon.colcon_core.package_identification:_identify(serial/def_msg) by extension 'ros'
[0.202s] DEBUG:colcon.colcon_core.package_identification:Package 'serial/def_msg' with type 'ros.ament_cmake' and name 'def_msg'
[0.203s] Level 1:colcon.colcon_core.package_identification:_identify(serial/serial_def_sdk) by extensions ['ignore', 'ignore_ament_install']
[0.203s] Level 1:colcon.colcon_core.package_identification:_identify(serial/serial_def_sdk) by extension 'ignore'
[0.203s] Level 1:colcon.colcon_core.package_identification:_identify(serial/serial_def_sdk) by extension 'ignore_ament_install'
[0.203s] Level 1:colcon.colcon_core.package_identification:_identify(serial/serial_def_sdk) by extensions ['colcon_pkg']
[0.203s] Level 1:colcon.colcon_core.package_identification:_identify(serial/serial_def_sdk) by extension 'colcon_pkg'
[0.203s] Level 1:colcon.colcon_core.package_identification:_identify(serial/serial_def_sdk) by extensions ['colcon_meta']
[0.203s] Level 1:colcon.colcon_core.package_identification:_identify(serial/serial_def_sdk) by extension 'colcon_meta'
[0.203s] Level 1:colcon.colcon_core.package_identification:_identify(serial/serial_def_sdk) by extensions ['ros']
[0.203s] Level 1:colcon.colcon_core.package_identification:_identify(serial/serial_def_sdk) by extension 'ros'
[0.204s] DEBUG:colcon.colcon_core.package_identification:Package 'serial/serial_def_sdk' with type 'ros.ament_cmake' and name 'serial_def_sdk'
[0.204s] Level 1:colcon.colcon_core.package_identification:_identify(serial/vision_msg) by extensions ['ignore', 'ignore_ament_install']
[0.204s] Level 1:colcon.colcon_core.package_identification:_identify(serial/vision_msg) by extension 'ignore'
[0.204s] Level 1:colcon.colcon_core.package_identification:_identify(serial/vision_msg) by extension 'ignore_ament_install'
[0.204s] Level 1:colcon.colcon_core.package_identification:_identify(serial/vision_msg) by extensions ['colcon_pkg']
[0.204s] Level 1:colcon.colcon_core.package_identification:_identify(serial/vision_msg) by extension 'colcon_pkg'
[0.204s] Level 1:colcon.colcon_core.package_identification:_identify(serial/vision_msg) by extensions ['colcon_meta']
[0.204s] Level 1:colcon.colcon_core.package_identification:_identify(serial/vision_msg) by extension 'colcon_meta'
[0.204s] Level 1:colcon.colcon_core.package_identification:_identify(serial/vision_msg) by extensions ['ros']
[0.204s] Level 1:colcon.colcon_core.package_identification:_identify(serial/vision_msg) by extension 'ros'
[0.204s] DEBUG:colcon.colcon_core.package_identification:Package 'serial/vision_msg' with type 'ros.ament_cmake' and name 'vision_msg'
[0.204s] Level 1:colcon.colcon_core.package_discovery:discover_packages(recursive) using defaults
[0.204s] Level 1:colcon.colcon_core.package_discovery:discover_packages(ignore) discover
[0.205s] Level 1:colcon.colcon_core.package_discovery:discover_packages(ignore) using defaults
[0.205s] Level 1:colcon.colcon_core.package_discovery:discover_packages(path) discover
[0.205s] Level 1:colcon.colcon_core.package_discovery:discover_packages(path) using defaults
[0.218s] Level 1:colcon.colcon_core.package_discovery:discover_packages(prefix_path) check parameters
[0.218s] Level 1:colcon.colcon_core.package_discovery:discover_packages(prefix_path) discover
[0.220s] DEBUG:colcon.colcon_installed_package_information.package_discovery:Found 483 installed packages in /opt/ros/humble
[0.222s] Level 1:colcon.colcon_core.package_discovery:discover_packages(prefix_path) using defaults
[0.255s] Level 5:colcon.colcon_core.verb:set package 'def_msg' build argument 'cmake_args' from command line to 'None'
[0.255s] Level 5:colcon.colcon_core.verb:set package 'def_msg' build argument 'cmake_target' from command line to 'None'
[0.255s] Level 5:colcon.colcon_core.verb:set package 'def_msg' build argument 'cmake_target_skip_unavailable' from command line to 'False'
[0.256s] Level 5:colcon.colcon_core.verb:set package 'def_msg' build argument 'cmake_clean_cache' from command line to 'False'
[0.256s] Level 5:colcon.colcon_core.verb:set package 'def_msg' build argument 'cmake_clean_first' from command line to 'False'
[0.256s] Level 5:colcon.colcon_core.verb:set package 'def_msg' build argument 'cmake_force_configure' from command line to 'False'
[0.256s] Level 5:colcon.colcon_core.verb:set package 'def_msg' build argument 'ament_cmake_args' from command line to 'None'
[0.256s] Level 5:colcon.colcon_core.verb:set package 'def_msg' build argument 'catkin_cmake_args' from command line to 'None'
[0.256s] Level 5:colcon.colcon_core.verb:set package 'def_msg' build argument 'catkin_skip_building_tests' from command line to 'False'
[0.256s] DEBUG:colcon.colcon_core.verb:Building package 'def_msg' with the following arguments: {'ament_cmake_args': None, 'build_base': '/home/hjh/RMserial/build/def_msg', 'catkin_cmake_args': None, 'catkin_skip_building_tests': False, 'cmake_args': None, 'cmake_clean_cache': False, 'cmake_clean_first': False, 'cmake_force_configure': False, 'cmake_target': None, 'cmake_target_skip_unavailable': False, 'install_base': '/home/hjh/RMserial/install/def_msg', 'merge_install': False, 'path': '/home/hjh/RMserial/serial/def_msg', 'symlink_install': False, 'test_result_base': None}
[0.256s] Level 5:colcon.colcon_core.verb:set package 'vision_msg' build argument 'cmake_args' from command line to 'None'
[0.256s] Level 5:colcon.colcon_core.verb:set package 'vision_msg' build argument 'cmake_target' from command line to 'None'
[0.256s] Level 5:colcon.colcon_core.verb:set package 'vision_msg' build argument 'cmake_target_skip_unavailable' from command line to 'False'
[0.256s] Level 5:colcon.colcon_core.verb:set package 'vision_msg' build argument 'cmake_clean_cache' from command line to 'False'
[0.256s] Level 5:colcon.colcon_core.verb:set package 'vision_msg' build argument 'cmake_clean_first' from command line to 'False'
[0.256s] Level 5:colcon.colcon_core.verb:set package 'vision_msg' build argument 'cmake_force_configure' from command line to 'False'
[0.256s] Level 5:colcon.colcon_core.verb:set package 'vision_msg' build argument 'ament_cmake_args' from command line to 'None'
[0.256s] Level 5:colcon.colcon_core.verb:set package 'vision_msg' build argument 'catkin_cmake_args' from command line to 'None'
[0.256s] Level 5:colcon.colcon_core.verb:set package 'vision_msg' build argument 'catkin_skip_building_tests' from command line to 'False'
[0.256s] DEBUG:colcon.colcon_core.verb:Building package 'vision_msg' with the following arguments: {'ament_cmake_args': None, 'build_base': '/home/hjh/RMserial/build/vision_msg', 'catkin_cmake_args': None, 'catkin_skip_building_tests': False, 'cmake_args': None, 'cmake_clean_cache': False, 'cmake_clean_first': False, 'cmake_force_configure': False, 'cmake_target': None, 'cmake_target_skip_unavailable': False, 'install_base': '/home/hjh/RMserial/install/vision_msg', 'merge_install': False, 'path': '/home/hjh/RMserial/serial/vision_msg', 'symlink_install': False, 'test_result_base': None}
[0.256s] Level 5:colcon.colcon_core.verb:set package 'serial_def_sdk' build argument 'cmake_args' from command line to 'None'
[0.256s] Level 5:colcon.colcon_core.verb:set package 'serial_def_sdk' build argument 'cmake_target' from command line to 'None'
[0.256s] Level 5:colcon.colcon_core.verb:set package 'serial_def_sdk' build argument 'cmake_target_skip_unavailable' from command line to 'False'
[0.256s] Level 5:colcon.colcon_core.verb:set package 'serial_def_sdk' build argument 'cmake_clean_cache' from command line to 'False'
[0.256s] Level 5:colcon.colcon_core.verb:set package 'serial_def_sdk' build argument 'cmake_clean_first' from command line to 'False'
[0.256s] Level 5:colcon.colcon_core.verb:set package 'serial_def_sdk' build argument 'cmake_force_configure' from command line to 'False'
[0.256s] Level 5:colcon.colcon_core.verb:set package 'serial_def_sdk' build argument 'ament_cmake_args' from command line to 'None'
[0.256s] Level 5:colcon.colcon_core.verb:set package 'serial_def_sdk' build argument 'catkin_cmake_args' from command line to 'None'
[0.256s] Level 5:colcon.colcon_core.verb:set package 'serial_def_sdk' build argument 'catkin_skip_building_tests' from command line to 'False'
[0.256s] DEBUG:colcon.colcon_core.verb:Building package 'serial_def_sdk' with the following arguments: {'ament_cmake_args': None, 'build_base': '/home/hjh/RMserial/build/serial_def_sdk', 'catkin_cmake_args': None, 'catkin_skip_building_tests': False, 'cmake_args': None, 'cmake_clean_cache': False, 'cmake_clean_first': False, 'cmake_force_configure': False, 'cmake_target': None, 'cmake_target_skip_unavailable': False, 'install_base': '/home/hjh/RMserial/install/serial_def_sdk', 'merge_install': False, 'path': '/home/hjh/RMserial/serial/serial_def_sdk', 'symlink_install': False, 'test_result_base': None}
[0.256s] INFO:colcon.colcon_core.executor:Executing jobs using 'parallel' executor
[0.257s] DEBUG:colcon.colcon_parallel_executor.executor.parallel:run_until_complete
[0.257s] INFO:colcon.colcon_ros.task.ament_cmake.build:Building ROS package in '/home/hjh/RMserial/serial/def_msg' with build type 'ament_cmake'
[0.258s] INFO:colcon.colcon_cmake.task.cmake.build:Building CMake package in '/home/hjh/RMserial/serial/def_msg'
[0.259s] INFO:colcon.colcon_core.plugin_system:Skipping extension 'colcon_core.shell.bat': Not used on non-Windows systems
[0.259s] INFO:colcon.colcon_core.shell:Skip shell extension 'powershell' for command environment: Not usable outside of PowerShell
[0.259s] DEBUG:colcon.colcon_core.shell:Skip shell extension 'dsv' for command environment
[0.261s] INFO:colcon.colcon_ros.task.ament_cmake.build:Building ROS package in '/home/hjh/RMserial/serial/vision_msg' with build type 'ament_cmake'
[0.261s] INFO:colcon.colcon_cmake.task.cmake.build:Building CMake package in '/home/hjh/RMserial/serial/vision_msg'
[0.262s] INFO:colcon.colcon_core.shell:Skip shell extension 'powershell' for command environment: Not usable outside of PowerShell
[0.262s] DEBUG:colcon.colcon_core.shell:Skip shell extension 'dsv' for command environment
[0.267s] DEBUG:colcon.colcon_core.event_handler.log_command:Invoking command in '/home/hjh/RMserial/build/def_msg': CMAKE_PREFIX_PATH=/opt/ros/humble /usr/bin/cmake --build /home/hjh/RMserial/build/def_msg -- -j16 -l16
[0.270s] DEBUG:colcon.colcon_core.event_handler.log_command:Invoking command in '/home/hjh/RMserial/build/vision_msg': CMAKE_PREFIX_PATH=/opt/ros/humble /usr/bin/cmake --build /home/hjh/RMserial/build/vision_msg -- -j16 -l16
[0.495s] DEBUG:colcon.colcon_core.event_handler.log_command:Invoked command in '/home/hjh/RMserial/build/vision_msg' returned '0': CMAKE_PREFIX_PATH=/opt/ros/humble /usr/bin/cmake --build /home/hjh/RMserial/build/vision_msg -- -j16 -l16
[0.501s] DEBUG:colcon.colcon_core.event_handler.log_command:Invoking command in '/home/hjh/RMserial/build/vision_msg': CMAKE_PREFIX_PATH=/opt/ros/humble /usr/bin/cmake --install /home/hjh/RMserial/build/vision_msg
[0.505s] DEBUG:colcon.colcon_core.event_handler.log_command:Invoked command in '/home/hjh/RMserial/build/def_msg' returned '0': CMAKE_PREFIX_PATH=/opt/ros/humble /usr/bin/cmake --build /home/hjh/RMserial/build/def_msg -- -j16 -l16
[0.506s] DEBUG:colcon.colcon_core.event_handler.log_command:Invoking command in '/home/hjh/RMserial/build/def_msg': CMAKE_PREFIX_PATH=/opt/ros/humble /usr/bin/cmake --install /home/hjh/RMserial/build/def_msg
[0.546s] Level 1:colcon.colcon_core.environment:create_environment_scripts_only(vision_msg)
[0.546s] DEBUG:colcon.colcon_core.event_handler.log_command:Invoked command in '/home/hjh/RMserial/build/vision_msg' returned '0': CMAKE_PREFIX_PATH=/opt/ros/humble /usr/bin/cmake --install /home/hjh/RMserial/build/vision_msg
[0.548s] Level 1:colcon.colcon_core.environment:checking '/home/hjh/RMserial/install/vision_msg' for CMake module files
[0.549s] Level 1:colcon.colcon_core.environment:checking '/home/hjh/RMserial/install/vision_msg' for CMake config files
[0.549s] Level 1:colcon.colcon_core.shell:create_environment_hook('vision_msg', 'cmake_prefix_path')
[0.549s] INFO:colcon.colcon_core.shell:Creating environment hook '/home/hjh/RMserial/install/vision_msg/share/vision_msg/hook/cmake_prefix_path.ps1'
[0.550s] INFO:colcon.colcon_core.shell:Creating environment descriptor '/home/hjh/RMserial/install/vision_msg/share/vision_msg/hook/cmake_prefix_path.dsv'
[0.550s] INFO:colcon.colcon_core.shell:Creating environment hook '/home/hjh/RMserial/install/vision_msg/share/vision_msg/hook/cmake_prefix_path.sh'
[0.551s] Level 1:colcon.colcon_core.environment:checking '/home/hjh/RMserial/install/vision_msg/lib'
[0.551s] Level 1:colcon.colcon_core.shell:create_environment_hook('vision_msg', 'ld_library_path_lib')
[0.551s] INFO:colcon.colcon_core.shell:Creating environment hook '/home/hjh/RMserial/install/vision_msg/share/vision_msg/hook/ld_library_path_lib.ps1'
[0.551s] INFO:colcon.colcon_core.shell:Creating environment descriptor '/home/hjh/RMserial/install/vision_msg/share/vision_msg/hook/ld_library_path_lib.dsv'
[0.551s] INFO:colcon.colcon_core.shell:Creating environment hook '/home/hjh/RMserial/install/vision_msg/share/vision_msg/hook/ld_library_path_lib.sh'
[0.552s] Level 1:colcon.colcon_core.environment:checking '/home/hjh/RMserial/install/vision_msg/bin'
[0.552s] Level 1:colcon.colcon_core.environment:checking '/home/hjh/RMserial/install/vision_msg/lib/pkgconfig/vision_msg.pc'
[0.552s] Level 1:colcon.colcon_core.environment:checking '/home/hjh/RMserial/install/vision_msg/lib/python3.10/site-packages'
[0.552s] Level 1:colcon.colcon_core.environment:checking '/home/hjh/RMserial/install/vision_msg/bin'
[0.552s] INFO:colcon.colcon_core.shell:Creating package script '/home/hjh/RMserial/install/vision_msg/share/vision_msg/package.ps1'
[0.553s] INFO:colcon.colcon_core.shell:Creating package descriptor '/home/hjh/RMserial/install/vision_msg/share/vision_msg/package.dsv'
[0.553s] INFO:colcon.colcon_core.shell:Creating package script '/home/hjh/RMserial/install/vision_msg/share/vision_msg/package.sh'
[0.554s] INFO:colcon.colcon_core.shell:Creating package script '/home/hjh/RMserial/install/vision_msg/share/vision_msg/package.bash'
[0.554s] INFO:colcon.colcon_core.shell:Creating package script '/home/hjh/RMserial/install/vision_msg/share/vision_msg/package.zsh'
[0.554s] Level 1:colcon.colcon_core.environment:create_file_with_runtime_dependencies(/home/hjh/RMserial/install/vision_msg/share/colcon-core/packages/vision_msg)
[0.555s] Level 1:colcon.colcon_core.environment:create_environment_scripts_only(vision_msg)
[0.555s] Level 1:colcon.colcon_core.environment:checking '/home/hjh/RMserial/install/vision_msg' for CMake module files
[0.555s] Level 1:colcon.colcon_core.environment:checking '/home/hjh/RMserial/install/vision_msg' for CMake config files
[0.555s] Level 1:colcon.colcon_core.shell:create_environment_hook('vision_msg', 'cmake_prefix_path')
[0.556s] INFO:colcon.colcon_core.shell:Creating environment hook '/home/hjh/RMserial/install/vision_msg/share/vision_msg/hook/cmake_prefix_path.ps1'
[0.556s] INFO:colcon.colcon_core.shell:Creating environment descriptor '/home/hjh/RMserial/install/vision_msg/share/vision_msg/hook/cmake_prefix_path.dsv'
[0.556s] INFO:colcon.colcon_core.shell:Creating environment hook '/home/hjh/RMserial/install/vision_msg/share/vision_msg/hook/cmake_prefix_path.sh'
[0.556s] Level 1:colcon.colcon_core.environment:checking '/home/hjh/RMserial/install/vision_msg/lib'
[0.556s] Level 1:colcon.colcon_core.shell:create_environment_hook('vision_msg', 'ld_library_path_lib')
[0.556s] INFO:colcon.colcon_core.shell:Creating environment hook '/home/hjh/RMserial/install/vision_msg/share/vision_msg/hook/ld_library_path_lib.ps1'
[0.557s] INFO:colcon.colcon_core.shell:Creating environment descriptor '/home/hjh/RMserial/install/vision_msg/share/vision_msg/hook/ld_library_path_lib.dsv'
[0.557s] INFO:colcon.colcon_core.shell:Creating environment hook '/home/hjh/RMserial/install/vision_msg/share/vision_msg/hook/ld_library_path_lib.sh'
[0.557s] Level 1:colcon.colcon_core.environment:checking '/home/hjh/RMserial/install/vision_msg/bin'
[0.557s] Level 1:colcon.colcon_core.environment:checking '/home/hjh/RMserial/install/vision_msg/lib/pkgconfig/vision_msg.pc'
[0.557s] Level 1:colcon.colcon_core.environment:checking '/home/hjh/RMserial/install/vision_msg/lib/python3.10/site-packages'
[0.557s] Level 1:colcon.colcon_core.environment:checking '/home/hjh/RMserial/install/vision_msg/bin'
[0.557s] INFO:colcon.colcon_core.shell:Creating package script '/home/hjh/RMserial/install/vision_msg/share/vision_msg/package.ps1'
[0.558s] INFO:colcon.colcon_core.shell:Creating package descriptor '/home/hjh/RMserial/install/vision_msg/share/vision_msg/package.dsv'
[0.558s] INFO:colcon.colcon_core.shell:Creating package script '/home/hjh/RMserial/install/vision_msg/share/vision_msg/package.sh'
[0.558s] INFO:colcon.colcon_core.shell:Creating package script '/home/hjh/RMserial/install/vision_msg/share/vision_msg/package.bash'
[0.559s] INFO:colcon.colcon_core.shell:Creating package script '/home/hjh/RMserial/install/vision_msg/share/vision_msg/package.zsh'
[0.559s] Level 1:colcon.colcon_core.environment:create_file_with_runtime_dependencies(/home/hjh/RMserial/install/vision_msg/share/colcon-core/packages/vision_msg)
[0.559s] Level 1:colcon.colcon_core.environment:create_environment_scripts_only(def_msg)
[0.559s] Level 1:colcon.colcon_core.environment:checking '/home/hjh/RMserial/install/def_msg' for CMake module files
[0.560s] DEBUG:colcon.colcon_core.event_handler.log_command:Invoked command in '/home/hjh/RMserial/build/def_msg' returned '0': CMAKE_PREFIX_PATH=/opt/ros/humble /usr/bin/cmake --install /home/hjh/RMserial/build/def_msg
[0.560s] Level 1:colcon.colcon_core.environment:checking '/home/hjh/RMserial/install/def_msg' for CMake config files
[0.560s] Level 1:colcon.colcon_core.shell:create_environment_hook('def_msg', 'cmake_prefix_path')
[0.560s] INFO:colcon.colcon_core.shell:Creating environment hook '/home/hjh/RMserial/install/def_msg/share/def_msg/hook/cmake_prefix_path.ps1'
[0.561s] INFO:colcon.colcon_core.shell:Creating environment descriptor '/home/hjh/RMserial/install/def_msg/share/def_msg/hook/cmake_prefix_path.dsv'
[0.561s] INFO:colcon.colcon_core.shell:Creating environment hook '/home/hjh/RMserial/install/def_msg/share/def_msg/hook/cmake_prefix_path.sh'
[0.561s] Level 1:colcon.colcon_core.environment:checking '/home/hjh/RMserial/install/def_msg/lib'
[0.561s] Level 1:colcon.colcon_core.shell:create_environment_hook('def_msg', 'ld_library_path_lib')
[0.561s] INFO:colcon.colcon_core.shell:Creating environment hook '/home/hjh/RMserial/install/def_msg/share/def_msg/hook/ld_library_path_lib.ps1'
[0.562s] INFO:colcon.colcon_core.shell:Creating environment descriptor '/home/hjh/RMserial/install/def_msg/share/def_msg/hook/ld_library_path_lib.dsv'
[0.562s] INFO:colcon.colcon_core.shell:Creating environment hook '/home/hjh/RMserial/install/def_msg/share/def_msg/hook/ld_library_path_lib.sh'
[0.562s] Level 1:colcon.colcon_core.environment:checking '/home/hjh/RMserial/install/def_msg/bin'
[0.562s] Level 1:colcon.colcon_core.environment:checking '/home/hjh/RMserial/install/def_msg/lib/pkgconfig/def_msg.pc'
[0.562s] Level 1:colcon.colcon_core.environment:checking '/home/hjh/RMserial/install/def_msg/lib/python3.10/site-packages'
[0.562s] Level 1:colcon.colcon_core.environment:checking '/home/hjh/RMserial/install/def_msg/bin'
[0.562s] INFO:colcon.colcon_core.shell:Creating package script '/home/hjh/RMserial/install/def_msg/share/def_msg/package.ps1'
[0.563s] INFO:colcon.colcon_core.shell:Creating package descriptor '/home/hjh/RMserial/install/def_msg/share/def_msg/package.dsv'
[0.563s] INFO:colcon.colcon_core.shell:Creating package script '/home/hjh/RMserial/install/def_msg/share/def_msg/package.sh'
[0.563s] INFO:colcon.colcon_core.shell:Creating package script '/home/hjh/RMserial/install/def_msg/share/def_msg/package.bash'
[0.563s] INFO:colcon.colcon_core.shell:Creating package script '/home/hjh/RMserial/install/def_msg/share/def_msg/package.zsh'
[0.563s] Level 1:colcon.colcon_core.environment:create_file_with_runtime_dependencies(/home/hjh/RMserial/install/def_msg/share/colcon-core/packages/def_msg)
[0.564s] Level 1:colcon.colcon_core.environment:create_environment_scripts_only(def_msg)
[0.564s] Level 1:colcon.colcon_core.environment:checking '/home/hjh/RMserial/install/def_msg' for CMake module files
[0.564s] Level 1:colcon.colcon_core.environment:checking '/home/hjh/RMserial/install/def_msg' for CMake config files
[0.564s] Level 1:colcon.colcon_core.shell:create_environment_hook('def_msg', 'cmake_prefix_path')
[0.565s] INFO:colcon.colcon_core.shell:Creating environment hook '/home/hjh/RMserial/install/def_msg/share/def_msg/hook/cmake_prefix_path.ps1'
[0.565s] INFO:colcon.colcon_core.shell:Creating environment descriptor '/home/hjh/RMserial/install/def_msg/share/def_msg/hook/cmake_prefix_path.dsv'
[0.565s] INFO:colcon.colcon_core.shell:Creating environment hook '/home/hjh/RMserial/install/def_msg/share/def_msg/hook/cmake_prefix_path.sh'
[0.565s] Level 1:colcon.colcon_core.environment:checking '/home/hjh/RMserial/install/def_msg/lib'
[0.565s] Level 1:colcon.colcon_core.shell:create_environment_hook('def_msg', 'ld_library_path_lib')
[0.565s] INFO:colcon.colcon_core.shell:Creating environment hook '/home/hjh/RMserial/install/def_msg/share/def_msg/hook/ld_library_path_lib.ps1'
[0.566s] INFO:colcon.colcon_core.shell:Creating environment descriptor '/home/hjh/RMserial/install/def_msg/share/def_msg/hook/ld_library_path_lib.dsv'
[0.566s] INFO:colcon.colcon_core.shell:Creating environment hook '/home/hjh/RMserial/install/def_msg/share/def_msg/hook/ld_library_path_lib.sh'
[0.566s] Level 1:colcon.colcon_core.environment:checking '/home/hjh/RMserial/install/def_msg/bin'
[0.566s] Level 1:colcon.colcon_core.environment:checking '/home/hjh/RMserial/install/def_msg/lib/pkgconfig/def_msg.pc'
[0.566s] Level 1:colcon.colcon_core.environment:checking '/home/hjh/RMserial/install/def_msg/lib/python3.10/site-packages'
[0.566s] Level 1:colcon.colcon_core.environment:checking '/home/hjh/RMserial/install/def_msg/bin'
[0.567s] INFO:colcon.colcon_core.shell:Creating package script '/home/hjh/RMserial/install/def_msg/share/def_msg/package.ps1'
[0.567s] INFO:colcon.colcon_core.shell:Creating package descriptor '/home/hjh/RMserial/install/def_msg/share/def_msg/package.dsv'
[0.567s] INFO:colcon.colcon_core.shell:Creating package script '/home/hjh/RMserial/install/def_msg/share/def_msg/package.sh'
[0.568s] INFO:colcon.colcon_core.shell:Creating package script '/home/hjh/RMserial/install/def_msg/share/def_msg/package.bash'
[0.568s] INFO:colcon.colcon_core.shell:Creating package script '/home/hjh/RMserial/install/def_msg/share/def_msg/package.zsh'
[0.568s] Level 1:colcon.colcon_core.environment:create_file_with_runtime_dependencies(/home/hjh/RMserial/install/def_msg/share/colcon-core/packages/def_msg)
[0.568s] INFO:colcon.colcon_ros.task.ament_cmake.build:Building ROS package in '/home/hjh/RMserial/serial/serial_def_sdk' with build type 'ament_cmake'
[0.568s] INFO:colcon.colcon_cmake.task.cmake.build:Building CMake package in '/home/hjh/RMserial/serial/serial_def_sdk'
[0.568s] INFO:colcon.colcon_core.shell:Skip shell extension 'powershell' for command environment: Not usable outside of PowerShell
[0.568s] DEBUG:colcon.colcon_core.shell:Skip shell extension 'dsv' for command environment
[0.580s] DEBUG:colcon.colcon_core.event_handler.log_command:Invoking command in '/home/hjh/RMserial/build/serial_def_sdk': AMENT_PREFIX_PATH=/home/hjh/RMserial/install/vision_msg:/home/hjh/RMserial/install/def_msg:${AMENT_PREFIX_PATH} CMAKE_PREFIX_PATH=/home/hjh/RMserial/install/vision_msg:/home/hjh/RMserial/install/def_msg:/opt/ros/humble LD_LIBRARY_PATH=/home/hjh/RMserial/install/vision_msg/lib:/home/hjh/RMserial/install/def_msg/lib:${LD_LIBRARY_PATH} PYTHONPATH=/home/hjh/RMserial/install/vision_msg/local/lib/python3.10/dist-packages:/home/hjh/RMserial/install/def_msg/local/lib/python3.10/dist-packages:${PYTHONPATH} /usr/bin/cmake --build /home/hjh/RMserial/build/serial_def_sdk -- -j16 -l16
[6.736s] Level 1:colcon.colcon_core.environment:create_environment_scripts_only(serial_def_sdk)
[6.737s] Level 1:colcon.colcon_core.environment:checking '/home/hjh/RMserial/install/serial_def_sdk' for CMake module files
[6.737s] DEBUG:colcon.colcon_core.event_handler.log_command:Invoked command in '/home/hjh/RMserial/build/serial_def_sdk' returned '2': AMENT_PREFIX_PATH=/home/hjh/RMserial/install/vision_msg:/home/hjh/RMserial/install/def_msg:${AMENT_PREFIX_PATH} CMAKE_PREFIX_PATH=/home/hjh/RMserial/install/vision_msg:/home/hjh/RMserial/install/def_msg:/opt/ros/humble LD_LIBRARY_PATH=/home/hjh/RMserial/install/vision_msg/lib:/home/hjh/RMserial/install/def_msg/lib:${LD_LIBRARY_PATH} PYTHONPATH=/home/hjh/RMserial/install/vision_msg/local/lib/python3.10/dist-packages:/home/hjh/RMserial/install/def_msg/local/lib/python3.10/dist-packages:${PYTHONPATH} /usr/bin/cmake --build /home/hjh/RMserial/build/serial_def_sdk -- -j16 -l16
[6.737s] Level 1:colcon.colcon_core.environment:checking '/home/hjh/RMserial/install/serial_def_sdk' for CMake config files
[6.738s] Level 1:colcon.colcon_core.shell:create_environment_hook('serial_def_sdk', 'cmake_prefix_path')
[6.738s] INFO:colcon.colcon_core.shell:Creating environment hook '/home/hjh/RMserial/install/serial_def_sdk/share/serial_def_sdk/hook/cmake_prefix_path.ps1'
[6.739s] INFO:colcon.colcon_core.shell:Creating environment descriptor '/home/hjh/RMserial/install/serial_def_sdk/share/serial_def_sdk/hook/cmake_prefix_path.dsv'
[6.739s] INFO:colcon.colcon_core.shell:Creating environment hook '/home/hjh/RMserial/install/serial_def_sdk/share/serial_def_sdk/hook/cmake_prefix_path.sh'
[6.740s] Level 1:colcon.colcon_core.environment:checking '/home/hjh/RMserial/install/serial_def_sdk/lib'
[6.740s] Level 1:colcon.colcon_core.environment:checking '/home/hjh/RMserial/install/serial_def_sdk/bin'
[6.740s] Level 1:colcon.colcon_core.environment:checking '/home/hjh/RMserial/install/serial_def_sdk/lib/pkgconfig/serial_def_sdk.pc'
[6.740s] Level 1:colcon.colcon_core.environment:checking '/home/hjh/RMserial/install/serial_def_sdk/lib/python3.10/site-packages'
[6.741s] Level 1:colcon.colcon_core.environment:checking '/home/hjh/RMserial/install/serial_def_sdk/bin'
[6.741s] INFO:colcon.colcon_core.shell:Creating package script '/home/hjh/RMserial/install/serial_def_sdk/share/serial_def_sdk/package.ps1'
[6.742s] INFO:colcon.colcon_core.shell:Creating package descriptor '/home/hjh/RMserial/install/serial_def_sdk/share/serial_def_sdk/package.dsv'
[6.742s] INFO:colcon.colcon_core.shell:Creating package script '/home/hjh/RMserial/install/serial_def_sdk/share/serial_def_sdk/package.sh'
[6.743s] INFO:colcon.colcon_core.shell:Creating package script '/home/hjh/RMserial/install/serial_def_sdk/share/serial_def_sdk/package.bash'
[6.743s] INFO:colcon.colcon_core.shell:Creating package script '/home/hjh/RMserial/install/serial_def_sdk/share/serial_def_sdk/package.zsh'
[6.744s] Level 1:colcon.colcon_core.environment:create_file_with_runtime_dependencies(/home/hjh/RMserial/install/serial_def_sdk/share/colcon-core/packages/serial_def_sdk)
[6.754s] DEBUG:colcon.colcon_parallel_executor.executor.parallel:closing loop
[6.755s] DEBUG:colcon.colcon_parallel_executor.executor.parallel:loop closed
[6.755s] DEBUG:colcon.colcon_parallel_executor.executor.parallel:run_until_complete finished with '2'
[6.755s] DEBUG:colcon.colcon_core.event_reactor:joining thread
[6.761s] INFO:colcon.colcon_core.plugin_system:Skipping extension 'colcon_notification.desktop_notification.terminal_notifier': Not used on non-Darwin systems
[6.761s] INFO:colcon.colcon_core.plugin_system:Skipping extension 'colcon_notification.desktop_notification.win32': Not used on non-Windows systems
[6.761s] INFO:colcon.colcon_notification.desktop_notification:Sending desktop notification using 'notify2'
[6.775s] DEBUG:colcon.colcon_core.event_reactor:joined thread
[6.776s] INFO:colcon.colcon_core.shell:Creating prefix script '/home/hjh/RMserial/install/local_setup.ps1'
[6.778s] INFO:colcon.colcon_core.shell:Creating prefix util module '/home/hjh/RMserial/install/_local_setup_util_ps1.py'
[6.781s] INFO:colcon.colcon_core.shell:Creating prefix chain script '/home/hjh/RMserial/install/setup.ps1'
[6.782s] INFO:colcon.colcon_core.shell:Creating prefix script '/home/hjh/RMserial/install/local_setup.sh'
[6.783s] INFO:colcon.colcon_core.shell:Creating prefix util module '/home/hjh/RMserial/install/_local_setup_util_sh.py'
[6.783s] INFO:colcon.colcon_core.shell:Creating prefix chain script '/home/hjh/RMserial/install/setup.sh'
[6.784s] INFO:colcon.colcon_core.shell:Creating prefix script '/home/hjh/RMserial/install/local_setup.bash'
[6.785s] INFO:colcon.colcon_core.shell:Creating prefix chain script '/home/hjh/RMserial/install/setup.bash'
[6.787s] INFO:colcon.colcon_core.shell:Creating prefix script '/home/hjh/RMserial/install/local_setup.zsh'
[6.787s] INFO:colcon.colcon_core.shell:Creating prefix chain script '/home/hjh/RMserial/install/setup.zsh'
