[0.010s] Invoking command in '/home/hjh/RMserial/build/pb_rm_interfaces': CMAKE_PREFIX_PATH=/opt/ros/humble /usr/bin/cmake /home/hjh/RMserial/serial/pb_rm_interfaces -DCMAKE_INSTALL_PREFIX=/home/hjh/RMserial/install/pb_rm_interfaces
[0.015s] [0mCMake Deprecation Warning at CMakeLists.txt:1 (cmake_minimum_required):
[0.015s]   Compatibility with CMake < 3.10 will be removed from a future version of
[0.015s]   CMake.
[0.015s] 
[0.016s]   Update the VERSION argument <min> value.  Or, use the <min>...<max> syntax
[0.016s]   to tell CMake that the project requires at least <min> but has been updated
[0.016s]   to work with policies introduced by <max> or earlier.
[0.016s] 
[0.016s] [0m
[0.058s] -- The C compiler identification is GNU 11.4.0
[0.115s] -- The CXX compiler identification is GNU 11.4.0
[0.121s] -- Detecting C compiler ABI info
[0.175s] -- Detecting C compiler ABI info - done
[0.187s] -- Check for working C compiler: /usr/bin/cc - skipped
[0.187s] -- Detecting C compile features
[0.188s] -- Detecting C compile features - done
[0.200s] -- Detecting CXX compiler ABI info
[0.261s] -- Detecting CXX compiler ABI info - done
[0.280s] -- Check for working CXX compiler: /usr/bin/c++ - skipped
[0.280s] -- Detecting CXX compile features
[0.281s] -- Detecting CXX compile features - done
[0.290s] -- Found ament_cmake: 1.3.11 (/opt/ros/humble/share/ament_cmake/cmake)
[0.410s] -- Found Python3: /usr/bin/python3 (found version "3.10.12") found components: Interpreter
[0.511s] -- Found rosidl_default_generators: 1.2.0 (/opt/ros/humble/share/rosidl_default_generators/cmake)
[0.513s] -- Using all available rosidl_typesupport_c: rosidl_typesupport_fastrtps_c;rosidl_typesupport_introspection_c
[0.519s] -- Found rosidl_adapter: 3.1.6 (/opt/ros/humble/share/rosidl_adapter/cmake)
[0.558s] -- Using all available rosidl_typesupport_cpp: rosidl_typesupport_fastrtps_cpp;rosidl_typesupport_introspection_cpp
[0.586s] -- Found geometry_msgs: 4.8.0 (/opt/ros/humble/share/geometry_msgs/cmake)
[0.983s] -- Found ament_cmake_ros: 0.10.0 (/opt/ros/humble/share/ament_cmake_ros/cmake)
[1.426s] -- Using all available rosidl_typesupport_c: rosidl_typesupport_fastrtps_c;rosidl_typesupport_introspection_c
[1.968s] -- Using all available rosidl_typesupport_cpp: rosidl_typesupport_fastrtps_cpp;rosidl_typesupport_introspection_cpp
[1.970s] [33mCMake Warning (dev) at /opt/ros/humble/share/rosidl_generator_py/cmake/rosidl_generator_py_generate_interfaces.cmake:20 (find_package):
[1.970s]   Policy CMP0148 is not set: The FindPythonInterp and FindPythonLibs modules
[1.971s]   are removed.  Run "cmake --help-policy CMP0148" for policy details.  Use
[1.971s]   the cmake_policy command to set the policy and suppress this warning.
[1.971s] 
[1.971s] Call Stack (most recent call first):
[1.971s]   /opt/ros/humble/share/ament_cmake_core/cmake/core/ament_execute_extensions.cmake:48 (include)
[1.971s]   /opt/ros/humble/share/rosidl_cmake/cmake/rosidl_generate_interfaces.cmake:286 (ament_execute_extensions)
[1.971s]   CMakeLists.txt:20 (rosidl_generate_interfaces)
[1.971s] This warning is for project developers.  Use -Wno-dev to suppress it.
[1.971s] [0m
[1.986s] -- Found PythonInterp: /usr/bin/python3 (found suitable version "3.10.12", minimum required is "3.6")
[1.988s] -- Found python_cmake_module: 0.10.0 (/opt/ros/humble/share/python_cmake_module/cmake)
[1.988s] [33mCMake Warning (dev) at /opt/ros/humble/share/python_cmake_module/cmake/Modules/FindPythonExtra.cmake:52 (find_package):
[1.988s]   Policy CMP0148 is not set: The FindPythonInterp and FindPythonLibs modules
[1.988s]   are removed.  Run "cmake --help-policy CMP0148" for policy details.  Use
[1.988s]   the cmake_policy command to set the policy and suppress this warning.
[1.988s] 
[1.988s] Call Stack (most recent call first):
[1.988s]   /opt/ros/humble/share/rosidl_generator_py/cmake/rosidl_generator_py_generate_interfaces.cmake:23 (find_package)
[1.989s]   /opt/ros/humble/share/ament_cmake_core/cmake/core/ament_execute_extensions.cmake:48 (include)
[1.989s]   /opt/ros/humble/share/rosidl_cmake/cmake/rosidl_generate_interfaces.cmake:286 (ament_execute_extensions)
[1.989s]   CMakeLists.txt:20 (rosidl_generate_interfaces)
[1.989s] This warning is for project developers.  Use -Wno-dev to suppress it.
[1.989s] [0m
[2.003s] [33mCMake Warning (dev) at /opt/ros/humble/share/python_cmake_module/cmake/Modules/FindPythonExtra.cmake:140 (find_package):
[2.003s]   Policy CMP0148 is not set: The FindPythonInterp and FindPythonLibs modules
[2.003s]   are removed.  Run "cmake --help-policy CMP0148" for policy details.  Use
[2.004s]   the cmake_policy command to set the policy and suppress this warning.
[2.004s] 
[2.004s] Call Stack (most recent call first):
[2.004s]   /opt/ros/humble/share/rosidl_generator_py/cmake/rosidl_generator_py_generate_interfaces.cmake:23 (find_package)
[2.004s]   /opt/ros/humble/share/ament_cmake_core/cmake/core/ament_execute_extensions.cmake:48 (include)
[2.004s]   /opt/ros/humble/share/rosidl_cmake/cmake/rosidl_generate_interfaces.cmake:286 (ament_execute_extensions)
[2.004s]   CMakeLists.txt:20 (rosidl_generate_interfaces)
[2.004s] This warning is for project developers.  Use -Wno-dev to suppress it.
[2.004s] [0m
[2.011s] -- Found PythonLibs: /usr/lib/x86_64-linux-gnu/libpython3.10.so (found suitable version "3.10.12", minimum required is "3.5")
[2.011s] -- Using PYTHON_EXECUTABLE: /usr/bin/python3
[2.011s] -- Using PYTHON_INCLUDE_DIRS: /usr/include/python3.10
[2.011s] -- Using PYTHON_LIBRARIES: /usr/lib/x86_64-linux-gnu/libpython3.10.so
[2.026s] -- Found PythonExtra: .so
[2.085s] -- Configuring done (2.1s)
[2.135s] -- Generating done (0.1s)
[2.147s] -- Build files have been written to: /home/hjh/RMserial/build/pb_rm_interfaces
[2.158s] Invoked command in '/home/hjh/RMserial/build/pb_rm_interfaces' returned '0': CMAKE_PREFIX_PATH=/opt/ros/humble /usr/bin/cmake /home/hjh/RMserial/serial/pb_rm_interfaces -DCMAKE_INSTALL_PREFIX=/home/hjh/RMserial/install/pb_rm_interfaces
[2.160s] Invoking command in '/home/hjh/RMserial/build/pb_rm_interfaces': CMAKE_PREFIX_PATH=/opt/ros/humble /usr/bin/cmake --build /home/hjh/RMserial/build/pb_rm_interfaces -- -j16 -l16
[2.186s] [  2%] [1m[34mGenerating C code for ROS interfaces[0m
[2.193s] [  5%] [1m[34mGenerating C++ code for ROS interfaces[0m
[2.196s] [  5%] Built target ament_cmake_python_copy_pb_rm_interfaces
[2.510s] running egg_info
[2.510s] creating pb_rm_interfaces.egg-info
[2.510s] writing pb_rm_interfaces.egg-info/PKG-INFO
[2.510s] writing dependency_links to pb_rm_interfaces.egg-info/dependency_links.txt
[2.510s] writing top-level names to pb_rm_interfaces.egg-info/top_level.txt
[2.511s] writing manifest file 'pb_rm_interfaces.egg-info/SOURCES.txt'
[2.514s] reading manifest file 'pb_rm_interfaces.egg-info/SOURCES.txt'
[2.514s] writing manifest file 'pb_rm_interfaces.egg-info/SOURCES.txt'
[2.546s] [  5%] Built target ament_cmake_python_build_pb_rm_interfaces_egg
[2.631s] [  5%] Built target pb_rm_interfaces__cpp
[2.636s] [  7%] [1m[34mGenerating C++ type support dispatch for ROS interfaces[0m
[2.636s] [ 10%] [1m[34mGenerating C++ introspection for ROS interfaces[0m
[2.637s] [ 12%] [1m[34mGenerating C++ type support for eProsima Fast-RTPS[0m
[2.945s] [ 15%] [32mBuilding C object CMakeFiles/pb_rm_interfaces__rosidl_generator_c.dir/rosidl_generator_c/pb_rm_interfaces/msg/detail/game_status__functions.c.o[0m
[2.945s] [ 17%] [32mBuilding C object CMakeFiles/pb_rm_interfaces__rosidl_generator_c.dir/rosidl_generator_c/pb_rm_interfaces/msg/detail/robot_status__functions.c.o[0m
[3.049s] [ 20%] [1m[32mLinking C shared library libpb_rm_interfaces__rosidl_generator_c.so[0m
[3.107s] [ 20%] Built target pb_rm_interfaces__rosidl_generator_c
[3.123s] [ 23%] [1m[34mGenerating C type support for eProsima Fast-RTPS[0m
[3.125s] [ 25%] [1m[34mGenerating C introspection for ROS interfaces[0m
[3.128s] [ 28%] [1m[34mGenerating C type support dispatch for ROS interfaces[0m
[3.222s] [ 30%] [32mBuilding CXX object CMakeFiles/pb_rm_interfaces__rosidl_typesupport_fastrtps_cpp.dir/rosidl_typesupport_fastrtps_cpp/pb_rm_interfaces/msg/detail/dds_fastrtps/game_status__type_support.cpp.o[0m
[3.225s] [ 33%] [32mBuilding CXX object CMakeFiles/pb_rm_interfaces__rosidl_typesupport_fastrtps_cpp.dir/rosidl_typesupport_fastrtps_cpp/pb_rm_interfaces/msg/detail/dds_fastrtps/robot_status__type_support.cpp.o[0m
[3.339s] [ 35%] [32mBuilding CXX object CMakeFiles/pb_rm_interfaces__rosidl_typesupport_cpp.dir/rosidl_typesupport_cpp/pb_rm_interfaces/msg/game_status__type_support.cpp.o[0m
[3.342s] [ 38%] [32mBuilding CXX object CMakeFiles/pb_rm_interfaces__rosidl_typesupport_cpp.dir/rosidl_typesupport_cpp/pb_rm_interfaces/msg/robot_status__type_support.cpp.o[0m
[3.374s] [ 41%] [32mBuilding CXX object CMakeFiles/pb_rm_interfaces__rosidl_typesupport_introspection_cpp.dir/rosidl_typesupport_introspection_cpp/pb_rm_interfaces/msg/detail/game_status__type_support.cpp.o[0m
[3.374s] [ 43%] [32mBuilding CXX object CMakeFiles/pb_rm_interfaces__rosidl_typesupport_introspection_cpp.dir/rosidl_typesupport_introspection_cpp/pb_rm_interfaces/msg/detail/robot_status__type_support.cpp.o[0m
[3.676s] [ 46%] [1m[32mLinking CXX shared library libpb_rm_interfaces__rosidl_typesupport_fastrtps_cpp.so[0m
[3.790s] [ 46%] Built target pb_rm_interfaces__rosidl_typesupport_fastrtps_cpp
[3.799s] [ 48%] [1m[32mLinking CXX shared library libpb_rm_interfaces__rosidl_typesupport_cpp.so[0m
[3.822s] [ 51%] [32mBuilding CXX object CMakeFiles/pb_rm_interfaces__rosidl_typesupport_c.dir/rosidl_typesupport_c/pb_rm_interfaces/msg/game_status__type_support.cpp.o[0m
[3.822s] [ 53%] [32mBuilding CXX object CMakeFiles/pb_rm_interfaces__rosidl_typesupport_c.dir/rosidl_typesupport_c/pb_rm_interfaces/msg/robot_status__type_support.cpp.o[0m
[3.836s] [ 53%] Built target pb_rm_interfaces__rosidl_typesupport_cpp
[3.848s] [ 56%] [32mBuilding CXX object CMakeFiles/pb_rm_interfaces__rosidl_typesupport_fastrtps_c.dir/rosidl_typesupport_fastrtps_c/pb_rm_interfaces/msg/detail/game_status__type_support_c.cpp.o[0m
[3.849s] [ 61%] [32mBuilding CXX object CMakeFiles/pb_rm_interfaces__rosidl_typesupport_fastrtps_c.dir/rosidl_typesupport_fastrtps_c/pb_rm_interfaces/msg/detail/robot_status__type_support_c.cpp.o[0m
[3.849s] [ 61%] [1m[32mLinking CXX shared library libpb_rm_interfaces__rosidl_typesupport_c.so[0m
[3.886s] [ 61%] Built target pb_rm_interfaces__rosidl_typesupport_c
[3.929s] [ 64%] [1m[32mLinking CXX shared library libpb_rm_interfaces__rosidl_typesupport_introspection_cpp.so[0m
[3.937s] [ 66%] [32mBuilding C object CMakeFiles/pb_rm_interfaces__rosidl_typesupport_introspection_c.dir/rosidl_typesupport_introspection_c/pb_rm_interfaces/msg/detail/robot_status__type_support.c.o[0m
[3.937s] [ 69%] [32mBuilding C object CMakeFiles/pb_rm_interfaces__rosidl_typesupport_introspection_c.dir/rosidl_typesupport_introspection_c/pb_rm_interfaces/msg/detail/game_status__type_support.c.o[0m
[3.971s] [ 71%] [1m[32mLinking C shared library libpb_rm_interfaces__rosidl_typesupport_introspection_c.so[0m
[3.999s] [ 71%] Built target pb_rm_interfaces__rosidl_typesupport_introspection_cpp
[4.000s] [ 71%] Built target pb_rm_interfaces__rosidl_typesupport_introspection_c
[4.266s] [ 74%] [1m[32mLinking CXX shared library libpb_rm_interfaces__rosidl_typesupport_fastrtps_c.so[0m
[4.362s] [ 74%] Built target pb_rm_interfaces__rosidl_typesupport_fastrtps_c
[4.377s] [ 74%] Built target pb_rm_interfaces
[4.396s] [ 76%] [1m[34mGenerating Python code for ROS interfaces[0m
[5.780s] [ 76%] Built target pb_rm_interfaces__py
[5.792s] [ 79%] [32mBuilding C object CMakeFiles/pb_rm_interfaces__rosidl_generator_py.dir/rosidl_generator_py/pb_rm_interfaces/msg/_game_status_s.c.o[0m
[5.793s] [ 82%] [32mBuilding C object CMakeFiles/pb_rm_interfaces__rosidl_generator_py.dir/rosidl_generator_py/pb_rm_interfaces/msg/_robot_status_s.c.o[0m
[5.865s] [ 84%] [1m[32mLinking C shared library rosidl_generator_py/pb_rm_interfaces/libpb_rm_interfaces__rosidl_generator_py.so[0m
[5.894s] [ 84%] Built target pb_rm_interfaces__rosidl_generator_py
[5.906s] [ 87%] [32mBuilding C object CMakeFiles/pb_rm_interfaces__rosidl_typesupport_introspection_c__pyext.dir/rosidl_generator_py/pb_rm_interfaces/_pb_rm_interfaces_s.ep.rosidl_typesupport_introspection_c.c.o[0m
[5.906s] [ 89%] [32mBuilding C object CMakeFiles/pb_rm_interfaces__rosidl_typesupport_fastrtps_c__pyext.dir/rosidl_generator_py/pb_rm_interfaces/_pb_rm_interfaces_s.ep.rosidl_typesupport_fastrtps_c.c.o[0m
[5.906s] [ 92%] [32mBuilding C object CMakeFiles/pb_rm_interfaces__rosidl_typesupport_c__pyext.dir/rosidl_generator_py/pb_rm_interfaces/_pb_rm_interfaces_s.ep.rosidl_typesupport_c.c.o[0m
[5.976s] [ 94%] [1m[32mLinking C shared library rosidl_generator_py/pb_rm_interfaces/pb_rm_interfaces_s__rosidl_typesupport_introspection_c.cpython-310-x86_64-linux-gnu.so[0m
[5.983s] [ 97%] [1m[32mLinking C shared library rosidl_generator_py/pb_rm_interfaces/pb_rm_interfaces_s__rosidl_typesupport_fastrtps_c.cpython-310-x86_64-linux-gnu.so[0m
[6.000s] [ 97%] Built target pb_rm_interfaces__rosidl_typesupport_introspection_c__pyext
[6.013s] [ 97%] Built target pb_rm_interfaces__rosidl_typesupport_fastrtps_c__pyext
[6.014s] [100%] [1m[32mLinking C shared library rosidl_generator_py/pb_rm_interfaces/pb_rm_interfaces_s__rosidl_typesupport_c.cpython-310-x86_64-linux-gnu.so[0m
[6.048s] [100%] Built target pb_rm_interfaces__rosidl_typesupport_c__pyext
[6.055s] Invoked command in '/home/hjh/RMserial/build/pb_rm_interfaces' returned '0': CMAKE_PREFIX_PATH=/opt/ros/humble /usr/bin/cmake --build /home/hjh/RMserial/build/pb_rm_interfaces -- -j16 -l16
[6.057s] Invoking command in '/home/hjh/RMserial/build/pb_rm_interfaces': CMAKE_PREFIX_PATH=/opt/ros/humble /usr/bin/cmake --install /home/hjh/RMserial/build/pb_rm_interfaces
[6.061s] -- Install configuration: ""
[6.061s] -- Installing: /home/hjh/RMserial/install/pb_rm_interfaces/share/ament_index/resource_index/rosidl_interfaces/pb_rm_interfaces
[6.062s] -- Installing: /home/hjh/RMserial/install/pb_rm_interfaces/include/pb_rm_interfaces/pb_rm_interfaces
[6.062s] -- Installing: /home/hjh/RMserial/install/pb_rm_interfaces/include/pb_rm_interfaces/pb_rm_interfaces/msg
[6.062s] -- Installing: /home/hjh/RMserial/install/pb_rm_interfaces/include/pb_rm_interfaces/pb_rm_interfaces/msg/rosidl_generator_c__visibility_control.h
[6.062s] -- Installing: /home/hjh/RMserial/install/pb_rm_interfaces/include/pb_rm_interfaces/pb_rm_interfaces/msg/robot_status.h
[6.062s] -- Installing: /home/hjh/RMserial/install/pb_rm_interfaces/include/pb_rm_interfaces/pb_rm_interfaces/msg/detail
[6.062s] -- Installing: /home/hjh/RMserial/install/pb_rm_interfaces/include/pb_rm_interfaces/pb_rm_interfaces/msg/detail/robot_status__type_support.h
[6.062s] -- Installing: /home/hjh/RMserial/install/pb_rm_interfaces/include/pb_rm_interfaces/pb_rm_interfaces/msg/detail/game_status__functions.c
[6.062s] -- Installing: /home/hjh/RMserial/install/pb_rm_interfaces/include/pb_rm_interfaces/pb_rm_interfaces/msg/detail/game_status__type_support.h
[6.063s] -- Installing: /home/hjh/RMserial/install/pb_rm_interfaces/include/pb_rm_interfaces/pb_rm_interfaces/msg/detail/robot_status__struct.h
[6.063s] -- Installing: /home/hjh/RMserial/install/pb_rm_interfaces/include/pb_rm_interfaces/pb_rm_interfaces/msg/detail/robot_status__functions.h
[6.063s] -- Installing: /home/hjh/RMserial/install/pb_rm_interfaces/include/pb_rm_interfaces/pb_rm_interfaces/msg/detail/game_status__functions.h
[6.063s] -- Installing: /home/hjh/RMserial/install/pb_rm_interfaces/include/pb_rm_interfaces/pb_rm_interfaces/msg/detail/game_status__struct.h
[6.063s] -- Installing: /home/hjh/RMserial/install/pb_rm_interfaces/include/pb_rm_interfaces/pb_rm_interfaces/msg/detail/robot_status__functions.c
[6.063s] -- Installing: /home/hjh/RMserial/install/pb_rm_interfaces/include/pb_rm_interfaces/pb_rm_interfaces/msg/game_status.h
[6.063s] -- Installing: /home/hjh/RMserial/install/pb_rm_interfaces/share/pb_rm_interfaces/environment/library_path.sh
[6.063s] -- Installing: /home/hjh/RMserial/install/pb_rm_interfaces/share/pb_rm_interfaces/environment/library_path.dsv
[6.063s] -- Installing: /home/hjh/RMserial/install/pb_rm_interfaces/lib/libpb_rm_interfaces__rosidl_generator_c.so
[6.064s] -- Set non-toolchain portion of runtime path of "/home/hjh/RMserial/install/pb_rm_interfaces/lib/libpb_rm_interfaces__rosidl_generator_c.so" to ""
[6.064s] -- Up-to-date: /home/hjh/RMserial/install/pb_rm_interfaces/include/pb_rm_interfaces/pb_rm_interfaces
[6.064s] -- Up-to-date: /home/hjh/RMserial/install/pb_rm_interfaces/include/pb_rm_interfaces/pb_rm_interfaces/msg
[6.064s] -- Up-to-date: /home/hjh/RMserial/install/pb_rm_interfaces/include/pb_rm_interfaces/pb_rm_interfaces/msg/detail
[6.064s] -- Installing: /home/hjh/RMserial/install/pb_rm_interfaces/include/pb_rm_interfaces/pb_rm_interfaces/msg/detail/robot_status__rosidl_typesupport_fastrtps_c.h
[6.064s] -- Installing: /home/hjh/RMserial/install/pb_rm_interfaces/include/pb_rm_interfaces/pb_rm_interfaces/msg/detail/game_status__rosidl_typesupport_fastrtps_c.h
[6.064s] -- Installing: /home/hjh/RMserial/install/pb_rm_interfaces/include/pb_rm_interfaces/pb_rm_interfaces/msg/rosidl_typesupport_fastrtps_c__visibility_control.h
[6.064s] -- Installing: /home/hjh/RMserial/install/pb_rm_interfaces/lib/libpb_rm_interfaces__rosidl_typesupport_fastrtps_c.so
[6.065s] -- Set non-toolchain portion of runtime path of "/home/hjh/RMserial/install/pb_rm_interfaces/lib/libpb_rm_interfaces__rosidl_typesupport_fastrtps_c.so" to ""
[6.065s] -- Up-to-date: /home/hjh/RMserial/install/pb_rm_interfaces/include/pb_rm_interfaces/pb_rm_interfaces
[6.065s] -- Up-to-date: /home/hjh/RMserial/install/pb_rm_interfaces/include/pb_rm_interfaces/pb_rm_interfaces/msg
[6.065s] -- Up-to-date: /home/hjh/RMserial/install/pb_rm_interfaces/include/pb_rm_interfaces/pb_rm_interfaces/msg/detail
[6.065s] -- Installing: /home/hjh/RMserial/install/pb_rm_interfaces/include/pb_rm_interfaces/pb_rm_interfaces/msg/detail/game_status__type_support.c
[6.065s] -- Installing: /home/hjh/RMserial/install/pb_rm_interfaces/include/pb_rm_interfaces/pb_rm_interfaces/msg/detail/robot_status__rosidl_typesupport_introspection_c.h
[6.065s] -- Installing: /home/hjh/RMserial/install/pb_rm_interfaces/include/pb_rm_interfaces/pb_rm_interfaces/msg/detail/game_status__rosidl_typesupport_introspection_c.h
[6.065s] -- Installing: /home/hjh/RMserial/install/pb_rm_interfaces/include/pb_rm_interfaces/pb_rm_interfaces/msg/detail/robot_status__type_support.c
[6.066s] -- Installing: /home/hjh/RMserial/install/pb_rm_interfaces/include/pb_rm_interfaces/pb_rm_interfaces/msg/rosidl_typesupport_introspection_c__visibility_control.h
[6.066s] -- Installing: /home/hjh/RMserial/install/pb_rm_interfaces/lib/libpb_rm_interfaces__rosidl_typesupport_introspection_c.so
[6.066s] -- Set non-toolchain portion of runtime path of "/home/hjh/RMserial/install/pb_rm_interfaces/lib/libpb_rm_interfaces__rosidl_typesupport_introspection_c.so" to ""
[6.066s] -- Installing: /home/hjh/RMserial/install/pb_rm_interfaces/lib/libpb_rm_interfaces__rosidl_typesupport_c.so
[6.066s] -- Set non-toolchain portion of runtime path of "/home/hjh/RMserial/install/pb_rm_interfaces/lib/libpb_rm_interfaces__rosidl_typesupport_c.so" to ""
[6.066s] -- Up-to-date: /home/hjh/RMserial/install/pb_rm_interfaces/include/pb_rm_interfaces/pb_rm_interfaces
[6.067s] -- Up-to-date: /home/hjh/RMserial/install/pb_rm_interfaces/include/pb_rm_interfaces/pb_rm_interfaces/msg
[6.067s] -- Up-to-date: /home/hjh/RMserial/install/pb_rm_interfaces/include/pb_rm_interfaces/pb_rm_interfaces/msg/detail
[6.067s] -- Installing: /home/hjh/RMserial/install/pb_rm_interfaces/include/pb_rm_interfaces/pb_rm_interfaces/msg/detail/game_status__type_support.hpp
[6.067s] -- Installing: /home/hjh/RMserial/install/pb_rm_interfaces/include/pb_rm_interfaces/pb_rm_interfaces/msg/detail/game_status__builder.hpp
[6.067s] -- Installing: /home/hjh/RMserial/install/pb_rm_interfaces/include/pb_rm_interfaces/pb_rm_interfaces/msg/detail/game_status__traits.hpp
[6.067s] -- Installing: /home/hjh/RMserial/install/pb_rm_interfaces/include/pb_rm_interfaces/pb_rm_interfaces/msg/detail/robot_status__builder.hpp
[6.067s] -- Installing: /home/hjh/RMserial/install/pb_rm_interfaces/include/pb_rm_interfaces/pb_rm_interfaces/msg/detail/robot_status__traits.hpp
[6.067s] -- Installing: /home/hjh/RMserial/install/pb_rm_interfaces/include/pb_rm_interfaces/pb_rm_interfaces/msg/detail/robot_status__type_support.hpp
[6.067s] -- Installing: /home/hjh/RMserial/install/pb_rm_interfaces/include/pb_rm_interfaces/pb_rm_interfaces/msg/detail/game_status__struct.hpp
[6.067s] -- Installing: /home/hjh/RMserial/install/pb_rm_interfaces/include/pb_rm_interfaces/pb_rm_interfaces/msg/detail/robot_status__struct.hpp
[6.068s] -- Installing: /home/hjh/RMserial/install/pb_rm_interfaces/include/pb_rm_interfaces/pb_rm_interfaces/msg/game_status.hpp
[6.068s] -- Installing: /home/hjh/RMserial/install/pb_rm_interfaces/include/pb_rm_interfaces/pb_rm_interfaces/msg/robot_status.hpp
[6.068s] -- Installing: /home/hjh/RMserial/install/pb_rm_interfaces/include/pb_rm_interfaces/pb_rm_interfaces/msg/rosidl_generator_cpp__visibility_control.hpp
[6.068s] -- Up-to-date: /home/hjh/RMserial/install/pb_rm_interfaces/include/pb_rm_interfaces/pb_rm_interfaces
[6.068s] -- Up-to-date: /home/hjh/RMserial/install/pb_rm_interfaces/include/pb_rm_interfaces/pb_rm_interfaces/msg
[6.068s] -- Up-to-date: /home/hjh/RMserial/install/pb_rm_interfaces/include/pb_rm_interfaces/pb_rm_interfaces/msg/detail
[6.068s] -- Installing: /home/hjh/RMserial/install/pb_rm_interfaces/include/pb_rm_interfaces/pb_rm_interfaces/msg/detail/dds_fastrtps
[6.068s] -- Installing: /home/hjh/RMserial/install/pb_rm_interfaces/include/pb_rm_interfaces/pb_rm_interfaces/msg/detail/robot_status__rosidl_typesupport_fastrtps_cpp.hpp
[6.068s] -- Installing: /home/hjh/RMserial/install/pb_rm_interfaces/include/pb_rm_interfaces/pb_rm_interfaces/msg/detail/game_status__rosidl_typesupport_fastrtps_cpp.hpp
[6.068s] -- Installing: /home/hjh/RMserial/install/pb_rm_interfaces/include/pb_rm_interfaces/pb_rm_interfaces/msg/rosidl_typesupport_fastrtps_cpp__visibility_control.h
[6.069s] -- Installing: /home/hjh/RMserial/install/pb_rm_interfaces/lib/libpb_rm_interfaces__rosidl_typesupport_fastrtps_cpp.so
[6.069s] -- Set non-toolchain portion of runtime path of "/home/hjh/RMserial/install/pb_rm_interfaces/lib/libpb_rm_interfaces__rosidl_typesupport_fastrtps_cpp.so" to ""
[6.069s] -- Up-to-date: /home/hjh/RMserial/install/pb_rm_interfaces/include/pb_rm_interfaces/pb_rm_interfaces
[6.069s] -- Up-to-date: /home/hjh/RMserial/install/pb_rm_interfaces/include/pb_rm_interfaces/pb_rm_interfaces/msg
[6.069s] -- Up-to-date: /home/hjh/RMserial/install/pb_rm_interfaces/include/pb_rm_interfaces/pb_rm_interfaces/msg/detail
[6.069s] -- Installing: /home/hjh/RMserial/install/pb_rm_interfaces/include/pb_rm_interfaces/pb_rm_interfaces/msg/detail/game_status__rosidl_typesupport_introspection_cpp.hpp
[6.069s] -- Installing: /home/hjh/RMserial/install/pb_rm_interfaces/include/pb_rm_interfaces/pb_rm_interfaces/msg/detail/robot_status__type_support.cpp
[6.069s] -- Installing: /home/hjh/RMserial/install/pb_rm_interfaces/include/pb_rm_interfaces/pb_rm_interfaces/msg/detail/robot_status__rosidl_typesupport_introspection_cpp.hpp
[6.069s] -- Installing: /home/hjh/RMserial/install/pb_rm_interfaces/include/pb_rm_interfaces/pb_rm_interfaces/msg/detail/game_status__type_support.cpp
[6.069s] -- Installing: /home/hjh/RMserial/install/pb_rm_interfaces/lib/libpb_rm_interfaces__rosidl_typesupport_introspection_cpp.so
[6.070s] -- Set non-toolchain portion of runtime path of "/home/hjh/RMserial/install/pb_rm_interfaces/lib/libpb_rm_interfaces__rosidl_typesupport_introspection_cpp.so" to ""
[6.070s] -- Installing: /home/hjh/RMserial/install/pb_rm_interfaces/lib/libpb_rm_interfaces__rosidl_typesupport_cpp.so
[6.070s] -- Set non-toolchain portion of runtime path of "/home/hjh/RMserial/install/pb_rm_interfaces/lib/libpb_rm_interfaces__rosidl_typesupport_cpp.so" to ""
[6.070s] -- Installing: /home/hjh/RMserial/install/pb_rm_interfaces/share/pb_rm_interfaces/environment/pythonpath.sh
[6.070s] -- Installing: /home/hjh/RMserial/install/pb_rm_interfaces/share/pb_rm_interfaces/environment/pythonpath.dsv
[6.070s] -- Installing: /home/hjh/RMserial/install/pb_rm_interfaces/local/lib/python3.10/dist-packages/pb_rm_interfaces-0.0.0-py3.10.egg-info
[6.070s] -- Installing: /home/hjh/RMserial/install/pb_rm_interfaces/local/lib/python3.10/dist-packages/pb_rm_interfaces-0.0.0-py3.10.egg-info/dependency_links.txt
[6.070s] -- Installing: /home/hjh/RMserial/install/pb_rm_interfaces/local/lib/python3.10/dist-packages/pb_rm_interfaces-0.0.0-py3.10.egg-info/PKG-INFO
[6.071s] -- Installing: /home/hjh/RMserial/install/pb_rm_interfaces/local/lib/python3.10/dist-packages/pb_rm_interfaces-0.0.0-py3.10.egg-info/SOURCES.txt
[6.071s] -- Installing: /home/hjh/RMserial/install/pb_rm_interfaces/local/lib/python3.10/dist-packages/pb_rm_interfaces-0.0.0-py3.10.egg-info/top_level.txt
[6.071s] -- Installing: /home/hjh/RMserial/install/pb_rm_interfaces/local/lib/python3.10/dist-packages/pb_rm_interfaces
[6.071s] -- Installing: /home/hjh/RMserial/install/pb_rm_interfaces/local/lib/python3.10/dist-packages/pb_rm_interfaces/_pb_rm_interfaces_s.ep.rosidl_typesupport_fastrtps_c.c
[6.071s] -- Installing: /home/hjh/RMserial/install/pb_rm_interfaces/local/lib/python3.10/dist-packages/pb_rm_interfaces/__init__.py
[6.071s] -- Installing: /home/hjh/RMserial/install/pb_rm_interfaces/local/lib/python3.10/dist-packages/pb_rm_interfaces/_pb_rm_interfaces_s.ep.rosidl_typesupport_c.c
[6.071s] -- Installing: /home/hjh/RMserial/install/pb_rm_interfaces/local/lib/python3.10/dist-packages/pb_rm_interfaces/pb_rm_interfaces_s__rosidl_typesupport_introspection_c.cpython-310-x86_64-linux-gnu.so
[6.071s] -- Installing: /home/hjh/RMserial/install/pb_rm_interfaces/local/lib/python3.10/dist-packages/pb_rm_interfaces/pb_rm_interfaces_s__rosidl_typesupport_c.cpython-310-x86_64-linux-gnu.so
[6.071s] -- Installing: /home/hjh/RMserial/install/pb_rm_interfaces/local/lib/python3.10/dist-packages/pb_rm_interfaces/_pb_rm_interfaces_s.ep.rosidl_typesupport_introspection_c.c
[6.072s] -- Installing: /home/hjh/RMserial/install/pb_rm_interfaces/local/lib/python3.10/dist-packages/pb_rm_interfaces/msg
[6.072s] -- Installing: /home/hjh/RMserial/install/pb_rm_interfaces/local/lib/python3.10/dist-packages/pb_rm_interfaces/msg/_robot_status.py
[6.072s] -- Installing: /home/hjh/RMserial/install/pb_rm_interfaces/local/lib/python3.10/dist-packages/pb_rm_interfaces/msg/__init__.py
[6.072s] -- Installing: /home/hjh/RMserial/install/pb_rm_interfaces/local/lib/python3.10/dist-packages/pb_rm_interfaces/msg/_robot_status_s.c
[6.072s] -- Installing: /home/hjh/RMserial/install/pb_rm_interfaces/local/lib/python3.10/dist-packages/pb_rm_interfaces/msg/_game_status_s.c
[6.072s] -- Installing: /home/hjh/RMserial/install/pb_rm_interfaces/local/lib/python3.10/dist-packages/pb_rm_interfaces/msg/_game_status.py
[6.072s] -- Installing: /home/hjh/RMserial/install/pb_rm_interfaces/local/lib/python3.10/dist-packages/pb_rm_interfaces/pb_rm_interfaces_s__rosidl_typesupport_fastrtps_c.cpython-310-x86_64-linux-gnu.so
[6.072s] -- Installing: /home/hjh/RMserial/install/pb_rm_interfaces/local/lib/python3.10/dist-packages/pb_rm_interfaces/libpb_rm_interfaces__rosidl_generator_py.so
[6.104s] Listing '/home/hjh/RMserial/install/pb_rm_interfaces/local/lib/python3.10/dist-packages/pb_rm_interfaces'...
[6.104s] Compiling '/home/hjh/RMserial/install/pb_rm_interfaces/local/lib/python3.10/dist-packages/pb_rm_interfaces/__init__.py'...
[6.104s] Listing '/home/hjh/RMserial/install/pb_rm_interfaces/local/lib/python3.10/dist-packages/pb_rm_interfaces/msg'...
[6.104s] Compiling '/home/hjh/RMserial/install/pb_rm_interfaces/local/lib/python3.10/dist-packages/pb_rm_interfaces/msg/__init__.py'...
[6.105s] Compiling '/home/hjh/RMserial/install/pb_rm_interfaces/local/lib/python3.10/dist-packages/pb_rm_interfaces/msg/_game_status.py'...
[6.105s] Compiling '/home/hjh/RMserial/install/pb_rm_interfaces/local/lib/python3.10/dist-packages/pb_rm_interfaces/msg/_robot_status.py'...
[6.108s] -- Installing: /home/hjh/RMserial/install/pb_rm_interfaces/local/lib/python3.10/dist-packages/pb_rm_interfaces/pb_rm_interfaces_s__rosidl_typesupport_fastrtps_c.cpython-310-x86_64-linux-gnu.so
[6.108s] -- Set non-toolchain portion of runtime path of "/home/hjh/RMserial/install/pb_rm_interfaces/local/lib/python3.10/dist-packages/pb_rm_interfaces/pb_rm_interfaces_s__rosidl_typesupport_fastrtps_c.cpython-310-x86_64-linux-gnu.so" to ""
[6.108s] -- Installing: /home/hjh/RMserial/install/pb_rm_interfaces/local/lib/python3.10/dist-packages/pb_rm_interfaces/pb_rm_interfaces_s__rosidl_typesupport_introspection_c.cpython-310-x86_64-linux-gnu.so
[6.108s] -- Set non-toolchain portion of runtime path of "/home/hjh/RMserial/install/pb_rm_interfaces/local/lib/python3.10/dist-packages/pb_rm_interfaces/pb_rm_interfaces_s__rosidl_typesupport_introspection_c.cpython-310-x86_64-linux-gnu.so" to ""
[6.108s] -- Installing: /home/hjh/RMserial/install/pb_rm_interfaces/local/lib/python3.10/dist-packages/pb_rm_interfaces/pb_rm_interfaces_s__rosidl_typesupport_c.cpython-310-x86_64-linux-gnu.so
[6.109s] -- Set non-toolchain portion of runtime path of "/home/hjh/RMserial/install/pb_rm_interfaces/local/lib/python3.10/dist-packages/pb_rm_interfaces/pb_rm_interfaces_s__rosidl_typesupport_c.cpython-310-x86_64-linux-gnu.so" to ""
[6.109s] -- Installing: /home/hjh/RMserial/install/pb_rm_interfaces/lib/libpb_rm_interfaces__rosidl_generator_py.so
[6.109s] -- Set non-toolchain portion of runtime path of "/home/hjh/RMserial/install/pb_rm_interfaces/lib/libpb_rm_interfaces__rosidl_generator_py.so" to ""
[6.109s] -- Installing: /home/hjh/RMserial/install/pb_rm_interfaces/share/pb_rm_interfaces/msg/GameStatus.idl
[6.109s] -- Installing: /home/hjh/RMserial/install/pb_rm_interfaces/share/pb_rm_interfaces/msg/RobotStatus.idl
[6.110s] -- Installing: /home/hjh/RMserial/install/pb_rm_interfaces/share/pb_rm_interfaces/msg/GameStatus.msg
[6.110s] -- Installing: /home/hjh/RMserial/install/pb_rm_interfaces/share/pb_rm_interfaces/msg/RobotStatus.msg
[6.110s] -- Installing: /home/hjh/RMserial/install/pb_rm_interfaces/share/ament_index/resource_index/package_run_dependencies/pb_rm_interfaces
[6.110s] -- Installing: /home/hjh/RMserial/install/pb_rm_interfaces/share/ament_index/resource_index/parent_prefix_path/pb_rm_interfaces
[6.110s] -- Installing: /home/hjh/RMserial/install/pb_rm_interfaces/share/pb_rm_interfaces/environment/ament_prefix_path.sh
[6.110s] -- Installing: /home/hjh/RMserial/install/pb_rm_interfaces/share/pb_rm_interfaces/environment/ament_prefix_path.dsv
[6.110s] -- Installing: /home/hjh/RMserial/install/pb_rm_interfaces/share/pb_rm_interfaces/environment/path.sh
[6.110s] -- Installing: /home/hjh/RMserial/install/pb_rm_interfaces/share/pb_rm_interfaces/environment/path.dsv
[6.110s] -- Installing: /home/hjh/RMserial/install/pb_rm_interfaces/share/pb_rm_interfaces/local_setup.bash
[6.111s] -- Installing: /home/hjh/RMserial/install/pb_rm_interfaces/share/pb_rm_interfaces/local_setup.sh
[6.111s] -- Installing: /home/hjh/RMserial/install/pb_rm_interfaces/share/pb_rm_interfaces/local_setup.zsh
[6.111s] -- Installing: /home/hjh/RMserial/install/pb_rm_interfaces/share/pb_rm_interfaces/local_setup.dsv
[6.111s] -- Installing: /home/hjh/RMserial/install/pb_rm_interfaces/share/pb_rm_interfaces/package.dsv
[6.111s] -- Installing: /home/hjh/RMserial/install/pb_rm_interfaces/share/ament_index/resource_index/packages/pb_rm_interfaces
[6.111s] -- Installing: /home/hjh/RMserial/install/pb_rm_interfaces/share/pb_rm_interfaces/cmake/export_pb_rm_interfaces__rosidl_generator_cExport.cmake
[6.111s] -- Installing: /home/hjh/RMserial/install/pb_rm_interfaces/share/pb_rm_interfaces/cmake/export_pb_rm_interfaces__rosidl_generator_cExport-noconfig.cmake
[6.112s] -- Installing: /home/hjh/RMserial/install/pb_rm_interfaces/share/pb_rm_interfaces/cmake/export_pb_rm_interfaces__rosidl_typesupport_fastrtps_cExport.cmake
[6.112s] -- Installing: /home/hjh/RMserial/install/pb_rm_interfaces/share/pb_rm_interfaces/cmake/export_pb_rm_interfaces__rosidl_typesupport_fastrtps_cExport-noconfig.cmake
[6.112s] -- Installing: /home/hjh/RMserial/install/pb_rm_interfaces/share/pb_rm_interfaces/cmake/pb_rm_interfaces__rosidl_typesupport_introspection_cExport.cmake
[6.112s] -- Installing: /home/hjh/RMserial/install/pb_rm_interfaces/share/pb_rm_interfaces/cmake/pb_rm_interfaces__rosidl_typesupport_introspection_cExport-noconfig.cmake
[6.112s] -- Installing: /home/hjh/RMserial/install/pb_rm_interfaces/share/pb_rm_interfaces/cmake/pb_rm_interfaces__rosidl_typesupport_cExport.cmake
[6.112s] -- Installing: /home/hjh/RMserial/install/pb_rm_interfaces/share/pb_rm_interfaces/cmake/pb_rm_interfaces__rosidl_typesupport_cExport-noconfig.cmake
[6.112s] -- Installing: /home/hjh/RMserial/install/pb_rm_interfaces/share/pb_rm_interfaces/cmake/export_pb_rm_interfaces__rosidl_generator_cppExport.cmake
[6.113s] -- Installing: /home/hjh/RMserial/install/pb_rm_interfaces/share/pb_rm_interfaces/cmake/export_pb_rm_interfaces__rosidl_typesupport_fastrtps_cppExport.cmake
[6.113s] -- Installing: /home/hjh/RMserial/install/pb_rm_interfaces/share/pb_rm_interfaces/cmake/export_pb_rm_interfaces__rosidl_typesupport_fastrtps_cppExport-noconfig.cmake
[6.113s] -- Installing: /home/hjh/RMserial/install/pb_rm_interfaces/share/pb_rm_interfaces/cmake/pb_rm_interfaces__rosidl_typesupport_introspection_cppExport.cmake
[6.113s] -- Installing: /home/hjh/RMserial/install/pb_rm_interfaces/share/pb_rm_interfaces/cmake/pb_rm_interfaces__rosidl_typesupport_introspection_cppExport-noconfig.cmake
[6.113s] -- Installing: /home/hjh/RMserial/install/pb_rm_interfaces/share/pb_rm_interfaces/cmake/pb_rm_interfaces__rosidl_typesupport_cppExport.cmake
[6.113s] -- Installing: /home/hjh/RMserial/install/pb_rm_interfaces/share/pb_rm_interfaces/cmake/pb_rm_interfaces__rosidl_typesupport_cppExport-noconfig.cmake
[6.113s] -- Installing: /home/hjh/RMserial/install/pb_rm_interfaces/share/pb_rm_interfaces/cmake/export_pb_rm_interfaces__rosidl_generator_pyExport.cmake
[6.113s] -- Installing: /home/hjh/RMserial/install/pb_rm_interfaces/share/pb_rm_interfaces/cmake/export_pb_rm_interfaces__rosidl_generator_pyExport-noconfig.cmake
[6.114s] -- Installing: /home/hjh/RMserial/install/pb_rm_interfaces/share/pb_rm_interfaces/cmake/rosidl_cmake-extras.cmake
[6.114s] -- Installing: /home/hjh/RMserial/install/pb_rm_interfaces/share/pb_rm_interfaces/cmake/ament_cmake_export_dependencies-extras.cmake
[6.114s] -- Installing: /home/hjh/RMserial/install/pb_rm_interfaces/share/pb_rm_interfaces/cmake/ament_cmake_export_include_directories-extras.cmake
[6.114s] -- Installing: /home/hjh/RMserial/install/pb_rm_interfaces/share/pb_rm_interfaces/cmake/ament_cmake_export_libraries-extras.cmake
[6.114s] -- Installing: /home/hjh/RMserial/install/pb_rm_interfaces/share/pb_rm_interfaces/cmake/ament_cmake_export_targets-extras.cmake
[6.114s] -- Installing: /home/hjh/RMserial/install/pb_rm_interfaces/share/pb_rm_interfaces/cmake/rosidl_cmake_export_typesupport_targets-extras.cmake
[6.115s] -- Installing: /home/hjh/RMserial/install/pb_rm_interfaces/share/pb_rm_interfaces/cmake/rosidl_cmake_export_typesupport_libraries-extras.cmake
[6.115s] -- Installing: /home/hjh/RMserial/install/pb_rm_interfaces/share/pb_rm_interfaces/cmake/pb_rm_interfacesConfig.cmake
[6.115s] -- Installing: /home/hjh/RMserial/install/pb_rm_interfaces/share/pb_rm_interfaces/cmake/pb_rm_interfacesConfig-version.cmake
[6.115s] -- Installing: /home/hjh/RMserial/install/pb_rm_interfaces/share/pb_rm_interfaces/package.xml
[6.117s] Invoked command in '/home/hjh/RMserial/build/pb_rm_interfaces' returned '0': CMAKE_PREFIX_PATH=/opt/ros/humble /usr/bin/cmake --install /home/hjh/RMserial/build/pb_rm_interfaces
