[0.070s] DEBUG:colcon:Command line arguments: ['/usr/bin/colcon', 'build']
[0.071s] DEBUG:colcon:Parsed command line arguments: Namespace(log_base=None, log_level=None, verb_name='build', build_base='build', install_base='install', merge_install=False, symlink_install=False, test_result_base=None, continue_on_error=False, executor='parallel', parallel_workers=16, event_handlers=None, ignore_user_meta=False, metas=['./colcon.meta'], base_paths=['.'], packages_ignore=None, packages_ignore_regex=None, paths=None, packages_up_to=None, packages_up_to_regex=None, packages_above=None, packages_above_and_dependencies=None, packages_above_depth=None, packages_select_by_dep=None, packages_skip_by_dep=None, packages_skip_up_to=None, packages_select_build_failed=False, packages_skip_build_finished=False, packages_select_test_failures=False, packages_skip_test_passed=False, packages_select=None, packages_skip=None, packages_select_regex=None, packages_skip_regex=None, packages_start=None, packages_end=None, allow_overriding=[], cmake_args=None, cmake_target=None, cmake_target_skip_unavailable=False, cmake_clean_cache=False, cmake_clean_first=False, cmake_force_configure=False, ament_cmake_args=None, catkin_cmake_args=None, catkin_skip_building_tests=False, mixin_files=None, mixin=None, verb_parser=<colcon_mixin.mixin.mixin_argument.MixinArgumentDecorator object at 0x75a8e6a56e30>, verb_extension=<colcon_core.verb.build.BuildVerb object at 0x75a8e6a56980>, main=<bound method BuildVerb.main of <colcon_core.verb.build.BuildVerb object at 0x75a8e6a56980>>, mixin_verb=('build',))
[0.183s] Level 1:colcon.colcon_core.package_discovery:discover_packages(colcon_meta) check parameters
[0.184s] Level 1:colcon.colcon_core.package_discovery:discover_packages(recursive) check parameters
[0.184s] Level 1:colcon.colcon_core.package_discovery:discover_packages(ignore) check parameters
[0.184s] Level 1:colcon.colcon_core.package_discovery:discover_packages(path) check parameters
[0.184s] Level 1:colcon.colcon_core.package_discovery:discover_packages(colcon_meta) discover
[0.184s] Level 1:colcon.colcon_core.package_discovery:discover_packages(recursive) discover
[0.184s] INFO:colcon.colcon_core.package_discovery:Crawling recursively for packages in '/home/hjh/RMserial'
[0.184s] Level 1:colcon.colcon_core.package_identification:_identify(.) by extensions ['ignore', 'ignore_ament_install']
[0.184s] Level 1:colcon.colcon_core.package_identification:_identify(.) by extension 'ignore'
[0.184s] Level 1:colcon.colcon_core.package_identification:_identify(.) by extension 'ignore_ament_install'
[0.184s] Level 1:colcon.colcon_core.package_identification:_identify(.) by extensions ['colcon_pkg']
[0.184s] Level 1:colcon.colcon_core.package_identification:_identify(.) by extension 'colcon_pkg'
[0.184s] Level 1:colcon.colcon_core.package_identification:_identify(.) by extensions ['colcon_meta']
[0.184s] Level 1:colcon.colcon_core.package_identification:_identify(.) by extension 'colcon_meta'
[0.184s] Level 1:colcon.colcon_core.package_identification:_identify(.) by extensions ['ros']
[0.184s] Level 1:colcon.colcon_core.package_identification:_identify(.) by extension 'ros'
[0.192s] Level 1:colcon.colcon_core.package_identification:_identify(.) by extensions ['cmake', 'python']
[0.192s] Level 1:colcon.colcon_core.package_identification:_identify(.) by extension 'cmake'
[0.192s] Level 1:colcon.colcon_core.package_identification:_identify(.) by extension 'python'
[0.192s] Level 1:colcon.colcon_core.package_identification:_identify(.) by extensions ['python_setup_py']
[0.192s] Level 1:colcon.colcon_core.package_identification:_identify(.) by extension 'python_setup_py'
[0.192s] Level 1:colcon.colcon_core.package_identification:_identify(build) by extensions ['ignore', 'ignore_ament_install']
[0.192s] Level 1:colcon.colcon_core.package_identification:_identify(build) by extension 'ignore'
[0.192s] Level 1:colcon.colcon_core.package_identification:_identify(build) ignored
[0.192s] Level 1:colcon.colcon_core.package_identification:_identify(install) by extensions ['ignore', 'ignore_ament_install']
[0.192s] Level 1:colcon.colcon_core.package_identification:_identify(install) by extension 'ignore'
[0.192s] Level 1:colcon.colcon_core.package_identification:_identify(install) ignored
[0.192s] Level 1:colcon.colcon_core.package_identification:_identify(log) by extensions ['ignore', 'ignore_ament_install']
[0.192s] Level 1:colcon.colcon_core.package_identification:_identify(log) by extension 'ignore'
[0.192s] Level 1:colcon.colcon_core.package_identification:_identify(log) ignored
[0.192s] Level 1:colcon.colcon_core.package_identification:_identify(serial) by extensions ['ignore', 'ignore_ament_install']
[0.192s] Level 1:colcon.colcon_core.package_identification:_identify(serial) by extension 'ignore'
[0.193s] Level 1:colcon.colcon_core.package_identification:_identify(serial) by extension 'ignore_ament_install'
[0.193s] Level 1:colcon.colcon_core.package_identification:_identify(serial) by extensions ['colcon_pkg']
[0.193s] Level 1:colcon.colcon_core.package_identification:_identify(serial) by extension 'colcon_pkg'
[0.193s] Level 1:colcon.colcon_core.package_identification:_identify(serial) by extensions ['colcon_meta']
[0.193s] Level 1:colcon.colcon_core.package_identification:_identify(serial) by extension 'colcon_meta'
[0.193s] Level 1:colcon.colcon_core.package_identification:_identify(serial) by extensions ['ros']
[0.193s] Level 1:colcon.colcon_core.package_identification:_identify(serial) by extension 'ros'
[0.193s] Level 1:colcon.colcon_core.package_identification:_identify(serial) by extensions ['cmake', 'python']
[0.193s] Level 1:colcon.colcon_core.package_identification:_identify(serial) by extension 'cmake'
[0.193s] Level 1:colcon.colcon_core.package_identification:_identify(serial) by extension 'python'
[0.193s] Level 1:colcon.colcon_core.package_identification:_identify(serial) by extensions ['python_setup_py']
[0.193s] Level 1:colcon.colcon_core.package_identification:_identify(serial) by extension 'python_setup_py'
[0.193s] Level 1:colcon.colcon_core.package_identification:_identify(serial/def_msg) by extensions ['ignore', 'ignore_ament_install']
[0.193s] Level 1:colcon.colcon_core.package_identification:_identify(serial/def_msg) by extension 'ignore'
[0.193s] Level 1:colcon.colcon_core.package_identification:_identify(serial/def_msg) by extension 'ignore_ament_install'
[0.193s] Level 1:colcon.colcon_core.package_identification:_identify(serial/def_msg) by extensions ['colcon_pkg']
[0.193s] Level 1:colcon.colcon_core.package_identification:_identify(serial/def_msg) by extension 'colcon_pkg'
[0.193s] Level 1:colcon.colcon_core.package_identification:_identify(serial/def_msg) by extensions ['colcon_meta']
[0.193s] Level 1:colcon.colcon_core.package_identification:_identify(serial/def_msg) by extension 'colcon_meta'
[0.193s] Level 1:colcon.colcon_core.package_identification:_identify(serial/def_msg) by extensions ['ros']
[0.193s] Level 1:colcon.colcon_core.package_identification:_identify(serial/def_msg) by extension 'ros'
[0.201s] DEBUG:colcon.colcon_core.package_identification:Package 'serial/def_msg' with type 'ros.ament_cmake' and name 'def_msg'
[0.201s] Level 1:colcon.colcon_core.package_identification:_identify(serial/serial_def_sdk) by extensions ['ignore', 'ignore_ament_install']
[0.201s] Level 1:colcon.colcon_core.package_identification:_identify(serial/serial_def_sdk) by extension 'ignore'
[0.201s] Level 1:colcon.colcon_core.package_identification:_identify(serial/serial_def_sdk) by extension 'ignore_ament_install'
[0.201s] Level 1:colcon.colcon_core.package_identification:_identify(serial/serial_def_sdk) by extensions ['colcon_pkg']
[0.201s] Level 1:colcon.colcon_core.package_identification:_identify(serial/serial_def_sdk) by extension 'colcon_pkg'
[0.201s] Level 1:colcon.colcon_core.package_identification:_identify(serial/serial_def_sdk) by extensions ['colcon_meta']
[0.201s] Level 1:colcon.colcon_core.package_identification:_identify(serial/serial_def_sdk) by extension 'colcon_meta'
[0.201s] Level 1:colcon.colcon_core.package_identification:_identify(serial/serial_def_sdk) by extensions ['ros']
[0.201s] Level 1:colcon.colcon_core.package_identification:_identify(serial/serial_def_sdk) by extension 'ros'
[0.202s] DEBUG:colcon.colcon_core.package_identification:Package 'serial/serial_def_sdk' with type 'ros.ament_cmake' and name 'serial_def_sdk'
[0.202s] Level 1:colcon.colcon_core.package_identification:_identify(serial/vision_msg) by extensions ['ignore', 'ignore_ament_install']
[0.202s] Level 1:colcon.colcon_core.package_identification:_identify(serial/vision_msg) by extension 'ignore'
[0.202s] Level 1:colcon.colcon_core.package_identification:_identify(serial/vision_msg) by extension 'ignore_ament_install'
[0.202s] Level 1:colcon.colcon_core.package_identification:_identify(serial/vision_msg) by extensions ['colcon_pkg']
[0.202s] Level 1:colcon.colcon_core.package_identification:_identify(serial/vision_msg) by extension 'colcon_pkg'
[0.202s] Level 1:colcon.colcon_core.package_identification:_identify(serial/vision_msg) by extensions ['colcon_meta']
[0.202s] Level 1:colcon.colcon_core.package_identification:_identify(serial/vision_msg) by extension 'colcon_meta'
[0.202s] Level 1:colcon.colcon_core.package_identification:_identify(serial/vision_msg) by extensions ['ros']
[0.202s] Level 1:colcon.colcon_core.package_identification:_identify(serial/vision_msg) by extension 'ros'
[0.203s] DEBUG:colcon.colcon_core.package_identification:Package 'serial/vision_msg' with type 'ros.ament_cmake' and name 'vision_msg'
[0.203s] Level 1:colcon.colcon_core.package_discovery:discover_packages(recursive) using defaults
[0.203s] Level 1:colcon.colcon_core.package_discovery:discover_packages(ignore) discover
[0.203s] Level 1:colcon.colcon_core.package_discovery:discover_packages(ignore) using defaults
[0.203s] Level 1:colcon.colcon_core.package_discovery:discover_packages(path) discover
[0.203s] Level 1:colcon.colcon_core.package_discovery:discover_packages(path) using defaults
[0.216s] Level 1:colcon.colcon_core.package_discovery:discover_packages(prefix_path) check parameters
[0.216s] Level 1:colcon.colcon_core.package_discovery:discover_packages(prefix_path) discover
[0.218s] DEBUG:colcon.colcon_installed_package_information.package_discovery:Found 483 installed packages in /opt/ros/humble
[0.220s] Level 1:colcon.colcon_core.package_discovery:discover_packages(prefix_path) using defaults
[0.253s] Level 5:colcon.colcon_core.verb:set package 'def_msg' build argument 'cmake_args' from command line to 'None'
[0.253s] Level 5:colcon.colcon_core.verb:set package 'def_msg' build argument 'cmake_target' from command line to 'None'
[0.253s] Level 5:colcon.colcon_core.verb:set package 'def_msg' build argument 'cmake_target_skip_unavailable' from command line to 'False'
[0.253s] Level 5:colcon.colcon_core.verb:set package 'def_msg' build argument 'cmake_clean_cache' from command line to 'False'
[0.254s] Level 5:colcon.colcon_core.verb:set package 'def_msg' build argument 'cmake_clean_first' from command line to 'False'
[0.254s] Level 5:colcon.colcon_core.verb:set package 'def_msg' build argument 'cmake_force_configure' from command line to 'False'
[0.254s] Level 5:colcon.colcon_core.verb:set package 'def_msg' build argument 'ament_cmake_args' from command line to 'None'
[0.254s] Level 5:colcon.colcon_core.verb:set package 'def_msg' build argument 'catkin_cmake_args' from command line to 'None'
[0.254s] Level 5:colcon.colcon_core.verb:set package 'def_msg' build argument 'catkin_skip_building_tests' from command line to 'False'
[0.254s] DEBUG:colcon.colcon_core.verb:Building package 'def_msg' with the following arguments: {'ament_cmake_args': None, 'build_base': '/home/hjh/RMserial/build/def_msg', 'catkin_cmake_args': None, 'catkin_skip_building_tests': False, 'cmake_args': None, 'cmake_clean_cache': False, 'cmake_clean_first': False, 'cmake_force_configure': False, 'cmake_target': None, 'cmake_target_skip_unavailable': False, 'install_base': '/home/hjh/RMserial/install/def_msg', 'merge_install': False, 'path': '/home/hjh/RMserial/serial/def_msg', 'symlink_install': False, 'test_result_base': None}
[0.254s] Level 5:colcon.colcon_core.verb:set package 'vision_msg' build argument 'cmake_args' from command line to 'None'
[0.254s] Level 5:colcon.colcon_core.verb:set package 'vision_msg' build argument 'cmake_target' from command line to 'None'
[0.254s] Level 5:colcon.colcon_core.verb:set package 'vision_msg' build argument 'cmake_target_skip_unavailable' from command line to 'False'
[0.254s] Level 5:colcon.colcon_core.verb:set package 'vision_msg' build argument 'cmake_clean_cache' from command line to 'False'
[0.254s] Level 5:colcon.colcon_core.verb:set package 'vision_msg' build argument 'cmake_clean_first' from command line to 'False'
[0.254s] Level 5:colcon.colcon_core.verb:set package 'vision_msg' build argument 'cmake_force_configure' from command line to 'False'
[0.254s] Level 5:colcon.colcon_core.verb:set package 'vision_msg' build argument 'ament_cmake_args' from command line to 'None'
[0.254s] Level 5:colcon.colcon_core.verb:set package 'vision_msg' build argument 'catkin_cmake_args' from command line to 'None'
[0.254s] Level 5:colcon.colcon_core.verb:set package 'vision_msg' build argument 'catkin_skip_building_tests' from command line to 'False'
[0.254s] DEBUG:colcon.colcon_core.verb:Building package 'vision_msg' with the following arguments: {'ament_cmake_args': None, 'build_base': '/home/hjh/RMserial/build/vision_msg', 'catkin_cmake_args': None, 'catkin_skip_building_tests': False, 'cmake_args': None, 'cmake_clean_cache': False, 'cmake_clean_first': False, 'cmake_force_configure': False, 'cmake_target': None, 'cmake_target_skip_unavailable': False, 'install_base': '/home/hjh/RMserial/install/vision_msg', 'merge_install': False, 'path': '/home/hjh/RMserial/serial/vision_msg', 'symlink_install': False, 'test_result_base': None}
[0.254s] Level 5:colcon.colcon_core.verb:set package 'serial_def_sdk' build argument 'cmake_args' from command line to 'None'
[0.254s] Level 5:colcon.colcon_core.verb:set package 'serial_def_sdk' build argument 'cmake_target' from command line to 'None'
[0.254s] Level 5:colcon.colcon_core.verb:set package 'serial_def_sdk' build argument 'cmake_target_skip_unavailable' from command line to 'False'
[0.254s] Level 5:colcon.colcon_core.verb:set package 'serial_def_sdk' build argument 'cmake_clean_cache' from command line to 'False'
[0.254s] Level 5:colcon.colcon_core.verb:set package 'serial_def_sdk' build argument 'cmake_clean_first' from command line to 'False'
[0.254s] Level 5:colcon.colcon_core.verb:set package 'serial_def_sdk' build argument 'cmake_force_configure' from command line to 'False'
[0.254s] Level 5:colcon.colcon_core.verb:set package 'serial_def_sdk' build argument 'ament_cmake_args' from command line to 'None'
[0.254s] Level 5:colcon.colcon_core.verb:set package 'serial_def_sdk' build argument 'catkin_cmake_args' from command line to 'None'
[0.254s] Level 5:colcon.colcon_core.verb:set package 'serial_def_sdk' build argument 'catkin_skip_building_tests' from command line to 'False'
[0.254s] DEBUG:colcon.colcon_core.verb:Building package 'serial_def_sdk' with the following arguments: {'ament_cmake_args': None, 'build_base': '/home/hjh/RMserial/build/serial_def_sdk', 'catkin_cmake_args': None, 'catkin_skip_building_tests': False, 'cmake_args': None, 'cmake_clean_cache': False, 'cmake_clean_first': False, 'cmake_force_configure': False, 'cmake_target': None, 'cmake_target_skip_unavailable': False, 'install_base': '/home/hjh/RMserial/install/serial_def_sdk', 'merge_install': False, 'path': '/home/hjh/RMserial/serial/serial_def_sdk', 'symlink_install': False, 'test_result_base': None}
[0.254s] INFO:colcon.colcon_core.executor:Executing jobs using 'parallel' executor
[0.255s] DEBUG:colcon.colcon_parallel_executor.executor.parallel:run_until_complete
[0.255s] INFO:colcon.colcon_ros.task.ament_cmake.build:Building ROS package in '/home/hjh/RMserial/serial/def_msg' with build type 'ament_cmake'
[0.256s] INFO:colcon.colcon_cmake.task.cmake.build:Building CMake package in '/home/hjh/RMserial/serial/def_msg'
[0.257s] INFO:colcon.colcon_core.plugin_system:Skipping extension 'colcon_core.shell.bat': Not used on non-Windows systems
[0.257s] INFO:colcon.colcon_core.shell:Skip shell extension 'powershell' for command environment: Not usable outside of PowerShell
[0.257s] DEBUG:colcon.colcon_core.shell:Skip shell extension 'dsv' for command environment
[0.259s] INFO:colcon.colcon_ros.task.ament_cmake.build:Building ROS package in '/home/hjh/RMserial/serial/vision_msg' with build type 'ament_cmake'
[0.259s] INFO:colcon.colcon_cmake.task.cmake.build:Building CMake package in '/home/hjh/RMserial/serial/vision_msg'
[0.260s] INFO:colcon.colcon_core.shell:Skip shell extension 'powershell' for command environment: Not usable outside of PowerShell
[0.260s] DEBUG:colcon.colcon_core.shell:Skip shell extension 'dsv' for command environment
[0.267s] DEBUG:colcon.colcon_core.event_handler.log_command:Invoking command in '/home/hjh/RMserial/build/def_msg': CMAKE_PREFIX_PATH=/opt/ros/humble /usr/bin/cmake --build /home/hjh/RMserial/build/def_msg -- -j16 -l16
[0.269s] DEBUG:colcon.colcon_core.event_handler.log_command:Invoking command in '/home/hjh/RMserial/build/vision_msg': CMAKE_PREFIX_PATH=/opt/ros/humble /usr/bin/cmake --build /home/hjh/RMserial/build/vision_msg -- -j16 -l16
[0.523s] DEBUG:colcon.colcon_core.event_handler.log_command:Invoked command in '/home/hjh/RMserial/build/def_msg' returned '0': CMAKE_PREFIX_PATH=/opt/ros/humble /usr/bin/cmake --build /home/hjh/RMserial/build/def_msg -- -j16 -l16
[0.529s] DEBUG:colcon.colcon_core.event_handler.log_command:Invoking command in '/home/hjh/RMserial/build/def_msg': CMAKE_PREFIX_PATH=/opt/ros/humble /usr/bin/cmake --install /home/hjh/RMserial/build/def_msg
[0.551s] DEBUG:colcon.colcon_core.event_handler.log_command:Invoked command in '/home/hjh/RMserial/build/vision_msg' returned '0': CMAKE_PREFIX_PATH=/opt/ros/humble /usr/bin/cmake --build /home/hjh/RMserial/build/vision_msg -- -j16 -l16
[0.552s] DEBUG:colcon.colcon_core.event_handler.log_command:Invoking command in '/home/hjh/RMserial/build/vision_msg': CMAKE_PREFIX_PATH=/opt/ros/humble /usr/bin/cmake --install /home/hjh/RMserial/build/vision_msg
[0.580s] Level 1:colcon.colcon_core.environment:create_environment_scripts_only(def_msg)
[0.580s] DEBUG:colcon.colcon_core.event_handler.log_command:Invoked command in '/home/hjh/RMserial/build/def_msg' returned '0': CMAKE_PREFIX_PATH=/opt/ros/humble /usr/bin/cmake --install /home/hjh/RMserial/build/def_msg
[0.583s] Level 1:colcon.colcon_core.environment:checking '/home/hjh/RMserial/install/def_msg' for CMake module files
[0.584s] Level 1:colcon.colcon_core.environment:checking '/home/hjh/RMserial/install/def_msg' for CMake config files
[0.585s] Level 1:colcon.colcon_core.shell:create_environment_hook('def_msg', 'cmake_prefix_path')
[0.585s] INFO:colcon.colcon_core.shell:Creating environment hook '/home/hjh/RMserial/install/def_msg/share/def_msg/hook/cmake_prefix_path.ps1'
[0.586s] INFO:colcon.colcon_core.shell:Creating environment descriptor '/home/hjh/RMserial/install/def_msg/share/def_msg/hook/cmake_prefix_path.dsv'
[0.586s] INFO:colcon.colcon_core.shell:Creating environment hook '/home/hjh/RMserial/install/def_msg/share/def_msg/hook/cmake_prefix_path.sh'
[0.588s] Level 1:colcon.colcon_core.environment:checking '/home/hjh/RMserial/install/def_msg/lib'
[0.588s] Level 1:colcon.colcon_core.shell:create_environment_hook('def_msg', 'ld_library_path_lib')
[0.588s] INFO:colcon.colcon_core.shell:Creating environment hook '/home/hjh/RMserial/install/def_msg/share/def_msg/hook/ld_library_path_lib.ps1'
[0.589s] INFO:colcon.colcon_core.shell:Creating environment descriptor '/home/hjh/RMserial/install/def_msg/share/def_msg/hook/ld_library_path_lib.dsv'
[0.589s] INFO:colcon.colcon_core.shell:Creating environment hook '/home/hjh/RMserial/install/def_msg/share/def_msg/hook/ld_library_path_lib.sh'
[0.590s] Level 1:colcon.colcon_core.environment:checking '/home/hjh/RMserial/install/def_msg/bin'
[0.590s] Level 1:colcon.colcon_core.environment:checking '/home/hjh/RMserial/install/def_msg/lib/pkgconfig/def_msg.pc'
[0.590s] Level 1:colcon.colcon_core.environment:checking '/home/hjh/RMserial/install/def_msg/lib/python3.10/site-packages'
[0.590s] Level 1:colcon.colcon_core.environment:checking '/home/hjh/RMserial/install/def_msg/bin'
[0.591s] INFO:colcon.colcon_core.shell:Creating package script '/home/hjh/RMserial/install/def_msg/share/def_msg/package.ps1'
[0.592s] INFO:colcon.colcon_core.shell:Creating package descriptor '/home/hjh/RMserial/install/def_msg/share/def_msg/package.dsv'
[0.593s] INFO:colcon.colcon_core.shell:Creating package script '/home/hjh/RMserial/install/def_msg/share/def_msg/package.sh'
[0.594s] INFO:colcon.colcon_core.shell:Creating package script '/home/hjh/RMserial/install/def_msg/share/def_msg/package.bash'
[0.595s] INFO:colcon.colcon_core.shell:Creating package script '/home/hjh/RMserial/install/def_msg/share/def_msg/package.zsh'
[0.595s] Level 1:colcon.colcon_core.environment:create_file_with_runtime_dependencies(/home/hjh/RMserial/install/def_msg/share/colcon-core/packages/def_msg)
[0.596s] Level 1:colcon.colcon_core.environment:create_environment_scripts_only(def_msg)
[0.596s] Level 1:colcon.colcon_core.environment:checking '/home/hjh/RMserial/install/def_msg' for CMake module files
[0.596s] Level 1:colcon.colcon_core.environment:checking '/home/hjh/RMserial/install/def_msg' for CMake config files
[0.597s] Level 1:colcon.colcon_core.shell:create_environment_hook('def_msg', 'cmake_prefix_path')
[0.597s] INFO:colcon.colcon_core.shell:Creating environment hook '/home/hjh/RMserial/install/def_msg/share/def_msg/hook/cmake_prefix_path.ps1'
[0.597s] INFO:colcon.colcon_core.shell:Creating environment descriptor '/home/hjh/RMserial/install/def_msg/share/def_msg/hook/cmake_prefix_path.dsv'
[0.597s] INFO:colcon.colcon_core.shell:Creating environment hook '/home/hjh/RMserial/install/def_msg/share/def_msg/hook/cmake_prefix_path.sh'
[0.597s] Level 1:colcon.colcon_core.environment:checking '/home/hjh/RMserial/install/def_msg/lib'
[0.597s] Level 1:colcon.colcon_core.shell:create_environment_hook('def_msg', 'ld_library_path_lib')
[0.598s] INFO:colcon.colcon_core.shell:Creating environment hook '/home/hjh/RMserial/install/def_msg/share/def_msg/hook/ld_library_path_lib.ps1'
[0.598s] INFO:colcon.colcon_core.shell:Creating environment descriptor '/home/hjh/RMserial/install/def_msg/share/def_msg/hook/ld_library_path_lib.dsv'
[0.598s] INFO:colcon.colcon_core.shell:Creating environment hook '/home/hjh/RMserial/install/def_msg/share/def_msg/hook/ld_library_path_lib.sh'
[0.598s] Level 1:colcon.colcon_core.environment:checking '/home/hjh/RMserial/install/def_msg/bin'
[0.598s] Level 1:colcon.colcon_core.environment:checking '/home/hjh/RMserial/install/def_msg/lib/pkgconfig/def_msg.pc'
[0.598s] Level 1:colcon.colcon_core.environment:checking '/home/hjh/RMserial/install/def_msg/lib/python3.10/site-packages'
[0.598s] Level 1:colcon.colcon_core.environment:checking '/home/hjh/RMserial/install/def_msg/bin'
[0.599s] INFO:colcon.colcon_core.shell:Creating package script '/home/hjh/RMserial/install/def_msg/share/def_msg/package.ps1'
[0.599s] INFO:colcon.colcon_core.shell:Creating package descriptor '/home/hjh/RMserial/install/def_msg/share/def_msg/package.dsv'
[0.599s] INFO:colcon.colcon_core.shell:Creating package script '/home/hjh/RMserial/install/def_msg/share/def_msg/package.sh'
[0.600s] INFO:colcon.colcon_core.shell:Creating package script '/home/hjh/RMserial/install/def_msg/share/def_msg/package.bash'
[0.600s] INFO:colcon.colcon_core.shell:Creating package script '/home/hjh/RMserial/install/def_msg/share/def_msg/package.zsh'
[0.600s] Level 1:colcon.colcon_core.environment:create_file_with_runtime_dependencies(/home/hjh/RMserial/install/def_msg/share/colcon-core/packages/def_msg)
[0.601s] Level 1:colcon.colcon_core.environment:create_environment_scripts_only(vision_msg)
[0.601s] Level 1:colcon.colcon_core.environment:checking '/home/hjh/RMserial/install/vision_msg' for CMake module files
[0.602s] DEBUG:colcon.colcon_core.event_handler.log_command:Invoked command in '/home/hjh/RMserial/build/vision_msg' returned '0': CMAKE_PREFIX_PATH=/opt/ros/humble /usr/bin/cmake --install /home/hjh/RMserial/build/vision_msg
[0.602s] Level 1:colcon.colcon_core.environment:checking '/home/hjh/RMserial/install/vision_msg' for CMake config files
[0.603s] Level 1:colcon.colcon_core.shell:create_environment_hook('vision_msg', 'cmake_prefix_path')
[0.603s] INFO:colcon.colcon_core.shell:Creating environment hook '/home/hjh/RMserial/install/vision_msg/share/vision_msg/hook/cmake_prefix_path.ps1'
[0.603s] INFO:colcon.colcon_core.shell:Creating environment descriptor '/home/hjh/RMserial/install/vision_msg/share/vision_msg/hook/cmake_prefix_path.dsv'
[0.603s] INFO:colcon.colcon_core.shell:Creating environment hook '/home/hjh/RMserial/install/vision_msg/share/vision_msg/hook/cmake_prefix_path.sh'
[0.604s] Level 1:colcon.colcon_core.environment:checking '/home/hjh/RMserial/install/vision_msg/lib'
[0.604s] Level 1:colcon.colcon_core.shell:create_environment_hook('vision_msg', 'ld_library_path_lib')
[0.604s] INFO:colcon.colcon_core.shell:Creating environment hook '/home/hjh/RMserial/install/vision_msg/share/vision_msg/hook/ld_library_path_lib.ps1'
[0.604s] INFO:colcon.colcon_core.shell:Creating environment descriptor '/home/hjh/RMserial/install/vision_msg/share/vision_msg/hook/ld_library_path_lib.dsv'
[0.605s] INFO:colcon.colcon_core.shell:Creating environment hook '/home/hjh/RMserial/install/vision_msg/share/vision_msg/hook/ld_library_path_lib.sh'
[0.605s] Level 1:colcon.colcon_core.environment:checking '/home/hjh/RMserial/install/vision_msg/bin'
[0.605s] Level 1:colcon.colcon_core.environment:checking '/home/hjh/RMserial/install/vision_msg/lib/pkgconfig/vision_msg.pc'
[0.605s] Level 1:colcon.colcon_core.environment:checking '/home/hjh/RMserial/install/vision_msg/lib/python3.10/site-packages'
[0.605s] Level 1:colcon.colcon_core.environment:checking '/home/hjh/RMserial/install/vision_msg/bin'
[0.606s] INFO:colcon.colcon_core.shell:Creating package script '/home/hjh/RMserial/install/vision_msg/share/vision_msg/package.ps1'
[0.606s] INFO:colcon.colcon_core.shell:Creating package descriptor '/home/hjh/RMserial/install/vision_msg/share/vision_msg/package.dsv'
[0.606s] INFO:colcon.colcon_core.shell:Creating package script '/home/hjh/RMserial/install/vision_msg/share/vision_msg/package.sh'
[0.606s] INFO:colcon.colcon_core.shell:Creating package script '/home/hjh/RMserial/install/vision_msg/share/vision_msg/package.bash'
[0.607s] INFO:colcon.colcon_core.shell:Creating package script '/home/hjh/RMserial/install/vision_msg/share/vision_msg/package.zsh'
[0.607s] Level 1:colcon.colcon_core.environment:create_file_with_runtime_dependencies(/home/hjh/RMserial/install/vision_msg/share/colcon-core/packages/vision_msg)
[0.607s] Level 1:colcon.colcon_core.environment:create_environment_scripts_only(vision_msg)
[0.607s] Level 1:colcon.colcon_core.environment:checking '/home/hjh/RMserial/install/vision_msg' for CMake module files
[0.608s] Level 1:colcon.colcon_core.environment:checking '/home/hjh/RMserial/install/vision_msg' for CMake config files
[0.608s] Level 1:colcon.colcon_core.shell:create_environment_hook('vision_msg', 'cmake_prefix_path')
[0.608s] INFO:colcon.colcon_core.shell:Creating environment hook '/home/hjh/RMserial/install/vision_msg/share/vision_msg/hook/cmake_prefix_path.ps1'
[0.608s] INFO:colcon.colcon_core.shell:Creating environment descriptor '/home/hjh/RMserial/install/vision_msg/share/vision_msg/hook/cmake_prefix_path.dsv'
[0.609s] INFO:colcon.colcon_core.shell:Creating environment hook '/home/hjh/RMserial/install/vision_msg/share/vision_msg/hook/cmake_prefix_path.sh'
[0.609s] Level 1:colcon.colcon_core.environment:checking '/home/hjh/RMserial/install/vision_msg/lib'
[0.609s] Level 1:colcon.colcon_core.shell:create_environment_hook('vision_msg', 'ld_library_path_lib')
[0.609s] INFO:colcon.colcon_core.shell:Creating environment hook '/home/hjh/RMserial/install/vision_msg/share/vision_msg/hook/ld_library_path_lib.ps1'
[0.609s] INFO:colcon.colcon_core.shell:Creating environment descriptor '/home/hjh/RMserial/install/vision_msg/share/vision_msg/hook/ld_library_path_lib.dsv'
[0.610s] INFO:colcon.colcon_core.shell:Creating environment hook '/home/hjh/RMserial/install/vision_msg/share/vision_msg/hook/ld_library_path_lib.sh'
[0.610s] Level 1:colcon.colcon_core.environment:checking '/home/hjh/RMserial/install/vision_msg/bin'
[0.610s] Level 1:colcon.colcon_core.environment:checking '/home/hjh/RMserial/install/vision_msg/lib/pkgconfig/vision_msg.pc'
[0.610s] Level 1:colcon.colcon_core.environment:checking '/home/hjh/RMserial/install/vision_msg/lib/python3.10/site-packages'
[0.610s] Level 1:colcon.colcon_core.environment:checking '/home/hjh/RMserial/install/vision_msg/bin'
[0.610s] INFO:colcon.colcon_core.shell:Creating package script '/home/hjh/RMserial/install/vision_msg/share/vision_msg/package.ps1'
[0.611s] INFO:colcon.colcon_core.shell:Creating package descriptor '/home/hjh/RMserial/install/vision_msg/share/vision_msg/package.dsv'
[0.611s] INFO:colcon.colcon_core.shell:Creating package script '/home/hjh/RMserial/install/vision_msg/share/vision_msg/package.sh'
[0.611s] INFO:colcon.colcon_core.shell:Creating package script '/home/hjh/RMserial/install/vision_msg/share/vision_msg/package.bash'
[0.611s] INFO:colcon.colcon_core.shell:Creating package script '/home/hjh/RMserial/install/vision_msg/share/vision_msg/package.zsh'
[0.612s] Level 1:colcon.colcon_core.environment:create_file_with_runtime_dependencies(/home/hjh/RMserial/install/vision_msg/share/colcon-core/packages/vision_msg)
[0.612s] INFO:colcon.colcon_ros.task.ament_cmake.build:Building ROS package in '/home/hjh/RMserial/serial/serial_def_sdk' with build type 'ament_cmake'
[0.612s] INFO:colcon.colcon_cmake.task.cmake.build:Building CMake package in '/home/hjh/RMserial/serial/serial_def_sdk'
[0.612s] INFO:colcon.colcon_core.shell:Skip shell extension 'powershell' for command environment: Not usable outside of PowerShell
[0.612s] DEBUG:colcon.colcon_core.shell:Skip shell extension 'dsv' for command environment
[0.625s] DEBUG:colcon.colcon_core.event_handler.log_command:Invoking command in '/home/hjh/RMserial/build/serial_def_sdk': AMENT_PREFIX_PATH=/home/hjh/RMserial/install/vision_msg:/home/hjh/RMserial/install/def_msg:${AMENT_PREFIX_PATH} CMAKE_PREFIX_PATH=/home/hjh/RMserial/install/vision_msg:/home/hjh/RMserial/install/def_msg:/opt/ros/humble LD_LIBRARY_PATH=/home/hjh/RMserial/install/vision_msg/lib:/home/hjh/RMserial/install/def_msg/lib:${LD_LIBRARY_PATH} PYTHONPATH=/home/hjh/RMserial/install/vision_msg/local/lib/python3.10/dist-packages:/home/hjh/RMserial/install/def_msg/local/lib/python3.10/dist-packages:${PYTHONPATH} /usr/bin/cmake --build /home/hjh/RMserial/build/serial_def_sdk -- -j16 -l16
[15.435s] DEBUG:colcon.colcon_core.event_handler.log_command:Invoked command in '/home/hjh/RMserial/build/serial_def_sdk' returned '0': AMENT_PREFIX_PATH=/home/hjh/RMserial/install/vision_msg:/home/hjh/RMserial/install/def_msg:${AMENT_PREFIX_PATH} CMAKE_PREFIX_PATH=/home/hjh/RMserial/install/vision_msg:/home/hjh/RMserial/install/def_msg:/opt/ros/humble LD_LIBRARY_PATH=/home/hjh/RMserial/install/vision_msg/lib:/home/hjh/RMserial/install/def_msg/lib:${LD_LIBRARY_PATH} PYTHONPATH=/home/hjh/RMserial/install/vision_msg/local/lib/python3.10/dist-packages:/home/hjh/RMserial/install/def_msg/local/lib/python3.10/dist-packages:${PYTHONPATH} /usr/bin/cmake --build /home/hjh/RMserial/build/serial_def_sdk -- -j16 -l16
[15.437s] DEBUG:colcon.colcon_core.event_handler.log_command:Invoking command in '/home/hjh/RMserial/build/serial_def_sdk': AMENT_PREFIX_PATH=/home/hjh/RMserial/install/vision_msg:/home/hjh/RMserial/install/def_msg:${AMENT_PREFIX_PATH} CMAKE_PREFIX_PATH=/home/hjh/RMserial/install/vision_msg:/home/hjh/RMserial/install/def_msg:/opt/ros/humble LD_LIBRARY_PATH=/home/hjh/RMserial/install/vision_msg/lib:/home/hjh/RMserial/install/def_msg/lib:${LD_LIBRARY_PATH} PYTHONPATH=/home/hjh/RMserial/install/vision_msg/local/lib/python3.10/dist-packages:/home/hjh/RMserial/install/def_msg/local/lib/python3.10/dist-packages:${PYTHONPATH} /usr/bin/cmake --install /home/hjh/RMserial/build/serial_def_sdk
[15.450s] Level 1:colcon.colcon_core.environment:create_environment_scripts_only(serial_def_sdk)
[15.451s] Level 1:colcon.colcon_core.environment:checking '/home/hjh/RMserial/install/serial_def_sdk' for CMake module files
[15.452s] DEBUG:colcon.colcon_core.event_handler.log_command:Invoked command in '/home/hjh/RMserial/build/serial_def_sdk' returned '0': AMENT_PREFIX_PATH=/home/hjh/RMserial/install/vision_msg:/home/hjh/RMserial/install/def_msg:${AMENT_PREFIX_PATH} CMAKE_PREFIX_PATH=/home/hjh/RMserial/install/vision_msg:/home/hjh/RMserial/install/def_msg:/opt/ros/humble LD_LIBRARY_PATH=/home/hjh/RMserial/install/vision_msg/lib:/home/hjh/RMserial/install/def_msg/lib:${LD_LIBRARY_PATH} PYTHONPATH=/home/hjh/RMserial/install/vision_msg/local/lib/python3.10/dist-packages:/home/hjh/RMserial/install/def_msg/local/lib/python3.10/dist-packages:${PYTHONPATH} /usr/bin/cmake --install /home/hjh/RMserial/build/serial_def_sdk
[15.453s] Level 1:colcon.colcon_core.environment:checking '/home/hjh/RMserial/install/serial_def_sdk' for CMake config files
[15.453s] Level 1:colcon.colcon_core.shell:create_environment_hook('serial_def_sdk', 'cmake_prefix_path')
[15.454s] INFO:colcon.colcon_core.shell:Creating environment hook '/home/hjh/RMserial/install/serial_def_sdk/share/serial_def_sdk/hook/cmake_prefix_path.ps1'
[15.454s] INFO:colcon.colcon_core.shell:Creating environment descriptor '/home/hjh/RMserial/install/serial_def_sdk/share/serial_def_sdk/hook/cmake_prefix_path.dsv'
[15.454s] INFO:colcon.colcon_core.shell:Creating environment hook '/home/hjh/RMserial/install/serial_def_sdk/share/serial_def_sdk/hook/cmake_prefix_path.sh'
[15.455s] Level 1:colcon.colcon_core.environment:checking '/home/hjh/RMserial/install/serial_def_sdk/lib'
[15.455s] Level 1:colcon.colcon_core.environment:checking '/home/hjh/RMserial/install/serial_def_sdk/bin'
[15.455s] Level 1:colcon.colcon_core.environment:checking '/home/hjh/RMserial/install/serial_def_sdk/lib/pkgconfig/serial_def_sdk.pc'
[15.455s] Level 1:colcon.colcon_core.environment:checking '/home/hjh/RMserial/install/serial_def_sdk/lib/python3.10/site-packages'
[15.455s] Level 1:colcon.colcon_core.environment:checking '/home/hjh/RMserial/install/serial_def_sdk/bin'
[15.455s] INFO:colcon.colcon_core.shell:Creating package script '/home/hjh/RMserial/install/serial_def_sdk/share/serial_def_sdk/package.ps1'
[15.455s] INFO:colcon.colcon_core.shell:Creating package descriptor '/home/hjh/RMserial/install/serial_def_sdk/share/serial_def_sdk/package.dsv'
[15.456s] INFO:colcon.colcon_core.shell:Creating package script '/home/hjh/RMserial/install/serial_def_sdk/share/serial_def_sdk/package.sh'
[15.456s] INFO:colcon.colcon_core.shell:Creating package script '/home/hjh/RMserial/install/serial_def_sdk/share/serial_def_sdk/package.bash'
[15.456s] INFO:colcon.colcon_core.shell:Creating package script '/home/hjh/RMserial/install/serial_def_sdk/share/serial_def_sdk/package.zsh'
[15.456s] Level 1:colcon.colcon_core.environment:create_file_with_runtime_dependencies(/home/hjh/RMserial/install/serial_def_sdk/share/colcon-core/packages/serial_def_sdk)
[15.457s] Level 1:colcon.colcon_core.environment:create_environment_scripts_only(serial_def_sdk)
[15.457s] Level 1:colcon.colcon_core.environment:checking '/home/hjh/RMserial/install/serial_def_sdk' for CMake module files
[15.457s] Level 1:colcon.colcon_core.environment:checking '/home/hjh/RMserial/install/serial_def_sdk' for CMake config files
[15.457s] Level 1:colcon.colcon_core.shell:create_environment_hook('serial_def_sdk', 'cmake_prefix_path')
[15.457s] INFO:colcon.colcon_core.shell:Creating environment hook '/home/hjh/RMserial/install/serial_def_sdk/share/serial_def_sdk/hook/cmake_prefix_path.ps1'
[15.457s] INFO:colcon.colcon_core.shell:Creating environment descriptor '/home/hjh/RMserial/install/serial_def_sdk/share/serial_def_sdk/hook/cmake_prefix_path.dsv'
[15.458s] INFO:colcon.colcon_core.shell:Creating environment hook '/home/hjh/RMserial/install/serial_def_sdk/share/serial_def_sdk/hook/cmake_prefix_path.sh'
[15.458s] Level 1:colcon.colcon_core.environment:checking '/home/hjh/RMserial/install/serial_def_sdk/lib'
[15.458s] Level 1:colcon.colcon_core.environment:checking '/home/hjh/RMserial/install/serial_def_sdk/bin'
[15.458s] Level 1:colcon.colcon_core.environment:checking '/home/hjh/RMserial/install/serial_def_sdk/lib/pkgconfig/serial_def_sdk.pc'
[15.458s] Level 1:colcon.colcon_core.environment:checking '/home/hjh/RMserial/install/serial_def_sdk/lib/python3.10/site-packages'
[15.458s] Level 1:colcon.colcon_core.environment:checking '/home/hjh/RMserial/install/serial_def_sdk/bin'
[15.458s] INFO:colcon.colcon_core.shell:Creating package script '/home/hjh/RMserial/install/serial_def_sdk/share/serial_def_sdk/package.ps1'
[15.459s] INFO:colcon.colcon_core.shell:Creating package descriptor '/home/hjh/RMserial/install/serial_def_sdk/share/serial_def_sdk/package.dsv'
[15.459s] INFO:colcon.colcon_core.shell:Creating package script '/home/hjh/RMserial/install/serial_def_sdk/share/serial_def_sdk/package.sh'
[15.459s] INFO:colcon.colcon_core.shell:Creating package script '/home/hjh/RMserial/install/serial_def_sdk/share/serial_def_sdk/package.bash'
[15.459s] INFO:colcon.colcon_core.shell:Creating package script '/home/hjh/RMserial/install/serial_def_sdk/share/serial_def_sdk/package.zsh'
[15.460s] Level 1:colcon.colcon_core.environment:create_file_with_runtime_dependencies(/home/hjh/RMserial/install/serial_def_sdk/share/colcon-core/packages/serial_def_sdk)
[15.460s] DEBUG:colcon.colcon_parallel_executor.executor.parallel:closing loop
[15.460s] DEBUG:colcon.colcon_parallel_executor.executor.parallel:loop closed
[15.460s] DEBUG:colcon.colcon_parallel_executor.executor.parallel:run_until_complete finished with '0'
[15.460s] DEBUG:colcon.colcon_core.event_reactor:joining thread
[15.470s] INFO:colcon.colcon_core.plugin_system:Skipping extension 'colcon_notification.desktop_notification.terminal_notifier': Not used on non-Darwin systems
[15.470s] INFO:colcon.colcon_core.plugin_system:Skipping extension 'colcon_notification.desktop_notification.win32': Not used on non-Windows systems
[15.470s] INFO:colcon.colcon_notification.desktop_notification:Sending desktop notification using 'notify2'
[15.482s] DEBUG:colcon.colcon_core.event_reactor:joined thread
[15.482s] INFO:colcon.colcon_core.shell:Creating prefix script '/home/hjh/RMserial/install/local_setup.ps1'
[15.483s] INFO:colcon.colcon_core.shell:Creating prefix util module '/home/hjh/RMserial/install/_local_setup_util_ps1.py'
[15.486s] INFO:colcon.colcon_core.shell:Creating prefix chain script '/home/hjh/RMserial/install/setup.ps1'
[15.487s] INFO:colcon.colcon_core.shell:Creating prefix script '/home/hjh/RMserial/install/local_setup.sh'
[15.488s] INFO:colcon.colcon_core.shell:Creating prefix util module '/home/hjh/RMserial/install/_local_setup_util_sh.py'
[15.488s] INFO:colcon.colcon_core.shell:Creating prefix chain script '/home/hjh/RMserial/install/setup.sh'
[15.489s] INFO:colcon.colcon_core.shell:Creating prefix script '/home/hjh/RMserial/install/local_setup.bash'
[15.490s] INFO:colcon.colcon_core.shell:Creating prefix chain script '/home/hjh/RMserial/install/setup.bash'
[15.491s] INFO:colcon.colcon_core.shell:Creating prefix script '/home/hjh/RMserial/install/local_setup.zsh'
[15.492s] INFO:colcon.colcon_core.shell:Creating prefix chain script '/home/hjh/RMserial/install/setup.zsh'
