[0.072s] DEBUG:colcon:Command line arguments: ['/usr/bin/colcon', 'build']
[0.072s] DEBUG:colcon:Parsed command line arguments: Namespace(log_base=None, log_level=None, verb_name='build', build_base='build', install_base='install', merge_install=False, symlink_install=False, test_result_base=None, continue_on_error=False, executor='parallel', parallel_workers=16, event_handlers=None, ignore_user_meta=False, metas=['./colcon.meta'], base_paths=['.'], packages_ignore=None, packages_ignore_regex=None, paths=None, packages_up_to=None, packages_up_to_regex=None, packages_above=None, packages_above_and_dependencies=None, packages_above_depth=None, packages_select_by_dep=None, packages_skip_by_dep=None, packages_skip_up_to=None, packages_select_build_failed=False, packages_skip_build_finished=False, packages_select_test_failures=False, packages_skip_test_passed=False, packages_select=None, packages_skip=None, packages_select_regex=None, packages_skip_regex=None, packages_start=None, packages_end=None, allow_overriding=[], cmake_args=None, cmake_target=None, cmake_target_skip_unavailable=False, cmake_clean_cache=False, cmake_clean_first=False, cmake_force_configure=False, ament_cmake_args=None, catkin_cmake_args=None, catkin_skip_building_tests=False, mixin_files=None, mixin=None, verb_parser=<colcon_mixin.mixin.mixin_argument.MixinArgumentDecorator object at 0x783d1212ee60>, verb_extension=<colcon_core.verb.build.BuildVerb object at 0x783d1212e9b0>, main=<bound method BuildVerb.main of <colcon_core.verb.build.BuildVerb object at 0x783d1212e9b0>>, mixin_verb=('build',))
[0.186s] Level 1:colcon.colcon_core.package_discovery:discover_packages(colcon_meta) check parameters
[0.186s] Level 1:colcon.colcon_core.package_discovery:discover_packages(recursive) check parameters
[0.186s] Level 1:colcon.colcon_core.package_discovery:discover_packages(ignore) check parameters
[0.186s] Level 1:colcon.colcon_core.package_discovery:discover_packages(path) check parameters
[0.186s] Level 1:colcon.colcon_core.package_discovery:discover_packages(colcon_meta) discover
[0.186s] Level 1:colcon.colcon_core.package_discovery:discover_packages(recursive) discover
[0.187s] INFO:colcon.colcon_core.package_discovery:Crawling recursively for packages in '/home/hjh/RMserial'
[0.187s] Level 1:colcon.colcon_core.package_identification:_identify(.) by extensions ['ignore', 'ignore_ament_install']
[0.187s] Level 1:colcon.colcon_core.package_identification:_identify(.) by extension 'ignore'
[0.187s] Level 1:colcon.colcon_core.package_identification:_identify(.) by extension 'ignore_ament_install'
[0.187s] Level 1:colcon.colcon_core.package_identification:_identify(.) by extensions ['colcon_pkg']
[0.187s] Level 1:colcon.colcon_core.package_identification:_identify(.) by extension 'colcon_pkg'
[0.187s] Level 1:colcon.colcon_core.package_identification:_identify(.) by extensions ['colcon_meta']
[0.187s] Level 1:colcon.colcon_core.package_identification:_identify(.) by extension 'colcon_meta'
[0.187s] Level 1:colcon.colcon_core.package_identification:_identify(.) by extensions ['ros']
[0.187s] Level 1:colcon.colcon_core.package_identification:_identify(.) by extension 'ros'
[0.195s] Level 1:colcon.colcon_core.package_identification:_identify(.) by extensions ['cmake', 'python']
[0.195s] Level 1:colcon.colcon_core.package_identification:_identify(.) by extension 'cmake'
[0.195s] Level 1:colcon.colcon_core.package_identification:_identify(.) by extension 'python'
[0.195s] Level 1:colcon.colcon_core.package_identification:_identify(.) by extensions ['python_setup_py']
[0.195s] Level 1:colcon.colcon_core.package_identification:_identify(.) by extension 'python_setup_py'
[0.195s] Level 1:colcon.colcon_core.package_identification:_identify(build) by extensions ['ignore', 'ignore_ament_install']
[0.195s] Level 1:colcon.colcon_core.package_identification:_identify(build) by extension 'ignore'
[0.195s] Level 1:colcon.colcon_core.package_identification:_identify(build) ignored
[0.195s] Level 1:colcon.colcon_core.package_identification:_identify(install) by extensions ['ignore', 'ignore_ament_install']
[0.195s] Level 1:colcon.colcon_core.package_identification:_identify(install) by extension 'ignore'
[0.195s] Level 1:colcon.colcon_core.package_identification:_identify(install) ignored
[0.195s] Level 1:colcon.colcon_core.package_identification:_identify(log) by extensions ['ignore', 'ignore_ament_install']
[0.195s] Level 1:colcon.colcon_core.package_identification:_identify(log) by extension 'ignore'
[0.195s] Level 1:colcon.colcon_core.package_identification:_identify(log) ignored
[0.195s] Level 1:colcon.colcon_core.package_identification:_identify(serial) by extensions ['ignore', 'ignore_ament_install']
[0.195s] Level 1:colcon.colcon_core.package_identification:_identify(serial) by extension 'ignore'
[0.196s] Level 1:colcon.colcon_core.package_identification:_identify(serial) by extension 'ignore_ament_install'
[0.196s] Level 1:colcon.colcon_core.package_identification:_identify(serial) by extensions ['colcon_pkg']
[0.196s] Level 1:colcon.colcon_core.package_identification:_identify(serial) by extension 'colcon_pkg'
[0.196s] Level 1:colcon.colcon_core.package_identification:_identify(serial) by extensions ['colcon_meta']
[0.196s] Level 1:colcon.colcon_core.package_identification:_identify(serial) by extension 'colcon_meta'
[0.196s] Level 1:colcon.colcon_core.package_identification:_identify(serial) by extensions ['ros']
[0.196s] Level 1:colcon.colcon_core.package_identification:_identify(serial) by extension 'ros'
[0.196s] Level 1:colcon.colcon_core.package_identification:_identify(serial) by extensions ['cmake', 'python']
[0.196s] Level 1:colcon.colcon_core.package_identification:_identify(serial) by extension 'cmake'
[0.196s] Level 1:colcon.colcon_core.package_identification:_identify(serial) by extension 'python'
[0.196s] Level 1:colcon.colcon_core.package_identification:_identify(serial) by extensions ['python_setup_py']
[0.196s] Level 1:colcon.colcon_core.package_identification:_identify(serial) by extension 'python_setup_py'
[0.196s] Level 1:colcon.colcon_core.package_identification:_identify(serial/def_msg) by extensions ['ignore', 'ignore_ament_install']
[0.196s] Level 1:colcon.colcon_core.package_identification:_identify(serial/def_msg) by extension 'ignore'
[0.196s] Level 1:colcon.colcon_core.package_identification:_identify(serial/def_msg) by extension 'ignore_ament_install'
[0.196s] Level 1:colcon.colcon_core.package_identification:_identify(serial/def_msg) by extensions ['colcon_pkg']
[0.196s] Level 1:colcon.colcon_core.package_identification:_identify(serial/def_msg) by extension 'colcon_pkg'
[0.196s] Level 1:colcon.colcon_core.package_identification:_identify(serial/def_msg) by extensions ['colcon_meta']
[0.196s] Level 1:colcon.colcon_core.package_identification:_identify(serial/def_msg) by extension 'colcon_meta'
[0.196s] Level 1:colcon.colcon_core.package_identification:_identify(serial/def_msg) by extensions ['ros']
[0.196s] Level 1:colcon.colcon_core.package_identification:_identify(serial/def_msg) by extension 'ros'
[0.203s] DEBUG:colcon.colcon_core.package_identification:Package 'serial/def_msg' with type 'ros.ament_cmake' and name 'def_msg'
[0.203s] Level 1:colcon.colcon_core.package_identification:_identify(serial/pb_rm_interfaces) by extensions ['ignore', 'ignore_ament_install']
[0.203s] Level 1:colcon.colcon_core.package_identification:_identify(serial/pb_rm_interfaces) by extension 'ignore'
[0.204s] Level 1:colcon.colcon_core.package_identification:_identify(serial/pb_rm_interfaces) by extension 'ignore_ament_install'
[0.204s] Level 1:colcon.colcon_core.package_identification:_identify(serial/pb_rm_interfaces) by extensions ['colcon_pkg']
[0.204s] Level 1:colcon.colcon_core.package_identification:_identify(serial/pb_rm_interfaces) by extension 'colcon_pkg'
[0.204s] Level 1:colcon.colcon_core.package_identification:_identify(serial/pb_rm_interfaces) by extensions ['colcon_meta']
[0.204s] Level 1:colcon.colcon_core.package_identification:_identify(serial/pb_rm_interfaces) by extension 'colcon_meta'
[0.204s] Level 1:colcon.colcon_core.package_identification:_identify(serial/pb_rm_interfaces) by extensions ['ros']
[0.204s] Level 1:colcon.colcon_core.package_identification:_identify(serial/pb_rm_interfaces) by extension 'ros'
[0.204s] DEBUG:colcon.colcon_core.package_identification:Package 'serial/pb_rm_interfaces' with type 'ros.ament_cmake' and name 'pb_rm_interfaces'
[0.204s] Level 1:colcon.colcon_core.package_identification:_identify(serial/serial_def_sdk) by extensions ['ignore', 'ignore_ament_install']
[0.204s] Level 1:colcon.colcon_core.package_identification:_identify(serial/serial_def_sdk) by extension 'ignore'
[0.204s] Level 1:colcon.colcon_core.package_identification:_identify(serial/serial_def_sdk) by extension 'ignore_ament_install'
[0.204s] Level 1:colcon.colcon_core.package_identification:_identify(serial/serial_def_sdk) by extensions ['colcon_pkg']
[0.204s] Level 1:colcon.colcon_core.package_identification:_identify(serial/serial_def_sdk) by extension 'colcon_pkg'
[0.204s] Level 1:colcon.colcon_core.package_identification:_identify(serial/serial_def_sdk) by extensions ['colcon_meta']
[0.204s] Level 1:colcon.colcon_core.package_identification:_identify(serial/serial_def_sdk) by extension 'colcon_meta'
[0.204s] Level 1:colcon.colcon_core.package_identification:_identify(serial/serial_def_sdk) by extensions ['ros']
[0.204s] Level 1:colcon.colcon_core.package_identification:_identify(serial/serial_def_sdk) by extension 'ros'
[0.205s] DEBUG:colcon.colcon_core.package_identification:Package 'serial/serial_def_sdk' with type 'ros.ament_cmake' and name 'serial_def_sdk'
[0.205s] Level 1:colcon.colcon_core.package_identification:_identify(serial/vision_msg) by extensions ['ignore', 'ignore_ament_install']
[0.205s] Level 1:colcon.colcon_core.package_identification:_identify(serial/vision_msg) by extension 'ignore'
[0.205s] Level 1:colcon.colcon_core.package_identification:_identify(serial/vision_msg) by extension 'ignore_ament_install'
[0.206s] Level 1:colcon.colcon_core.package_identification:_identify(serial/vision_msg) by extensions ['colcon_pkg']
[0.206s] Level 1:colcon.colcon_core.package_identification:_identify(serial/vision_msg) by extension 'colcon_pkg'
[0.206s] Level 1:colcon.colcon_core.package_identification:_identify(serial/vision_msg) by extensions ['colcon_meta']
[0.206s] Level 1:colcon.colcon_core.package_identification:_identify(serial/vision_msg) by extension 'colcon_meta'
[0.206s] Level 1:colcon.colcon_core.package_identification:_identify(serial/vision_msg) by extensions ['ros']
[0.206s] Level 1:colcon.colcon_core.package_identification:_identify(serial/vision_msg) by extension 'ros'
[0.206s] DEBUG:colcon.colcon_core.package_identification:Package 'serial/vision_msg' with type 'ros.ament_cmake' and name 'vision_msg'
[0.206s] Level 1:colcon.colcon_core.package_discovery:discover_packages(recursive) using defaults
[0.206s] Level 1:colcon.colcon_core.package_discovery:discover_packages(ignore) discover
[0.206s] Level 1:colcon.colcon_core.package_discovery:discover_packages(ignore) using defaults
[0.206s] Level 1:colcon.colcon_core.package_discovery:discover_packages(path) discover
[0.206s] Level 1:colcon.colcon_core.package_discovery:discover_packages(path) using defaults
[0.220s] Level 1:colcon.colcon_core.package_discovery:discover_packages(prefix_path) check parameters
[0.220s] Level 1:colcon.colcon_core.package_discovery:discover_packages(prefix_path) discover
[0.222s] DEBUG:colcon.colcon_installed_package_information.package_discovery:Found 483 installed packages in /opt/ros/humble
[0.224s] Level 1:colcon.colcon_core.package_discovery:discover_packages(prefix_path) using defaults
[0.257s] Level 5:colcon.colcon_core.verb:set package 'def_msg' build argument 'cmake_args' from command line to 'None'
[0.257s] Level 5:colcon.colcon_core.verb:set package 'def_msg' build argument 'cmake_target' from command line to 'None'
[0.257s] Level 5:colcon.colcon_core.verb:set package 'def_msg' build argument 'cmake_target_skip_unavailable' from command line to 'False'
[0.257s] Level 5:colcon.colcon_core.verb:set package 'def_msg' build argument 'cmake_clean_cache' from command line to 'False'
[0.257s] Level 5:colcon.colcon_core.verb:set package 'def_msg' build argument 'cmake_clean_first' from command line to 'False'
[0.257s] Level 5:colcon.colcon_core.verb:set package 'def_msg' build argument 'cmake_force_configure' from command line to 'False'
[0.257s] Level 5:colcon.colcon_core.verb:set package 'def_msg' build argument 'ament_cmake_args' from command line to 'None'
[0.257s] Level 5:colcon.colcon_core.verb:set package 'def_msg' build argument 'catkin_cmake_args' from command line to 'None'
[0.257s] Level 5:colcon.colcon_core.verb:set package 'def_msg' build argument 'catkin_skip_building_tests' from command line to 'False'
[0.258s] DEBUG:colcon.colcon_core.verb:Building package 'def_msg' with the following arguments: {'ament_cmake_args': None, 'build_base': '/home/hjh/RMserial/build/def_msg', 'catkin_cmake_args': None, 'catkin_skip_building_tests': False, 'cmake_args': None, 'cmake_clean_cache': False, 'cmake_clean_first': False, 'cmake_force_configure': False, 'cmake_target': None, 'cmake_target_skip_unavailable': False, 'install_base': '/home/hjh/RMserial/install/def_msg', 'merge_install': False, 'path': '/home/hjh/RMserial/serial/def_msg', 'symlink_install': False, 'test_result_base': None}
[0.258s] Level 5:colcon.colcon_core.verb:set package 'pb_rm_interfaces' build argument 'cmake_args' from command line to 'None'
[0.258s] Level 5:colcon.colcon_core.verb:set package 'pb_rm_interfaces' build argument 'cmake_target' from command line to 'None'
[0.258s] Level 5:colcon.colcon_core.verb:set package 'pb_rm_interfaces' build argument 'cmake_target_skip_unavailable' from command line to 'False'
[0.258s] Level 5:colcon.colcon_core.verb:set package 'pb_rm_interfaces' build argument 'cmake_clean_cache' from command line to 'False'
[0.258s] Level 5:colcon.colcon_core.verb:set package 'pb_rm_interfaces' build argument 'cmake_clean_first' from command line to 'False'
[0.258s] Level 5:colcon.colcon_core.verb:set package 'pb_rm_interfaces' build argument 'cmake_force_configure' from command line to 'False'
[0.258s] Level 5:colcon.colcon_core.verb:set package 'pb_rm_interfaces' build argument 'ament_cmake_args' from command line to 'None'
[0.258s] Level 5:colcon.colcon_core.verb:set package 'pb_rm_interfaces' build argument 'catkin_cmake_args' from command line to 'None'
[0.258s] Level 5:colcon.colcon_core.verb:set package 'pb_rm_interfaces' build argument 'catkin_skip_building_tests' from command line to 'False'
[0.258s] DEBUG:colcon.colcon_core.verb:Building package 'pb_rm_interfaces' with the following arguments: {'ament_cmake_args': None, 'build_base': '/home/hjh/RMserial/build/pb_rm_interfaces', 'catkin_cmake_args': None, 'catkin_skip_building_tests': False, 'cmake_args': None, 'cmake_clean_cache': False, 'cmake_clean_first': False, 'cmake_force_configure': False, 'cmake_target': None, 'cmake_target_skip_unavailable': False, 'install_base': '/home/hjh/RMserial/install/pb_rm_interfaces', 'merge_install': False, 'path': '/home/hjh/RMserial/serial/pb_rm_interfaces', 'symlink_install': False, 'test_result_base': None}
[0.258s] Level 5:colcon.colcon_core.verb:set package 'vision_msg' build argument 'cmake_args' from command line to 'None'
[0.258s] Level 5:colcon.colcon_core.verb:set package 'vision_msg' build argument 'cmake_target' from command line to 'None'
[0.258s] Level 5:colcon.colcon_core.verb:set package 'vision_msg' build argument 'cmake_target_skip_unavailable' from command line to 'False'
[0.258s] Level 5:colcon.colcon_core.verb:set package 'vision_msg' build argument 'cmake_clean_cache' from command line to 'False'
[0.258s] Level 5:colcon.colcon_core.verb:set package 'vision_msg' build argument 'cmake_clean_first' from command line to 'False'
[0.258s] Level 5:colcon.colcon_core.verb:set package 'vision_msg' build argument 'cmake_force_configure' from command line to 'False'
[0.258s] Level 5:colcon.colcon_core.verb:set package 'vision_msg' build argument 'ament_cmake_args' from command line to 'None'
[0.258s] Level 5:colcon.colcon_core.verb:set package 'vision_msg' build argument 'catkin_cmake_args' from command line to 'None'
[0.258s] Level 5:colcon.colcon_core.verb:set package 'vision_msg' build argument 'catkin_skip_building_tests' from command line to 'False'
[0.258s] DEBUG:colcon.colcon_core.verb:Building package 'vision_msg' with the following arguments: {'ament_cmake_args': None, 'build_base': '/home/hjh/RMserial/build/vision_msg', 'catkin_cmake_args': None, 'catkin_skip_building_tests': False, 'cmake_args': None, 'cmake_clean_cache': False, 'cmake_clean_first': False, 'cmake_force_configure': False, 'cmake_target': None, 'cmake_target_skip_unavailable': False, 'install_base': '/home/hjh/RMserial/install/vision_msg', 'merge_install': False, 'path': '/home/hjh/RMserial/serial/vision_msg', 'symlink_install': False, 'test_result_base': None}
[0.258s] Level 5:colcon.colcon_core.verb:set package 'serial_def_sdk' build argument 'cmake_args' from command line to 'None'
[0.258s] Level 5:colcon.colcon_core.verb:set package 'serial_def_sdk' build argument 'cmake_target' from command line to 'None'
[0.258s] Level 5:colcon.colcon_core.verb:set package 'serial_def_sdk' build argument 'cmake_target_skip_unavailable' from command line to 'False'
[0.258s] Level 5:colcon.colcon_core.verb:set package 'serial_def_sdk' build argument 'cmake_clean_cache' from command line to 'False'
[0.258s] Level 5:colcon.colcon_core.verb:set package 'serial_def_sdk' build argument 'cmake_clean_first' from command line to 'False'
[0.258s] Level 5:colcon.colcon_core.verb:set package 'serial_def_sdk' build argument 'cmake_force_configure' from command line to 'False'
[0.258s] Level 5:colcon.colcon_core.verb:set package 'serial_def_sdk' build argument 'ament_cmake_args' from command line to 'None'
[0.258s] Level 5:colcon.colcon_core.verb:set package 'serial_def_sdk' build argument 'catkin_cmake_args' from command line to 'None'
[0.258s] Level 5:colcon.colcon_core.verb:set package 'serial_def_sdk' build argument 'catkin_skip_building_tests' from command line to 'False'
[0.259s] DEBUG:colcon.colcon_core.verb:Building package 'serial_def_sdk' with the following arguments: {'ament_cmake_args': None, 'build_base': '/home/hjh/RMserial/build/serial_def_sdk', 'catkin_cmake_args': None, 'catkin_skip_building_tests': False, 'cmake_args': None, 'cmake_clean_cache': False, 'cmake_clean_first': False, 'cmake_force_configure': False, 'cmake_target': None, 'cmake_target_skip_unavailable': False, 'install_base': '/home/hjh/RMserial/install/serial_def_sdk', 'merge_install': False, 'path': '/home/hjh/RMserial/serial/serial_def_sdk', 'symlink_install': False, 'test_result_base': None}
[0.259s] INFO:colcon.colcon_core.executor:Executing jobs using 'parallel' executor
[0.259s] DEBUG:colcon.colcon_parallel_executor.executor.parallel:run_until_complete
[0.260s] INFO:colcon.colcon_ros.task.ament_cmake.build:Building ROS package in '/home/hjh/RMserial/serial/def_msg' with build type 'ament_cmake'
[0.260s] INFO:colcon.colcon_cmake.task.cmake.build:Building CMake package in '/home/hjh/RMserial/serial/def_msg'
[0.261s] INFO:colcon.colcon_core.plugin_system:Skipping extension 'colcon_core.shell.bat': Not used on non-Windows systems
[0.261s] INFO:colcon.colcon_core.shell:Skip shell extension 'powershell' for command environment: Not usable outside of PowerShell
[0.261s] DEBUG:colcon.colcon_core.shell:Skip shell extension 'dsv' for command environment
[0.264s] INFO:colcon.colcon_ros.task.ament_cmake.build:Building ROS package in '/home/hjh/RMserial/serial/pb_rm_interfaces' with build type 'ament_cmake'
[0.264s] INFO:colcon.colcon_cmake.task.cmake.build:Building CMake package in '/home/hjh/RMserial/serial/pb_rm_interfaces'
[0.264s] INFO:colcon.colcon_core.shell:Skip shell extension 'powershell' for command environment: Not usable outside of PowerShell
[0.264s] DEBUG:colcon.colcon_core.shell:Skip shell extension 'dsv' for command environment
[0.266s] INFO:colcon.colcon_ros.task.ament_cmake.build:Building ROS package in '/home/hjh/RMserial/serial/vision_msg' with build type 'ament_cmake'
[0.266s] INFO:colcon.colcon_cmake.task.cmake.build:Building CMake package in '/home/hjh/RMserial/serial/vision_msg'
[0.266s] INFO:colcon.colcon_core.shell:Skip shell extension 'powershell' for command environment: Not usable outside of PowerShell
[0.266s] DEBUG:colcon.colcon_core.shell:Skip shell extension 'dsv' for command environment
[0.272s] DEBUG:colcon.colcon_core.event_handler.log_command:Invoking command in '/home/hjh/RMserial/build/def_msg': CMAKE_PREFIX_PATH=/opt/ros/humble /usr/bin/cmake --build /home/hjh/RMserial/build/def_msg -- -j16 -l16
[0.274s] DEBUG:colcon.colcon_core.event_handler.log_command:Invoking command in '/home/hjh/RMserial/build/pb_rm_interfaces': CMAKE_PREFIX_PATH=/opt/ros/humble /usr/bin/cmake --build /home/hjh/RMserial/build/pb_rm_interfaces -- -j16 -l16
[0.277s] DEBUG:colcon.colcon_core.event_handler.log_command:Invoking command in '/home/hjh/RMserial/build/vision_msg': CMAKE_PREFIX_PATH=/opt/ros/humble /usr/bin/cmake --build /home/hjh/RMserial/build/vision_msg -- -j16 -l16
[0.575s] DEBUG:colcon.colcon_core.event_handler.log_command:Invoked command in '/home/hjh/RMserial/build/def_msg' returned '0': CMAKE_PREFIX_PATH=/opt/ros/humble /usr/bin/cmake --build /home/hjh/RMserial/build/def_msg -- -j16 -l16
[0.581s] DEBUG:colcon.colcon_core.event_handler.log_command:Invoking command in '/home/hjh/RMserial/build/def_msg': CMAKE_PREFIX_PATH=/opt/ros/humble /usr/bin/cmake --install /home/hjh/RMserial/build/def_msg
[0.616s] DEBUG:colcon.colcon_core.event_handler.log_command:Invoked command in '/home/hjh/RMserial/build/vision_msg' returned '0': CMAKE_PREFIX_PATH=/opt/ros/humble /usr/bin/cmake --build /home/hjh/RMserial/build/vision_msg -- -j16 -l16
[0.618s] DEBUG:colcon.colcon_core.event_handler.log_command:Invoking command in '/home/hjh/RMserial/build/vision_msg': CMAKE_PREFIX_PATH=/opt/ros/humble /usr/bin/cmake --install /home/hjh/RMserial/build/vision_msg
[0.629s] Level 1:colcon.colcon_core.environment:create_environment_scripts_only(def_msg)
[0.639s] Level 1:colcon.colcon_core.environment:checking '/home/hjh/RMserial/install/def_msg' for CMake module files
[0.641s] Level 1:colcon.colcon_core.environment:checking '/home/hjh/RMserial/install/def_msg' for CMake config files
[0.644s] DEBUG:colcon.colcon_core.event_handler.log_command:Invoked command in '/home/hjh/RMserial/build/def_msg' returned '0': CMAKE_PREFIX_PATH=/opt/ros/humble /usr/bin/cmake --install /home/hjh/RMserial/build/def_msg
[0.644s] Level 1:colcon.colcon_core.shell:create_environment_hook('def_msg', 'cmake_prefix_path')
[0.645s] INFO:colcon.colcon_core.shell:Creating environment hook '/home/hjh/RMserial/install/def_msg/share/def_msg/hook/cmake_prefix_path.ps1'
[0.646s] INFO:colcon.colcon_core.shell:Creating environment descriptor '/home/hjh/RMserial/install/def_msg/share/def_msg/hook/cmake_prefix_path.dsv'
[0.646s] INFO:colcon.colcon_core.shell:Creating environment hook '/home/hjh/RMserial/install/def_msg/share/def_msg/hook/cmake_prefix_path.sh'
[0.648s] Level 1:colcon.colcon_core.environment:checking '/home/hjh/RMserial/install/def_msg/lib'
[0.648s] Level 1:colcon.colcon_core.shell:create_environment_hook('def_msg', 'ld_library_path_lib')
[0.648s] INFO:colcon.colcon_core.shell:Creating environment hook '/home/hjh/RMserial/install/def_msg/share/def_msg/hook/ld_library_path_lib.ps1'
[0.649s] INFO:colcon.colcon_core.shell:Creating environment descriptor '/home/hjh/RMserial/install/def_msg/share/def_msg/hook/ld_library_path_lib.dsv'
[0.649s] INFO:colcon.colcon_core.shell:Creating environment hook '/home/hjh/RMserial/install/def_msg/share/def_msg/hook/ld_library_path_lib.sh'
[0.650s] Level 1:colcon.colcon_core.environment:checking '/home/hjh/RMserial/install/def_msg/bin'
[0.650s] Level 1:colcon.colcon_core.environment:checking '/home/hjh/RMserial/install/def_msg/lib/pkgconfig/def_msg.pc'
[0.651s] Level 1:colcon.colcon_core.environment:checking '/home/hjh/RMserial/install/def_msg/lib/python3.10/site-packages'
[0.651s] Level 1:colcon.colcon_core.environment:checking '/home/hjh/RMserial/install/def_msg/bin'
[0.651s] INFO:colcon.colcon_core.shell:Creating package script '/home/hjh/RMserial/install/def_msg/share/def_msg/package.ps1'
[0.653s] INFO:colcon.colcon_core.shell:Creating package descriptor '/home/hjh/RMserial/install/def_msg/share/def_msg/package.dsv'
[0.656s] INFO:colcon.colcon_core.shell:Creating package script '/home/hjh/RMserial/install/def_msg/share/def_msg/package.sh'
[0.658s] INFO:colcon.colcon_core.shell:Creating package script '/home/hjh/RMserial/install/def_msg/share/def_msg/package.bash'
[0.660s] INFO:colcon.colcon_core.shell:Creating package script '/home/hjh/RMserial/install/def_msg/share/def_msg/package.zsh'
[0.661s] Level 1:colcon.colcon_core.environment:create_file_with_runtime_dependencies(/home/hjh/RMserial/install/def_msg/share/colcon-core/packages/def_msg)
[0.661s] Level 1:colcon.colcon_core.environment:create_environment_scripts_only(def_msg)
[0.661s] Level 1:colcon.colcon_core.environment:checking '/home/hjh/RMserial/install/def_msg' for CMake module files
[0.662s] Level 1:colcon.colcon_core.environment:checking '/home/hjh/RMserial/install/def_msg' for CMake config files
[0.662s] Level 1:colcon.colcon_core.shell:create_environment_hook('def_msg', 'cmake_prefix_path')
[0.662s] INFO:colcon.colcon_core.shell:Creating environment hook '/home/hjh/RMserial/install/def_msg/share/def_msg/hook/cmake_prefix_path.ps1'
[0.663s] INFO:colcon.colcon_core.shell:Creating environment descriptor '/home/hjh/RMserial/install/def_msg/share/def_msg/hook/cmake_prefix_path.dsv'
[0.663s] INFO:colcon.colcon_core.shell:Creating environment hook '/home/hjh/RMserial/install/def_msg/share/def_msg/hook/cmake_prefix_path.sh'
[0.663s] Level 1:colcon.colcon_core.environment:checking '/home/hjh/RMserial/install/def_msg/lib'
[0.663s] Level 1:colcon.colcon_core.shell:create_environment_hook('def_msg', 'ld_library_path_lib')
[0.663s] INFO:colcon.colcon_core.shell:Creating environment hook '/home/hjh/RMserial/install/def_msg/share/def_msg/hook/ld_library_path_lib.ps1'
[0.664s] INFO:colcon.colcon_core.shell:Creating environment descriptor '/home/hjh/RMserial/install/def_msg/share/def_msg/hook/ld_library_path_lib.dsv'
[0.664s] INFO:colcon.colcon_core.shell:Creating environment hook '/home/hjh/RMserial/install/def_msg/share/def_msg/hook/ld_library_path_lib.sh'
[0.664s] Level 1:colcon.colcon_core.environment:checking '/home/hjh/RMserial/install/def_msg/bin'
[0.664s] Level 1:colcon.colcon_core.environment:checking '/home/hjh/RMserial/install/def_msg/lib/pkgconfig/def_msg.pc'
[0.664s] Level 1:colcon.colcon_core.environment:checking '/home/hjh/RMserial/install/def_msg/lib/python3.10/site-packages'
[0.664s] Level 1:colcon.colcon_core.environment:checking '/home/hjh/RMserial/install/def_msg/bin'
[0.665s] INFO:colcon.colcon_core.shell:Creating package script '/home/hjh/RMserial/install/def_msg/share/def_msg/package.ps1'
[0.665s] INFO:colcon.colcon_core.shell:Creating package descriptor '/home/hjh/RMserial/install/def_msg/share/def_msg/package.dsv'
[0.665s] INFO:colcon.colcon_core.shell:Creating package script '/home/hjh/RMserial/install/def_msg/share/def_msg/package.sh'
[0.665s] INFO:colcon.colcon_core.shell:Creating package script '/home/hjh/RMserial/install/def_msg/share/def_msg/package.bash'
[0.666s] INFO:colcon.colcon_core.shell:Creating package script '/home/hjh/RMserial/install/def_msg/share/def_msg/package.zsh'
[0.666s] Level 1:colcon.colcon_core.environment:create_file_with_runtime_dependencies(/home/hjh/RMserial/install/def_msg/share/colcon-core/packages/def_msg)
[0.667s] Level 1:colcon.colcon_core.environment:create_environment_scripts_only(vision_msg)
[0.667s] DEBUG:colcon.colcon_core.event_handler.log_command:Invoked command in '/home/hjh/RMserial/build/vision_msg' returned '0': CMAKE_PREFIX_PATH=/opt/ros/humble /usr/bin/cmake --install /home/hjh/RMserial/build/vision_msg
[0.668s] Level 1:colcon.colcon_core.environment:checking '/home/hjh/RMserial/install/vision_msg' for CMake module files
[0.668s] Level 1:colcon.colcon_core.environment:checking '/home/hjh/RMserial/install/vision_msg' for CMake config files
[0.668s] Level 1:colcon.colcon_core.shell:create_environment_hook('vision_msg', 'cmake_prefix_path')
[0.668s] INFO:colcon.colcon_core.shell:Creating environment hook '/home/hjh/RMserial/install/vision_msg/share/vision_msg/hook/cmake_prefix_path.ps1'
[0.669s] INFO:colcon.colcon_core.shell:Creating environment descriptor '/home/hjh/RMserial/install/vision_msg/share/vision_msg/hook/cmake_prefix_path.dsv'
[0.669s] INFO:colcon.colcon_core.shell:Creating environment hook '/home/hjh/RMserial/install/vision_msg/share/vision_msg/hook/cmake_prefix_path.sh'
[0.669s] Level 1:colcon.colcon_core.environment:checking '/home/hjh/RMserial/install/vision_msg/lib'
[0.669s] Level 1:colcon.colcon_core.shell:create_environment_hook('vision_msg', 'ld_library_path_lib')
[0.669s] INFO:colcon.colcon_core.shell:Creating environment hook '/home/hjh/RMserial/install/vision_msg/share/vision_msg/hook/ld_library_path_lib.ps1'
[0.670s] INFO:colcon.colcon_core.shell:Creating environment descriptor '/home/hjh/RMserial/install/vision_msg/share/vision_msg/hook/ld_library_path_lib.dsv'
[0.670s] INFO:colcon.colcon_core.shell:Creating environment hook '/home/hjh/RMserial/install/vision_msg/share/vision_msg/hook/ld_library_path_lib.sh'
[0.670s] Level 1:colcon.colcon_core.environment:checking '/home/hjh/RMserial/install/vision_msg/bin'
[0.670s] Level 1:colcon.colcon_core.environment:checking '/home/hjh/RMserial/install/vision_msg/lib/pkgconfig/vision_msg.pc'
[0.670s] Level 1:colcon.colcon_core.environment:checking '/home/hjh/RMserial/install/vision_msg/lib/python3.10/site-packages'
[0.670s] Level 1:colcon.colcon_core.environment:checking '/home/hjh/RMserial/install/vision_msg/bin'
[0.671s] INFO:colcon.colcon_core.shell:Creating package script '/home/hjh/RMserial/install/vision_msg/share/vision_msg/package.ps1'
[0.671s] INFO:colcon.colcon_core.shell:Creating package descriptor '/home/hjh/RMserial/install/vision_msg/share/vision_msg/package.dsv'
[0.671s] INFO:colcon.colcon_core.shell:Creating package script '/home/hjh/RMserial/install/vision_msg/share/vision_msg/package.sh'
[0.671s] INFO:colcon.colcon_core.shell:Creating package script '/home/hjh/RMserial/install/vision_msg/share/vision_msg/package.bash'
[0.672s] INFO:colcon.colcon_core.shell:Creating package script '/home/hjh/RMserial/install/vision_msg/share/vision_msg/package.zsh'
[0.672s] Level 1:colcon.colcon_core.environment:create_file_with_runtime_dependencies(/home/hjh/RMserial/install/vision_msg/share/colcon-core/packages/vision_msg)
[0.672s] Level 1:colcon.colcon_core.environment:create_environment_scripts_only(vision_msg)
[0.672s] Level 1:colcon.colcon_core.environment:checking '/home/hjh/RMserial/install/vision_msg' for CMake module files
[0.673s] Level 1:colcon.colcon_core.environment:checking '/home/hjh/RMserial/install/vision_msg' for CMake config files
[0.673s] Level 1:colcon.colcon_core.shell:create_environment_hook('vision_msg', 'cmake_prefix_path')
[0.673s] INFO:colcon.colcon_core.shell:Creating environment hook '/home/hjh/RMserial/install/vision_msg/share/vision_msg/hook/cmake_prefix_path.ps1'
[0.673s] INFO:colcon.colcon_core.shell:Creating environment descriptor '/home/hjh/RMserial/install/vision_msg/share/vision_msg/hook/cmake_prefix_path.dsv'
[0.673s] INFO:colcon.colcon_core.shell:Creating environment hook '/home/hjh/RMserial/install/vision_msg/share/vision_msg/hook/cmake_prefix_path.sh'
[0.674s] Level 1:colcon.colcon_core.environment:checking '/home/hjh/RMserial/install/vision_msg/lib'
[0.674s] Level 1:colcon.colcon_core.shell:create_environment_hook('vision_msg', 'ld_library_path_lib')
[0.674s] INFO:colcon.colcon_core.shell:Creating environment hook '/home/hjh/RMserial/install/vision_msg/share/vision_msg/hook/ld_library_path_lib.ps1'
[0.674s] INFO:colcon.colcon_core.shell:Creating environment descriptor '/home/hjh/RMserial/install/vision_msg/share/vision_msg/hook/ld_library_path_lib.dsv'
[0.674s] INFO:colcon.colcon_core.shell:Creating environment hook '/home/hjh/RMserial/install/vision_msg/share/vision_msg/hook/ld_library_path_lib.sh'
[0.675s] Level 1:colcon.colcon_core.environment:checking '/home/hjh/RMserial/install/vision_msg/bin'
[0.675s] Level 1:colcon.colcon_core.environment:checking '/home/hjh/RMserial/install/vision_msg/lib/pkgconfig/vision_msg.pc'
[0.675s] Level 1:colcon.colcon_core.environment:checking '/home/hjh/RMserial/install/vision_msg/lib/python3.10/site-packages'
[0.675s] Level 1:colcon.colcon_core.environment:checking '/home/hjh/RMserial/install/vision_msg/bin'
[0.675s] INFO:colcon.colcon_core.shell:Creating package script '/home/hjh/RMserial/install/vision_msg/share/vision_msg/package.ps1'
[0.676s] INFO:colcon.colcon_core.shell:Creating package descriptor '/home/hjh/RMserial/install/vision_msg/share/vision_msg/package.dsv'
[0.676s] INFO:colcon.colcon_core.shell:Creating package script '/home/hjh/RMserial/install/vision_msg/share/vision_msg/package.sh'
[0.676s] INFO:colcon.colcon_core.shell:Creating package script '/home/hjh/RMserial/install/vision_msg/share/vision_msg/package.bash'
[0.676s] INFO:colcon.colcon_core.shell:Creating package script '/home/hjh/RMserial/install/vision_msg/share/vision_msg/package.zsh'
[0.677s] Level 1:colcon.colcon_core.environment:create_file_with_runtime_dependencies(/home/hjh/RMserial/install/vision_msg/share/colcon-core/packages/vision_msg)
[2.153s] DEBUG:colcon.colcon_core.event_handler.log_command:Invoked command in '/home/hjh/RMserial/build/pb_rm_interfaces' returned '0': CMAKE_PREFIX_PATH=/opt/ros/humble /usr/bin/cmake --build /home/hjh/RMserial/build/pb_rm_interfaces -- -j16 -l16
[2.155s] DEBUG:colcon.colcon_core.event_handler.log_command:Invoking command in '/home/hjh/RMserial/build/pb_rm_interfaces': CMAKE_PREFIX_PATH=/opt/ros/humble /usr/bin/cmake --install /home/hjh/RMserial/build/pb_rm_interfaces
[2.194s] Level 1:colcon.colcon_core.environment:create_environment_scripts_only(pb_rm_interfaces)
[2.195s] Level 1:colcon.colcon_core.environment:checking '/home/hjh/RMserial/install/pb_rm_interfaces' for CMake module files
[2.197s] Level 1:colcon.colcon_core.environment:checking '/home/hjh/RMserial/install/pb_rm_interfaces' for CMake config files
[2.199s] DEBUG:colcon.colcon_core.event_handler.log_command:Invoked command in '/home/hjh/RMserial/build/pb_rm_interfaces' returned '0': CMAKE_PREFIX_PATH=/opt/ros/humble /usr/bin/cmake --install /home/hjh/RMserial/build/pb_rm_interfaces
[2.200s] Level 1:colcon.colcon_core.shell:create_environment_hook('pb_rm_interfaces', 'cmake_prefix_path')
[2.200s] INFO:colcon.colcon_core.shell:Creating environment hook '/home/hjh/RMserial/install/pb_rm_interfaces/share/pb_rm_interfaces/hook/cmake_prefix_path.ps1'
[2.201s] INFO:colcon.colcon_core.shell:Creating environment descriptor '/home/hjh/RMserial/install/pb_rm_interfaces/share/pb_rm_interfaces/hook/cmake_prefix_path.dsv'
[2.201s] INFO:colcon.colcon_core.shell:Creating environment hook '/home/hjh/RMserial/install/pb_rm_interfaces/share/pb_rm_interfaces/hook/cmake_prefix_path.sh'
[2.202s] Level 1:colcon.colcon_core.environment:checking '/home/hjh/RMserial/install/pb_rm_interfaces/lib'
[2.202s] Level 1:colcon.colcon_core.shell:create_environment_hook('pb_rm_interfaces', 'ld_library_path_lib')
[2.202s] INFO:colcon.colcon_core.shell:Creating environment hook '/home/hjh/RMserial/install/pb_rm_interfaces/share/pb_rm_interfaces/hook/ld_library_path_lib.ps1'
[2.202s] INFO:colcon.colcon_core.shell:Creating environment descriptor '/home/hjh/RMserial/install/pb_rm_interfaces/share/pb_rm_interfaces/hook/ld_library_path_lib.dsv'
[2.202s] INFO:colcon.colcon_core.shell:Creating environment hook '/home/hjh/RMserial/install/pb_rm_interfaces/share/pb_rm_interfaces/hook/ld_library_path_lib.sh'
[2.203s] Level 1:colcon.colcon_core.environment:checking '/home/hjh/RMserial/install/pb_rm_interfaces/bin'
[2.203s] Level 1:colcon.colcon_core.environment:checking '/home/hjh/RMserial/install/pb_rm_interfaces/lib/pkgconfig/pb_rm_interfaces.pc'
[2.203s] Level 1:colcon.colcon_core.environment:checking '/home/hjh/RMserial/install/pb_rm_interfaces/lib/python3.10/site-packages'
[2.203s] Level 1:colcon.colcon_core.environment:checking '/home/hjh/RMserial/install/pb_rm_interfaces/bin'
[2.203s] INFO:colcon.colcon_core.shell:Creating package script '/home/hjh/RMserial/install/pb_rm_interfaces/share/pb_rm_interfaces/package.ps1'
[2.204s] INFO:colcon.colcon_core.shell:Creating package descriptor '/home/hjh/RMserial/install/pb_rm_interfaces/share/pb_rm_interfaces/package.dsv'
[2.204s] INFO:colcon.colcon_core.shell:Creating package script '/home/hjh/RMserial/install/pb_rm_interfaces/share/pb_rm_interfaces/package.sh'
[2.204s] INFO:colcon.colcon_core.shell:Creating package script '/home/hjh/RMserial/install/pb_rm_interfaces/share/pb_rm_interfaces/package.bash'
[2.205s] INFO:colcon.colcon_core.shell:Creating package script '/home/hjh/RMserial/install/pb_rm_interfaces/share/pb_rm_interfaces/package.zsh'
[2.205s] Level 1:colcon.colcon_core.environment:create_file_with_runtime_dependencies(/home/hjh/RMserial/install/pb_rm_interfaces/share/colcon-core/packages/pb_rm_interfaces)
[2.205s] Level 1:colcon.colcon_core.environment:create_environment_scripts_only(pb_rm_interfaces)
[2.205s] Level 1:colcon.colcon_core.environment:checking '/home/hjh/RMserial/install/pb_rm_interfaces' for CMake module files
[2.206s] Level 1:colcon.colcon_core.environment:checking '/home/hjh/RMserial/install/pb_rm_interfaces' for CMake config files
[2.206s] Level 1:colcon.colcon_core.shell:create_environment_hook('pb_rm_interfaces', 'cmake_prefix_path')
[2.206s] INFO:colcon.colcon_core.shell:Creating environment hook '/home/hjh/RMserial/install/pb_rm_interfaces/share/pb_rm_interfaces/hook/cmake_prefix_path.ps1'
[2.206s] INFO:colcon.colcon_core.shell:Creating environment descriptor '/home/hjh/RMserial/install/pb_rm_interfaces/share/pb_rm_interfaces/hook/cmake_prefix_path.dsv'
[2.206s] INFO:colcon.colcon_core.shell:Creating environment hook '/home/hjh/RMserial/install/pb_rm_interfaces/share/pb_rm_interfaces/hook/cmake_prefix_path.sh'
[2.207s] Level 1:colcon.colcon_core.environment:checking '/home/hjh/RMserial/install/pb_rm_interfaces/lib'
[2.207s] Level 1:colcon.colcon_core.shell:create_environment_hook('pb_rm_interfaces', 'ld_library_path_lib')
[2.207s] INFO:colcon.colcon_core.shell:Creating environment hook '/home/hjh/RMserial/install/pb_rm_interfaces/share/pb_rm_interfaces/hook/ld_library_path_lib.ps1'
[2.207s] INFO:colcon.colcon_core.shell:Creating environment descriptor '/home/hjh/RMserial/install/pb_rm_interfaces/share/pb_rm_interfaces/hook/ld_library_path_lib.dsv'
[2.207s] INFO:colcon.colcon_core.shell:Creating environment hook '/home/hjh/RMserial/install/pb_rm_interfaces/share/pb_rm_interfaces/hook/ld_library_path_lib.sh'
[2.208s] Level 1:colcon.colcon_core.environment:checking '/home/hjh/RMserial/install/pb_rm_interfaces/bin'
[2.208s] Level 1:colcon.colcon_core.environment:checking '/home/hjh/RMserial/install/pb_rm_interfaces/lib/pkgconfig/pb_rm_interfaces.pc'
[2.208s] Level 1:colcon.colcon_core.environment:checking '/home/hjh/RMserial/install/pb_rm_interfaces/lib/python3.10/site-packages'
[2.208s] Level 1:colcon.colcon_core.environment:checking '/home/hjh/RMserial/install/pb_rm_interfaces/bin'
[2.208s] INFO:colcon.colcon_core.shell:Creating package script '/home/hjh/RMserial/install/pb_rm_interfaces/share/pb_rm_interfaces/package.ps1'
[2.209s] INFO:colcon.colcon_core.shell:Creating package descriptor '/home/hjh/RMserial/install/pb_rm_interfaces/share/pb_rm_interfaces/package.dsv'
[2.209s] INFO:colcon.colcon_core.shell:Creating package script '/home/hjh/RMserial/install/pb_rm_interfaces/share/pb_rm_interfaces/package.sh'
[2.209s] INFO:colcon.colcon_core.shell:Creating package script '/home/hjh/RMserial/install/pb_rm_interfaces/share/pb_rm_interfaces/package.bash'
[2.209s] INFO:colcon.colcon_core.shell:Creating package script '/home/hjh/RMserial/install/pb_rm_interfaces/share/pb_rm_interfaces/package.zsh'
[2.210s] Level 1:colcon.colcon_core.environment:create_file_with_runtime_dependencies(/home/hjh/RMserial/install/pb_rm_interfaces/share/colcon-core/packages/pb_rm_interfaces)
[2.210s] INFO:colcon.colcon_ros.task.ament_cmake.build:Building ROS package in '/home/hjh/RMserial/serial/serial_def_sdk' with build type 'ament_cmake'
[2.210s] INFO:colcon.colcon_cmake.task.cmake.build:Building CMake package in '/home/hjh/RMserial/serial/serial_def_sdk'
[2.210s] INFO:colcon.colcon_core.shell:Skip shell extension 'powershell' for command environment: Not usable outside of PowerShell
[2.210s] DEBUG:colcon.colcon_core.shell:Skip shell extension 'dsv' for command environment
[2.226s] DEBUG:colcon.colcon_core.event_handler.log_command:Invoking command in '/home/hjh/RMserial/build/serial_def_sdk': AMENT_PREFIX_PATH=/home/hjh/RMserial/install/vision_msg:/home/hjh/RMserial/install/pb_rm_interfaces:/home/hjh/RMserial/install/def_msg:${AMENT_PREFIX_PATH} CMAKE_PREFIX_PATH=/home/hjh/RMserial/install/vision_msg:/home/hjh/RMserial/install/pb_rm_interfaces:/home/hjh/RMserial/install/def_msg:/opt/ros/humble LD_LIBRARY_PATH=/home/hjh/RMserial/install/vision_msg/lib:/home/hjh/RMserial/install/pb_rm_interfaces/lib:/home/hjh/RMserial/install/def_msg/lib:${LD_LIBRARY_PATH} PYTHONPATH=/home/hjh/RMserial/install/vision_msg/local/lib/python3.10/dist-packages:/home/hjh/RMserial/install/pb_rm_interfaces/local/lib/python3.10/dist-packages:/home/hjh/RMserial/install/def_msg/local/lib/python3.10/dist-packages:${PYTHONPATH} /usr/bin/cmake --build /home/hjh/RMserial/build/serial_def_sdk -- -j16 -l16
[17.915s] DEBUG:colcon.colcon_core.event_handler.log_command:Invoked command in '/home/hjh/RMserial/build/serial_def_sdk' returned '0': AMENT_PREFIX_PATH=/home/hjh/RMserial/install/vision_msg:/home/hjh/RMserial/install/pb_rm_interfaces:/home/hjh/RMserial/install/def_msg:${AMENT_PREFIX_PATH} CMAKE_PREFIX_PATH=/home/hjh/RMserial/install/vision_msg:/home/hjh/RMserial/install/pb_rm_interfaces:/home/hjh/RMserial/install/def_msg:/opt/ros/humble LD_LIBRARY_PATH=/home/hjh/RMserial/install/vision_msg/lib:/home/hjh/RMserial/install/pb_rm_interfaces/lib:/home/hjh/RMserial/install/def_msg/lib:${LD_LIBRARY_PATH} PYTHONPATH=/home/hjh/RMserial/install/vision_msg/local/lib/python3.10/dist-packages:/home/hjh/RMserial/install/pb_rm_interfaces/local/lib/python3.10/dist-packages:/home/hjh/RMserial/install/def_msg/local/lib/python3.10/dist-packages:${PYTHONPATH} /usr/bin/cmake --build /home/hjh/RMserial/build/serial_def_sdk -- -j16 -l16
[17.917s] DEBUG:colcon.colcon_core.event_handler.log_command:Invoking command in '/home/hjh/RMserial/build/serial_def_sdk': AMENT_PREFIX_PATH=/home/hjh/RMserial/install/vision_msg:/home/hjh/RMserial/install/pb_rm_interfaces:/home/hjh/RMserial/install/def_msg:${AMENT_PREFIX_PATH} CMAKE_PREFIX_PATH=/home/hjh/RMserial/install/vision_msg:/home/hjh/RMserial/install/pb_rm_interfaces:/home/hjh/RMserial/install/def_msg:/opt/ros/humble LD_LIBRARY_PATH=/home/hjh/RMserial/install/vision_msg/lib:/home/hjh/RMserial/install/pb_rm_interfaces/lib:/home/hjh/RMserial/install/def_msg/lib:${LD_LIBRARY_PATH} PYTHONPATH=/home/hjh/RMserial/install/vision_msg/local/lib/python3.10/dist-packages:/home/hjh/RMserial/install/pb_rm_interfaces/local/lib/python3.10/dist-packages:/home/hjh/RMserial/install/def_msg/local/lib/python3.10/dist-packages:${PYTHONPATH} /usr/bin/cmake --install /home/hjh/RMserial/build/serial_def_sdk
[17.940s] Level 1:colcon.colcon_core.environment:create_environment_scripts_only(serial_def_sdk)
[17.940s] Level 1:colcon.colcon_core.environment:checking '/home/hjh/RMserial/install/serial_def_sdk' for CMake module files
[17.941s] DEBUG:colcon.colcon_core.event_handler.log_command:Invoked command in '/home/hjh/RMserial/build/serial_def_sdk' returned '0': AMENT_PREFIX_PATH=/home/hjh/RMserial/install/vision_msg:/home/hjh/RMserial/install/pb_rm_interfaces:/home/hjh/RMserial/install/def_msg:${AMENT_PREFIX_PATH} CMAKE_PREFIX_PATH=/home/hjh/RMserial/install/vision_msg:/home/hjh/RMserial/install/pb_rm_interfaces:/home/hjh/RMserial/install/def_msg:/opt/ros/humble LD_LIBRARY_PATH=/home/hjh/RMserial/install/vision_msg/lib:/home/hjh/RMserial/install/pb_rm_interfaces/lib:/home/hjh/RMserial/install/def_msg/lib:${LD_LIBRARY_PATH} PYTHONPATH=/home/hjh/RMserial/install/vision_msg/local/lib/python3.10/dist-packages:/home/hjh/RMserial/install/pb_rm_interfaces/local/lib/python3.10/dist-packages:/home/hjh/RMserial/install/def_msg/local/lib/python3.10/dist-packages:${PYTHONPATH} /usr/bin/cmake --install /home/hjh/RMserial/build/serial_def_sdk
[17.942s] Level 1:colcon.colcon_core.environment:checking '/home/hjh/RMserial/install/serial_def_sdk' for CMake config files
[17.942s] Level 1:colcon.colcon_core.shell:create_environment_hook('serial_def_sdk', 'cmake_prefix_path')
[17.943s] INFO:colcon.colcon_core.shell:Creating environment hook '/home/hjh/RMserial/install/serial_def_sdk/share/serial_def_sdk/hook/cmake_prefix_path.ps1'
[17.943s] INFO:colcon.colcon_core.shell:Creating environment descriptor '/home/hjh/RMserial/install/serial_def_sdk/share/serial_def_sdk/hook/cmake_prefix_path.dsv'
[17.944s] INFO:colcon.colcon_core.shell:Creating environment hook '/home/hjh/RMserial/install/serial_def_sdk/share/serial_def_sdk/hook/cmake_prefix_path.sh'
[17.944s] Level 1:colcon.colcon_core.environment:checking '/home/hjh/RMserial/install/serial_def_sdk/lib'
[17.944s] Level 1:colcon.colcon_core.environment:checking '/home/hjh/RMserial/install/serial_def_sdk/bin'
[17.944s] Level 1:colcon.colcon_core.environment:checking '/home/hjh/RMserial/install/serial_def_sdk/lib/pkgconfig/serial_def_sdk.pc'
[17.945s] Level 1:colcon.colcon_core.environment:checking '/home/hjh/RMserial/install/serial_def_sdk/lib/python3.10/site-packages'
[17.945s] Level 1:colcon.colcon_core.environment:checking '/home/hjh/RMserial/install/serial_def_sdk/bin'
[17.945s] INFO:colcon.colcon_core.shell:Creating package script '/home/hjh/RMserial/install/serial_def_sdk/share/serial_def_sdk/package.ps1'
[17.946s] INFO:colcon.colcon_core.shell:Creating package descriptor '/home/hjh/RMserial/install/serial_def_sdk/share/serial_def_sdk/package.dsv'
[17.946s] INFO:colcon.colcon_core.shell:Creating package script '/home/hjh/RMserial/install/serial_def_sdk/share/serial_def_sdk/package.sh'
[17.947s] INFO:colcon.colcon_core.shell:Creating package script '/home/hjh/RMserial/install/serial_def_sdk/share/serial_def_sdk/package.bash'
[17.947s] INFO:colcon.colcon_core.shell:Creating package script '/home/hjh/RMserial/install/serial_def_sdk/share/serial_def_sdk/package.zsh'
[17.947s] Level 1:colcon.colcon_core.environment:create_file_with_runtime_dependencies(/home/hjh/RMserial/install/serial_def_sdk/share/colcon-core/packages/serial_def_sdk)
[17.948s] Level 1:colcon.colcon_core.environment:create_environment_scripts_only(serial_def_sdk)
[17.948s] Level 1:colcon.colcon_core.environment:checking '/home/hjh/RMserial/install/serial_def_sdk' for CMake module files
[17.949s] Level 1:colcon.colcon_core.environment:checking '/home/hjh/RMserial/install/serial_def_sdk' for CMake config files
[17.949s] Level 1:colcon.colcon_core.shell:create_environment_hook('serial_def_sdk', 'cmake_prefix_path')
[17.949s] INFO:colcon.colcon_core.shell:Creating environment hook '/home/hjh/RMserial/install/serial_def_sdk/share/serial_def_sdk/hook/cmake_prefix_path.ps1'
[17.950s] INFO:colcon.colcon_core.shell:Creating environment descriptor '/home/hjh/RMserial/install/serial_def_sdk/share/serial_def_sdk/hook/cmake_prefix_path.dsv'
[17.950s] INFO:colcon.colcon_core.shell:Creating environment hook '/home/hjh/RMserial/install/serial_def_sdk/share/serial_def_sdk/hook/cmake_prefix_path.sh'
[17.951s] Level 1:colcon.colcon_core.environment:checking '/home/hjh/RMserial/install/serial_def_sdk/lib'
[17.951s] Level 1:colcon.colcon_core.environment:checking '/home/hjh/RMserial/install/serial_def_sdk/bin'
[17.951s] Level 1:colcon.colcon_core.environment:checking '/home/hjh/RMserial/install/serial_def_sdk/lib/pkgconfig/serial_def_sdk.pc'
[17.951s] Level 1:colcon.colcon_core.environment:checking '/home/hjh/RMserial/install/serial_def_sdk/lib/python3.10/site-packages'
[17.951s] Level 1:colcon.colcon_core.environment:checking '/home/hjh/RMserial/install/serial_def_sdk/bin'
[17.952s] INFO:colcon.colcon_core.shell:Creating package script '/home/hjh/RMserial/install/serial_def_sdk/share/serial_def_sdk/package.ps1'
[17.952s] INFO:colcon.colcon_core.shell:Creating package descriptor '/home/hjh/RMserial/install/serial_def_sdk/share/serial_def_sdk/package.dsv'
[17.953s] INFO:colcon.colcon_core.shell:Creating package script '/home/hjh/RMserial/install/serial_def_sdk/share/serial_def_sdk/package.sh'
[17.953s] INFO:colcon.colcon_core.shell:Creating package script '/home/hjh/RMserial/install/serial_def_sdk/share/serial_def_sdk/package.bash'
[17.953s] INFO:colcon.colcon_core.shell:Creating package script '/home/hjh/RMserial/install/serial_def_sdk/share/serial_def_sdk/package.zsh'
[17.954s] Level 1:colcon.colcon_core.environment:create_file_with_runtime_dependencies(/home/hjh/RMserial/install/serial_def_sdk/share/colcon-core/packages/serial_def_sdk)
[17.954s] DEBUG:colcon.colcon_parallel_executor.executor.parallel:closing loop
[17.955s] DEBUG:colcon.colcon_parallel_executor.executor.parallel:loop closed
[17.955s] DEBUG:colcon.colcon_parallel_executor.executor.parallel:run_until_complete finished with '0'
[17.955s] DEBUG:colcon.colcon_core.event_reactor:joining thread
[17.959s] INFO:colcon.colcon_core.plugin_system:Skipping extension 'colcon_notification.desktop_notification.terminal_notifier': Not used on non-Darwin systems
[17.959s] INFO:colcon.colcon_core.plugin_system:Skipping extension 'colcon_notification.desktop_notification.win32': Not used on non-Windows systems
[17.959s] INFO:colcon.colcon_notification.desktop_notification:Sending desktop notification using 'notify2'
[17.968s] DEBUG:colcon.colcon_core.event_reactor:joined thread
[17.968s] INFO:colcon.colcon_core.shell:Creating prefix script '/home/hjh/RMserial/install/local_setup.ps1'
[17.970s] INFO:colcon.colcon_core.shell:Creating prefix util module '/home/hjh/RMserial/install/_local_setup_util_ps1.py'
[17.972s] INFO:colcon.colcon_core.shell:Creating prefix chain script '/home/hjh/RMserial/install/setup.ps1'
[17.973s] INFO:colcon.colcon_core.shell:Creating prefix script '/home/hjh/RMserial/install/local_setup.sh'
[17.973s] INFO:colcon.colcon_core.shell:Creating prefix util module '/home/hjh/RMserial/install/_local_setup_util_sh.py'
[17.974s] INFO:colcon.colcon_core.shell:Creating prefix chain script '/home/hjh/RMserial/install/setup.sh'
[17.975s] INFO:colcon.colcon_core.shell:Creating prefix script '/home/hjh/RMserial/install/local_setup.bash'
[17.976s] INFO:colcon.colcon_core.shell:Creating prefix chain script '/home/hjh/RMserial/install/setup.bash'
[17.977s] INFO:colcon.colcon_core.shell:Creating prefix script '/home/hjh/RMserial/install/local_setup.zsh'
[17.978s] INFO:colcon.colcon_core.shell:Creating prefix chain script '/home/hjh/RMserial/install/setup.zsh'
