[0.010s] Invoking command in '/home/hjh/RMserial/build/vision_msg': CMAKE_PREFIX_PATH=/opt/ros/humble /usr/bin/cmake --build /home/hjh/RMserial/build/vision_msg -- -j16 -l16
[0.065s] [  2%] Built target vision_msg__cpp
[0.067s] [ 12%] Built target vision_msg__rosidl_generator_c
[0.075s] [ 12%] Built target ament_cmake_python_copy_vision_msg
[0.091s] [ 23%] Built target vision_msg__rosidl_typesupport_cpp
[0.094s] [ 34%] Built target vision_msg__rosidl_typesupport_fastrtps_cpp
[0.094s] [ 44%] Built target vision_msg__rosidl_typesupport_introspection_c
[0.098s] [ 55%] Built target vision_msg__rosidl_typesupport_c
[0.098s] [ 65%] Built target vision_msg__rosidl_typesupport_fastrtps_c
[0.101s] [ 76%] Built target vision_msg__rosidl_typesupport_introspection_cpp
[0.112s] [ 76%] Built target vision_msg
[0.123s] [ 78%] Built target vision_msg__py
[0.136s] [ 87%] Built target vision_msg__rosidl_generator_py
[0.148s] [ 91%] Built target vision_msg__rosidl_typesupport_fastrtps_c__pyext
[0.148s] [ 95%] Built target vision_msg__rosidl_typesupport_c__pyext
[0.150s] [100%] Built target vision_msg__rosidl_typesupport_introspection_c__pyext
[0.323s] running egg_info
[0.323s] writing vision_msg.egg-info/PKG-INFO
[0.324s] writing dependency_links to vision_msg.egg-info/dependency_links.txt
[0.324s] writing top-level names to vision_msg.egg-info/top_level.txt
[0.326s] reading manifest file 'vision_msg.egg-info/SOURCES.txt'
[0.326s] writing manifest file 'vision_msg.egg-info/SOURCES.txt'
[0.343s] [100%] Built target ament_cmake_python_build_vision_msg_egg
[0.350s] Invoked command in '/home/hjh/RMserial/build/vision_msg' returned '0': CMAKE_PREFIX_PATH=/opt/ros/humble /usr/bin/cmake --build /home/hjh/RMserial/build/vision_msg -- -j16 -l16
[0.352s] Invoking command in '/home/hjh/RMserial/build/vision_msg': CMAKE_PREFIX_PATH=/opt/ros/humble /usr/bin/cmake --install /home/hjh/RMserial/build/vision_msg
[0.356s] -- Install configuration: ""
[0.356s] -- Up-to-date: /home/hjh/RMserial/install/vision_msg/share/ament_index/resource_index/rosidl_interfaces/vision_msg
[0.357s] -- Up-to-date: /home/hjh/RMserial/install/vision_msg/include/vision_msg/vision_msg
[0.357s] -- Up-to-date: /home/hjh/RMserial/install/vision_msg/include/vision_msg/vision_msg/msg
[0.357s] -- Up-to-date: /home/hjh/RMserial/install/vision_msg/include/vision_msg/vision_msg/msg/rosidl_generator_c__visibility_control.h
[0.357s] -- Up-to-date: /home/hjh/RMserial/install/vision_msg/include/vision_msg/vision_msg/msg/detail
[0.357s] -- Up-to-date: /home/hjh/RMserial/install/vision_msg/include/vision_msg/vision_msg/msg/detail/selected_id__functions.h
[0.357s] -- Up-to-date: /home/hjh/RMserial/install/vision_msg/include/vision_msg/vision_msg/msg/detail/gimble_position__struct.h
[0.357s] -- Up-to-date: /home/hjh/RMserial/install/vision_msg/include/vision_msg/vision_msg/msg/detail/gimble_position__functions.h
[0.357s] -- Up-to-date: /home/hjh/RMserial/install/vision_msg/include/vision_msg/vision_msg/msg/detail/selected_id__type_support.h
[0.358s] -- Up-to-date: /home/hjh/RMserial/install/vision_msg/include/vision_msg/vision_msg/msg/detail/detected_id__functions.h
[0.358s] -- Up-to-date: /home/hjh/RMserial/install/vision_msg/include/vision_msg/vision_msg/msg/detail/gimble_position__type_support.h
[0.358s] -- Up-to-date: /home/hjh/RMserial/install/vision_msg/include/vision_msg/vision_msg/msg/detail/detected_id__struct.h
[0.358s] -- Up-to-date: /home/hjh/RMserial/install/vision_msg/include/vision_msg/vision_msg/msg/detail/detected_id__type_support.h
[0.358s] -- Up-to-date: /home/hjh/RMserial/install/vision_msg/include/vision_msg/vision_msg/msg/detail/detected_id__functions.c
[0.358s] -- Up-to-date: /home/hjh/RMserial/install/vision_msg/include/vision_msg/vision_msg/msg/detail/selected_id__functions.c
[0.359s] -- Up-to-date: /home/hjh/RMserial/install/vision_msg/include/vision_msg/vision_msg/msg/detail/selected_id__struct.h
[0.359s] -- Up-to-date: /home/hjh/RMserial/install/vision_msg/include/vision_msg/vision_msg/msg/detail/gimble_position__functions.c
[0.359s] -- Up-to-date: /home/hjh/RMserial/install/vision_msg/include/vision_msg/vision_msg/msg/detected_id.h
[0.359s] -- Up-to-date: /home/hjh/RMserial/install/vision_msg/include/vision_msg/vision_msg/msg/selected_id.h
[0.359s] -- Up-to-date: /home/hjh/RMserial/install/vision_msg/include/vision_msg/vision_msg/msg/gimble_position.h
[0.359s] -- Up-to-date: /home/hjh/RMserial/install/vision_msg/share/vision_msg/environment/library_path.sh
[0.359s] -- Up-to-date: /home/hjh/RMserial/install/vision_msg/share/vision_msg/environment/library_path.dsv
[0.359s] -- Up-to-date: /home/hjh/RMserial/install/vision_msg/lib/libvision_msg__rosidl_generator_c.so
[0.360s] -- Up-to-date: /home/hjh/RMserial/install/vision_msg/include/vision_msg/vision_msg
[0.360s] -- Up-to-date: /home/hjh/RMserial/install/vision_msg/include/vision_msg/vision_msg/msg
[0.360s] -- Up-to-date: /home/hjh/RMserial/install/vision_msg/include/vision_msg/vision_msg/msg/detail
[0.360s] -- Up-to-date: /home/hjh/RMserial/install/vision_msg/include/vision_msg/vision_msg/msg/detail/selected_id__rosidl_typesupport_fastrtps_c.h
[0.360s] -- Up-to-date: /home/hjh/RMserial/install/vision_msg/include/vision_msg/vision_msg/msg/detail/gimble_position__rosidl_typesupport_fastrtps_c.h
[0.360s] -- Up-to-date: /home/hjh/RMserial/install/vision_msg/include/vision_msg/vision_msg/msg/detail/detected_id__rosidl_typesupport_fastrtps_c.h
[0.360s] -- Up-to-date: /home/hjh/RMserial/install/vision_msg/include/vision_msg/vision_msg/msg/rosidl_typesupport_fastrtps_c__visibility_control.h
[0.360s] -- Up-to-date: /home/hjh/RMserial/install/vision_msg/lib/libvision_msg__rosidl_typesupport_fastrtps_c.so
[0.360s] -- Up-to-date: /home/hjh/RMserial/install/vision_msg/include/vision_msg/vision_msg
[0.360s] -- Up-to-date: /home/hjh/RMserial/install/vision_msg/include/vision_msg/vision_msg/msg
[0.360s] -- Up-to-date: /home/hjh/RMserial/install/vision_msg/include/vision_msg/vision_msg/msg/detail
[0.360s] -- Up-to-date: /home/hjh/RMserial/install/vision_msg/include/vision_msg/vision_msg/msg/detail/selected_id__rosidl_typesupport_introspection_c.h
[0.361s] -- Up-to-date: /home/hjh/RMserial/install/vision_msg/include/vision_msg/vision_msg/msg/detail/selected_id__type_support.c
[0.361s] -- Up-to-date: /home/hjh/RMserial/install/vision_msg/include/vision_msg/vision_msg/msg/detail/detected_id__rosidl_typesupport_introspection_c.h
[0.361s] -- Up-to-date: /home/hjh/RMserial/install/vision_msg/include/vision_msg/vision_msg/msg/detail/detected_id__type_support.c
[0.361s] -- Up-to-date: /home/hjh/RMserial/install/vision_msg/include/vision_msg/vision_msg/msg/detail/gimble_position__rosidl_typesupport_introspection_c.h
[0.361s] -- Up-to-date: /home/hjh/RMserial/install/vision_msg/include/vision_msg/vision_msg/msg/detail/gimble_position__type_support.c
[0.361s] -- Up-to-date: /home/hjh/RMserial/install/vision_msg/include/vision_msg/vision_msg/msg/rosidl_typesupport_introspection_c__visibility_control.h
[0.361s] -- Up-to-date: /home/hjh/RMserial/install/vision_msg/lib/libvision_msg__rosidl_typesupport_introspection_c.so
[0.361s] -- Up-to-date: /home/hjh/RMserial/install/vision_msg/lib/libvision_msg__rosidl_typesupport_c.so
[0.364s] -- Up-to-date: /home/hjh/RMserial/install/vision_msg/include/vision_msg/vision_msg
[0.364s] -- Up-to-date: /home/hjh/RMserial/install/vision_msg/include/vision_msg/vision_msg/msg
[0.364s] -- Up-to-date: /home/hjh/RMserial/install/vision_msg/include/vision_msg/vision_msg/msg/selected_id.hpp
[0.364s] -- Up-to-date: /home/hjh/RMserial/install/vision_msg/include/vision_msg/vision_msg/msg/gimble_position.hpp
[0.365s] -- Up-to-date: /home/hjh/RMserial/install/vision_msg/include/vision_msg/vision_msg/msg/detected_id.hpp
[0.365s] -- Up-to-date: /home/hjh/RMserial/install/vision_msg/include/vision_msg/vision_msg/msg/detail
[0.365s] -- Up-to-date: /home/hjh/RMserial/install/vision_msg/include/vision_msg/vision_msg/msg/detail/selected_id__type_support.hpp
[0.365s] -- Up-to-date: /home/hjh/RMserial/install/vision_msg/include/vision_msg/vision_msg/msg/detail/gimble_position__struct.hpp
[0.365s] -- Up-to-date: /home/hjh/RMserial/install/vision_msg/include/vision_msg/vision_msg/msg/detail/gimble_position__type_support.hpp
[0.365s] -- Up-to-date: /home/hjh/RMserial/install/vision_msg/include/vision_msg/vision_msg/msg/detail/detected_id__traits.hpp
[0.365s] -- Up-to-date: /home/hjh/RMserial/install/vision_msg/include/vision_msg/vision_msg/msg/detail/selected_id__builder.hpp
[0.365s] -- Up-to-date: /home/hjh/RMserial/install/vision_msg/include/vision_msg/vision_msg/msg/detail/detected_id__type_support.hpp
[0.366s] -- Up-to-date: /home/hjh/RMserial/install/vision_msg/include/vision_msg/vision_msg/msg/detail/gimble_position__traits.hpp
[0.366s] -- Up-to-date: /home/hjh/RMserial/install/vision_msg/include/vision_msg/vision_msg/msg/detail/gimble_position__builder.hpp
[0.366s] -- Up-to-date: /home/hjh/RMserial/install/vision_msg/include/vision_msg/vision_msg/msg/detail/selected_id__struct.hpp
[0.366s] -- Up-to-date: /home/hjh/RMserial/install/vision_msg/include/vision_msg/vision_msg/msg/detail/detected_id__builder.hpp
[0.366s] -- Up-to-date: /home/hjh/RMserial/install/vision_msg/include/vision_msg/vision_msg/msg/detail/detected_id__struct.hpp
[0.366s] -- Up-to-date: /home/hjh/RMserial/install/vision_msg/include/vision_msg/vision_msg/msg/detail/selected_id__traits.hpp
[0.366s] -- Up-to-date: /home/hjh/RMserial/install/vision_msg/include/vision_msg/vision_msg/msg/rosidl_generator_cpp__visibility_control.hpp
[0.366s] -- Up-to-date: /home/hjh/RMserial/install/vision_msg/include/vision_msg/vision_msg
[0.367s] -- Up-to-date: /home/hjh/RMserial/install/vision_msg/include/vision_msg/vision_msg/msg
[0.367s] -- Up-to-date: /home/hjh/RMserial/install/vision_msg/include/vision_msg/vision_msg/msg/detail
[0.367s] -- Up-to-date: /home/hjh/RMserial/install/vision_msg/include/vision_msg/vision_msg/msg/detail/detected_id__rosidl_typesupport_fastrtps_cpp.hpp
[0.367s] -- Up-to-date: /home/hjh/RMserial/install/vision_msg/include/vision_msg/vision_msg/msg/detail/dds_fastrtps
[0.367s] -- Up-to-date: /home/hjh/RMserial/install/vision_msg/include/vision_msg/vision_msg/msg/detail/selected_id__rosidl_typesupport_fastrtps_cpp.hpp
[0.367s] -- Up-to-date: /home/hjh/RMserial/install/vision_msg/include/vision_msg/vision_msg/msg/detail/gimble_position__rosidl_typesupport_fastrtps_cpp.hpp
[0.367s] -- Up-to-date: /home/hjh/RMserial/install/vision_msg/include/vision_msg/vision_msg/msg/rosidl_typesupport_fastrtps_cpp__visibility_control.h
[0.367s] -- Up-to-date: /home/hjh/RMserial/install/vision_msg/lib/libvision_msg__rosidl_typesupport_fastrtps_cpp.so
[0.367s] -- Up-to-date: /home/hjh/RMserial/install/vision_msg/include/vision_msg/vision_msg
[0.367s] -- Up-to-date: /home/hjh/RMserial/install/vision_msg/include/vision_msg/vision_msg/msg
[0.368s] -- Up-to-date: /home/hjh/RMserial/install/vision_msg/include/vision_msg/vision_msg/msg/detail
[0.368s] -- Up-to-date: /home/hjh/RMserial/install/vision_msg/include/vision_msg/vision_msg/msg/detail/detected_id__type_support.cpp
[0.368s] -- Up-to-date: /home/hjh/RMserial/install/vision_msg/include/vision_msg/vision_msg/msg/detail/gimble_position__type_support.cpp
[0.368s] -- Up-to-date: /home/hjh/RMserial/install/vision_msg/include/vision_msg/vision_msg/msg/detail/detected_id__rosidl_typesupport_introspection_cpp.hpp
[0.368s] -- Up-to-date: /home/hjh/RMserial/install/vision_msg/include/vision_msg/vision_msg/msg/detail/gimble_position__rosidl_typesupport_introspection_cpp.hpp
[0.368s] -- Up-to-date: /home/hjh/RMserial/install/vision_msg/include/vision_msg/vision_msg/msg/detail/selected_id__type_support.cpp
[0.368s] -- Up-to-date: /home/hjh/RMserial/install/vision_msg/include/vision_msg/vision_msg/msg/detail/selected_id__rosidl_typesupport_introspection_cpp.hpp
[0.368s] -- Up-to-date: /home/hjh/RMserial/install/vision_msg/lib/libvision_msg__rosidl_typesupport_introspection_cpp.so
[0.368s] -- Up-to-date: /home/hjh/RMserial/install/vision_msg/lib/libvision_msg__rosidl_typesupport_cpp.so
[0.369s] -- Up-to-date: /home/hjh/RMserial/install/vision_msg/share/vision_msg/environment/pythonpath.sh
[0.369s] -- Up-to-date: /home/hjh/RMserial/install/vision_msg/share/vision_msg/environment/pythonpath.dsv
[0.369s] -- Up-to-date: /home/hjh/RMserial/install/vision_msg/local/lib/python3.10/dist-packages/vision_msg-0.0.0-py3.10.egg-info
[0.369s] -- Installing: /home/hjh/RMserial/install/vision_msg/local/lib/python3.10/dist-packages/vision_msg-0.0.0-py3.10.egg-info/dependency_links.txt
[0.370s] -- Installing: /home/hjh/RMserial/install/vision_msg/local/lib/python3.10/dist-packages/vision_msg-0.0.0-py3.10.egg-info/PKG-INFO
[0.370s] -- Installing: /home/hjh/RMserial/install/vision_msg/local/lib/python3.10/dist-packages/vision_msg-0.0.0-py3.10.egg-info/SOURCES.txt
[0.370s] -- Installing: /home/hjh/RMserial/install/vision_msg/local/lib/python3.10/dist-packages/vision_msg-0.0.0-py3.10.egg-info/top_level.txt
[0.371s] -- Up-to-date: /home/hjh/RMserial/install/vision_msg/local/lib/python3.10/dist-packages/vision_msg
[0.371s] -- Up-to-date: /home/hjh/RMserial/install/vision_msg/local/lib/python3.10/dist-packages/vision_msg/vision_msg_s__rosidl_typesupport_c.cpython-310-x86_64-linux-gnu.so
[0.371s] -- Up-to-date: /home/hjh/RMserial/install/vision_msg/local/lib/python3.10/dist-packages/vision_msg/_vision_msg_s.ep.rosidl_typesupport_fastrtps_c.c
[0.371s] -- Up-to-date: /home/hjh/RMserial/install/vision_msg/local/lib/python3.10/dist-packages/vision_msg/vision_msg_s__rosidl_typesupport_fastrtps_c.cpython-310-x86_64-linux-gnu.so
[0.371s] -- Up-to-date: /home/hjh/RMserial/install/vision_msg/local/lib/python3.10/dist-packages/vision_msg/__init__.py
[0.372s] -- Up-to-date: /home/hjh/RMserial/install/vision_msg/local/lib/python3.10/dist-packages/vision_msg/libvision_msg__rosidl_generator_py.so
[0.372s] -- Up-to-date: /home/hjh/RMserial/install/vision_msg/local/lib/python3.10/dist-packages/vision_msg/_vision_msg_s.ep.rosidl_typesupport_c.c
[0.372s] -- Up-to-date: /home/hjh/RMserial/install/vision_msg/local/lib/python3.10/dist-packages/vision_msg/msg
[0.372s] -- Up-to-date: /home/hjh/RMserial/install/vision_msg/local/lib/python3.10/dist-packages/vision_msg/msg/_selected_id.py
[0.372s] -- Up-to-date: /home/hjh/RMserial/install/vision_msg/local/lib/python3.10/dist-packages/vision_msg/msg/_selected_id_s.c
[0.373s] -- Up-to-date: /home/hjh/RMserial/install/vision_msg/local/lib/python3.10/dist-packages/vision_msg/msg/_detected_id.py
[0.374s] -- Up-to-date: /home/hjh/RMserial/install/vision_msg/local/lib/python3.10/dist-packages/vision_msg/msg/_gimble_position_s.c
[0.374s] -- Up-to-date: /home/hjh/RMserial/install/vision_msg/local/lib/python3.10/dist-packages/vision_msg/msg/__init__.py
[0.374s] -- Up-to-date: /home/hjh/RMserial/install/vision_msg/local/lib/python3.10/dist-packages/vision_msg/msg/_gimble_position.py
[0.374s] -- Up-to-date: /home/hjh/RMserial/install/vision_msg/local/lib/python3.10/dist-packages/vision_msg/msg/_detected_id_s.c
[0.374s] -- Up-to-date: /home/hjh/RMserial/install/vision_msg/local/lib/python3.10/dist-packages/vision_msg/_vision_msg_s.ep.rosidl_typesupport_introspection_c.c
[0.374s] -- Up-to-date: /home/hjh/RMserial/install/vision_msg/local/lib/python3.10/dist-packages/vision_msg/vision_msg_s__rosidl_typesupport_introspection_c.cpython-310-x86_64-linux-gnu.so
[0.381s] Listing '/home/hjh/RMserial/install/vision_msg/local/lib/python3.10/dist-packages/vision_msg'...
[0.381s] Listing '/home/hjh/RMserial/install/vision_msg/local/lib/python3.10/dist-packages/vision_msg/msg'...
[0.384s] -- Up-to-date: /home/hjh/RMserial/install/vision_msg/local/lib/python3.10/dist-packages/vision_msg/vision_msg_s__rosidl_typesupport_fastrtps_c.cpython-310-x86_64-linux-gnu.so
[0.385s] -- Up-to-date: /home/hjh/RMserial/install/vision_msg/local/lib/python3.10/dist-packages/vision_msg/vision_msg_s__rosidl_typesupport_introspection_c.cpython-310-x86_64-linux-gnu.so
[0.386s] -- Up-to-date: /home/hjh/RMserial/install/vision_msg/local/lib/python3.10/dist-packages/vision_msg/vision_msg_s__rosidl_typesupport_c.cpython-310-x86_64-linux-gnu.so
[0.387s] -- Up-to-date: /home/hjh/RMserial/install/vision_msg/lib/libvision_msg__rosidl_generator_py.so
[0.387s] -- Up-to-date: /home/hjh/RMserial/install/vision_msg/share/vision_msg/msg/GimblePosition.idl
[0.387s] -- Up-to-date: /home/hjh/RMserial/install/vision_msg/share/vision_msg/msg/DetectedId.idl
[0.387s] -- Up-to-date: /home/hjh/RMserial/install/vision_msg/share/vision_msg/msg/SelectedId.idl
[0.387s] -- Up-to-date: /home/hjh/RMserial/install/vision_msg/share/vision_msg/msg/GimblePosition.msg
[0.388s] -- Up-to-date: /home/hjh/RMserial/install/vision_msg/share/vision_msg/msg/DetectedId.msg
[0.388s] -- Up-to-date: /home/hjh/RMserial/install/vision_msg/share/vision_msg/msg/SelectedId.msg
[0.388s] -- Up-to-date: /home/hjh/RMserial/install/vision_msg/share/ament_index/resource_index/package_run_dependencies/vision_msg
[0.388s] -- Up-to-date: /home/hjh/RMserial/install/vision_msg/share/ament_index/resource_index/parent_prefix_path/vision_msg
[0.388s] -- Up-to-date: /home/hjh/RMserial/install/vision_msg/share/vision_msg/environment/ament_prefix_path.sh
[0.388s] -- Up-to-date: /home/hjh/RMserial/install/vision_msg/share/vision_msg/environment/ament_prefix_path.dsv
[0.389s] -- Up-to-date: /home/hjh/RMserial/install/vision_msg/share/vision_msg/environment/path.sh
[0.389s] -- Up-to-date: /home/hjh/RMserial/install/vision_msg/share/vision_msg/environment/path.dsv
[0.389s] -- Up-to-date: /home/hjh/RMserial/install/vision_msg/share/vision_msg/local_setup.bash
[0.389s] -- Up-to-date: /home/hjh/RMserial/install/vision_msg/share/vision_msg/local_setup.sh
[0.389s] -- Up-to-date: /home/hjh/RMserial/install/vision_msg/share/vision_msg/local_setup.zsh
[0.389s] -- Up-to-date: /home/hjh/RMserial/install/vision_msg/share/vision_msg/local_setup.dsv
[0.389s] -- Installing: /home/hjh/RMserial/install/vision_msg/share/vision_msg/package.dsv
[0.389s] -- Up-to-date: /home/hjh/RMserial/install/vision_msg/share/ament_index/resource_index/packages/vision_msg
[0.389s] -- Up-to-date: /home/hjh/RMserial/install/vision_msg/share/vision_msg/cmake/export_vision_msg__rosidl_generator_cExport.cmake
[0.389s] -- Up-to-date: /home/hjh/RMserial/install/vision_msg/share/vision_msg/cmake/export_vision_msg__rosidl_generator_cExport-noconfig.cmake
[0.390s] -- Up-to-date: /home/hjh/RMserial/install/vision_msg/share/vision_msg/cmake/export_vision_msg__rosidl_typesupport_fastrtps_cExport.cmake
[0.390s] -- Up-to-date: /home/hjh/RMserial/install/vision_msg/share/vision_msg/cmake/export_vision_msg__rosidl_typesupport_fastrtps_cExport-noconfig.cmake
[0.391s] -- Up-to-date: /home/hjh/RMserial/install/vision_msg/share/vision_msg/cmake/vision_msg__rosidl_typesupport_introspection_cExport.cmake
[0.391s] -- Up-to-date: /home/hjh/RMserial/install/vision_msg/share/vision_msg/cmake/vision_msg__rosidl_typesupport_introspection_cExport-noconfig.cmake
[0.391s] -- Up-to-date: /home/hjh/RMserial/install/vision_msg/share/vision_msg/cmake/vision_msg__rosidl_typesupport_cExport.cmake
[0.391s] -- Up-to-date: /home/hjh/RMserial/install/vision_msg/share/vision_msg/cmake/vision_msg__rosidl_typesupport_cExport-noconfig.cmake
[0.391s] -- Up-to-date: /home/hjh/RMserial/install/vision_msg/share/vision_msg/cmake/export_vision_msg__rosidl_generator_cppExport.cmake
[0.391s] -- Up-to-date: /home/hjh/RMserial/install/vision_msg/share/vision_msg/cmake/export_vision_msg__rosidl_typesupport_fastrtps_cppExport.cmake
[0.391s] -- Up-to-date: /home/hjh/RMserial/install/vision_msg/share/vision_msg/cmake/export_vision_msg__rosidl_typesupport_fastrtps_cppExport-noconfig.cmake
[0.391s] -- Up-to-date: /home/hjh/RMserial/install/vision_msg/share/vision_msg/cmake/vision_msg__rosidl_typesupport_introspection_cppExport.cmake
[0.391s] -- Up-to-date: /home/hjh/RMserial/install/vision_msg/share/vision_msg/cmake/vision_msg__rosidl_typesupport_introspection_cppExport-noconfig.cmake
[0.391s] -- Up-to-date: /home/hjh/RMserial/install/vision_msg/share/vision_msg/cmake/vision_msg__rosidl_typesupport_cppExport.cmake
[0.391s] -- Up-to-date: /home/hjh/RMserial/install/vision_msg/share/vision_msg/cmake/vision_msg__rosidl_typesupport_cppExport-noconfig.cmake
[0.392s] -- Up-to-date: /home/hjh/RMserial/install/vision_msg/share/vision_msg/cmake/export_vision_msg__rosidl_generator_pyExport.cmake
[0.392s] -- Up-to-date: /home/hjh/RMserial/install/vision_msg/share/vision_msg/cmake/export_vision_msg__rosidl_generator_pyExport-noconfig.cmake
[0.392s] -- Up-to-date: /home/hjh/RMserial/install/vision_msg/share/vision_msg/cmake/rosidl_cmake-extras.cmake
[0.392s] -- Up-to-date: /home/hjh/RMserial/install/vision_msg/share/vision_msg/cmake/ament_cmake_export_dependencies-extras.cmake
[0.392s] -- Up-to-date: /home/hjh/RMserial/install/vision_msg/share/vision_msg/cmake/ament_cmake_export_include_directories-extras.cmake
[0.392s] -- Up-to-date: /home/hjh/RMserial/install/vision_msg/share/vision_msg/cmake/ament_cmake_export_libraries-extras.cmake
[0.392s] -- Up-to-date: /home/hjh/RMserial/install/vision_msg/share/vision_msg/cmake/ament_cmake_export_targets-extras.cmake
[0.392s] -- Up-to-date: /home/hjh/RMserial/install/vision_msg/share/vision_msg/cmake/rosidl_cmake_export_typesupport_targets-extras.cmake
[0.392s] -- Up-to-date: /home/hjh/RMserial/install/vision_msg/share/vision_msg/cmake/rosidl_cmake_export_typesupport_libraries-extras.cmake
[0.393s] -- Up-to-date: /home/hjh/RMserial/install/vision_msg/share/vision_msg/cmake/vision_msgConfig.cmake
[0.393s] -- Up-to-date: /home/hjh/RMserial/install/vision_msg/share/vision_msg/cmake/vision_msgConfig-version.cmake
[0.394s] -- Up-to-date: /home/hjh/RMserial/install/vision_msg/share/vision_msg/package.xml
[0.401s] Invoked command in '/home/hjh/RMserial/build/vision_msg' returned '0': CMAKE_PREFIX_PATH=/opt/ros/humble /usr/bin/cmake --install /home/hjh/RMserial/build/vision_msg
