[0.012s] Invoking command in '/home/hjh/RMserial/build/def_msg': CMAKE_PREFIX_PATH=/opt/ros/humble /usr/bin/cmake /home/hjh/RMserial/serial/def_msg -DCMAKE_INSTALL_PREFIX=/home/hjh/RMserial/install/def_msg
[0.017s] [0mCMake Deprecation Warning at CMakeLists.txt:1 (cmake_minimum_required):
[0.017s]   Compatibility with CMake < 3.10 will be removed from a future version of
[0.017s]   CMake.
[0.017s] 
[0.017s]   Update the VERSION argument <min> value.  Or, use the <min>...<max> syntax
[0.018s]   to tell CMake that the project requires at least <min> but has been updated
[0.018s]   to work with policies introduced by <max> or earlier.
[0.018s] 
[0.018s] [0m
[0.068s] -- The C compiler identification is GNU 11.4.0
[0.138s] -- The CXX compiler identification is GNU 11.4.0
[0.147s] -- Detecting C compiler ABI info
[0.209s] -- Detecting C compiler ABI info - done
[0.220s] -- Check for working C compiler: /usr/bin/cc - skipped
[0.220s] -- Detecting C compile features
[0.220s] -- Detecting C compile features - done
[0.233s] -- Detecting CXX compiler ABI info
[0.297s] -- Detecting CXX compiler ABI info - done
[0.308s] -- Check for working CXX compiler: /usr/bin/c++ - skipped
[0.308s] -- Detecting CXX compile features
[0.309s] -- Detecting CXX compile features - done
[0.316s] -- Found ament_cmake: 1.3.11 (/opt/ros/humble/share/ament_cmake/cmake)
[0.446s] -- Found Python3: /usr/bin/python3 (found version "3.10.12") found components: Interpreter
[0.562s] -- Found std_msgs: 4.2.4 (/opt/ros/humble/share/std_msgs/cmake)
[0.593s] -- Found rosidl_generator_c: 3.1.6 (/opt/ros/humble/share/rosidl_generator_c/cmake)
[0.597s] -- Found rosidl_adapter: 3.1.6 (/opt/ros/humble/share/rosidl_adapter/cmake)
[0.604s] -- Found rosidl_generator_cpp: 3.1.6 (/opt/ros/humble/share/rosidl_generator_cpp/cmake)
[0.614s] -- Using all available rosidl_typesupport_c: rosidl_typesupport_fastrtps_c;rosidl_typesupport_introspection_c
[0.628s] -- Using all available rosidl_typesupport_cpp: rosidl_typesupport_fastrtps_cpp;rosidl_typesupport_introspection_cpp
[0.652s] -- Found rosidl_default_generators: 1.2.0 (/opt/ros/humble/share/rosidl_default_generators/cmake)
[0.664s] -- Found ament_lint_auto: 0.12.11 (/opt/ros/humble/share/ament_lint_auto/cmake)
[1.164s] -- Found ament_cmake_ros: 0.10.0 (/opt/ros/humble/share/ament_cmake_ros/cmake)
[1.898s] -- Using all available rosidl_typesupport_c: rosidl_typesupport_fastrtps_c;rosidl_typesupport_introspection_c
[2.154s] -- Using all available rosidl_typesupport_cpp: rosidl_typesupport_fastrtps_cpp;rosidl_typesupport_introspection_cpp
[2.156s] [33mCMake Warning (dev) at /opt/ros/humble/share/rosidl_generator_py/cmake/rosidl_generator_py_generate_interfaces.cmake:20 (find_package):
[2.156s]   Policy CMP0148 is not set: The FindPythonInterp and FindPythonLibs modules
[2.156s]   are removed.  Run "cmake --help-policy CMP0148" for policy details.  Use
[2.157s]   the cmake_policy command to set the policy and suppress this warning.
[2.157s] 
[2.157s] Call Stack (most recent call first):
[2.157s]   /opt/ros/humble/share/ament_cmake_core/cmake/core/ament_execute_extensions.cmake:48 (include)
[2.157s]   /opt/ros/humble/share/rosidl_cmake/cmake/rosidl_generate_interfaces.cmake:286 (ament_execute_extensions)
[2.157s]   CMakeLists.txt:28 (rosidl_generate_interfaces)
[2.157s] This warning is for project developers.  Use -Wno-dev to suppress it.
[2.157s] [0m
[2.182s] -- Found PythonInterp: /usr/bin/python3 (found suitable version "3.10.12", minimum required is "3.6")
[2.185s] -- Found python_cmake_module: 0.10.0 (/opt/ros/humble/share/python_cmake_module/cmake)
[2.186s] [33mCMake Warning (dev) at /opt/ros/humble/share/python_cmake_module/cmake/Modules/FindPythonExtra.cmake:52 (find_package):
[2.186s]   Policy CMP0148 is not set: The FindPythonInterp and FindPythonLibs modules
[2.186s]   are removed.  Run "cmake --help-policy CMP0148" for policy details.  Use
[2.186s]   the cmake_policy command to set the policy and suppress this warning.
[2.186s] 
[2.186s] Call Stack (most recent call first):
[2.186s]   /opt/ros/humble/share/rosidl_generator_py/cmake/rosidl_generator_py_generate_interfaces.cmake:23 (find_package)
[2.186s]   /opt/ros/humble/share/ament_cmake_core/cmake/core/ament_execute_extensions.cmake:48 (include)
[2.186s]   /opt/ros/humble/share/rosidl_cmake/cmake/rosidl_generate_interfaces.cmake:286 (ament_execute_extensions)
[2.186s]   CMakeLists.txt:28 (rosidl_generate_interfaces)
[2.186s] This warning is for project developers.  Use -Wno-dev to suppress it.
[2.186s] [0m
[2.212s] [33mCMake Warning (dev) at /opt/ros/humble/share/python_cmake_module/cmake/Modules/FindPythonExtra.cmake:140 (find_package):
[2.212s]   Policy CMP0148 is not set: The FindPythonInterp and FindPythonLibs modules
[2.212s]   are removed.  Run "cmake --help-policy CMP0148" for policy details.  Use
[2.212s]   the cmake_policy command to set the policy and suppress this warning.
[2.212s] 
[2.212s] Call Stack (most recent call first):
[2.212s]   /opt/ros/humble/share/rosidl_generator_py/cmake/rosidl_generator_py_generate_interfaces.cmake:23 (find_package)
[2.212s]   /opt/ros/humble/share/ament_cmake_core/cmake/core/ament_execute_extensions.cmake:48 (include)
[2.212s]   /opt/ros/humble/share/rosidl_cmake/cmake/rosidl_generate_interfaces.cmake:286 (ament_execute_extensions)
[2.212s]   CMakeLists.txt:28 (rosidl_generate_interfaces)
[2.213s] This warning is for project developers.  Use -Wno-dev to suppress it.
[2.213s] [0m
[2.225s] -- Found PythonLibs: /usr/lib/x86_64-linux-gnu/libpython3.10.so (found suitable version "3.10.12", minimum required is "3.5")
[2.225s] -- Using PYTHON_EXECUTABLE: /usr/bin/python3
[2.225s] -- Using PYTHON_INCLUDE_DIRS: /usr/include/python3.10
[2.226s] -- Using PYTHON_LIBRARIES: /usr/lib/x86_64-linux-gnu/libpython3.10.so
[2.251s] -- Found PythonExtra: .so
[2.323s] -- Added test 'lint_cmake' to check CMake code style
[2.325s] -- Added test 'xmllint' to check XML markup files
[2.330s] -- Configuring done (2.3s)
[2.383s] -- Generating done (0.1s)
[2.396s] -- Build files have been written to: /home/hjh/RMserial/build/def_msg
[2.407s] Invoked command in '/home/hjh/RMserial/build/def_msg' returned '0': CMAKE_PREFIX_PATH=/opt/ros/humble /usr/bin/cmake /home/hjh/RMserial/serial/def_msg -DCMAKE_INSTALL_PREFIX=/home/hjh/RMserial/install/def_msg
[2.408s] Invoking command in '/home/hjh/RMserial/build/def_msg': CMAKE_PREFIX_PATH=/opt/ros/humble /usr/bin/cmake --build /home/hjh/RMserial/build/def_msg -- -j16 -l16
[2.432s] [  1%] [1m[34mGenerating C code for ROS interfaces[0m
[2.439s] [  2%] [1m[34mGenerating C++ code for ROS interfaces[0m
[2.442s] [  2%] Built target ament_cmake_python_copy_def_msg
[2.784s] running egg_info
[2.784s] creating def_msg.egg-info
[2.784s] writing def_msg.egg-info/PKG-INFO
[2.785s] writing dependency_links to def_msg.egg-info/dependency_links.txt
[2.785s] writing top-level names to def_msg.egg-info/top_level.txt
[2.785s] writing manifest file 'def_msg.egg-info/SOURCES.txt'
[2.788s] reading manifest file 'def_msg.egg-info/SOURCES.txt'
[2.788s] writing manifest file 'def_msg.egg-info/SOURCES.txt'
[2.818s] [  2%] Built target ament_cmake_python_build_def_msg_egg
[3.667s] [  2%] Built target def_msg__cpp
[3.674s] [  3%] [1m[34mGenerating C++ type support dispatch for ROS interfaces[0m
[3.675s] [  4%] [1m[34mGenerating C++ introspection for ROS interfaces[0m
[3.675s] [  5%] [1m[34mGenerating C++ type support for eProsima Fast-RTPS[0m
[3.744s] [  6%] [32mBuilding C object CMakeFiles/def_msg__rosidl_generator_c.dir/rosidl_generator_c/def_msg/msg/detail/gimble_control__functions.c.o[0m
[3.745s] [  8%] [32mBuilding C object CMakeFiles/def_msg__rosidl_generator_c.dir/rosidl_generator_c/def_msg/msg/detail/gobal_information__functions.c.o[0m
[3.749s] [  9%] [32mBuilding C object CMakeFiles/def_msg__rosidl_generator_c.dir/rosidl_generator_c/def_msg/msg/detail/common_control__functions.c.o[0m
[3.751s] [ 10%] [32mBuilding C object CMakeFiles/def_msg__rosidl_generator_c.dir/rosidl_generator_c/def_msg/msg/detail/em_control__functions.c.o[0m
[3.753s] [ 12%] [32mBuilding C object CMakeFiles/def_msg__rosidl_generator_c.dir/rosidl_generator_c/def_msg/srv/detail/controller_mode_set__functions.c.o[0m
[3.753s] [ 12%] [32mBuilding C object CMakeFiles/def_msg__rosidl_generator_c.dir/rosidl_generator_c/def_msg/msg/detail/gimble_position__functions.c.o[0m
[3.757s] [ 13%] [32mBuilding C object CMakeFiles/def_msg__rosidl_generator_c.dir/rosidl_generator_c/def_msg/srv/detail/heart_beat__functions.c.o[0m
[3.758s] [ 14%] [32mBuilding C object CMakeFiles/def_msg__rosidl_generator_c.dir/rosidl_generator_c/def_msg/action/detail/nav_pose__functions.c.o[0m
[3.945s] [ 16%] [1m[32mLinking C shared library libdef_msg__rosidl_generator_c.so[0m
[3.972s] [ 16%] Built target def_msg__rosidl_generator_c
[3.977s] [ 18%] [1m[34mGenerating C type support for eProsima Fast-RTPS[0m
[3.978s] [ 18%] [1m[34mGenerating C introspection for ROS interfaces[0m
[3.978s] [ 19%] [1m[34mGenerating C type support dispatch for ROS interfaces[0m
[4.363s] [ 20%] [32mBuilding CXX object CMakeFiles/def_msg__rosidl_typesupport_cpp.dir/rosidl_typesupport_cpp/def_msg/msg/gobal_information__type_support.cpp.o[0m
[4.363s] [ 21%] [32mBuilding CXX object CMakeFiles/def_msg__rosidl_typesupport_cpp.dir/rosidl_typesupport_cpp/def_msg/msg/gimble_control__type_support.cpp.o[0m
[4.363s] [ 22%] [32mBuilding CXX object CMakeFiles/def_msg__rosidl_typesupport_cpp.dir/rosidl_typesupport_cpp/def_msg/msg/common_control__type_support.cpp.o[0m
[4.364s] [ 24%] [32mBuilding CXX object CMakeFiles/def_msg__rosidl_typesupport_cpp.dir/rosidl_typesupport_cpp/def_msg/msg/gimble_position__type_support.cpp.o[0m
[4.364s] [ 25%] [32mBuilding CXX object CMakeFiles/def_msg__rosidl_typesupport_cpp.dir/rosidl_typesupport_cpp/def_msg/msg/em_control__type_support.cpp.o[0m
[4.366s] [ 26%] [32mBuilding CXX object CMakeFiles/def_msg__rosidl_typesupport_cpp.dir/rosidl_typesupport_cpp/def_msg/srv/controller_mode_set__type_support.cpp.o[0m
[4.367s] [ 27%] [32mBuilding CXX object CMakeFiles/def_msg__rosidl_typesupport_cpp.dir/rosidl_typesupport_cpp/def_msg/srv/heart_beat__type_support.cpp.o[0m
[4.368s] [ 28%] [32mBuilding CXX object CMakeFiles/def_msg__rosidl_typesupport_fastrtps_cpp.dir/rosidl_typesupport_fastrtps_cpp/def_msg/msg/detail/dds_fastrtps/gobal_information__type_support.cpp.o[0m
[4.370s] [ 29%] [32mBuilding CXX object CMakeFiles/def_msg__rosidl_typesupport_fastrtps_cpp.dir/rosidl_typesupport_fastrtps_cpp/def_msg/msg/detail/dds_fastrtps/gimble_control__type_support.cpp.o[0m
[4.370s] [ 32%] [32mBuilding CXX object CMakeFiles/def_msg__rosidl_typesupport_fastrtps_cpp.dir/rosidl_typesupport_fastrtps_cpp/def_msg/msg/detail/dds_fastrtps/gimble_position__type_support.cpp.o[0m
[4.371s] [ 31%] [32mBuilding CXX object CMakeFiles/def_msg__rosidl_typesupport_fastrtps_cpp.dir/rosidl_typesupport_fastrtps_cpp/def_msg/msg/detail/dds_fastrtps/common_control__type_support.cpp.o[0m
[4.372s] [ 33%] [32mBuilding CXX object CMakeFiles/def_msg__rosidl_typesupport_fastrtps_cpp.dir/rosidl_typesupport_fastrtps_cpp/def_msg/msg/detail/dds_fastrtps/em_control__type_support.cpp.o[0m
[4.560s] [ 34%] [32mBuilding CXX object CMakeFiles/def_msg__rosidl_typesupport_c.dir/rosidl_typesupport_c/def_msg/msg/gobal_information__type_support.cpp.o[0m
[4.570s] [ 35%] [32mBuilding CXX object CMakeFiles/def_msg__rosidl_typesupport_introspection_cpp.dir/rosidl_typesupport_introspection_cpp/def_msg/msg/detail/gobal_information__type_support.cpp.o[0m
[4.595s] [ 36%] [32mBuilding CXX object CMakeFiles/def_msg__rosidl_typesupport_c.dir/rosidl_typesupport_c/def_msg/msg/gimble_control__type_support.cpp.o[0m
[4.627s] [ 37%] [32mBuilding CXX object CMakeFiles/def_msg__rosidl_typesupport_c.dir/rosidl_typesupport_c/def_msg/msg/common_control__type_support.cpp.o[0m
[4.677s] [ 39%] [32mBuilding CXX object CMakeFiles/def_msg__rosidl_typesupport_c.dir/rosidl_typesupport_c/def_msg/msg/em_control__type_support.cpp.o[0m
[4.693s] [ 40%] [32mBuilding CXX object CMakeFiles/def_msg__rosidl_typesupport_cpp.dir/rosidl_typesupport_cpp/def_msg/action/nav_pose__type_support.cpp.o[0m
[4.698s] [ 41%] [32mBuilding CXX object CMakeFiles/def_msg__rosidl_typesupport_c.dir/rosidl_typesupport_c/def_msg/msg/gimble_position__type_support.cpp.o[0m
[4.717s] [ 42%] [32mBuilding CXX object CMakeFiles/def_msg__rosidl_typesupport_introspection_cpp.dir/rosidl_typesupport_introspection_cpp/def_msg/msg/detail/gimble_control__type_support.cpp.o[0m
[4.727s] [ 43%] [32mBuilding CXX object CMakeFiles/def_msg__rosidl_typesupport_c.dir/rosidl_typesupport_c/def_msg/srv/controller_mode_set__type_support.cpp.o[0m
[4.758s] [ 44%] [32mBuilding CXX object CMakeFiles/def_msg__rosidl_typesupport_introspection_cpp.dir/rosidl_typesupport_introspection_cpp/def_msg/msg/detail/common_control__type_support.cpp.o[0m
[4.765s] [ 45%] [32mBuilding CXX object CMakeFiles/def_msg__rosidl_typesupport_introspection_cpp.dir/rosidl_typesupport_introspection_cpp/def_msg/msg/detail/em_control__type_support.cpp.o[0m
[4.786s] [ 47%] [32mBuilding CXX object CMakeFiles/def_msg__rosidl_typesupport_c.dir/rosidl_typesupport_c/def_msg/srv/heart_beat__type_support.cpp.o[0m
[4.808s] [ 48%] [32mBuilding CXX object CMakeFiles/def_msg__rosidl_typesupport_fastrtps_cpp.dir/rosidl_typesupport_fastrtps_cpp/def_msg/srv/detail/dds_fastrtps/controller_mode_set__type_support.cpp.o[0m
[4.826s] [ 49%] [32mBuilding CXX object CMakeFiles/def_msg__rosidl_typesupport_fastrtps_cpp.dir/rosidl_typesupport_fastrtps_cpp/def_msg/srv/detail/dds_fastrtps/heart_beat__type_support.cpp.o[0m
[4.835s] [ 50%] [32mBuilding CXX object CMakeFiles/def_msg__rosidl_typesupport_fastrtps_cpp.dir/rosidl_typesupport_fastrtps_cpp/def_msg/action/detail/dds_fastrtps/nav_pose__type_support.cpp.o[0m
[4.841s] [ 51%] [32mBuilding CXX object CMakeFiles/def_msg__rosidl_typesupport_c.dir/rosidl_typesupport_c/def_msg/action/nav_pose__type_support.cpp.o[0m
[4.849s] [ 52%] [32mBuilding CXX object CMakeFiles/def_msg__rosidl_typesupport_introspection_cpp.dir/rosidl_typesupport_introspection_cpp/def_msg/msg/detail/gimble_position__type_support.cpp.o[0m
[4.881s] [ 54%] [32mBuilding CXX object CMakeFiles/def_msg__rosidl_typesupport_introspection_cpp.dir/rosidl_typesupport_introspection_cpp/def_msg/srv/detail/controller_mode_set__type_support.cpp.o[0m
[4.905s] [ 55%] [32mBuilding CXX object CMakeFiles/def_msg__rosidl_typesupport_introspection_cpp.dir/rosidl_typesupport_introspection_cpp/def_msg/srv/detail/heart_beat__type_support.cpp.o[0m
[4.919s] [ 56%] [32mBuilding CXX object CMakeFiles/def_msg__rosidl_typesupport_introspection_cpp.dir/rosidl_typesupport_introspection_cpp/def_msg/action/detail/nav_pose__type_support.cpp.o[0m
[4.947s] [ 57%] [1m[32mLinking CXX shared library libdef_msg__rosidl_typesupport_c.so[0m
[5.041s] [ 57%] Built target def_msg__rosidl_typesupport_c
[5.063s] [ 58%] [32mBuilding C object CMakeFiles/def_msg__rosidl_typesupport_introspection_c.dir/rosidl_typesupport_introspection_c/def_msg/msg/detail/gobal_information__type_support.c.o[0m
[5.077s] [ 59%] [32mBuilding C object CMakeFiles/def_msg__rosidl_typesupport_introspection_c.dir/rosidl_typesupport_introspection_c/def_msg/msg/detail/gimble_control__type_support.c.o[0m
[5.077s] [ 60%] [32mBuilding C object CMakeFiles/def_msg__rosidl_typesupport_introspection_c.dir/rosidl_typesupport_introspection_c/def_msg/msg/detail/common_control__type_support.c.o[0m
[5.126s] [ 62%] [32mBuilding C object CMakeFiles/def_msg__rosidl_typesupport_introspection_c.dir/rosidl_typesupport_introspection_c/def_msg/msg/detail/gimble_position__type_support.c.o[0m
[5.127s] [ 63%] [32mBuilding C object CMakeFiles/def_msg__rosidl_typesupport_introspection_c.dir/rosidl_typesupport_introspection_c/def_msg/msg/detail/em_control__type_support.c.o[0m
[5.129s] [ 64%] [32mBuilding C object CMakeFiles/def_msg__rosidl_typesupport_introspection_c.dir/rosidl_typesupport_introspection_c/def_msg/srv/detail/controller_mode_set__type_support.c.o[0m
[5.159s] [ 65%] [32mBuilding C object CMakeFiles/def_msg__rosidl_typesupport_introspection_c.dir/rosidl_typesupport_introspection_c/def_msg/srv/detail/heart_beat__type_support.c.o[0m
[5.177s] [ 66%] [32mBuilding C object CMakeFiles/def_msg__rosidl_typesupport_introspection_c.dir/rosidl_typesupport_introspection_c/def_msg/action/detail/nav_pose__type_support.c.o[0m
[5.238s] [ 67%] [32mBuilding CXX object CMakeFiles/def_msg__rosidl_typesupport_fastrtps_c.dir/rosidl_typesupport_fastrtps_c/def_msg/msg/detail/gobal_information__type_support_c.cpp.o[0m
[5.241s] [ 68%] [32mBuilding CXX object CMakeFiles/def_msg__rosidl_typesupport_fastrtps_c.dir/rosidl_typesupport_fastrtps_c/def_msg/msg/detail/gimble_control__type_support_c.cpp.o[0m
[5.250s] [ 70%] [32mBuilding CXX object CMakeFiles/def_msg__rosidl_typesupport_fastrtps_c.dir/rosidl_typesupport_fastrtps_c/def_msg/msg/detail/common_control__type_support_c.cpp.o[0m
[5.250s] [ 71%] [32mBuilding CXX object CMakeFiles/def_msg__rosidl_typesupport_fastrtps_c.dir/rosidl_typesupport_fastrtps_c/def_msg/msg/detail/em_control__type_support_c.cpp.o[0m
[5.252s] [ 72%] [1m[32mLinking C shared library libdef_msg__rosidl_typesupport_introspection_c.so[0m
[5.302s] [ 72%] Built target def_msg__rosidl_typesupport_introspection_c
[5.305s] [ 73%] [32mBuilding CXX object CMakeFiles/def_msg__rosidl_typesupport_fastrtps_c.dir/rosidl_typesupport_fastrtps_c/def_msg/msg/detail/gimble_position__type_support_c.cpp.o[0m
[5.305s] [ 74%] [32mBuilding CXX object CMakeFiles/def_msg__rosidl_typesupport_fastrtps_c.dir/rosidl_typesupport_fastrtps_c/def_msg/srv/detail/controller_mode_set__type_support_c.cpp.o[0m
[5.317s] [ 75%] [32mBuilding CXX object CMakeFiles/def_msg__rosidl_typesupport_fastrtps_c.dir/rosidl_typesupport_fastrtps_c/def_msg/srv/detail/heart_beat__type_support_c.cpp.o[0m
[5.325s] [ 77%] [32mBuilding CXX object CMakeFiles/def_msg__rosidl_typesupport_fastrtps_c.dir/rosidl_typesupport_fastrtps_c/def_msg/action/detail/nav_pose__type_support_c.cpp.o[0m
[5.390s] [ 78%] [1m[32mLinking CXX shared library libdef_msg__rosidl_typesupport_cpp.so[0m
[5.432s] [ 78%] Built target def_msg__rosidl_typesupport_cpp
[5.636s] [ 79%] [1m[32mLinking CXX shared library libdef_msg__rosidl_typesupport_fastrtps_cpp.so[0m
[5.689s] [ 79%] Built target def_msg__rosidl_typesupport_fastrtps_cpp
[5.739s] [ 80%] [1m[32mLinking CXX shared library libdef_msg__rosidl_typesupport_introspection_cpp.so[0m
[5.771s] [ 81%] [1m[32mLinking CXX shared library libdef_msg__rosidl_typesupport_fastrtps_c.so[0m
[5.811s] [ 81%] Built target def_msg__rosidl_typesupport_introspection_cpp
[5.828s] [ 81%] Built target def_msg__rosidl_typesupport_fastrtps_c
[5.840s] [ 81%] Built target def_msg
[5.852s] [ 82%] [1m[34mGenerating Python code for ROS interfaces[0m
[6.929s] [ 82%] Built target def_msg__py
[6.939s] [ 83%] [32mBuilding C object CMakeFiles/def_msg__rosidl_generator_py.dir/rosidl_generator_py/def_msg/msg/_gobal_information_s.c.o[0m
[6.940s] [ 85%] [32mBuilding C object CMakeFiles/def_msg__rosidl_generator_py.dir/rosidl_generator_py/def_msg/msg/_gimble_control_s.c.o[0m
[6.940s] [ 86%] [32mBuilding C object CMakeFiles/def_msg__rosidl_generator_py.dir/rosidl_generator_py/def_msg/msg/_common_control_s.c.o[0m
[6.941s] [ 88%] [32mBuilding C object CMakeFiles/def_msg__rosidl_generator_py.dir/rosidl_generator_py/def_msg/msg/_em_control_s.c.o[0m
[6.941s] [ 88%] [32mBuilding C object CMakeFiles/def_msg__rosidl_generator_py.dir/rosidl_generator_py/def_msg/action/_nav_pose_s.c.o[0m
[6.941s] [ 89%] [32mBuilding C object CMakeFiles/def_msg__rosidl_generator_py.dir/rosidl_generator_py/def_msg/msg/_gimble_position_s.c.o[0m
[6.941s] [ 90%] [32mBuilding C object CMakeFiles/def_msg__rosidl_generator_py.dir/rosidl_generator_py/def_msg/srv/_controller_mode_set_s.c.o[0m
[6.942s] [ 91%] [32mBuilding C object CMakeFiles/def_msg__rosidl_generator_py.dir/rosidl_generator_py/def_msg/srv/_heart_beat_s.c.o[0m
[7.075s] [ 93%] [1m[32mLinking C shared library rosidl_generator_py/def_msg/libdef_msg__rosidl_generator_py.so[0m
[7.105s] [ 93%] Built target def_msg__rosidl_generator_py
[7.117s] [ 94%] [32mBuilding C object CMakeFiles/def_msg__rosidl_typesupport_introspection_c__pyext.dir/rosidl_generator_py/def_msg/_def_msg_s.ep.rosidl_typesupport_introspection_c.c.o[0m
[7.117s] [ 95%] [32mBuilding C object CMakeFiles/def_msg__rosidl_typesupport_fastrtps_c__pyext.dir/rosidl_generator_py/def_msg/_def_msg_s.ep.rosidl_typesupport_fastrtps_c.c.o[0m
[7.118s] [ 96%] [32mBuilding C object CMakeFiles/def_msg__rosidl_typesupport_c__pyext.dir/rosidl_generator_py/def_msg/_def_msg_s.ep.rosidl_typesupport_c.c.o[0m
[7.213s] [ 97%] [1m[32mLinking C shared library rosidl_generator_py/def_msg/def_msg_s__rosidl_typesupport_introspection_c.cpython-310-x86_64-linux-gnu.so[0m
[7.214s] [ 98%] [1m[32mLinking C shared library rosidl_generator_py/def_msg/def_msg_s__rosidl_typesupport_c.cpython-310-x86_64-linux-gnu.so[0m
[7.235s] [100%] [1m[32mLinking C shared library rosidl_generator_py/def_msg/def_msg_s__rosidl_typesupport_fastrtps_c.cpython-310-x86_64-linux-gnu.so[0m
[7.238s] [100%] Built target def_msg__rosidl_typesupport_introspection_c__pyext
[7.242s] [100%] Built target def_msg__rosidl_typesupport_c__pyext
[7.264s] [100%] Built target def_msg__rosidl_typesupport_fastrtps_c__pyext
[7.274s] Invoked command in '/home/hjh/RMserial/build/def_msg' returned '0': CMAKE_PREFIX_PATH=/opt/ros/humble /usr/bin/cmake --build /home/hjh/RMserial/build/def_msg -- -j16 -l16
[7.277s] Invoking command in '/home/hjh/RMserial/build/def_msg': CMAKE_PREFIX_PATH=/opt/ros/humble /usr/bin/cmake --install /home/hjh/RMserial/build/def_msg
[7.283s] -- Install configuration: ""
[7.284s] -- Installing: /home/hjh/RMserial/install/def_msg/share/ament_index/resource_index/rosidl_interfaces/def_msg
[7.284s] -- Installing: /home/hjh/RMserial/install/def_msg/include/def_msg/def_msg
[7.284s] -- Installing: /home/hjh/RMserial/install/def_msg/include/def_msg/def_msg/srv
[7.284s] -- Installing: /home/hjh/RMserial/install/def_msg/include/def_msg/def_msg/srv/detail
[7.284s] -- Installing: /home/hjh/RMserial/install/def_msg/include/def_msg/def_msg/srv/detail/controller_mode_set__functions.h
[7.285s] -- Installing: /home/hjh/RMserial/install/def_msg/include/def_msg/def_msg/srv/detail/controller_mode_set__struct.h
[7.285s] -- Installing: /home/hjh/RMserial/install/def_msg/include/def_msg/def_msg/srv/detail/heart_beat__functions.h
[7.285s] -- Installing: /home/hjh/RMserial/install/def_msg/include/def_msg/def_msg/srv/detail/controller_mode_set__type_support.h
[7.285s] -- Installing: /home/hjh/RMserial/install/def_msg/include/def_msg/def_msg/srv/detail/controller_mode_set__functions.c
[7.285s] -- Installing: /home/hjh/RMserial/install/def_msg/include/def_msg/def_msg/srv/detail/heart_beat__struct.h
[7.285s] -- Installing: /home/hjh/RMserial/install/def_msg/include/def_msg/def_msg/srv/detail/heart_beat__functions.c
[7.285s] -- Installing: /home/hjh/RMserial/install/def_msg/include/def_msg/def_msg/srv/detail/heart_beat__type_support.h
[7.286s] -- Installing: /home/hjh/RMserial/install/def_msg/include/def_msg/def_msg/srv/controller_mode_set.h
[7.286s] -- Installing: /home/hjh/RMserial/install/def_msg/include/def_msg/def_msg/srv/heart_beat.h
[7.286s] -- Installing: /home/hjh/RMserial/install/def_msg/include/def_msg/def_msg/msg
[7.286s] -- Installing: /home/hjh/RMserial/install/def_msg/include/def_msg/def_msg/msg/rosidl_generator_c__visibility_control.h
[7.286s] -- Installing: /home/hjh/RMserial/install/def_msg/include/def_msg/def_msg/msg/gimble_control.h
[7.286s] -- Installing: /home/hjh/RMserial/install/def_msg/include/def_msg/def_msg/msg/em_control.h
[7.286s] -- Installing: /home/hjh/RMserial/install/def_msg/include/def_msg/def_msg/msg/detail
[7.286s] -- Installing: /home/hjh/RMserial/install/def_msg/include/def_msg/def_msg/msg/detail/common_control__type_support.h
[7.287s] -- Installing: /home/hjh/RMserial/install/def_msg/include/def_msg/def_msg/msg/detail/gimble_position__struct.h
[7.287s] -- Installing: /home/hjh/RMserial/install/def_msg/include/def_msg/def_msg/msg/detail/gobal_information__functions.c
[7.287s] -- Installing: /home/hjh/RMserial/install/def_msg/include/def_msg/def_msg/msg/detail/gimble_position__functions.h
[7.287s] -- Installing: /home/hjh/RMserial/install/def_msg/include/def_msg/def_msg/msg/detail/em_control__functions.h
[7.287s] -- Installing: /home/hjh/RMserial/install/def_msg/include/def_msg/def_msg/msg/detail/common_control__struct.h
[7.287s] -- Installing: /home/hjh/RMserial/install/def_msg/include/def_msg/def_msg/msg/detail/gimble_position__type_support.h
[7.287s] -- Installing: /home/hjh/RMserial/install/def_msg/include/def_msg/def_msg/msg/detail/em_control__type_support.h
[7.287s] -- Installing: /home/hjh/RMserial/install/def_msg/include/def_msg/def_msg/msg/detail/gimble_control__struct.h
[7.288s] -- Installing: /home/hjh/RMserial/install/def_msg/include/def_msg/def_msg/msg/detail/gobal_information__struct.h
[7.288s] -- Installing: /home/hjh/RMserial/install/def_msg/include/def_msg/def_msg/msg/detail/em_control__struct.h
[7.288s] -- Installing: /home/hjh/RMserial/install/def_msg/include/def_msg/def_msg/msg/detail/gimble_control__functions.h
[7.288s] -- Installing: /home/hjh/RMserial/install/def_msg/include/def_msg/def_msg/msg/detail/common_control__functions.h
[7.288s] -- Installing: /home/hjh/RMserial/install/def_msg/include/def_msg/def_msg/msg/detail/em_control__functions.c
[7.288s] -- Installing: /home/hjh/RMserial/install/def_msg/include/def_msg/def_msg/msg/detail/gobal_information__functions.h
[7.288s] -- Installing: /home/hjh/RMserial/install/def_msg/include/def_msg/def_msg/msg/detail/gimble_control__functions.c
[7.288s] -- Installing: /home/hjh/RMserial/install/def_msg/include/def_msg/def_msg/msg/detail/gimble_control__type_support.h
[7.288s] -- Installing: /home/hjh/RMserial/install/def_msg/include/def_msg/def_msg/msg/detail/gobal_information__type_support.h
[7.289s] -- Installing: /home/hjh/RMserial/install/def_msg/include/def_msg/def_msg/msg/detail/common_control__functions.c
[7.289s] -- Installing: /home/hjh/RMserial/install/def_msg/include/def_msg/def_msg/msg/detail/gimble_position__functions.c
[7.289s] -- Installing: /home/hjh/RMserial/install/def_msg/include/def_msg/def_msg/msg/common_control.h
[7.289s] -- Installing: /home/hjh/RMserial/install/def_msg/include/def_msg/def_msg/msg/gobal_information.h
[7.289s] -- Installing: /home/hjh/RMserial/install/def_msg/include/def_msg/def_msg/msg/gimble_position.h
[7.289s] -- Installing: /home/hjh/RMserial/install/def_msg/include/def_msg/def_msg/action
[7.289s] -- Installing: /home/hjh/RMserial/install/def_msg/include/def_msg/def_msg/action/detail
[7.289s] -- Installing: /home/hjh/RMserial/install/def_msg/include/def_msg/def_msg/action/detail/nav_pose__type_support.h
[7.290s] -- Installing: /home/hjh/RMserial/install/def_msg/include/def_msg/def_msg/action/detail/nav_pose__struct.h
[7.290s] -- Installing: /home/hjh/RMserial/install/def_msg/include/def_msg/def_msg/action/detail/nav_pose__functions.h
[7.290s] -- Installing: /home/hjh/RMserial/install/def_msg/include/def_msg/def_msg/action/detail/nav_pose__functions.c
[7.290s] -- Installing: /home/hjh/RMserial/install/def_msg/include/def_msg/def_msg/action/nav_pose.h
[7.290s] -- Installing: /home/hjh/RMserial/install/def_msg/share/def_msg/environment/library_path.sh
[7.290s] -- Installing: /home/hjh/RMserial/install/def_msg/share/def_msg/environment/library_path.dsv
[7.290s] -- Installing: /home/hjh/RMserial/install/def_msg/lib/libdef_msg__rosidl_generator_c.so
[7.290s] -- Set non-toolchain portion of runtime path of "/home/hjh/RMserial/install/def_msg/lib/libdef_msg__rosidl_generator_c.so" to ""
[7.291s] -- Up-to-date: /home/hjh/RMserial/install/def_msg/include/def_msg/def_msg
[7.291s] -- Up-to-date: /home/hjh/RMserial/install/def_msg/include/def_msg/def_msg/srv
[7.291s] -- Up-to-date: /home/hjh/RMserial/install/def_msg/include/def_msg/def_msg/srv/detail
[7.291s] -- Installing: /home/hjh/RMserial/install/def_msg/include/def_msg/def_msg/srv/detail/controller_mode_set__rosidl_typesupport_fastrtps_c.h
[7.291s] -- Installing: /home/hjh/RMserial/install/def_msg/include/def_msg/def_msg/srv/detail/heart_beat__rosidl_typesupport_fastrtps_c.h
[7.291s] -- Up-to-date: /home/hjh/RMserial/install/def_msg/include/def_msg/def_msg/msg
[7.291s] -- Up-to-date: /home/hjh/RMserial/install/def_msg/include/def_msg/def_msg/msg/detail
[7.291s] -- Installing: /home/hjh/RMserial/install/def_msg/include/def_msg/def_msg/msg/detail/gimble_control__rosidl_typesupport_fastrtps_c.h
[7.292s] -- Installing: /home/hjh/RMserial/install/def_msg/include/def_msg/def_msg/msg/detail/gimble_position__rosidl_typesupport_fastrtps_c.h
[7.292s] -- Installing: /home/hjh/RMserial/install/def_msg/include/def_msg/def_msg/msg/detail/em_control__rosidl_typesupport_fastrtps_c.h
[7.292s] -- Installing: /home/hjh/RMserial/install/def_msg/include/def_msg/def_msg/msg/detail/gobal_information__rosidl_typesupport_fastrtps_c.h
[7.292s] -- Installing: /home/hjh/RMserial/install/def_msg/include/def_msg/def_msg/msg/detail/common_control__rosidl_typesupport_fastrtps_c.h
[7.292s] -- Installing: /home/hjh/RMserial/install/def_msg/include/def_msg/def_msg/msg/rosidl_typesupport_fastrtps_c__visibility_control.h
[7.292s] -- Up-to-date: /home/hjh/RMserial/install/def_msg/include/def_msg/def_msg/action
[7.292s] -- Up-to-date: /home/hjh/RMserial/install/def_msg/include/def_msg/def_msg/action/detail
[7.292s] -- Installing: /home/hjh/RMserial/install/def_msg/include/def_msg/def_msg/action/detail/nav_pose__rosidl_typesupport_fastrtps_c.h
[7.292s] -- Installing: /home/hjh/RMserial/install/def_msg/lib/libdef_msg__rosidl_typesupport_fastrtps_c.so
[7.292s] -- Set non-toolchain portion of runtime path of "/home/hjh/RMserial/install/def_msg/lib/libdef_msg__rosidl_typesupport_fastrtps_c.so" to ""
[7.293s] -- Up-to-date: /home/hjh/RMserial/install/def_msg/include/def_msg/def_msg
[7.293s] -- Up-to-date: /home/hjh/RMserial/install/def_msg/include/def_msg/def_msg/srv
[7.293s] -- Installing: /home/hjh/RMserial/install/def_msg/include/def_msg/def_msg/srv/heart_beat.hpp
[7.293s] -- Up-to-date: /home/hjh/RMserial/install/def_msg/include/def_msg/def_msg/srv/detail
[7.293s] -- Installing: /home/hjh/RMserial/install/def_msg/include/def_msg/def_msg/srv/detail/controller_mode_set__traits.hpp
[7.293s] -- Installing: /home/hjh/RMserial/install/def_msg/include/def_msg/def_msg/srv/detail/controller_mode_set__type_support.hpp
[7.293s] -- Installing: /home/hjh/RMserial/install/def_msg/include/def_msg/def_msg/srv/detail/heart_beat__type_support.hpp
[7.293s] -- Installing: /home/hjh/RMserial/install/def_msg/include/def_msg/def_msg/srv/detail/heart_beat__struct.hpp
[7.293s] -- Installing: /home/hjh/RMserial/install/def_msg/include/def_msg/def_msg/srv/detail/heart_beat__traits.hpp
[7.294s] -- Installing: /home/hjh/RMserial/install/def_msg/include/def_msg/def_msg/srv/detail/heart_beat__builder.hpp
[7.294s] -- Installing: /home/hjh/RMserial/install/def_msg/include/def_msg/def_msg/srv/detail/controller_mode_set__builder.hpp
[7.294s] -- Installing: /home/hjh/RMserial/install/def_msg/include/def_msg/def_msg/srv/detail/controller_mode_set__struct.hpp
[7.294s] -- Installing: /home/hjh/RMserial/install/def_msg/include/def_msg/def_msg/srv/controller_mode_set.hpp
[7.294s] -- Up-to-date: /home/hjh/RMserial/install/def_msg/include/def_msg/def_msg/msg
[7.294s] -- Installing: /home/hjh/RMserial/install/def_msg/include/def_msg/def_msg/msg/gimble_position.hpp
[7.294s] -- Up-to-date: /home/hjh/RMserial/install/def_msg/include/def_msg/def_msg/msg/detail
[7.294s] -- Installing: /home/hjh/RMserial/install/def_msg/include/def_msg/def_msg/msg/detail/common_control__builder.hpp
[7.294s] -- Installing: /home/hjh/RMserial/install/def_msg/include/def_msg/def_msg/msg/detail/common_control__type_support.hpp
[7.295s] -- Installing: /home/hjh/RMserial/install/def_msg/include/def_msg/def_msg/msg/detail/gobal_information__type_support.hpp
[7.295s] -- Installing: /home/hjh/RMserial/install/def_msg/include/def_msg/def_msg/msg/detail/gimble_control__builder.hpp
[7.295s] -- Installing: /home/hjh/RMserial/install/def_msg/include/def_msg/def_msg/msg/detail/gobal_information__struct.hpp
[7.295s] -- Installing: /home/hjh/RMserial/install/def_msg/include/def_msg/def_msg/msg/detail/em_control__builder.hpp
[7.295s] -- Installing: /home/hjh/RMserial/install/def_msg/include/def_msg/def_msg/msg/detail/em_control__type_support.hpp
[7.295s] -- Installing: /home/hjh/RMserial/install/def_msg/include/def_msg/def_msg/msg/detail/gimble_position__struct.hpp
[7.295s] -- Installing: /home/hjh/RMserial/install/def_msg/include/def_msg/def_msg/msg/detail/em_control__traits.hpp
[7.295s] -- Installing: /home/hjh/RMserial/install/def_msg/include/def_msg/def_msg/msg/detail/gimble_control__struct.hpp
[7.295s] -- Installing: /home/hjh/RMserial/install/def_msg/include/def_msg/def_msg/msg/detail/gimble_control__traits.hpp
[7.296s] -- Installing: /home/hjh/RMserial/install/def_msg/include/def_msg/def_msg/msg/detail/gimble_position__type_support.hpp
[7.296s] -- Installing: /home/hjh/RMserial/install/def_msg/include/def_msg/def_msg/msg/detail/gobal_information__traits.hpp
[7.296s] -- Installing: /home/hjh/RMserial/install/def_msg/include/def_msg/def_msg/msg/detail/gobal_information__builder.hpp
[7.296s] -- Installing: /home/hjh/RMserial/install/def_msg/include/def_msg/def_msg/msg/detail/common_control__struct.hpp
[7.296s] -- Installing: /home/hjh/RMserial/install/def_msg/include/def_msg/def_msg/msg/detail/gimble_position__traits.hpp
[7.296s] -- Installing: /home/hjh/RMserial/install/def_msg/include/def_msg/def_msg/msg/detail/gimble_position__builder.hpp
[7.296s] -- Installing: /home/hjh/RMserial/install/def_msg/include/def_msg/def_msg/msg/detail/gimble_control__type_support.hpp
[7.296s] -- Installing: /home/hjh/RMserial/install/def_msg/include/def_msg/def_msg/msg/detail/em_control__struct.hpp
[7.296s] -- Installing: /home/hjh/RMserial/install/def_msg/include/def_msg/def_msg/msg/detail/common_control__traits.hpp
[7.296s] -- Installing: /home/hjh/RMserial/install/def_msg/include/def_msg/def_msg/msg/em_control.hpp
[7.296s] -- Installing: /home/hjh/RMserial/install/def_msg/include/def_msg/def_msg/msg/gobal_information.hpp
[7.297s] -- Installing: /home/hjh/RMserial/install/def_msg/include/def_msg/def_msg/msg/rosidl_generator_cpp__visibility_control.hpp
[7.297s] -- Installing: /home/hjh/RMserial/install/def_msg/include/def_msg/def_msg/msg/gimble_control.hpp
[7.297s] -- Installing: /home/hjh/RMserial/install/def_msg/include/def_msg/def_msg/msg/common_control.hpp
[7.297s] -- Up-to-date: /home/hjh/RMserial/install/def_msg/include/def_msg/def_msg/action
[7.297s] -- Up-to-date: /home/hjh/RMserial/install/def_msg/include/def_msg/def_msg/action/detail
[7.297s] -- Installing: /home/hjh/RMserial/install/def_msg/include/def_msg/def_msg/action/detail/nav_pose__type_support.hpp
[7.297s] -- Installing: /home/hjh/RMserial/install/def_msg/include/def_msg/def_msg/action/detail/nav_pose__struct.hpp
[7.297s] -- Installing: /home/hjh/RMserial/install/def_msg/include/def_msg/def_msg/action/detail/nav_pose__traits.hpp
[7.297s] -- Installing: /home/hjh/RMserial/install/def_msg/include/def_msg/def_msg/action/detail/nav_pose__builder.hpp
[7.297s] -- Installing: /home/hjh/RMserial/install/def_msg/include/def_msg/def_msg/action/nav_pose.hpp
[7.297s] -- Up-to-date: /home/hjh/RMserial/install/def_msg/include/def_msg/def_msg
[7.297s] -- Up-to-date: /home/hjh/RMserial/install/def_msg/include/def_msg/def_msg/srv
[7.298s] -- Up-to-date: /home/hjh/RMserial/install/def_msg/include/def_msg/def_msg/srv/detail
[7.298s] -- Installing: /home/hjh/RMserial/install/def_msg/include/def_msg/def_msg/srv/detail/dds_fastrtps
[7.298s] -- Installing: /home/hjh/RMserial/install/def_msg/include/def_msg/def_msg/srv/detail/controller_mode_set__rosidl_typesupport_fastrtps_cpp.hpp
[7.298s] -- Installing: /home/hjh/RMserial/install/def_msg/include/def_msg/def_msg/srv/detail/heart_beat__rosidl_typesupport_fastrtps_cpp.hpp
[7.298s] -- Up-to-date: /home/hjh/RMserial/install/def_msg/include/def_msg/def_msg/msg
[7.298s] -- Up-to-date: /home/hjh/RMserial/install/def_msg/include/def_msg/def_msg/msg/detail
[7.298s] -- Installing: /home/hjh/RMserial/install/def_msg/include/def_msg/def_msg/msg/detail/dds_fastrtps
[7.298s] -- Installing: /home/hjh/RMserial/install/def_msg/include/def_msg/def_msg/msg/detail/em_control__rosidl_typesupport_fastrtps_cpp.hpp
[7.298s] -- Installing: /home/hjh/RMserial/install/def_msg/include/def_msg/def_msg/msg/detail/gobal_information__rosidl_typesupport_fastrtps_cpp.hpp
[7.298s] -- Installing: /home/hjh/RMserial/install/def_msg/include/def_msg/def_msg/msg/detail/gimble_position__rosidl_typesupport_fastrtps_cpp.hpp
[7.298s] -- Installing: /home/hjh/RMserial/install/def_msg/include/def_msg/def_msg/msg/detail/common_control__rosidl_typesupport_fastrtps_cpp.hpp
[7.298s] -- Installing: /home/hjh/RMserial/install/def_msg/include/def_msg/def_msg/msg/detail/gimble_control__rosidl_typesupport_fastrtps_cpp.hpp
[7.298s] -- Installing: /home/hjh/RMserial/install/def_msg/include/def_msg/def_msg/msg/rosidl_typesupport_fastrtps_cpp__visibility_control.h
[7.299s] -- Up-to-date: /home/hjh/RMserial/install/def_msg/include/def_msg/def_msg/action
[7.299s] -- Up-to-date: /home/hjh/RMserial/install/def_msg/include/def_msg/def_msg/action/detail
[7.299s] -- Installing: /home/hjh/RMserial/install/def_msg/include/def_msg/def_msg/action/detail/dds_fastrtps
[7.299s] -- Installing: /home/hjh/RMserial/install/def_msg/include/def_msg/def_msg/action/detail/nav_pose__rosidl_typesupport_fastrtps_cpp.hpp
[7.299s] -- Installing: /home/hjh/RMserial/install/def_msg/lib/libdef_msg__rosidl_typesupport_fastrtps_cpp.so
[7.299s] -- Set non-toolchain portion of runtime path of "/home/hjh/RMserial/install/def_msg/lib/libdef_msg__rosidl_typesupport_fastrtps_cpp.so" to ""
[7.299s] -- Up-to-date: /home/hjh/RMserial/install/def_msg/include/def_msg/def_msg
[7.299s] -- Up-to-date: /home/hjh/RMserial/install/def_msg/include/def_msg/def_msg/srv
[7.299s] -- Up-to-date: /home/hjh/RMserial/install/def_msg/include/def_msg/def_msg/srv/detail
[7.299s] -- Installing: /home/hjh/RMserial/install/def_msg/include/def_msg/def_msg/srv/detail/heart_beat__type_support.c
[7.299s] -- Installing: /home/hjh/RMserial/install/def_msg/include/def_msg/def_msg/srv/detail/controller_mode_set__rosidl_typesupport_introspection_c.h
[7.299s] -- Installing: /home/hjh/RMserial/install/def_msg/include/def_msg/def_msg/srv/detail/controller_mode_set__type_support.c
[7.299s] -- Installing: /home/hjh/RMserial/install/def_msg/include/def_msg/def_msg/srv/detail/heart_beat__rosidl_typesupport_introspection_c.h
[7.299s] -- Up-to-date: /home/hjh/RMserial/install/def_msg/include/def_msg/def_msg/msg
[7.300s] -- Up-to-date: /home/hjh/RMserial/install/def_msg/include/def_msg/def_msg/msg/detail
[7.300s] -- Installing: /home/hjh/RMserial/install/def_msg/include/def_msg/def_msg/msg/detail/common_control__rosidl_typesupport_introspection_c.h
[7.300s] -- Installing: /home/hjh/RMserial/install/def_msg/include/def_msg/def_msg/msg/detail/gobal_information__type_support.c
[7.300s] -- Installing: /home/hjh/RMserial/install/def_msg/include/def_msg/def_msg/msg/detail/common_control__type_support.c
[7.300s] -- Installing: /home/hjh/RMserial/install/def_msg/include/def_msg/def_msg/msg/detail/gimble_control__type_support.c
[7.300s] -- Installing: /home/hjh/RMserial/install/def_msg/include/def_msg/def_msg/msg/detail/gobal_information__rosidl_typesupport_introspection_c.h
[7.300s] -- Installing: /home/hjh/RMserial/install/def_msg/include/def_msg/def_msg/msg/detail/gimble_position__rosidl_typesupport_introspection_c.h
[7.300s] -- Installing: /home/hjh/RMserial/install/def_msg/include/def_msg/def_msg/msg/detail/em_control__type_support.c
[7.300s] -- Installing: /home/hjh/RMserial/install/def_msg/include/def_msg/def_msg/msg/detail/em_control__rosidl_typesupport_introspection_c.h
[7.300s] -- Installing: /home/hjh/RMserial/install/def_msg/include/def_msg/def_msg/msg/detail/gimble_control__rosidl_typesupport_introspection_c.h
[7.300s] -- Installing: /home/hjh/RMserial/install/def_msg/include/def_msg/def_msg/msg/detail/gimble_position__type_support.c
[7.300s] -- Installing: /home/hjh/RMserial/install/def_msg/include/def_msg/def_msg/msg/rosidl_typesupport_introspection_c__visibility_control.h
[7.300s] -- Up-to-date: /home/hjh/RMserial/install/def_msg/include/def_msg/def_msg/action
[7.300s] -- Up-to-date: /home/hjh/RMserial/install/def_msg/include/def_msg/def_msg/action/detail
[7.301s] -- Installing: /home/hjh/RMserial/install/def_msg/include/def_msg/def_msg/action/detail/nav_pose__type_support.c
[7.301s] -- Installing: /home/hjh/RMserial/install/def_msg/include/def_msg/def_msg/action/detail/nav_pose__rosidl_typesupport_introspection_c.h
[7.301s] -- Installing: /home/hjh/RMserial/install/def_msg/lib/libdef_msg__rosidl_typesupport_introspection_c.so
[7.301s] -- Set non-toolchain portion of runtime path of "/home/hjh/RMserial/install/def_msg/lib/libdef_msg__rosidl_typesupport_introspection_c.so" to ""
[7.301s] -- Installing: /home/hjh/RMserial/install/def_msg/lib/libdef_msg__rosidl_typesupport_c.so
[7.301s] -- Set non-toolchain portion of runtime path of "/home/hjh/RMserial/install/def_msg/lib/libdef_msg__rosidl_typesupport_c.so" to ""
[7.301s] -- Up-to-date: /home/hjh/RMserial/install/def_msg/include/def_msg/def_msg
[7.301s] -- Up-to-date: /home/hjh/RMserial/install/def_msg/include/def_msg/def_msg/srv
[7.301s] -- Up-to-date: /home/hjh/RMserial/install/def_msg/include/def_msg/def_msg/srv/detail
[7.301s] -- Installing: /home/hjh/RMserial/install/def_msg/include/def_msg/def_msg/srv/detail/controller_mode_set__rosidl_typesupport_introspection_cpp.hpp
[7.301s] -- Installing: /home/hjh/RMserial/install/def_msg/include/def_msg/def_msg/srv/detail/heart_beat__type_support.cpp
[7.301s] -- Installing: /home/hjh/RMserial/install/def_msg/include/def_msg/def_msg/srv/detail/heart_beat__rosidl_typesupport_introspection_cpp.hpp
[7.301s] -- Installing: /home/hjh/RMserial/install/def_msg/include/def_msg/def_msg/srv/detail/controller_mode_set__type_support.cpp
[7.301s] -- Up-to-date: /home/hjh/RMserial/install/def_msg/include/def_msg/def_msg/msg
[7.302s] -- Up-to-date: /home/hjh/RMserial/install/def_msg/include/def_msg/def_msg/msg/detail
[7.302s] -- Installing: /home/hjh/RMserial/install/def_msg/include/def_msg/def_msg/msg/detail/gobal_information__rosidl_typesupport_introspection_cpp.hpp
[7.302s] -- Installing: /home/hjh/RMserial/install/def_msg/include/def_msg/def_msg/msg/detail/gimble_position__type_support.cpp
[7.302s] -- Installing: /home/hjh/RMserial/install/def_msg/include/def_msg/def_msg/msg/detail/gimble_control__rosidl_typesupport_introspection_cpp.hpp
[7.302s] -- Installing: /home/hjh/RMserial/install/def_msg/include/def_msg/def_msg/msg/detail/common_control__type_support.cpp
[7.302s] -- Installing: /home/hjh/RMserial/install/def_msg/include/def_msg/def_msg/msg/detail/gobal_information__type_support.cpp
[7.302s] -- Installing: /home/hjh/RMserial/install/def_msg/include/def_msg/def_msg/msg/detail/em_control__type_support.cpp
[7.302s] -- Installing: /home/hjh/RMserial/install/def_msg/include/def_msg/def_msg/msg/detail/em_control__rosidl_typesupport_introspection_cpp.hpp
[7.302s] -- Installing: /home/hjh/RMserial/install/def_msg/include/def_msg/def_msg/msg/detail/gimble_position__rosidl_typesupport_introspection_cpp.hpp
[7.302s] -- Installing: /home/hjh/RMserial/install/def_msg/include/def_msg/def_msg/msg/detail/gimble_control__type_support.cpp
[7.302s] -- Installing: /home/hjh/RMserial/install/def_msg/include/def_msg/def_msg/msg/detail/common_control__rosidl_typesupport_introspection_cpp.hpp
[7.302s] -- Up-to-date: /home/hjh/RMserial/install/def_msg/include/def_msg/def_msg/action
[7.302s] -- Up-to-date: /home/hjh/RMserial/install/def_msg/include/def_msg/def_msg/action/detail
[7.302s] -- Installing: /home/hjh/RMserial/install/def_msg/include/def_msg/def_msg/action/detail/nav_pose__rosidl_typesupport_introspection_cpp.hpp
[7.303s] -- Installing: /home/hjh/RMserial/install/def_msg/include/def_msg/def_msg/action/detail/nav_pose__type_support.cpp
[7.303s] -- Installing: /home/hjh/RMserial/install/def_msg/lib/libdef_msg__rosidl_typesupport_introspection_cpp.so
[7.303s] -- Set non-toolchain portion of runtime path of "/home/hjh/RMserial/install/def_msg/lib/libdef_msg__rosidl_typesupport_introspection_cpp.so" to ""
[7.303s] -- Installing: /home/hjh/RMserial/install/def_msg/lib/libdef_msg__rosidl_typesupport_cpp.so
[7.303s] -- Set non-toolchain portion of runtime path of "/home/hjh/RMserial/install/def_msg/lib/libdef_msg__rosidl_typesupport_cpp.so" to ""
[7.303s] -- Installing: /home/hjh/RMserial/install/def_msg/share/def_msg/environment/pythonpath.sh
[7.303s] -- Installing: /home/hjh/RMserial/install/def_msg/share/def_msg/environment/pythonpath.dsv
[7.303s] -- Installing: /home/hjh/RMserial/install/def_msg/local/lib/python3.10/dist-packages/def_msg-0.0.0-py3.10.egg-info
[7.303s] -- Installing: /home/hjh/RMserial/install/def_msg/local/lib/python3.10/dist-packages/def_msg-0.0.0-py3.10.egg-info/dependency_links.txt
[7.303s] -- Installing: /home/hjh/RMserial/install/def_msg/local/lib/python3.10/dist-packages/def_msg-0.0.0-py3.10.egg-info/PKG-INFO
[7.303s] -- Installing: /home/hjh/RMserial/install/def_msg/local/lib/python3.10/dist-packages/def_msg-0.0.0-py3.10.egg-info/SOURCES.txt
[7.303s] -- Installing: /home/hjh/RMserial/install/def_msg/local/lib/python3.10/dist-packages/def_msg-0.0.0-py3.10.egg-info/top_level.txt
[7.303s] -- Installing: /home/hjh/RMserial/install/def_msg/local/lib/python3.10/dist-packages/def_msg
[7.303s] -- Installing: /home/hjh/RMserial/install/def_msg/local/lib/python3.10/dist-packages/def_msg/_def_msg_s.ep.rosidl_typesupport_c.c
[7.303s] -- Installing: /home/hjh/RMserial/install/def_msg/local/lib/python3.10/dist-packages/def_msg/def_msg_s__rosidl_typesupport_introspection_c.cpython-310-x86_64-linux-gnu.so
[7.304s] -- Installing: /home/hjh/RMserial/install/def_msg/local/lib/python3.10/dist-packages/def_msg/def_msg_s__rosidl_typesupport_fastrtps_c.cpython-310-x86_64-linux-gnu.so
[7.304s] -- Installing: /home/hjh/RMserial/install/def_msg/local/lib/python3.10/dist-packages/def_msg/_def_msg_s.ep.rosidl_typesupport_introspection_c.c
[7.304s] -- Installing: /home/hjh/RMserial/install/def_msg/local/lib/python3.10/dist-packages/def_msg/__init__.py
[7.304s] -- Installing: /home/hjh/RMserial/install/def_msg/local/lib/python3.10/dist-packages/def_msg/srv
[7.304s] -- Installing: /home/hjh/RMserial/install/def_msg/local/lib/python3.10/dist-packages/def_msg/srv/_heart_beat.py
[7.304s] -- Installing: /home/hjh/RMserial/install/def_msg/local/lib/python3.10/dist-packages/def_msg/srv/_controller_mode_set.py
[7.304s] -- Installing: /home/hjh/RMserial/install/def_msg/local/lib/python3.10/dist-packages/def_msg/srv/_heart_beat_s.c
[7.304s] -- Installing: /home/hjh/RMserial/install/def_msg/local/lib/python3.10/dist-packages/def_msg/srv/_controller_mode_set_s.c
[7.304s] -- Installing: /home/hjh/RMserial/install/def_msg/local/lib/python3.10/dist-packages/def_msg/srv/__init__.py
[7.304s] -- Installing: /home/hjh/RMserial/install/def_msg/local/lib/python3.10/dist-packages/def_msg/_def_msg_s.ep.rosidl_typesupport_fastrtps_c.c
[7.304s] -- Installing: /home/hjh/RMserial/install/def_msg/local/lib/python3.10/dist-packages/def_msg/def_msg_s__rosidl_typesupport_c.cpython-310-x86_64-linux-gnu.so
[7.304s] -- Installing: /home/hjh/RMserial/install/def_msg/local/lib/python3.10/dist-packages/def_msg/libdef_msg__rosidl_generator_py.so
[7.304s] -- Installing: /home/hjh/RMserial/install/def_msg/local/lib/python3.10/dist-packages/def_msg/msg
[7.304s] -- Installing: /home/hjh/RMserial/install/def_msg/local/lib/python3.10/dist-packages/def_msg/msg/_gobal_information_s.c
[7.305s] -- Installing: /home/hjh/RMserial/install/def_msg/local/lib/python3.10/dist-packages/def_msg/msg/_common_control.py
[7.305s] -- Installing: /home/hjh/RMserial/install/def_msg/local/lib/python3.10/dist-packages/def_msg/msg/_gimble_control_s.c
[7.305s] -- Installing: /home/hjh/RMserial/install/def_msg/local/lib/python3.10/dist-packages/def_msg/msg/_gimble_position_s.c
[7.305s] -- Installing: /home/hjh/RMserial/install/def_msg/local/lib/python3.10/dist-packages/def_msg/msg/__init__.py
[7.305s] -- Installing: /home/hjh/RMserial/install/def_msg/local/lib/python3.10/dist-packages/def_msg/msg/_common_control_s.c
[7.305s] -- Installing: /home/hjh/RMserial/install/def_msg/local/lib/python3.10/dist-packages/def_msg/msg/_gobal_information.py
[7.305s] -- Installing: /home/hjh/RMserial/install/def_msg/local/lib/python3.10/dist-packages/def_msg/msg/_gimble_position.py
[7.305s] -- Installing: /home/hjh/RMserial/install/def_msg/local/lib/python3.10/dist-packages/def_msg/msg/_em_control.py
[7.305s] -- Installing: /home/hjh/RMserial/install/def_msg/local/lib/python3.10/dist-packages/def_msg/msg/_em_control_s.c
[7.305s] -- Installing: /home/hjh/RMserial/install/def_msg/local/lib/python3.10/dist-packages/def_msg/msg/_gimble_control.py
[7.305s] -- Installing: /home/hjh/RMserial/install/def_msg/local/lib/python3.10/dist-packages/def_msg/action
[7.305s] -- Installing: /home/hjh/RMserial/install/def_msg/local/lib/python3.10/dist-packages/def_msg/action/__init__.py
[7.305s] -- Installing: /home/hjh/RMserial/install/def_msg/local/lib/python3.10/dist-packages/def_msg/action/_nav_pose_s.c
[7.306s] -- Installing: /home/hjh/RMserial/install/def_msg/local/lib/python3.10/dist-packages/def_msg/action/_nav_pose.py
[7.333s] Listing '/home/hjh/RMserial/install/def_msg/local/lib/python3.10/dist-packages/def_msg'...
[7.333s] Compiling '/home/hjh/RMserial/install/def_msg/local/lib/python3.10/dist-packages/def_msg/__init__.py'...
[7.333s] Listing '/home/hjh/RMserial/install/def_msg/local/lib/python3.10/dist-packages/def_msg/action'...
[7.333s] Compiling '/home/hjh/RMserial/install/def_msg/local/lib/python3.10/dist-packages/def_msg/action/__init__.py'...
[7.333s] Compiling '/home/hjh/RMserial/install/def_msg/local/lib/python3.10/dist-packages/def_msg/action/_nav_pose.py'...
[7.334s] Listing '/home/hjh/RMserial/install/def_msg/local/lib/python3.10/dist-packages/def_msg/msg'...
[7.334s] Compiling '/home/hjh/RMserial/install/def_msg/local/lib/python3.10/dist-packages/def_msg/msg/__init__.py'...
[7.334s] Compiling '/home/hjh/RMserial/install/def_msg/local/lib/python3.10/dist-packages/def_msg/msg/_common_control.py'...
[7.334s] Compiling '/home/hjh/RMserial/install/def_msg/local/lib/python3.10/dist-packages/def_msg/msg/_em_control.py'...
[7.334s] Compiling '/home/hjh/RMserial/install/def_msg/local/lib/python3.10/dist-packages/def_msg/msg/_gimble_control.py'...
[7.334s] Compiling '/home/hjh/RMserial/install/def_msg/local/lib/python3.10/dist-packages/def_msg/msg/_gimble_position.py'...
[7.334s] Compiling '/home/hjh/RMserial/install/def_msg/local/lib/python3.10/dist-packages/def_msg/msg/_gobal_information.py'...
[7.334s] Listing '/home/hjh/RMserial/install/def_msg/local/lib/python3.10/dist-packages/def_msg/srv'...
[7.334s] Compiling '/home/hjh/RMserial/install/def_msg/local/lib/python3.10/dist-packages/def_msg/srv/__init__.py'...
[7.334s] Compiling '/home/hjh/RMserial/install/def_msg/local/lib/python3.10/dist-packages/def_msg/srv/_controller_mode_set.py'...
[7.334s] Compiling '/home/hjh/RMserial/install/def_msg/local/lib/python3.10/dist-packages/def_msg/srv/_heart_beat.py'...
[7.336s] -- Installing: /home/hjh/RMserial/install/def_msg/local/lib/python3.10/dist-packages/def_msg/def_msg_s__rosidl_typesupport_fastrtps_c.cpython-310-x86_64-linux-gnu.so
[7.336s] -- Set non-toolchain portion of runtime path of "/home/hjh/RMserial/install/def_msg/local/lib/python3.10/dist-packages/def_msg/def_msg_s__rosidl_typesupport_fastrtps_c.cpython-310-x86_64-linux-gnu.so" to ""
[7.336s] -- Installing: /home/hjh/RMserial/install/def_msg/local/lib/python3.10/dist-packages/def_msg/def_msg_s__rosidl_typesupport_introspection_c.cpython-310-x86_64-linux-gnu.so
[7.337s] -- Set non-toolchain portion of runtime path of "/home/hjh/RMserial/install/def_msg/local/lib/python3.10/dist-packages/def_msg/def_msg_s__rosidl_typesupport_introspection_c.cpython-310-x86_64-linux-gnu.so" to ""
[7.337s] -- Installing: /home/hjh/RMserial/install/def_msg/local/lib/python3.10/dist-packages/def_msg/def_msg_s__rosidl_typesupport_c.cpython-310-x86_64-linux-gnu.so
[7.337s] -- Set non-toolchain portion of runtime path of "/home/hjh/RMserial/install/def_msg/local/lib/python3.10/dist-packages/def_msg/def_msg_s__rosidl_typesupport_c.cpython-310-x86_64-linux-gnu.so" to ""
[7.337s] -- Installing: /home/hjh/RMserial/install/def_msg/lib/libdef_msg__rosidl_generator_py.so
[7.337s] -- Set non-toolchain portion of runtime path of "/home/hjh/RMserial/install/def_msg/lib/libdef_msg__rosidl_generator_py.so" to ""
[7.337s] -- Installing: /home/hjh/RMserial/install/def_msg/share/def_msg/msg/GobalInformation.idl
[7.337s] -- Installing: /home/hjh/RMserial/install/def_msg/share/def_msg/msg/GimbleControl.idl
[7.337s] -- Installing: /home/hjh/RMserial/install/def_msg/share/def_msg/msg/CommonControl.idl
[7.337s] -- Installing: /home/hjh/RMserial/install/def_msg/share/def_msg/msg/EmControl.idl
[7.337s] -- Installing: /home/hjh/RMserial/install/def_msg/share/def_msg/msg/GimblePosition.idl
[7.337s] -- Installing: /home/hjh/RMserial/install/def_msg/share/def_msg/srv/ControllerModeSet.idl
[7.337s] -- Installing: /home/hjh/RMserial/install/def_msg/share/def_msg/srv/HeartBeat.idl
[7.337s] -- Installing: /home/hjh/RMserial/install/def_msg/share/def_msg/action/NavPose.idl
[7.337s] -- Installing: /home/hjh/RMserial/install/def_msg/share/def_msg/msg/GobalInformation.msg
[7.337s] -- Installing: /home/hjh/RMserial/install/def_msg/share/def_msg/msg/GimbleControl.msg
[7.337s] -- Installing: /home/hjh/RMserial/install/def_msg/share/def_msg/msg/CommonControl.msg
[7.337s] -- Installing: /home/hjh/RMserial/install/def_msg/share/def_msg/msg/EmControl.msg
[7.337s] -- Installing: /home/hjh/RMserial/install/def_msg/share/def_msg/msg/GimblePosition.msg
[7.337s] -- Installing: /home/hjh/RMserial/install/def_msg/share/def_msg/srv/ControllerModeSet.srv
[7.338s] -- Installing: /home/hjh/RMserial/install/def_msg/share/def_msg/srv/ControllerModeSet_Request.msg
[7.338s] -- Installing: /home/hjh/RMserial/install/def_msg/share/def_msg/srv/ControllerModeSet_Response.msg
[7.338s] -- Installing: /home/hjh/RMserial/install/def_msg/share/def_msg/srv/HeartBeat.srv
[7.338s] -- Installing: /home/hjh/RMserial/install/def_msg/share/def_msg/srv/HeartBeat_Request.msg
[7.338s] -- Installing: /home/hjh/RMserial/install/def_msg/share/def_msg/srv/HeartBeat_Response.msg
[7.338s] -- Installing: /home/hjh/RMserial/install/def_msg/share/def_msg/action/NavPose.action
[7.338s] -- Installing: /home/hjh/RMserial/install/def_msg/share/ament_index/resource_index/package_run_dependencies/def_msg
[7.338s] -- Installing: /home/hjh/RMserial/install/def_msg/share/ament_index/resource_index/parent_prefix_path/def_msg
[7.338s] -- Installing: /home/hjh/RMserial/install/def_msg/share/def_msg/environment/ament_prefix_path.sh
[7.338s] -- Installing: /home/hjh/RMserial/install/def_msg/share/def_msg/environment/ament_prefix_path.dsv
[7.338s] -- Installing: /home/hjh/RMserial/install/def_msg/share/def_msg/environment/path.sh
[7.338s] -- Installing: /home/hjh/RMserial/install/def_msg/share/def_msg/environment/path.dsv
[7.338s] -- Installing: /home/hjh/RMserial/install/def_msg/share/def_msg/local_setup.bash
[7.338s] -- Installing: /home/hjh/RMserial/install/def_msg/share/def_msg/local_setup.sh
[7.338s] -- Installing: /home/hjh/RMserial/install/def_msg/share/def_msg/local_setup.zsh
[7.338s] -- Installing: /home/hjh/RMserial/install/def_msg/share/def_msg/local_setup.dsv
[7.338s] -- Installing: /home/hjh/RMserial/install/def_msg/share/def_msg/package.dsv
[7.338s] -- Installing: /home/hjh/RMserial/install/def_msg/share/ament_index/resource_index/packages/def_msg
[7.338s] -- Installing: /home/hjh/RMserial/install/def_msg/share/def_msg/cmake/export_def_msg__rosidl_generator_cExport.cmake
[7.339s] -- Installing: /home/hjh/RMserial/install/def_msg/share/def_msg/cmake/export_def_msg__rosidl_generator_cExport-noconfig.cmake
[7.339s] -- Installing: /home/hjh/RMserial/install/def_msg/share/def_msg/cmake/export_def_msg__rosidl_typesupport_fastrtps_cExport.cmake
[7.339s] -- Installing: /home/hjh/RMserial/install/def_msg/share/def_msg/cmake/export_def_msg__rosidl_typesupport_fastrtps_cExport-noconfig.cmake
[7.339s] -- Installing: /home/hjh/RMserial/install/def_msg/share/def_msg/cmake/export_def_msg__rosidl_generator_cppExport.cmake
[7.339s] -- Installing: /home/hjh/RMserial/install/def_msg/share/def_msg/cmake/export_def_msg__rosidl_typesupport_fastrtps_cppExport.cmake
[7.339s] -- Installing: /home/hjh/RMserial/install/def_msg/share/def_msg/cmake/export_def_msg__rosidl_typesupport_fastrtps_cppExport-noconfig.cmake
[7.339s] -- Installing: /home/hjh/RMserial/install/def_msg/share/def_msg/cmake/def_msg__rosidl_typesupport_introspection_cExport.cmake
[7.339s] -- Installing: /home/hjh/RMserial/install/def_msg/share/def_msg/cmake/def_msg__rosidl_typesupport_introspection_cExport-noconfig.cmake
[7.339s] -- Installing: /home/hjh/RMserial/install/def_msg/share/def_msg/cmake/def_msg__rosidl_typesupport_cExport.cmake
[7.339s] -- Installing: /home/hjh/RMserial/install/def_msg/share/def_msg/cmake/def_msg__rosidl_typesupport_cExport-noconfig.cmake
[7.339s] -- Installing: /home/hjh/RMserial/install/def_msg/share/def_msg/cmake/def_msg__rosidl_typesupport_introspection_cppExport.cmake
[7.339s] -- Installing: /home/hjh/RMserial/install/def_msg/share/def_msg/cmake/def_msg__rosidl_typesupport_introspection_cppExport-noconfig.cmake
[7.339s] -- Installing: /home/hjh/RMserial/install/def_msg/share/def_msg/cmake/def_msg__rosidl_typesupport_cppExport.cmake
[7.339s] -- Installing: /home/hjh/RMserial/install/def_msg/share/def_msg/cmake/def_msg__rosidl_typesupport_cppExport-noconfig.cmake
[7.339s] -- Installing: /home/hjh/RMserial/install/def_msg/share/def_msg/cmake/export_def_msg__rosidl_generator_pyExport.cmake
[7.339s] -- Installing: /home/hjh/RMserial/install/def_msg/share/def_msg/cmake/export_def_msg__rosidl_generator_pyExport-noconfig.cmake
[7.339s] -- Installing: /home/hjh/RMserial/install/def_msg/share/def_msg/cmake/rosidl_cmake-extras.cmake
[7.339s] -- Installing: /home/hjh/RMserial/install/def_msg/share/def_msg/cmake/ament_cmake_export_dependencies-extras.cmake
[7.340s] -- Installing: /home/hjh/RMserial/install/def_msg/share/def_msg/cmake/ament_cmake_export_include_directories-extras.cmake
[7.340s] -- Installing: /home/hjh/RMserial/install/def_msg/share/def_msg/cmake/ament_cmake_export_libraries-extras.cmake
[7.340s] -- Installing: /home/hjh/RMserial/install/def_msg/share/def_msg/cmake/ament_cmake_export_targets-extras.cmake
[7.340s] -- Installing: /home/hjh/RMserial/install/def_msg/share/def_msg/cmake/rosidl_cmake_export_typesupport_targets-extras.cmake
[7.340s] -- Installing: /home/hjh/RMserial/install/def_msg/share/def_msg/cmake/rosidl_cmake_export_typesupport_libraries-extras.cmake
[7.340s] -- Installing: /home/hjh/RMserial/install/def_msg/share/def_msg/cmake/def_msgConfig.cmake
[7.340s] -- Installing: /home/hjh/RMserial/install/def_msg/share/def_msg/cmake/def_msgConfig-version.cmake
[7.340s] -- Installing: /home/hjh/RMserial/install/def_msg/share/def_msg/package.xml
[7.342s] Invoked command in '/home/hjh/RMserial/build/def_msg' returned '0': CMAKE_PREFIX_PATH=/opt/ros/humble /usr/bin/cmake --install /home/hjh/RMserial/build/def_msg
