[ 18%] Built target talker
[ 27%] [32mBuilding CXX object CMakeFiles/uart.dir/src/base_controller.cpp.o[0m
[ 36%] [1m[32mLinking CXX executable uart[0m
[100%] Built target uart
-- Install configuration: ""
-- Installing: /home/hjh/RMserial/install/serial_def_sdk/lib/serial_def_sdk/uart
-- Set non-toolchain portion of runtime path of "/home/hjh/RMserial/install/serial_def_sdk/lib/serial_def_sdk/uart" to ""
-- Up-to-date: /home/hjh/RMserial/install/serial_def_sdk/lib/serial_def_sdk/talker
-- Up-to-date: /home/hjh/RMserial/install/serial_def_sdk/share/serial_def_sdk/launch
-- Up-to-date: /home/hjh/RMserial/install/serial_def_sdk/share/serial_def_sdk/launch/serial.launch.py
-- Up-to-date: /home/hjh/RMserial/install/serial_def_sdk/share/ament_index/resource_index/package_run_dependencies/serial_def_sdk
-- Up-to-date: /home/hjh/RMserial/install/serial_def_sdk/share/ament_index/resource_index/parent_prefix_path/serial_def_sdk
-- Up-to-date: /home/hjh/RMserial/install/serial_def_sdk/share/serial_def_sdk/environment/ament_prefix_path.sh
-- Up-to-date: /home/hjh/RMserial/install/serial_def_sdk/share/serial_def_sdk/environment/ament_prefix_path.dsv
-- Up-to-date: /home/hjh/RMserial/install/serial_def_sdk/share/serial_def_sdk/environment/path.sh
-- Up-to-date: /home/hjh/RMserial/install/serial_def_sdk/share/serial_def_sdk/environment/path.dsv
-- Up-to-date: /home/hjh/RMserial/install/serial_def_sdk/share/serial_def_sdk/local_setup.bash
-- Up-to-date: /home/hjh/RMserial/install/serial_def_sdk/share/serial_def_sdk/local_setup.sh
-- Up-to-date: /home/hjh/RMserial/install/serial_def_sdk/share/serial_def_sdk/local_setup.zsh
-- Up-to-date: /home/hjh/RMserial/install/serial_def_sdk/share/serial_def_sdk/local_setup.dsv
-- Installing: /home/hjh/RMserial/install/serial_def_sdk/share/serial_def_sdk/package.dsv
-- Up-to-date: /home/hjh/RMserial/install/serial_def_sdk/share/ament_index/resource_index/packages/serial_def_sdk
-- Up-to-date: /home/hjh/RMserial/install/serial_def_sdk/share/serial_def_sdk/cmake/serial_def_sdkConfig.cmake
-- Up-to-date: /home/hjh/RMserial/install/serial_def_sdk/share/serial_def_sdk/cmake/serial_def_sdkConfig-version.cmake
-- Up-to-date: /home/hjh/RMserial/install/serial_def_sdk/share/serial_def_sdk/package.xml
